
 RUN  v4.1.11 /home/telephoneheater/Work/Theandril

 ✓ packages/sim/src/movement-frontage.test.ts > contingent-aware movement routing > quotes a reachable 21-company attack and executes the quoted moveTo with exact replay 77ms
 ✓ packages/sim/src/movement-frontage.test.ts > contingent-aware movement routing > routes against whole mixed containers without splitting or moving the nine-company reserve 25ms
 ✓ packages/sim/src/movement.test.ts > bounded observation movement and immediate travel > matches multi-hex movement costs and exploration to the exact adjacent command sequence 41ms
 ✓ packages/sim/src/movement.test.ts > bounded observation movement and immediate travel > rejects unaffordable, malformed, impassable, unknown and enemy-owned orders atomically 15ms
 ✓ packages/sim/src/movement.test.ts > bounded observation movement and immediate travel > uses weighted paths and stable tie breaking without consulting hidden occupants 14ms
 ✓ packages/sim/src/movement.test.ts > bounded observation movement and immediate travel > approaches a visible hostile then starts the real field battle, without automatic war 19ms
 ✓ packages/sim/src/movement.test.ts > bounded observation movement and immediate travel > cannot enter a hostile settlement through click travel or bypass its siege 7ms
 ✓ packages/sim/src/movement.test.ts > persistent queued travel and interruptions > spends current movement then resumes saved steps on later turns with replay parity 13ms
 ✓ packages/sim/src/movement-frontage.test.ts > contingent-aware movement routing > retains rule-16 query and command rejection with no state mutation 17ms
 ✓ packages/sim/src/movement-frontage.test.ts > contingent-aware movement routing > keeps no-preview observations conservative even when current execution supports contingents 7ms
 ✓ packages/ai/src/battle-defense.test.ts > AI defending-contingent consumers > executes a query-approved field attack against 21 formations using an unchanged detached observation 82ms
 ✓ packages/ai/src/battle-defense.test.ts > AI defending-contingent consumers > executes a query-approved naval attack against 21 hulls through the whole turn planner 44ms
 ✓ packages/sim/src/movement.test.ts > persistent queued travel and interruptions > appends waypoints, rejects duplicates, keeps route records private and supports cancellation 12ms
 ✓ packages/sim/src/movement.test.ts > persistent queued travel and interruptions > pauses immediately when new local hostiles become visible, even on the last movement point 8ms
 ✓ packages/sim/src/movement.test.ts > persistent queued travel and interruptions > revalidates occupation after another faction acts rather than marching through it 7ms
 ✓ packages/sim/src/movement.test.ts > persistent queued travel and interruptions > pauses for a newly imposed friendly-town blockade even when the enemy was already known 10ms
 ✓ packages/sim/src/movement.test.ts > persistent queued travel and interruptions > rejects an unsaveable hostile-memory overflow before accepting a queued order 91ms
 ✓ packages/sim/src/movement.test.ts > persistent queued travel and interruptions > pauses an attacked traveler and preserves a retreat-displaced route for explicit resumption 10ms
 ✓ packages/sim/src/movement.test.ts > persistent queued travel and interruptions > lets a successful manual step replace a route without changing legacy move notifications 4ms
 ✓ packages/sim/src/movement.test.ts > strict saved routes > rejects unknown army even when the checksum is recomputed 6ms
 ✓ packages/sim/src/movement.test.ts > strict saved routes > rejects nonadjacent step even when the checksum is recomputed 5ms
 ✓ packages/sim/src/movement.test.ts > strict saved routes > rejects wrong waypoint even when the checksum is recomputed 5ms
 ✓ packages/sim/src/movement.test.ts > strict saved routes > rejects invalid active origin even when the checksum is recomputed 5ms
 ✓ packages/sim/src/movement.test.ts > strict saved routes > rejects missing pause reason even when the checksum is recomputed 5ms
 ✓ packages/sim/src/movement.test.ts > strict saved routes > rejects unknown biome even when the checksum is recomputed 7ms
 ✓ packages/sim/src/movement.test.ts > strict saved routes > rejects water biome on land even when the checksum is recomputed 6ms
 ✓ packages/sim/src/movement.test.ts > strict saved routes > rejects wrong biome dimensions even when the checksum is recomputed 5ms
 ✓ packages/sim/src/movement.test.ts > strict saved routes > rejects unknown generator even when the checksum is recomputed 5ms
 ✓ packages/ai/src/battle-defense.test.ts > AI defending-contingent consumers > declares war on a contestable oversized stack before asking a fresh observation to authorize attack 12ms
 ✓ packages/ai/src/battle-defense.test.ts > AI defending-contingent consumers > uses the real one-movement road quote rather than re-pricing a contingent attack as forest travel 16ms
 ✓ packages/ai/src/battle-defense.test.ts > AI defending-contingent consumers > 'field' plans accept mixed whole-container contingents and leave reserves intact 21ms
 ✓ packages/ai/src/battle-defense.test.ts > AI defending-contingent consumers > 'naval' plans accept mixed whole-container contingents and leave reserves intact 25ms
 ✓ packages/ai/src/battle-defense.test.ts > AI defending-contingent consumers > 'field' cannot discount a strong strategic reserve to make an attack affordable 10ms
 ✓ packages/ai/src/battle-defense.test.ts > AI defending-contingent consumers > 'naval' cannot discount a strong strategic reserve to make an attack affordable 19ms
 ✓ packages/ai/src/battle-defense.test.ts > AI defending-contingent consumers > 'field' keeps old no-preview observations and rule-16 guards conservative 12ms
 ✓ packages/ai/src/battle-defense.test.ts > AI defending-contingent consumers > 'naval' keeps old no-preview observations and rule-16 guards conservative 18ms
 ✓ packages/ai/src/battle-defense.test.ts > AI defending-contingent consumers > 'field' honors a movement-query blocker even with a valid contingent preview 8ms
 ✓ packages/ai/src/battle-defense.test.ts > AI defending-contingent consumers > 'naval' honors a movement-query blocker even with a valid contingent preview 16ms
 ✓ packages/ai/src/battle-defense.test.ts > AI defending-contingent consumers > uses the canonical siege assault quote for 21 garrison formations without capturing through reserves 43ms
 ✓ packages/ai/src/battle-defense.test.ts > AI defending-contingent consumers > siege policy budgets against the complete observed garrison rather than the engaged preview 10ms

 Test Files  3 passed (3)
      Tests  40 passed (40)
   Start at  02:58:43
   Duration  849ms (transform 830ms, setup 0ms, import 1.17s, tests 767ms, environment 0ms)

