
Running 28 tests using 1 worker

(node:435221) Warning: The 'NO_COLOR' env is ignored due to the 'FORCE_COLOR' env being set.
(Use `node --trace-warnings ...` to show where the warning was created)
  ✓   1 [ui-followup-5193] › tests/gameplay/battle-camera.spec.ts:8:1 › 390px battle inspection enlarges real soldiers, pans within the field and preserves paused orders and picks (2.3s)
  ✓   2 [ui-followup-5193] › tests/gameplay/battle-defense.spec.ts:59:1 › R03 public attack previews the canonical contingent and leaves its reserve on the map (2.4s)
  ✓   3 [ui-followup-5193] › tests/gameplay/battle-defense.spec.ts:80:1 › R03 siege preview fits 390px and desktop public assaults clear reserves before capture (3.3s)
  ✓   4 [ui-followup-5193] › tests/gameplay/battle-defense.spec.ts:118:39 › R03 narrow public assaults complete occupation at 390px without intercepted controls (2.7s)
  ✓   5 [ui-followup-5193] › tests/gameplay/battle-defense.spec.ts:118:39 › R03 narrow public assaults complete occupation at 390px without intercepted controls at 130% text (3.2s)
  ✓   6 [ui-followup-5193] › tests/gameplay/campaign-hud.spec.ts:23:1 › the full-width map has top/bottom HUD, working floating windows and a compact unit menu (2.8s)
  ✓   7 [ui-followup-5193] › tests/gameplay/campaign-hud.spec.ts:67:1 › town popup retains production and land actions while full orders and roster stay separate (2.2s)
  ✓   8 [ui-followup-5193] › tests/gameplay/campaign-hud.spec.ts:91:1 › 390px enlarged-text HUD and modal controls stay readable and close without clearing selection (1.7s)
  ✓   9 [ui-followup-5193] › tests/gameplay/conquest.spec.ts:33:1 › besiege and assault a town, save the capture decision, and apply distinct occupation or sack outcomes (4.8s)
  ✓  10 [ui-followup-5193] › tests/gameplay/conquest.spec.ts:73:1 › confirm razing and resettle the visible ruins with a normally recruited caravan (6.7s)
  ✓  11 [ui-followup-5193] › tests/gameplay/conquest.spec.ts:136:1 › defending a settlement pauses the AI assault and resolves the AI capture after human withdrawal (2.3s)
{"stage":"generated-small12","controls":1,"canvases":1,"mapNodes":1,"debugHookPresent":true,"listeners":{"window":17,"document":7,"document.querySelector(\"canvas\")":12}}
{"stage":"load-1","controls":1,"canvases":1,"mapNodes":1,"debugHookPresent":true,"listeners":{"window":17,"document":7,"document.querySelector(\"canvas\")":12}}
{"stage":"load-2","controls":1,"canvases":1,"mapNodes":1,"debugHookPresent":true,"listeners":{"window":17,"document":7,"document.querySelector(\"canvas\")":12}}
{"stage":"load-3","controls":1,"canvases":1,"mapNodes":1,"debugHookPresent":true,"listeners":{"window":17,"document":7,"document.querySelector(\"canvas\")":12}}
{"stage":"load-4","controls":1,"canvases":1,"mapNodes":1,"debugHookPresent":true,"listeners":{"window":17,"document":7,"document.querySelector(\"canvas\")":12}}
{"stage":"import-1-small","controls":1,"canvases":1,"mapNodes":1,"debugHookPresent":true,"listeners":{"window":17,"document":7,"document.querySelector(\"canvas\")":12}}
{"stage":"import-2-tiny","controls":1,"canvases":1,"mapNodes":1,"debugHookPresent":true,"listeners":{"window":17,"document":7,"document.querySelector(\"canvas\")":12}}
{"stage":"import-3-small","controls":1,"canvases":1,"mapNodes":1,"debugHookPresent":true,"listeners":{"window":17,"document":7,"document.querySelector(\"canvas\")":12}}
{"stage":"import-4-tiny","controls":1,"canvases":1,"mapNodes":1,"debugHookPresent":true,"listeners":{"window":17,"document":7,"document.querySelector(\"canvas\")":12}}
{"stage":"failed-import","controls":1,"canvases":1,"mapNodes":1,"debugHookPresent":true,"listeners":{"window":17,"document":7,"document.querySelector(\"canvas\")":12}}
{"stage":"after-battle","controls":1,"canvases":1,"mapNodes":1,"debugHookPresent":true,"listeners":{"window":17,"document":7,"document.querySelector(\"canvas\")":12}}
  ✓  12 [ui-followup-5193] › tests/gameplay/hermes-ui-slices.spec.ts:23:1 › R23 repeated public loads and cross-size imports retain one responsive map control and canvas (7.6s)
  ✓  13 [ui-followup-5193] › tests/gameplay/hermes-ui-slices.spec.ts:125:3 › R18 paid Waykeeper resolves shared art for faction.ashen_compact (2.6s)
  ✓  14 [ui-followup-5193] › tests/gameplay/hermes-ui-slices.spec.ts:125:3 › R18 paid Waykeeper resolves shared art for faction.reedbound_council (2.6s)
  ✓  15 [ui-followup-5193] › tests/gameplay/household-attention.spec.ts:15:1 › R07 growing queued hearth exposes exact labor attention and preserves manual assignments until a real order (2.1s)
  ✓  16 [ui-followup-5193] › tests/gameplay/household-attention.spec.ts:53:3 › R07 2-town labor exception opens the exact hearth in one activation at 390px (1.7s)
  ✓  17 [ui-followup-5193] › tests/gameplay/household-attention.spec.ts:53:3 › R07 10-town labor exception opens the exact hearth in one activation at 390px (1.8s)
  ✓  18 [ui-followup-5193] › tests/gameplay/household-attention.spec.ts:53:3 › R07 40-town labor exception opens the exact hearth in one activation at 390px (2.1s)
  ✓  19 [ui-followup-5193] › tests/gameplay/land-query.spec.ts:71:1 › selected-town queries are reused for tile clicks and fast registry changes never retain another town’s options (4.5s)
  ✓  20 [ui-followup-5193] › tests/gameplay/land-query.spec.ts:99:1 › same-turn land orders refresh quotes, cancellation spends honestly and saved pending work restores at narrow width (5.4s)
  ✓  21 [ui-followup-5193] › tests/gameplay/land-query.spec.ts:148:1 › a mature thirty-two-town empire transfers summaries and opens only the searched town detail (7.0s)
  ✓  22 [ui-followup-5193] › tests/gameplay/map-actions.spec.ts:51:1 › a real canvas caravan founds, builds and continues in the same full-orders controls without issuing inspection orders (2.1s)
  ✓  23 [ui-followup-5193] › tests/gameplay/map-actions.spec.ts:93:1 › a hundred co-located armies retain all choices, local keyboard tabs and native-modal focus across paid saved orders (3.2s)
  ✓  24 [ui-followup-5193] › tests/gameplay/map-actions.spec.ts:148:1 › map-only diplomacy uses the one real encountered-faction consumer and ordinary war command (1.4s)
  ✓  25 [ui-followup-5193] › tests/gameplay/map-actions.spec.ts:174:1 › 390px map-only land actions inherit 130% text, reveal current paid quotes and remain above the real footer (2.5s)
  ✓  26 [ui-followup-5193] › tests/gameplay/next-action.spec.ts:49:1 › hundred-army forty-town navigation wraps, clears filters and respects typing and modal ownership without issuing orders (8.1s)
  ✓  27 [ui-followup-5193] › tests/gameplay/next-action.spec.ts:89:1 › paused routes need attention while standing journeys, stationary missions and embarked troops are skipped (5.2s)
  ✓  28 [ui-followup-5193] › tests/gameplay/next-action.spec.ts:130:1 › remapped shortcuts persist and previous/next touch controls remain usable at narrow width (2.9s)

  28 passed (1.6m)
