/home/telephoneheater/Work/Theandril/assets/art/source/blender-units/battle.unit.spearman/v3/driver.py:49: DeprecationWarning: 'World.use_nodes' is expected to be removed in Blender 6.0
  scene.world.use_nodes = True
00:00.610  render           | Saved: '/home/telephoneheater/Work/Theandril/assets/art/source/blender-units/battle.unit.spearman/v3/raw/idle-e-000.png'
00:00.675  render           | Saved: '/home/telephoneheater/Work/Theandril/assets/art/source/blender-units/battle.unit.spearman/v3/raw/idle-e-001.png'
00:00.743  render           | Saved: '/home/telephoneheater/Work/Theandril/assets/art/source/blender-units/battle.unit.spearman/v3/raw/idle-e-002.png'
00:00.809  render           | Saved: '/home/telephoneheater/Work/Theandril/assets/art/source/blender-units/battle.unit.spearman/v3/raw/idle-e-003.png'
00:00.877  render           | Saved: '/home/telephoneheater/Work/Theandril/assets/art/source/blender-units/battle.unit.spearman/v3/raw/walk-e-000.png'
00:00.944  render           | Saved: '/home/telephoneheater/Work/Theandril/assets/art/source/blender-units/battle.unit.spearman/v3/raw/walk-e-001.png'
00:01.009  render           | Saved: '/home/telephoneheater/Work/Theandril/assets/art/source/blender-units/battle.unit.spearman/v3/raw/walk-e-002.png'
00:01.080  render           | Saved: '/home/telephoneheater/Work/Theandril/assets/art/source/blender-units/battle.unit.spearman/v3/raw/walk-e-003.png'
00:01.159  render           | Saved: '/home/telephoneheater/Work/Theandril/assets/art/source/blender-units/battle.unit.spearman/v3/raw/walk-e-004.png'
00:01.230  render           | Saved: '/home/telephoneheater/Work/Theandril/assets/art/source/blender-units/battle.unit.spearman/v3/raw/walk-e-005.png'
00:01.296  render           | Saved: '/home/telephoneheater/Work/Theandril/assets/art/source/blender-units/battle.unit.spearman/v3/raw/walk-e-006.png'
00:01.360  render           | Saved: '/home/telephoneheater/Work/Theandril/assets/art/source/blender-units/battle.unit.spearman/v3/raw/walk-e-007.png'
00:01.422  render           | Saved: '/home/telephoneheater/Work/Theandril/assets/art/source/blender-units/battle.unit.spearman/v3/raw/attack-e-000.png'
00:01.489  render           | Saved: '/home/telephoneheater/Work/Theandril/assets/art/source/blender-units/battle.unit.spearman/v3/raw/attack-e-001.png'
00:01.549  render           | Saved: '/home/telephoneheater/Work/Theandril/assets/art/source/blender-units/battle.unit.spearman/v3/raw/attack-e-002.png'
00:01.616  render           | Saved: '/home/telephoneheater/Work/Theandril/assets/art/source/blender-units/battle.unit.spearman/v3/raw/attack-e-003.png'
00:01.690  render           | Saved: '/home/telephoneheater/Work/Theandril/assets/art/source/blender-units/battle.unit.spearman/v3/raw/attack-e-004.png'
00:01.762  render           | Saved: '/home/telephoneheater/Work/Theandril/assets/art/source/blender-units/battle.unit.spearman/v3/raw/attack-e-005.png'
00:01.838  render           | Saved: '/home/telephoneheater/Work/Theandril/assets/art/source/blender-units/battle.unit.spearman/v3/raw/attack-e-006.png'
00:01.914  render           | Saved: '/home/telephoneheater/Work/Theandril/assets/art/source/blender-units/battle.unit.spearman/v3/raw/attack-e-007.png'
00:01.992  render           | Saved: '/home/telephoneheater/Work/Theandril/assets/art/source/blender-units/battle.unit.spearman/v3/raw/hit-e-000.png'
00:02.067  render           | Saved: '/home/telephoneheater/Work/Theandril/assets/art/source/blender-units/battle.unit.spearman/v3/raw/hit-e-001.png'
00:02.140  render           | Saved: '/home/telephoneheater/Work/Theandril/assets/art/source/blender-units/battle.unit.spearman/v3/raw/hit-e-002.png'
00:02.222  render           | Saved: '/home/telephoneheater/Work/Theandril/assets/art/source/blender-units/battle.unit.spearman/v3/raw/hit-e-003.png'
00:02.294  render           | Saved: '/home/telephoneheater/Work/Theandril/assets/art/source/blender-units/battle.unit.spearman/v3/raw/death-e-000.png'
00:02.371  render           | Saved: '/home/telephoneheater/Work/Theandril/assets/art/source/blender-units/battle.unit.spearman/v3/raw/death-e-001.png'
00:02.456  render           | Saved: '/home/telephoneheater/Work/Theandril/assets/art/source/blender-units/battle.unit.spearman/v3/raw/death-e-002.png'
00:02.535  render           | Saved: '/home/telephoneheater/Work/Theandril/assets/art/source/blender-units/battle.unit.spearman/v3/raw/death-e-003.png'
00:02.614  render           | Saved: '/home/telephoneheater/Work/Theandril/assets/art/source/blender-units/battle.unit.spearman/v3/raw/death-e-004.png'
00:02.684  render           | Saved: '/home/telephoneheater/Work/Theandril/assets/art/source/blender-units/battle.unit.spearman/v3/raw/death-e-005.png'
00:02.763  render           | Saved: '/home/telephoneheater/Work/Theandril/assets/art/source/blender-units/battle.unit.spearman/v3/raw/death-e-006.png'
00:02.826  render           | Saved: '/home/telephoneheater/Work/Theandril/assets/art/source/blender-units/battle.unit.spearman/v3/raw/death-e-007.png'
00:02.908  render           | Saved: '/home/telephoneheater/Work/Theandril/assets/art/source/blender-units/battle.unit.spearman/v3/raw/idle-w-000.png'
00:02.993  render           | Saved: '/home/telephoneheater/Work/Theandril/assets/art/source/blender-units/battle.unit.spearman/v3/raw/idle-w-001.png'
00:03.081  render           | Saved: '/home/telephoneheater/Work/Theandril/assets/art/source/blender-units/battle.unit.spearman/v3/raw/idle-w-002.png'
00:03.159  render           | Saved: '/home/telephoneheater/Work/Theandril/assets/art/source/blender-units/battle.unit.spearman/v3/raw/idle-w-003.png'
00:03.228  render           | Saved: '/home/telephoneheater/Work/Theandril/assets/art/source/blender-units/battle.unit.spearman/v3/raw/walk-w-000.png'
00:03.298  render           | Saved: '/home/telephoneheater/Work/Theandril/assets/art/source/blender-units/battle.unit.spearman/v3/raw/walk-w-001.png'
00:03.372  render           | Saved: '/home/telephoneheater/Work/Theandril/assets/art/source/blender-units/battle.unit.spearman/v3/raw/walk-w-002.png'
00:03.449  render           | Saved: '/home/telephoneheater/Work/Theandril/assets/art/source/blender-units/battle.unit.spearman/v3/raw/walk-w-003.png'
00:03.528  render           | Saved: '/home/telephoneheater/Work/Theandril/assets/art/source/blender-units/battle.unit.spearman/v3/raw/walk-w-004.png'
00:03.605  render           | Saved: '/home/telephoneheater/Work/Theandril/assets/art/source/blender-units/battle.unit.spearman/v3/raw/walk-w-005.png'
00:03.690  render           | Saved: '/home/telephoneheater/Work/Theandril/assets/art/source/blender-units/battle.unit.spearman/v3/raw/walk-w-006.png'
00:03.762  render           | Saved: '/home/telephoneheater/Work/Theandril/assets/art/source/blender-units/battle.unit.spearman/v3/raw/walk-w-007.png'
00:03.838  render           | Saved: '/home/telephoneheater/Work/Theandril/assets/art/source/blender-units/battle.unit.spearman/v3/raw/attack-w-000.png'
00:03.915  render           | Saved: '/home/telephoneheater/Work/Theandril/assets/art/source/blender-units/battle.unit.spearman/v3/raw/attack-w-001.png'
00:03.985  render           | Saved: '/home/telephoneheater/Work/Theandril/assets/art/source/blender-units/battle.unit.spearman/v3/raw/attack-w-002.png'
00:04.063  render           | Saved: '/home/telephoneheater/Work/Theandril/assets/art/source/blender-units/battle.unit.spearman/v3/raw/attack-w-003.png'
00:04.136  render           | Saved: '/home/telephoneheater/Work/Theandril/assets/art/source/blender-units/battle.unit.spearman/v3/raw/attack-w-004.png'
00:04.210  render           | Saved: '/home/telephoneheater/Work/Theandril/assets/art/source/blender-units/battle.unit.spearman/v3/raw/attack-w-005.png'
00:04.291  render           | Saved: '/home/telephoneheater/Work/Theandril/assets/art/source/blender-units/battle.unit.spearman/v3/raw/attack-w-006.png'
00:04.365  render           | Saved: '/home/telephoneheater/Work/Theandril/assets/art/source/blender-units/battle.unit.spearman/v3/raw/attack-w-007.png'
00:04.433  render           | Saved: '/home/telephoneheater/Work/Theandril/assets/art/source/blender-units/battle.unit.spearman/v3/raw/hit-w-000.png'
00:04.503  render           | Saved: '/home/telephoneheater/Work/Theandril/assets/art/source/blender-units/battle.unit.spearman/v3/raw/hit-w-001.png'
00:04.575  render           | Saved: '/home/telephoneheater/Work/Theandril/assets/art/source/blender-units/battle.unit.spearman/v3/raw/hit-w-002.png'
00:04.653  render           | Saved: '/home/telephoneheater/Work/Theandril/assets/art/source/blender-units/battle.unit.spearman/v3/raw/hit-w-003.png'
00:04.722  render           | Saved: '/home/telephoneheater/Work/Theandril/assets/art/source/blender-units/battle.unit.spearman/v3/raw/death-w-000.png'
00:04.802  render           | Saved: '/home/telephoneheater/Work/Theandril/assets/art/source/blender-units/battle.unit.spearman/v3/raw/death-w-001.png'
00:04.893  render           | Saved: '/home/telephoneheater/Work/Theandril/assets/art/source/blender-units/battle.unit.spearman/v3/raw/death-w-002.png'
00:04.958  render           | Saved: '/home/telephoneheater/Work/Theandril/assets/art/source/blender-units/battle.unit.spearman/v3/raw/death-w-003.png'
00:05.025  render           | Saved: '/home/telephoneheater/Work/Theandril/assets/art/source/blender-units/battle.unit.spearman/v3/raw/death-w-004.png'
00:05.098  render           | Saved: '/home/telephoneheater/Work/Theandril/assets/art/source/blender-units/battle.unit.spearman/v3/raw/death-w-005.png'
00:05.168  render           | Saved: '/home/telephoneheater/Work/Theandril/assets/art/source/blender-units/battle.unit.spearman/v3/raw/death-w-006.png'
00:05.233  render           | Saved: '/home/telephoneheater/Work/Theandril/assets/art/source/blender-units/battle.unit.spearman/v3/raw/death-w-007.png'
Info: Saved as "source.blend"
ARTICULATED_BATTLE_UNIT_RENDER_COMPLETE
