
> theandril@0.1.0 test /home/telephoneheater/Work/Theandril
> vitest run


 RUN  v4.1.11 /home/telephoneheater/Work/Theandril

 ❯ tests/headless/chronicle-victory.test.ts (2 tests | 1 failed) 69882ms
   × generated-start epic AI victory produces complete factual logs identical after archive save/resume 66351ms

⎯⎯⎯⎯⎯⎯⎯ Failed Tests 1 ⎯⎯⎯⎯⎯⎯⎯

 FAIL  tests/headless/chronicle-victory.test.ts > generated-start epic AI victory produces complete factual logs identical after archive save/resume
Error: Test timed out in 60000ms.
If this is a long-running test, pass a timeout value as the last argument or configure it globally with "testTimeout".
 ❯ tests/headless/chronicle-victory.test.ts:11:37
      9| // post500 order and replays the complete technical history twice. Giv…
     10| // archive integration test its own wall-time budget; keep all turn/co…
     11| test.each(['short', 'epic'] as const)('generated-start %s AI victory p…
       |                                     ^
     12|   const game = createGame({ seed: 20260905, size: 'tiny', factionCount…
     13|   const archive = createArchive(game, { mode: 'watch' });

⎯⎯⎯⎯⎯⎯⎯⎯⎯⎯⎯⎯⎯⎯⎯⎯⎯⎯⎯⎯⎯⎯⎯⎯[1/1]⎯


 Test Files  1 failed | 215 passed (216)
      Tests  1 failed | 1768 passed (1769)
   Start at  11:13:34
   Duration  98.44s (transform 20.20s, setup 0ms, import 77.54s, tests 630.81s, environment 21ms)

 ELIFECYCLE  Test failed. See above for more details.
