
Running 49 tests using 1 worker

(node:4079021) Warning: The 'NO_COLOR' env is ignored due to the 'FORCE_COLOR' env being set.
(Use `node --trace-warnings ...` to show where the warning was created)
  ✓   1 tests/gameplay/defense-theater-recovery.spec.ts:23:1 › an ordinary completed turn with a missing theater view cannot silently erase delegation controls (4.8s)
  ✓   2 tests/gameplay/defense-theater-recovery.spec.ts:85:3 › a real theater edit followed by missing-theaters locks orders until manual save restoration, without automatic retry (3.0s)
  ✓   3 tests/gameplay/defense-theater-recovery.spec.ts:85:3 › a real theater edit followed by malformed-theaters locks orders until manual save restoration, without automatic retry (3.0s)
  ✓   4 tests/gameplay/defense-theater-recovery.spec.ts:85:3 › a real theater edit followed by worker-crash locks orders until manual save restoration, without automatic retry (3.2s)
  ✓   5 tests/gameplay/defense-theaters.spec.ts:34:1 › a hundred recalled armies create a defensive theater through keyboard controls and fill next-turn coverage while postings override (6.4s)
  ✓   6 tests/gameplay/defense-theaters.spec.ts:129:1 › detach, pause and delete preserve existing travel and postings while manual and portable saves restore the whole theater (8.9s)
  ✓   7 tests/gameplay/diplomacy.spec.ts:13:1 › review a funded peace package, receive AI acceptance, and restore the binding treaty (3.9s)
  ✓   8 tests/gameplay/diplomacy.spec.ts:53:1 › a human can accept an incoming proposal and receive its actual payment (1.5s)
  ✓   9 tests/gameplay/diplomacy.spec.ts:68:1 › an unfundable incoming offer explains its blocker and remains rejectable (1.4s)
  ✓  10 tests/gameplay/diplomacy.spec.ts:85:1 › a realm offers patronage, sees the oath it made and can release it (1.8s)
  ✓  11 tests/gameplay/diplomacy.spec.ts:108:1 › an accepted oath is visible to both realms, refuses war and survives a save (2.7s)
  ✓  12 tests/gameplay/empire-delegation.spec.ts:74:1 › a mature realm resolves joined budget and frontier exceptions while preserving delegated work through saved continuation (34.2s)
  ✓  13 tests/gameplay/group-charter-recovery.spec.ts:7:3 › a charter group with an unreadable map-revision response ends pending work and recovers from the saved campaign (2.7s)
  ✓  14 tests/gameplay/group-charter-recovery.spec.ts:7:3 › a charter group with an unreadable missing-results response ends pending work and recovers from the saved campaign (2.5s)
  ✓  15 tests/gameplay/group-charters.spec.ts:8:1 › forty hearths receive shared charters across pages, preserve queues, and restore individual overrides (14.4s)
  ✓  16 tests/gameplay/group-charters.spec.ts:93:1 › a partly refused group retains only the hearth whose new charter exceeded the canonical limit (6.0s)
  ✓  17 tests/gameplay/group-movement-recovery.spec.ts:6:3 › group travel missing-results after real movement locks orders until the actual manual save is restored (4.8s)
  ✓  18 tests/gameplay/group-movement-recovery.spec.ts:6:3 › group travel wrong-army after real movement locks orders until the actual manual save is restored (4.5s)
  ✓  19 tests/gameplay/group-movement-recovery.spec.ts:6:3 › group travel worker-crash after real movement locks orders until the actual manual save is restored (4.6s)
  ✓  20 tests/gameplay/group-movement-recovery.spec.ts:58:1 › a superseded route review cannot fault a restored campaign when its late reply claims recovery is required (4.0s)
  ✓  21 tests/gameplay/group-movement.spec.ts:64:1 › a hundred saved companies review compact routes and move through one exactly replayable canonical batch (15.6s)
  ✓  22 tests/gameplay/group-movement.spec.ts:167:1 › a hundred existing journeys append waypoints, retain individual overrides and restore exact manual and portable saves (25.8s)
  ✓  23 tests/gameplay/group-movement.spec.ts:212:1 › canonical destination refusals retain only the unavailable army for correction (4.4s)
  ✓  24 tests/gameplay/group-movement.spec.ts:241:1 › a real interrupted route stays paused when extended and explicitly resumes without clearing its posting (3.6s)
  ✓  25 tests/gameplay/group-posting-recovery.spec.ts:7:3 › a group with an unreadable map-revision response ends pending work and recovers from the saved campaign (2.4s)
  ✓  26 tests/gameplay/group-posting-recovery.spec.ts:7:3 › a group with an unreadable missing-results response ends pending work and recovers from the saved campaign (2.4s)
  ✓  27 tests/gameplay/group-postings.spec.ts:8:1 › a hundred armies receive one group posting, retain individual overrides and restore through a real save (12.6s)
  ✓  28 tests/gameplay/group-postings.spec.ts:79:1 › a partly refused group reports the canonical limit and retains only refused armies (1.7s)
  ✓  29 tests/gameplay/naval.spec.ts:51:1 › an embarked expedition crosses researched deep ocean by a saved queued voyage, with no duplicate passenger marker (10.8s)
  ✓  30 tests/gameplay/naval.spec.ts:107:1 › a saved voyage spends its last provisions before hulls and passengers waste, then refills within harbor supply (11.3s)
  ✓  31 tests/gameplay/naval.spec.ts:173:1 › harbor recruitment launches real hulls and an adjacent harbor marshal takes command of a fleet (6.8s)
  ✓  32 tests/gameplay/naval.spec.ts:209:1 › a saved naval battle resolves exact transport casualties without deploying its passengers as ships (7.4s)
  ✓  33 tests/gameplay/next-action.spec.ts:49:1 › hundred-army forty-town navigation wraps, clears filters and respects typing and modal ownership without issuing orders (8.6s)
  ✓  34 tests/gameplay/next-action.spec.ts:97:1 › paused routes need attention while standing journeys, stationary missions and embarked troops are skipped (5.7s)
  ✓  35 tests/gameplay/next-action.spec.ts:138:1 › remapped shortcuts persist and previous/next touch controls remain usable at narrow width (3.4s)
  ✓  36 tests/gameplay/production-sequence-response-recovery.spec.ts:7:3 › a production batch with missing-results ends pending work, locks orders and restores the actual manual save (2.8s)
  ✓  37 tests/gameplay/production-sequence-response-recovery.spec.ts:7:3 › a production batch with wrong-item ends pending work, locks orders and restores the actual manual save (2.8s)
  ✓  38 tests/gameplay/production-sequence-response-recovery.spec.ts:7:3 › a production batch with map-revision ends pending work, locks orders and restores the actual manual save (2.8s)
  ✓  39 tests/gameplay/production-sequence-response-recovery.spec.ts:7:3 › a production batch with wrong-type ends pending work, locks orders and restores the actual manual save (2.8s)
  ✓  40 tests/gameplay/production-sequence-response-recovery.spec.ts:7:3 › a production batch with worker-crash ends pending work, locks orders and restores the actual manual save (2.9s)
  ✓  41 tests/gameplay/production-sequences.spec.ts:117:1 › forty hearths recall a personal ordered sequence, pay for one batch, retain individual control and restore saved queues (35.7s)
  ✓  42 tests/gameplay/production-sequences.spec.ts:286:1 › shared coin and ordinary duplicate, full-queue and prerequisite refusals retain paid prefixes in stable hearth order (7.4s)
  ✓  43 tests/gameplay/selection-groups.spec.ts:54:1 › saved groups replace paged selections without orders, then explicitly post armies and charter forty hearths (24.0s)
  ✓  44 tests/gameplay/selection-groups.spec.ts:163:1 › campaign groups prune a consumed caravan, survive canonical save and export, and never leak into another campaign (6.3s)
  ✓  45 tests/gameplay/selection-groups.spec.ts:231:1 › recalling a carried army skips it without rewriting the saved group, while explicit empty replacement is canonical (4.7s)
  ✓  46 tests/gameplay/selection-groups.spec.ts:263:1 › a damaged saved-group response ends pending work, locks uncertain orders and recovers from a real manual save (2.8s)
  ✓  47 tests/gameplay/storage.spec.ts:50:1 › incremental browser saves share journal chunks and recover an older manifest with exact exported replay (4.4s)
  ✓  48 tests/gameplay/supply-access.spec.ts:27:1 › negotiate foreign harbor service, sustain the convoy and field force, interrupt it and recover with a saved agreement (6.7s)
  ✓  49 tests/gameplay/supply-access.spec.ts:78:1 › a provider reviews a real incoming request and receives exactly one payment through keyboard acceptance (2.3s)

  49 passed (5.8m)
