node:internal/child_process:1144
    result.error = new ErrnoException(result.error, 'spawnSync ' + options.file);
                   ^

<ref *1> Error: spawnSync git EPERM
    at Object.spawnSync (node:internal/child_process:1144:20)
    at spawnSync (node:child_process:928:24)
    at execFileSync (node:child_process:971:15)
    at git (/home/telephoneheater/Work/Theandril/scripts/capture-reinforcement-logistics34.ts:16:36)
    at <anonymous> (/home/telephoneheater/Work/Theandril/scripts/capture-reinforcement-logistics34.ts:18:67)
    at ModuleJob.run (node:internal/modules/esm/module_job:569:25)
    at async node:internal/modules/esm/loader:650:26
    at async asyncRunEntryPointWithESMLoader (node:internal/modules/run_main:101:5) {
  errno: -1,
  code: 'EPERM',
  syscall: 'spawnSync git',
  path: 'git',
  spawnargs: [ 'rev-parse', 'HEAD' ],
  error: [Circular *1],
  status: 0,
  signal: null,
  output: [ null, '8e371b3290aaabd9421ce679b76cc8a5ce28d770\n', '' ],
  pid: 31,
  stdout: '8e371b3290aaabd9421ce679b76cc8a5ce28d770\n',
  stderr: ''
}

Node.js v26.7.0
