{
  "hash": "f4f60d9a",
  "turn": 2,
  "armies": 128,
  "hearths": 30,
  "wars": [
    "faction.mire_courts.31",
    "faction.saltwind_remnant.32"
  ],
  "events": 149,
  "budget": 44,
  "routes": [
    {
      "armyId": "army.1025",
      "origin": 10780,
      "waypoints": [
        10788
      ],
      "path": [
        10781,
        10782,
        10783,
        10784,
        10785,
        10786,
        10787,
        10788
      ],
      "status": "paused",
      "pauseReason": "New hostile forces or a hostile settlement were sighted nearby.",
      "knownHostileIds": []
    }
  ],
  "patch": 720,
  "frontier": [
    {
      "id": "settlement.65",
      "name": "Frontier reserve",
      "cell": 10776
    },
    {
      "id": "settlement.66",
      "name": "Frontier west",
      "cell": 10788
    },
    {
      "id": "settlement.67",
      "name": "Frontier east",
      "cell": 10800
    }
  ]
}
