
Running 1 test using 1 worker

(node:2516653) Warning: The 'NO_COLOR' env is ignored due to the 'FORCE_COLOR' env being set.
(Use `node --trace-warnings ...` to show where the warning was created)
  ✘  1 tests/gameplay/empire-delegation.spec.ts:58:1 › a mature realm resolves joined budget and frontier exceptions while preserving delegated work through saved continuation (47.0s)


  1) tests/gameplay/empire-delegation.spec.ts:58:1 › a mature realm resolves joined budget and frontier exceptions while preserving delegated work through saved continuation 

    Test timeout of 45000ms exceeded.

    Error: locator.selectOption: Test timeout of 45000ms exceeded.
    Call log:
      - waiting for getByTestId('defense-theaters').getByLabel('Reserve destination', { exact: true })


      152 |   const theater = await disclose(page, 'defense-theaters', true);
      153 |   await theater.getByLabel('Theater name', { exact: true }).fill('Northern watch');
    > 154 |   await theater.getByLabel('Reserve destination', { exact: true }).selectOption(String(fixture.reserve));
          |                                                                    ^
      155 |   await theater.getByLabel('Guards per hearth', { exact: true }).selectOption('1');
      156 |   await theater.getByLabel('Extra guards when threatened', { exact: true }).selectOption('1');
      157 |   await theater.getByRole('searchbox', { name: 'Find protected hearths', exact: true }).fill('Frontier');
        at /home/telephoneheater/Work/Theandril/tests/gameplay/empire-delegation.spec.ts:154:68

    attachment #1: screenshot (image/png) ──────────────────────────────────────────────────────────
    docs/development/2026-09-27-reinforcement-logistics/browser-evidence/integrated-initial/empire-delegation-a-mature-c8113--through-saved-continuation/test-failed-1.png
    ────────────────────────────────────────────────────────────────────────────────────────────────

    Error Context: docs/development/2026-09-27-reinforcement-logistics/browser-evidence/integrated-initial/empire-delegation-a-mature-c8113--through-saved-continuation/error-context.md

    attachment #3: trace (application/zip) ─────────────────────────────────────────────────────────
    docs/development/2026-09-27-reinforcement-logistics/browser-evidence/integrated-initial/empire-delegation-a-mature-c8113--through-saved-continuation/trace.zip
    Usage:

        npx playwright show-trace docs/development/2026-09-27-reinforcement-logistics/browser-evidence/integrated-initial/empire-delegation-a-mature-c8113--through-saved-continuation/trace.zip

    ────────────────────────────────────────────────────────────────────────────────────────────────

  1 failed
    tests/gameplay/empire-delegation.spec.ts:58:1 › a mature realm resolves joined budget and frontier exceptions while preserving delegated work through saved continuation 
