headline (epic, standard, 12 realms, seed 20260905, rules 33) — target 350–400 turns
  turn 349 · prosperity · 167 depots · 0 refused orders · 0 automatic refusals · 45s
headline (epic, standard, 12 realms, seed 20260905, rules 34) — target 350–400 turns
  turn 349 · prosperity · 167 depots · 0 refused orders · 0 automatic refusals · 43s
headline (epic, standard, 12 realms, seed 20260906, rules 33) — target 350–400 turns
  turn 367 · prosperity · 153 depots · 0 refused orders · 0 automatic refusals · 46s
headline (epic, standard, 12 realms, seed 20260906, rules 34) — target 350–400 turns
  turn 367 · prosperity · 153 depots · 0 refused orders · 0 automatic refusals · 43s
headline (epic, standard, 12 realms, seed 20260907, rules 33) — target 350–400 turns
  turn 373 · prosperity · 171 depots · 0 refused orders · 0 automatic refusals · 47s
headline (epic, standard, 12 realms, seed 20260907, rules 34) — target 350–400 turns
  turn 373 · prosperity · 171 depots · 0 refused orders · 0 automatic refusals · 46s
headline-long (long, standard, 12 realms, seed 20260905, rules 33) — target about 300 turns
  turn 311 · prosperity · 157 depots · 0 refused orders · 0 automatic refusals · 36s
headline-long (long, standard, 12 realms, seed 20260905, rules 34) — target about 300 turns
  turn 311 · prosperity · 157 depots · 0 refused orders · 0 automatic refusals · 36s
headline-long (long, standard, 12 realms, seed 20260906, rules 33) — target about 300 turns
  turn 312 · prosperity · 143 depots · 0 refused orders · 0 automatic refusals · 34s
headline-long (long, standard, 12 realms, seed 20260906, rules 34) — target about 300 turns
  turn 312 · prosperity · 143 depots · 0 refused orders · 0 automatic refusals · 35s
headline-long (long, standard, 12 realms, seed 20260907, rules 33) — target about 300 turns
  turn 309 · prosperity · 184 depots · 0 refused orders · 0 automatic refusals · 33s
headline-long (long, standard, 12 realms, seed 20260907, rules 34) — target about 300 turns
  turn 309 · prosperity · 184 depots · 0 refused orders · 0 automatic refusals · 34s
headline-standard (standard, standard, 12 realms, seed 20260905, rules 33) — target about 200 turns
  turn 233 · prosperity · 114 depots · 0 refused orders · 0 automatic refusals · 22s
headline-standard (standard, standard, 12 realms, seed 20260905, rules 34) — target about 200 turns
  turn 233 · prosperity · 114 depots · 0 refused orders · 0 automatic refusals · 23s
headline-standard (standard, standard, 12 realms, seed 20260906, rules 33) — target about 200 turns
  turn 211 · prosperity · 135 depots · 0 refused orders · 0 automatic refusals · 19s
headline-standard (standard, standard, 12 realms, seed 20260906, rules 34) — target about 200 turns
  turn 211 · prosperity · 135 depots · 0 refused orders · 0 automatic refusals · 19s
headline-standard (standard, standard, 12 realms, seed 20260907, rules 33) — target about 200 turns
  turn 225 · prosperity · 97 depots · 0 refused orders · 0 automatic refusals · 21s
headline-standard (standard, standard, 12 realms, seed 20260907, rules 34) — target about 200 turns
  turn 225 · prosperity · 97 depots · 0 refused orders · 0 automatic refusals · 20s
proxy-epic (epic, tiny, 4 realms, seed 20260905, rules 33) — target pacing-epic.test.ts bound
  turn 360 · prosperity · 10 depots · 0 refused orders · 0 automatic refusals · 7s
proxy-epic (epic, tiny, 4 realms, seed 20260905, rules 34) — target pacing-epic.test.ts bound
  turn 360 · prosperity · 10 depots · 0 refused orders · 0 automatic refusals · 7s
proxy-epic (epic, tiny, 4 realms, seed 20260906, rules 33) — target pacing-epic.test.ts bound
  turn 324 · prosperity · 5 depots · 0 refused orders · 0 automatic refusals · 6s
proxy-epic (epic, tiny, 4 realms, seed 20260906, rules 34) — target pacing-epic.test.ts bound
  turn 324 · prosperity · 5 depots · 0 refused orders · 0 automatic refusals · 6s
proxy-epic (epic, tiny, 4 realms, seed 20260907, rules 33) — target pacing-epic.test.ts bound
  turn 309 · prosperity · 4 depots · 0 refused orders · 0 automatic refusals · 6s
proxy-epic (epic, tiny, 4 realms, seed 20260907, rules 34) — target pacing-epic.test.ts bound
  turn 309 · prosperity · 4 depots · 0 refused orders · 0 automatic refusals · 6s
proxy-epic-chronicle (epic, tiny, 4 realms, seed 20260905, rules 33) — target chronicle-victory.test.ts bound
  turn 360 · prosperity · 10 depots · 0 refused orders · 0 automatic refusals · 7s
proxy-epic-chronicle (epic, tiny, 4 realms, seed 20260905, rules 34) — target chronicle-victory.test.ts bound
  turn 360 · prosperity · 10 depots · 0 refused orders · 0 automatic refusals · 7s
proxy-epic-chronicle (epic, tiny, 4 realms, seed 20260906, rules 33) — target chronicle-victory.test.ts bound
  turn 324 · prosperity · 5 depots · 0 refused orders · 0 automatic refusals · 6s
proxy-epic-chronicle (epic, tiny, 4 realms, seed 20260906, rules 34) — target chronicle-victory.test.ts bound
  turn 324 · prosperity · 5 depots · 0 refused orders · 0 automatic refusals · 6s
proxy-epic-chronicle (epic, tiny, 4 realms, seed 20260907, rules 33) — target chronicle-victory.test.ts bound
  turn 309 · prosperity · 4 depots · 0 refused orders · 0 automatic refusals · 6s
proxy-epic-chronicle (epic, tiny, 4 realms, seed 20260907, rules 34) — target chronicle-victory.test.ts bound
  turn 309 · prosperity · 4 depots · 0 refused orders · 0 automatic refusals · 6s
proxy-long (long, tiny, 4 realms, seed 20260905, rules 33) — target pacing.test.ts bound
  turn 327 · prosperity · 9 depots · 0 refused orders · 0 automatic refusals · 6s
proxy-long (long, tiny, 4 realms, seed 20260905, rules 34) — target pacing.test.ts bound
  turn 327 · prosperity · 9 depots · 0 refused orders · 0 automatic refusals · 6s
proxy-long (long, tiny, 4 realms, seed 20260906, rules 33) — target pacing.test.ts bound
  turn 285 · prosperity · 10 depots · 0 refused orders · 0 automatic refusals · 5s
proxy-long (long, tiny, 4 realms, seed 20260906, rules 34) — target pacing.test.ts bound
  turn 285 · prosperity · 10 depots · 0 refused orders · 0 automatic refusals · 5s
proxy-long (long, tiny, 4 realms, seed 20260907, rules 33) — target pacing.test.ts bound
  turn 274 · prosperity · 4 depots · 0 refused orders · 0 automatic refusals · 5s
proxy-long (long, tiny, 4 realms, seed 20260907, rules 34) — target pacing.test.ts bound
  turn 274 · prosperity · 4 depots · 0 refused orders · 0 automatic refusals · 5s
proxy-standard (standard, tiny, 4 realms, seed 20260905, rules 33) — target pacing.test.ts bound
  turn 252 · prosperity · 7 depots · 0 refused orders · 0 automatic refusals · 4s
proxy-standard (standard, tiny, 4 realms, seed 20260905, rules 34) — target pacing.test.ts bound
  turn 252 · prosperity · 7 depots · 0 refused orders · 0 automatic refusals · 4s
proxy-standard (standard, tiny, 4 realms, seed 20260906, rules 33) — target pacing.test.ts bound
  turn 203 · prosperity · 3 depots · 0 refused orders · 0 automatic refusals · 3s
proxy-standard (standard, tiny, 4 realms, seed 20260906, rules 34) — target pacing.test.ts bound
  turn 203 · prosperity · 3 depots · 0 refused orders · 0 automatic refusals · 3s
proxy-standard (standard, tiny, 4 realms, seed 20260907, rules 33) — target pacing.test.ts bound
  turn 196 · prosperity · 5 depots · 0 refused orders · 0 automatic refusals · 3s
proxy-standard (standard, tiny, 4 realms, seed 20260907, rules 34) — target pacing.test.ts bound
  turn 196 · prosperity · 5 depots · 0 refused orders · 0 automatic refusals · 3s
