
Running 2 tests using 1 worker

(node:2589670) Warning: The 'NO_COLOR' env is ignored due to the 'FORCE_COLOR' env being set.
(Use `node --trace-warnings ...` to show where the warning was created)
  ✘  1 tests/gameplay/supply-access.spec.ts:27:1 › negotiate foreign harbor service, sustain the convoy and field force, interrupt it and recover with a saved agreement (45.7s)
(node:2598818) Warning: The 'NO_COLOR' env is ignored due to the 'FORCE_COLOR' env being set.
(Use `node --trace-warnings ...` to show where the warning was created)
  ✓  2 tests/gameplay/supply-access.spec.ts:78:1 › a provider reviews a real incoming request and receives exactly one payment through keyboard acceptance (3.4s)


  1) tests/gameplay/supply-access.spec.ts:27:1 › negotiate foreign harbor service, sustain the convoy and field force, interrupt it and recover with a saved agreement 

    Test timeout of 45000ms exceeded.

    Error: locator.selectOption: Test timeout of 45000ms exceeded.
    Call log:
      - waiting for getByTestId('supply-access').getByLabel('Supply hearth or harbor', { exact: true })


       9 |   await openRealmAffairs(page);
      10 |   const panel = page.getByTestId('supply-access');
    > 11 |   await panel.getByLabel('Supply hearth or harbor', { exact: true }).selectOption(sourceId);
         |                                                                      ^
      12 |   await panel.getByLabel('Supply fee', { exact: true }).fill('20');
      13 |   await panel.getByLabel('Supply term in turns', { exact: true }).fill('10');
      14 |   await panel.getByRole('button', { name: 'Review supply terms', exact: true }).click();
        at requestSupply (/home/telephoneheater/Work/Theandril/tests/gameplay/supply-access.spec.ts:11:70)
        at /home/telephoneheater/Work/Theandril/tests/gameplay/supply-access.spec.ts:34:3

    attachment #1: screenshot (image/png) ──────────────────────────────────────────────────────────
    docs/development/2026-09-27-reinforcement-logistics/browser-evidence/supply-initial/supply-access-negotiate-fo-47f93-over-with-a-saved-agreement/test-failed-1.png
    ────────────────────────────────────────────────────────────────────────────────────────────────

    Error Context: docs/development/2026-09-27-reinforcement-logistics/browser-evidence/supply-initial/supply-access-negotiate-fo-47f93-over-with-a-saved-agreement/error-context.md

    attachment #3: trace (application/zip) ─────────────────────────────────────────────────────────
    docs/development/2026-09-27-reinforcement-logistics/browser-evidence/supply-initial/supply-access-negotiate-fo-47f93-over-with-a-saved-agreement/trace.zip
    Usage:

        npx playwright show-trace docs/development/2026-09-27-reinforcement-logistics/browser-evidence/supply-initial/supply-access-negotiate-fo-47f93-over-with-a-saved-agreement/trace.zip

    ────────────────────────────────────────────────────────────────────────────────────────────────

  1 failed
    tests/gameplay/supply-access.spec.ts:27:1 › negotiate foreign harbor service, sustain the convoy and field force, interrupt it and recover with a saved agreement 
  1 passed (51.3s)
