
 RUN  v4.1.11 /home/telephoneheater/Work/Theandril-release

 ❯ apps/web/src/updates/home-style.test.ts (2 tests | 2 failed) 6ms
     × lets full commit hashes and long paths wrap inside the change ledger 3ms
     × styles the hero actions, doorways and ledger with existing materials only 3ms

⎯⎯⎯⎯⎯⎯⎯ Failed Tests 2 ⎯⎯⎯⎯⎯⎯⎯

 FAIL  apps/web/src/updates/home-style.test.ts > home page styling > lets full commit hashes and long paths wrap inside the change ledger
AssertionError: expected '' to match /overflow-wrap:\s*anywhere/

- Expected:
/overflow-wrap:\s*anywhere/

+ Received:
""

 ❯ apps/web/src/updates/home-style.test.ts:8:18
      6|   it('lets full commit hashes and long paths wrap inside the change le…
      7|     const rule = css.match(/\.commit-entry[^{]*\{[^}]*\}/g)?.join('\n'…
      8|     expect(rule).toMatch(/overflow-wrap:\s*anywhere/);
       |                  ^
      9|   });
     10|   it('styles the hero actions, doorways and ledger with existing mater…

⎯⎯⎯⎯⎯⎯⎯⎯⎯⎯⎯⎯⎯⎯⎯⎯⎯⎯⎯⎯⎯⎯⎯⎯[1/2]⎯

 FAIL  apps/web/src/updates/home-style.test.ts > home page styling > styles the hero actions, doorways and ledger with existing materials only
AssertionError: .home-hero: expected '/* Hearth & Card: real walnut, quiet …' to contain '.home-hero'

- Expected
+ Received

- .home-hero
+ /* Hearth & Card: real walnut, quiet parchment, brass. No gradients. */
+ :root { --body: system-ui, -apple-system, BlinkMacSystemFont, 'Segoe UI', sans-serif; font-family: Georgia, 'Times New Roman', serif; color: #352619; background: #281d16; font-synthesis: none; text-rendering: optimizeLegibility; }
+ * { box-sizing: border-box; }
+ html { scroll-padding-top: 1.5rem; }
+ body { margin: 0; min-width: 0; }
+ a { color: inherit; text-underline-offset: .2em; text-decoration-thickness: 1px; }
+ button, input, select { font: inherit; }
+ button, a, input, select { -webkit-tap-highlight-color: transparent; }
+ a:hover { text-decoration-thickness: 2px; }
+ :focus-visible { outline: 3px solid #6d471b; outline-offset: 4px; }
+ .journal-site { --ink: #352619; --muted: #665139; --paper: #ecdbb0; --brass: #c5a46a; min-height: 100vh; background-color: #44392e; background-image: var(--wood); background-blend-mode: multiply; background-size: 512px; padding: 0 2.5rem; }
+ h1, h2, h3, p, figure { margin: 0; }
+ h1, h2, h3 { font-family: Georgia, 'Times New Roman', serif; font-weight: 400; text-wrap: balance; }
+ img { display: block; max-width: 100%; height: auto; }
+ .site-header, .site-footer, .bound-journal { max-width: 1344px; margin-inline: auto; }
+ .site-header { min-height: 112px; display: flex; align-items: center; justify-content: space-between; gap: 2rem; color: #efdfb8; }
+ .wordmark { display: flex; align-items: center; gap: .8rem; text-decoration: none; }
+ .monogram { font-size: 1.7rem; border: 3px double #c5a46a; padding: .2rem .55rem; line-height: 1.4; }
+ .wordmark small { display: block; font: .57rem/1.6 var(--body); text-transform: uppercase; letter-spacing: .22em; }
+ .wordmark strong { font-size: 1.65rem; font-weight: 400; letter-spacing: .06em; }
+ .site-header nav { display: flex; flex-wrap: wrap; align-items: center; gap: 1.65rem; font: .8rem/1.5 var(--body); }
+ .site-header nav a { padding-block: .8rem; }
+ .site-header nav a[aria-current="page"] { color: #f1cd81; border-bottom: 2px solid #c5a46a; text-decoration: none; }
+ .play-link { border-bottom: 1px solid #c5a46a; text-decoration: none; }
+ .site-header :focus-visible, .site-footer :focus-visible { outline-color: #f1cd81; }
+ .skip-link { position: absolute; top: .5rem; left: 1rem; padding: 1rem; z-index: 20; background: #f1e4c2; color: #352619; transform: translateY(-200%); }
+ .skip-link:focus { transform: none; }
+ .bound-journal { background: #dcc799 var(--parchment) repeat; border: 1px solid #b69358; padding: 12px; box-shadow: 0 2px 0 #b09260, 0 6px 0 #614527, 0 9px 0 #130c08, 0 20px 40px #0007; }
+ .paper-content { padding: 2.8rem 3.4rem 4rem; background: #ecdbb0f5; border: 1px solid #99734375; box-shadow: inset 0 0 45px #704a2010; }
+ .eyebrow { font: .75rem/1.7 var(--body); font-weight: 600; letter-spacing: .15em; text-transform: uppercase; color: #665139; }
+ .eyebrow > span:not(.small-rule) { margin-inline: .5rem; }
+ .masthead { display: flex; justify-content: space-between; align-items: flex-end; gap: 2rem; padding-bottom: 2rem; border-bottom: 3px double #8f7147; }
+ .masthead h1 { font-size: clamp(2.25rem, 4.2vw, 3.8rem); letter-spacing: -.045em; line-height: 1.08; margin-top: .6rem; }
+ .masthead h1 em { font-weight: 400; }
+ .masthead-note { max-width: 17.5rem; font-size: 1.04rem; line-height: 1.6; }
+ .masthead-note span { font: .78rem/1.6 var(--body); color: #665139; }
+ .featured { display: grid; grid-template-columns: 1fr 1.04fr; margin-top: 2.5rem; border-bottom: 1px solid #9f8158; padding-bottom: 2.2rem; gap: 3rem; align-items: center; }
+ .featured-copy { padding-block: .5rem; }
+ .small-rule { display: inline-block; width: 1.6rem; height: 1px; margin-right: .5rem; background: #775128; vertical-align: middle; }
+ .status-label { display: inline-block; font: .8rem/1.5 var(--body); color: #5c4225; border-left: 2px solid #927143; padding-left: .5rem; }
+ .featured-copy > .status-label { margin-top: 1.4rem; }
+ .featured h2 { font-size: clamp(2.8rem, 4.8vw, 4.65rem); line-height: 1.02; letter-spacing: -.047em; max-width: none; margin: .8rem 0 1.25rem; }
+ .subtitle { font-size: 1.08rem; line-height: 1.45; font-style: italic; max-width: 28rem; }
+ .feature-summary { font: .94rem/1.85 var(--body); margin-top: 1.4rem; max-width: 30rem; }
+ .plaque { display: inline-flex; align-items: center; justify-content: space-between; gap: 1.8rem; background: #39281d; border: 1px solid #b69358; color: #f1e1b9; min-height: 48px; padding: .95rem 1.3rem; box-shadow: inset 0 0 0 3px #281d16, 0 3px 0 #9c7b4e, 0 5px 8px #51391e30; text-decoration: none; font: .82rem/1.5 var(--body); }
+ .featured .plaque { margin-top: 1.75rem; }
+ .plaque:hover { background: #503923; }
+ .feature-footnote { font: .875rem/1.6 var(--body); color: #665139; margin-top: 1rem; }
+ .illustration { min-width: 0; }
+ .image-mat { width: 100%; display: block; position: relative; cursor: zoom-in; border: 1px solid #b29259; padding: 7px; background: #241a14; box-shadow: 0 3px 0 #9b7a46, 0 5px 0 #60452c, 0 9px 14px #48331d25; }
+ .image-mat img { width: 100%; object-fit: contain; image-rendering: pixelated; }
+ .enlarge-hint { display: block; padding: .65rem .5rem .25rem; text-align: right; color: #efdfb8; font: .75rem/1.6 var(--body); }
+ .image-dialog { max-width: min(1100px, 94vw); max-height: 92vh; overflow-y: auto; padding: 1.2rem; border: 3px double #a88651; color: #352619; background: #ecdbb0; box-shadow: 0 20px 60px #0008; }
+ .image-dialog::backdrop { background: #170f0be8; }
+ .image-dialog > img { margin: 1rem auto; max-height: 63vh; width: auto; object-fit: contain; image-rendering: pixelated; }
+ .image-dialog > p, .image-dialog > a { font: .9rem/1.8 var(--body); }
+ .dialog-toolbar { display: flex; align-items: center; justify-content: space-between; gap: 1rem; font: .8rem/1.7 var(--body); }
+ .dialog-toolbar button { background: #39281d; color: #f1e1b9; border: 1px solid #a88651; min-height: 44px; padding: .6rem .9rem; cursor: pointer; }
+ .illustration figcaption { margin-top: 1rem; font: .875rem/1.6 var(--body); color: #665139; }
+ .illustration figcaption a { white-space: nowrap; }
+ .checkpoint-note { display: grid; grid-template-columns: 1fr 2.3fr; gap: 2rem; padding: 1.45rem 0; border-bottom: 3px double #8f7147; }
+ .checkpoint-note strong { font-size: 1.15rem; font-weight: 400; }
+ .checkpoint-note p { font: .875rem/1.75 var(--body); color: #665139; }
+ .archive { padding-top: 3.25rem; }
+ .section-heading { display: flex; justify-content: space-between; gap: 2rem; align-items: flex-end; margin-bottom: 1.8rem; }
+ .section-heading h2 { font-size: 2.25rem; letter-spacing: -.035em; line-height: 1.2; margin-top: .4rem; }
+ .section-heading > p { max-width: 17rem; font: .8rem/1.7 var(--body); color: #665139; }
+ .archive-tools { display: flex; gap: 2rem; align-items: end; padding: 1.2rem 0; border-block: 1px solid #9f815875; font: .8rem/1.6 var(--body); }
+ .search-field { flex: 1 1 16rem; min-width: 0; }
+ .search-field label, .topic-filters legend { display: block; margin-bottom: .5rem; }
+ .search-field input { width: 100%; min-width: 0; min-height: 46px; padding: .75rem .9rem; color: #352619; background: #f5e9cb; border: 1px solid #84653c; border-radius: 0; }
+ .search-field input::placeholder { color: #665139; opacity: 1; }
+ .topic-filters { padding: 0; margin: 0; border: 0; min-width: 0; }
+ .topic-filters > div { display: flex; flex-wrap: wrap; gap: .5rem; }
+ .topic-filters button { min-height: 46px; border: 1px solid #96764b; background: transparent; color: #352619; padding: .65rem .85rem; cursor: pointer; }
+ .topic-filters button[aria-pressed="true"] { background: #49331e; color: #f1e1b9; border-color: #49331e; text-decoration: underline; text-underline-offset: .3em; }
+ .topic-filters button:hover { box-shadow: inset 0 0 0 1px #96764b; }
+ .results-heading { display: flex; justify-content: space-between; gap: 1rem; align-items: center; min-height: 58px; font: .8rem/1.6 var(--body); color: #665139; }
+ .text-button { min-height: 44px; padding: .5rem 0; border: 0; background: transparent; color: #352619; text-decoration: underline; text-underline-offset: .2em; cursor: pointer; }
+ .no-results { border-block: 1px solid #a78c62; padding: 2rem 0; }
+ .no-results h3 { font-size: 1.7rem; }
+ .no-results p { font: .9rem/1.8 var(--body); margin-top: .8rem; }
+ .dispatch-row { display: grid; grid-template-columns: 185px 1fr 2rem; gap: 2rem; padding: 1.7rem 0; border-top: 1px solid #9f815875; align-items: center; }
+ .row-image { display: block; padding: 5px; background: #2c241a; border: 1px solid #a68a58; }
+ .row-image img { height: 124px; width: 100%; object-fit: contain; image-rendering: pixelated; }
+ .row-copy h3 { font-size: 1.8rem; letter-spacing: -.025em; margin: .5rem 0; }
+ .row-copy h3 a { text-decoration: none; }
+ .row-copy h3 a:hover { text-decoration: underline; }
+ .row-copy > p:not(.eyebrow) { font: .9rem/1.75 var(--body); max-width: 43rem; }
+ .row-copy .status-label { margin-top: .75rem; }
+ .folio { font-size: 1.5rem; color: #79613f; align-self: start; }
+ .folio span { display: block; margin-top: .5rem; font-size: 1.2rem; }
+ .site-footer { padding: 2.5rem 0; color: #dfc797; font: .75rem/1.8 var(--body); display: flex; justify-content: space-between; gap: 2rem; }
+ .site-footer strong { font: 1.2rem Georgia, serif; color: #efdfb8; }
+ .site-footer p span { font-size: .8rem; }
+ .site-footer > div { display: flex; flex-wrap: wrap; gap: 1.5rem; align-items: flex-start; }
+ .sr-only { position: absolute; width: 1px; height: 1px; padding: 0; margin: -1px; overflow: hidden; clip-path: inset(50%); white-space: nowrap; border: 0; }
+ .scope-section, .library-section { margin-top: 3.5rem; border-top: 3px double #8f7147; padding-top: 2.5rem; }
+ .scope-intro { font-size: 1.15rem; line-height: 1.75; max-width: 45rem; margin-bottom: 1.5rem; }
+ .scope-ledger { margin: 0; }
+ .scope-ledger > div { display: grid; grid-template-columns: 1fr 1.6fr; gap: 2.5rem; border-top: 1px solid #a78c6270; padding: 1.5rem 0; }
+ .scope-state { display: block; font: .75rem/1.6 var(--body); color: #665139; margin-bottom: .5rem; }
+ .scope-ledger h3 { font-size: 1.28rem; line-height: 1.5; text-wrap: initial; }
+ .scope-ledger dd { margin: 0; font: .88rem/1.8 var(--body); }
+ .scope-ledger dd a { display: inline-block; margin-top: .5rem; }
+ .library-list { padding: 0; margin: 0; list-style: none; columns: 2; column-gap: 3rem; }
+ .library-list li { display: flex; gap: 1rem; break-inside: avoid; padding: 1.4rem 0; border-top: 1px solid #a78c6270; }
+ .shelf-number { color: #79613f; font-size: 1.15rem; line-height: 1.55; }
+ .library-list a { font-size: 1.2rem; }
+ .library-list p { font: .875rem/1.8 var(--body); color: #665139; margin-top: .5rem; }
+ .contribute-section { background: #e0c99e; border: 3px double #927143; padding: 2.5rem; margin-top: 3.5rem; }
+ .contribute-section h2 { font-size: 2.3rem; margin: .6rem 0 1rem; letter-spacing: -.035em; }
+ .contribute-section > p:not(.eyebrow), .contribute-section li { font: .9rem/1.9 var(--body); max-width: 53rem; }
+ .contribute-section ol { padding-left: 1.3rem; }
+ .contribute-section li { margin-bottom: .7rem; padding-left: .4rem; }
+ .contributor-links { display: flex; flex-wrap: wrap; align-items: center; gap: 1.5rem; margin-top: 1.6rem; font: .85rem/1.8 var(--body); }
+ .contribution-note { color: #665139; margin-top: 1.7rem; }
+ .back-link { display: inline-block; font: .8rem/1.5 var(--body); padding: .8rem 0; }
+ .article-header { max-width: 850px; margin: 2rem auto 3.5rem; }
+ .article-header .status-label { margin-top: 1.3rem; }
+ .article-header h1 { font-size: clamp(2.7rem, 5.2vw, 4.8rem); letter-spacing: -.045em; line-height: 1.04; margin: 1rem 0 1.5rem; }
+ .article-subtitle { font-size: 1.3rem; line-height: 1.5; font-style: italic; }
+ .article-intro { font: 1.05rem/1.85 var(--body); margin-top: 1.5rem; max-width: 45rem; }
+ .byline { border-top: 1px solid #a78c62; padding-top: 1.2rem; margin-top: 1.5rem; font: .72rem/1.8 var(--body); color: #665139; }
+ .reading-layout { display: grid; grid-template-columns: 210px minmax(0, 740px); gap: 3.7rem; justify-content: center; }
+ .article-index { font: .875rem/1.7 var(--body); padding-top: 1rem; }
+ .article-index nav { border-top: 3px double #8f7147; padding-top: 1rem; }
+ .article-index ol { padding-left: 1.3rem; }
+ .article-index li { padding: .45rem 0 .45rem .2rem; }
+ .article-index li a { text-decoration: none; }
+ .article-index li a:hover { text-decoration: underline; }
+ .index-note { color: #665139; font-style: italic; border-top: 1px solid #a78c62; margin-top: 1.3rem; padding-top: 1.3rem; }
+ .permalink { display: inline-block; margin-top: 1rem; padding-block: .5rem; }
+ .article-body { min-width: 0; max-width: 70ch; font: 1.06rem/1.85 var(--body); }
+ .article-body section { margin-top: 3rem; }
+ .article-body h2 { font-size: 2rem; letter-spacing: -.025em; line-height: 1.23; margin-bottom: 1.3rem; }
+ .article-body section > p + p { margin-top: 1.1rem; }
+ .article-body .illustration { margin-top: 2rem; }
+ .article-body > .illustration-campaign { max-width: 520px; margin-inline: auto; }
+ .article-body .illustration-battle { max-width: 540px; margin-inline: auto; }
+ .at-a-glance { background: #e0c99e; border: 1px solid #a78c62; padding: 1.5rem 1.7rem; font: .88rem/1.85 var(--body); }
+ .at-a-glance ul { padding-left: 1.25rem; margin-bottom: 0; }
+ .at-a-glance li + li { margin-top: .55rem; }
+ .source-notes { border-top: 3px double #8f7147; padding-top: 2rem; font: .85rem/1.8 var(--body); }
+ .source-notes h2 { font-family: Georgia, serif; margin-top: .6rem; }
+ .source-notes ol { padding-left: 1.4rem; }
+ .source-notes li { padding: .8rem 0 .8rem .35rem; }
+ .source-notes li a { font-weight: 600; }
+ .source-notes li p { color: #665139; }
+ code { font-size: .95em; }
+ .more-dispatches { border-top: 1px solid #a78c62; margin-top: 3rem; padding-top: 1.5rem; }
+ .more-dispatches > a { display: flex; align-items: center; justify-content: space-between; gap: 1rem; font-size: 1.4rem; padding: 1rem 0; }
+ .missing-dispatch { padding-block: 3rem; max-width: 42rem; margin: auto; }
+ .missing-dispatch h1 { font-size: 3rem; margin-block: 1rem; }
+ .missing-dispatch p { line-height: 1.8; margin-bottom: 1.5rem; }
+ @media (max-width: 1100px) { .journal-site { padding-inline: 1.4rem; } .paper-content { padding: 2.2rem; } .masthead { align-items: flex-start; flex-direction: column; gap: 1rem; } .masthead-note { max-width: 32rem; } .featured { gap: 2rem; } .featured h2 { font-size: 3.5rem; } .reading-layout { grid-template-columns: 180px minmax(0, 1fr); gap: 2rem; } }
+ @media (max-width: 760px) { .scope-ledger > div { display: block; } .scope-ledger dd { margin-top: .8rem; } .library-list { columns: auto; } .contribute-section { padding: 1.3rem; } .site-header { flex-wrap: wrap; padding-block: 1rem; } .site-header nav { justify-content: flex-start; } .archive-tools { display: block; } .topic-filters { margin-top: 1rem; } .journal-site { padding-inline: .85rem; } .site-header { min-height: 104px; gap: 1rem; } .site-header nav { gap: .65rem; justify-content: flex-end; font-size: .7rem; } .wordmark strong { font-size: 1.25rem; } .wordmark small { font-size: .48rem; } .monogram { font-size: 1.3rem; } .bound-journal { padding: 7px; } .paper-content { padding: 1.5rem; } .featured { grid-template-columns: 1fr; gap: 1.75rem; margin-top: 1.8rem; } .featured h2 { font-size: 3.6rem; max-width: 11ch; } .featured > .illustration { max-width: 520px; width: 100%; margin-inline: auto; } .checkpoint-note { grid-template-columns: 1fr; gap: .6rem; } .section-heading { display: block; } .section-heading > p { margin-top: .75rem; } .dispatch-row { grid-template-columns: 105px 1fr; gap: 1rem; align-items: start; } .row-image img { height: 100px; } .row-copy h3 { font-size: 1.5rem; } .row-copy .eyebrow { font-size: .57rem; } .folio { display: none; } .site-footer { flex-direction: column; gap: 1rem; } .reading-layout { display: block; } .article-index { padding: 0 0 2rem; } .article-index ol { columns: 2; column-gap: 2rem; } .article-index li { break-inside: avoid; } .article-index .index-note { display: none; } .article-header { margin-top: 1.5rem; margin-bottom: 2rem; } .article-header h1 { font-size: 3rem; } .article-body { font-size: 1.08rem; } }
+ @media (max-width: 440px) { .site-header { flex-wrap: wrap; padding-block: 1rem; gap: .45rem; } .site-header nav { width: 100%; justify-content: space-between; } .site-header nav a { padding-block: .65rem; } .paper-content { padding: 1.1rem; } .masthead h1 { font-size: 2.7rem; } .masthead .eyebrow { font-size: .58rem; } .featured h2 { font-size: 3.25rem; } .dispatch-row { grid-template-columns: 1fr; gap: 1rem; } .row-image { max-width: 100%; } .row-image img { height: 150px; } .row-copy h3 { font-size: 1.65rem; } .row-copy .eyebrow { font-size: .63rem; } .article-header h1 { font-size: 2.65rem; } .article-index ol { columns: auto; } .article-body h2 { font-size: 1.75rem; } .at-a-glance { padding: 1.2rem; } }
+ @media (prefers-reduced-motion: reduce) { *, *::before, *::after { scroll-behavior: auto !important; animation: none !important; transition: none !important; } }
+ @media print { .journal-site { background: white; padding: 0; } .site-header, .site-footer, .article-index, .back-link, .more-dispatches, .skip-link { display: none; } .bound-journal, .paper-content { padding: 0; border: none; box-shadow: none; background: white; } .reading-layout { display: block; } .article-body { font-size: 11pt; } .article-header h1 { font-size: 28pt; } .image-mat { box-shadow: none; } a { text-decoration: underline; } }
+

 ❯ apps/web/src/updates/home-style.test.ts:11:170
      9|   });
     10|   it('styles the hero actions, doorways and ledger with existing mater…
     11|     for (const selector of ['.home-hero', '.hero-actions', '.home-door…
       |                                                                                                                                                                          ^
     12|     expect(css).not.toMatch(/linear-gradient|@import|@font-face/);
     13|   });

⎯⎯⎯⎯⎯⎯⎯⎯⎯⎯⎯⎯⎯⎯⎯⎯⎯⎯⎯⎯⎯⎯⎯⎯[2/2]⎯


 Test Files  1 failed (1)
      Tests  2 failed (2)
   Start at  22:58:15
   Duration  100ms (transform 17ms, setup 0ms, import 25ms, tests 6ms, environment 0ms)

