/home/telephoneheater/Work/Theandril/assets/art/source/blender-units/battle.unit.transport/v2/driver.py:49: DeprecationWarning: 'World.use_nodes' is expected to be removed in Blender 6.0
  scene.world.use_nodes = True
00:00.603  render           | Saved: '/home/telephoneheater/Work/Theandril/assets/art/source/blender-units/battle.unit.transport/v2/raw/idle-e-000.png'
00:00.666  render           | Saved: '/home/telephoneheater/Work/Theandril/assets/art/source/blender-units/battle.unit.transport/v2/raw/idle-e-001.png'
00:00.728  render           | Saved: '/home/telephoneheater/Work/Theandril/assets/art/source/blender-units/battle.unit.transport/v2/raw/idle-e-002.png'
00:00.791  render           | Saved: '/home/telephoneheater/Work/Theandril/assets/art/source/blender-units/battle.unit.transport/v2/raw/idle-e-003.png'
00:00.856  render           | Saved: '/home/telephoneheater/Work/Theandril/assets/art/source/blender-units/battle.unit.transport/v2/raw/sail-e-000.png'
00:00.921  render           | Saved: '/home/telephoneheater/Work/Theandril/assets/art/source/blender-units/battle.unit.transport/v2/raw/sail-e-001.png'
00:00.988  render           | Saved: '/home/telephoneheater/Work/Theandril/assets/art/source/blender-units/battle.unit.transport/v2/raw/sail-e-002.png'
00:01.052  render           | Saved: '/home/telephoneheater/Work/Theandril/assets/art/source/blender-units/battle.unit.transport/v2/raw/sail-e-003.png'
00:01.115  render           | Saved: '/home/telephoneheater/Work/Theandril/assets/art/source/blender-units/battle.unit.transport/v2/raw/sail-e-004.png'
00:01.182  render           | Saved: '/home/telephoneheater/Work/Theandril/assets/art/source/blender-units/battle.unit.transport/v2/raw/sail-e-005.png'
00:01.248  render           | Saved: '/home/telephoneheater/Work/Theandril/assets/art/source/blender-units/battle.unit.transport/v2/raw/sail-e-006.png'
00:01.310  render           | Saved: '/home/telephoneheater/Work/Theandril/assets/art/source/blender-units/battle.unit.transport/v2/raw/sail-e-007.png'
00:01.372  render           | Saved: '/home/telephoneheater/Work/Theandril/assets/art/source/blender-units/battle.unit.transport/v2/raw/fire-e-000.png'
00:01.435  render           | Saved: '/home/telephoneheater/Work/Theandril/assets/art/source/blender-units/battle.unit.transport/v2/raw/fire-e-001.png'
00:01.504  render           | Saved: '/home/telephoneheater/Work/Theandril/assets/art/source/blender-units/battle.unit.transport/v2/raw/fire-e-002.png'
00:01.571  render           | Saved: '/home/telephoneheater/Work/Theandril/assets/art/source/blender-units/battle.unit.transport/v2/raw/fire-e-003.png'
00:01.642  render           | Saved: '/home/telephoneheater/Work/Theandril/assets/art/source/blender-units/battle.unit.transport/v2/raw/fire-e-004.png'
00:01.706  render           | Saved: '/home/telephoneheater/Work/Theandril/assets/art/source/blender-units/battle.unit.transport/v2/raw/fire-e-005.png'
00:01.781  render           | Saved: '/home/telephoneheater/Work/Theandril/assets/art/source/blender-units/battle.unit.transport/v2/raw/fire-e-006.png'
00:01.853  render           | Saved: '/home/telephoneheater/Work/Theandril/assets/art/source/blender-units/battle.unit.transport/v2/raw/fire-e-007.png'
00:01.924  render           | Saved: '/home/telephoneheater/Work/Theandril/assets/art/source/blender-units/battle.unit.transport/v2/raw/hit-e-000.png'
00:02.000  render           | Saved: '/home/telephoneheater/Work/Theandril/assets/art/source/blender-units/battle.unit.transport/v2/raw/hit-e-001.png'
00:02.074  render           | Saved: '/home/telephoneheater/Work/Theandril/assets/art/source/blender-units/battle.unit.transport/v2/raw/hit-e-002.png'
00:02.152  render           | Saved: '/home/telephoneheater/Work/Theandril/assets/art/source/blender-units/battle.unit.transport/v2/raw/hit-e-003.png'
00:02.222  render           | Saved: '/home/telephoneheater/Work/Theandril/assets/art/source/blender-units/battle.unit.transport/v2/raw/sink-e-000.png'
00:02.290  render           | Saved: '/home/telephoneheater/Work/Theandril/assets/art/source/blender-units/battle.unit.transport/v2/raw/sink-e-001.png'
00:02.363  render           | Saved: '/home/telephoneheater/Work/Theandril/assets/art/source/blender-units/battle.unit.transport/v2/raw/sink-e-002.png'
00:02.425  render           | Saved: '/home/telephoneheater/Work/Theandril/assets/art/source/blender-units/battle.unit.transport/v2/raw/sink-e-003.png'
00:02.483  render           | Saved: '/home/telephoneheater/Work/Theandril/assets/art/source/blender-units/battle.unit.transport/v2/raw/sink-e-004.png'
00:02.537  render           | Saved: '/home/telephoneheater/Work/Theandril/assets/art/source/blender-units/battle.unit.transport/v2/raw/sink-e-005.png'
00:02.589  render           | Saved: '/home/telephoneheater/Work/Theandril/assets/art/source/blender-units/battle.unit.transport/v2/raw/sink-e-006.png'
00:02.642  render           | Saved: '/home/telephoneheater/Work/Theandril/assets/art/source/blender-units/battle.unit.transport/v2/raw/sink-e-007.png'
00:02.731  render           | Saved: '/home/telephoneheater/Work/Theandril/assets/art/source/blender-units/battle.unit.transport/v2/raw/idle-w-000.png'
00:02.818  render           | Saved: '/home/telephoneheater/Work/Theandril/assets/art/source/blender-units/battle.unit.transport/v2/raw/idle-w-001.png'
00:02.899  render           | Saved: '/home/telephoneheater/Work/Theandril/assets/art/source/blender-units/battle.unit.transport/v2/raw/idle-w-002.png'
00:02.984  render           | Saved: '/home/telephoneheater/Work/Theandril/assets/art/source/blender-units/battle.unit.transport/v2/raw/idle-w-003.png'
00:03.070  render           | Saved: '/home/telephoneheater/Work/Theandril/assets/art/source/blender-units/battle.unit.transport/v2/raw/sail-w-000.png'
00:03.149  render           | Saved: '/home/telephoneheater/Work/Theandril/assets/art/source/blender-units/battle.unit.transport/v2/raw/sail-w-001.png'
00:03.229  render           | Saved: '/home/telephoneheater/Work/Theandril/assets/art/source/blender-units/battle.unit.transport/v2/raw/sail-w-002.png'
00:03.303  render           | Saved: '/home/telephoneheater/Work/Theandril/assets/art/source/blender-units/battle.unit.transport/v2/raw/sail-w-003.png'
00:03.391  render           | Saved: '/home/telephoneheater/Work/Theandril/assets/art/source/blender-units/battle.unit.transport/v2/raw/sail-w-004.png'
00:03.484  render           | Saved: '/home/telephoneheater/Work/Theandril/assets/art/source/blender-units/battle.unit.transport/v2/raw/sail-w-005.png'
00:03.559  render           | Saved: '/home/telephoneheater/Work/Theandril/assets/art/source/blender-units/battle.unit.transport/v2/raw/sail-w-006.png'
00:03.638  render           | Saved: '/home/telephoneheater/Work/Theandril/assets/art/source/blender-units/battle.unit.transport/v2/raw/sail-w-007.png'
00:03.730  render           | Saved: '/home/telephoneheater/Work/Theandril/assets/art/source/blender-units/battle.unit.transport/v2/raw/fire-w-000.png'
00:03.815  render           | Saved: '/home/telephoneheater/Work/Theandril/assets/art/source/blender-units/battle.unit.transport/v2/raw/fire-w-001.png'
00:03.901  render           | Saved: '/home/telephoneheater/Work/Theandril/assets/art/source/blender-units/battle.unit.transport/v2/raw/fire-w-002.png'
00:03.994  render           | Saved: '/home/telephoneheater/Work/Theandril/assets/art/source/blender-units/battle.unit.transport/v2/raw/fire-w-003.png'
00:04.084  render           | Saved: '/home/telephoneheater/Work/Theandril/assets/art/source/blender-units/battle.unit.transport/v2/raw/fire-w-004.png'
00:04.163  render           | Saved: '/home/telephoneheater/Work/Theandril/assets/art/source/blender-units/battle.unit.transport/v2/raw/fire-w-005.png'
00:04.248  render           | Saved: '/home/telephoneheater/Work/Theandril/assets/art/source/blender-units/battle.unit.transport/v2/raw/fire-w-006.png'
00:04.321  render           | Saved: '/home/telephoneheater/Work/Theandril/assets/art/source/blender-units/battle.unit.transport/v2/raw/fire-w-007.png'
00:04.400  render           | Saved: '/home/telephoneheater/Work/Theandril/assets/art/source/blender-units/battle.unit.transport/v2/raw/hit-w-000.png'
00:04.477  render           | Saved: '/home/telephoneheater/Work/Theandril/assets/art/source/blender-units/battle.unit.transport/v2/raw/hit-w-001.png'
00:04.547  render           | Saved: '/home/telephoneheater/Work/Theandril/assets/art/source/blender-units/battle.unit.transport/v2/raw/hit-w-002.png'
00:04.637  render           | Saved: '/home/telephoneheater/Work/Theandril/assets/art/source/blender-units/battle.unit.transport/v2/raw/hit-w-003.png'
00:04.722  render           | Saved: '/home/telephoneheater/Work/Theandril/assets/art/source/blender-units/battle.unit.transport/v2/raw/sink-w-000.png'
00:04.801  render           | Saved: '/home/telephoneheater/Work/Theandril/assets/art/source/blender-units/battle.unit.transport/v2/raw/sink-w-001.png'
00:04.862  render           | Saved: '/home/telephoneheater/Work/Theandril/assets/art/source/blender-units/battle.unit.transport/v2/raw/sink-w-002.png'
00:04.917  render           | Saved: '/home/telephoneheater/Work/Theandril/assets/art/source/blender-units/battle.unit.transport/v2/raw/sink-w-003.png'
00:04.972  render           | Saved: '/home/telephoneheater/Work/Theandril/assets/art/source/blender-units/battle.unit.transport/v2/raw/sink-w-004.png'
00:05.031  render           | Saved: '/home/telephoneheater/Work/Theandril/assets/art/source/blender-units/battle.unit.transport/v2/raw/sink-w-005.png'
00:05.084  render           | Saved: '/home/telephoneheater/Work/Theandril/assets/art/source/blender-units/battle.unit.transport/v2/raw/sink-w-006.png'
00:05.141  render           | Saved: '/home/telephoneheater/Work/Theandril/assets/art/source/blender-units/battle.unit.transport/v2/raw/sink-w-007.png'
Info: Saved as "source.blend"
ARTICULATED_BATTLE_UNIT_RENDER_COMPLETE
