
 RUN  v4.1.11 /home/telephoneheater/Work/Theandril-release

 ❯ tests/tooling/updates-build.test.ts (1 test | 1 failed) 3ms
   × builds the game and journal as independent HTML entrypoints 3ms
 ✓ tests/tooling/lint-boundaries.test.ts (2 tests) 303ms

⎯⎯⎯⎯⎯⎯⎯ Failed Tests 1 ⎯⎯⎯⎯⎯⎯⎯

 FAIL  tests/tooling/updates-build.test.ts > builds the game and journal as independent HTML entrypoints
AssertionError: expected undefined to deeply equal { …(2) }

- Expected:
{
  "game": "/home/telephoneheater/Work/Theandril-release/apps/web/index.html",
  "updates": "/home/telephoneheater/Work/Theandril-release/apps/web/updates/index.html",
}

+ Received:
undefined

 ❯ tests/tooling/updates-build.test.ts:7:17
      5| test('builds the game and journal as independent HTML entrypoints', ()…
      6|   const input = (config as { build?: { rollupOptions?: { input?: Recor…
      7|   expect(input).toEqual({
       |                 ^
      8|     game: resolve('apps/web/index.html'),
      9|     updates: resolve('apps/web/updates/index.html'),

⎯⎯⎯⎯⎯⎯⎯⎯⎯⎯⎯⎯⎯⎯⎯⎯⎯⎯⎯⎯⎯⎯⎯⎯[1/1]⎯


 Test Files  1 failed | 1 passed (2)
      Tests  1 failed | 2 passed (3)
   Start at  19:07:59
   Duration  452ms (transform 39ms, setup 0ms, import 149ms, tests 307ms, environment 0ms)

