
 RUN  v4.1.11 /home/telephoneheater/Work/Theandril-release

 ❯ tests/tooling/lint-boundaries.test.ts (2 tests | 1 failed) 352ms
     × does not reinterpret the byte-preserved reviewer snapshot as live source 321ms
     ✓ still enforces explicit typing in production source and maintained tests 30ms

⎯⎯⎯⎯⎯⎯⎯ Failed Tests 1 ⎯⎯⎯⎯⎯⎯⎯

 FAIL  tests/tooling/lint-boundaries.test.ts > lint boundaries for frozen review evidence > does not reinterpret the byte-preserved reviewer snapshot as live source
AssertionError: expected false to be true // Object.is equality

- Expected
+ Received

- true
+ false

 ❯ tests/tooling/lint-boundaries.test.ts:8:108
      6|
      7|   it('does not reinterpret the byte-preserved reviewer snapshot as liv…
      8|     expect(await eslint.isPathIgnored('docs/development/post-fix-revie…
       |                                                                                                            ^
      9|   });
     10|

⎯⎯⎯⎯⎯⎯⎯⎯⎯⎯⎯⎯⎯⎯⎯⎯⎯⎯⎯⎯⎯⎯⎯⎯[1/1]⎯


 Test Files  1 failed (1)
      Tests  1 failed | 1 passed (2)
   Start at  19:06:29
   Duration  506ms (transform 16ms, setup 0ms, import 91ms, tests 352ms, environment 0ms)

