[
  {
    "name": "B-tiny4-seed74-v2",
    "turn": 252,
    "winner": "faction.cinder_march",
    "battleCount": 153,
    "captures": 26,
    "selfTowns": 4,
    "selfTechs": 8,
    "selfArcane": [],
    "selfSpells": 0,
    "selfQueues": {
      "building.granary": 2,
      "building.workshop": 2,
      "unit.guard": 3,
      "unit.spearman": 4,
      "building.market": 2,
      "unit.arbalester": 3,
      "building.archive": 2,
      "unit.cavalry": 2,
      "building.harbor": 1,
      "unit.colonist": 2,
      "unit.transport": 1,
      "unit.skirmisher": 2,
      "unit.heavy_infantry": 1
    },
    "last": {
      "battle": 249,
      "capture": 249,
      "founding": 248,
      "research": 88,
      "arcane": 205,
      "warDeclaration": 250
    }
  },
  {
    "name": "B-tiny4-seed99-v2",
    "turn": 222,
    "winner": "faction.glass_tide",
    "battleCount": 273,
    "captures": 8,
    "selfTowns": 3,
    "selfTechs": 6,
    "selfArcane": [],
    "selfSpells": 0,
    "selfQueues": {
      "building.granary": 1,
      "building.workshop": 1,
      "unit.guard": 2,
      "unit.spearman": 1,
      "building.market": 1,
      "building.archive": 1,
      "unit.cavalry": 1,
      "unit.arbalester": 2,
      "unit.skirmisher": 1,
      "building.harbor": 1,
      "unit.transport": 1,
      "unit.colonist": 1,
      "unit.ocean_warship": 1
    },
    "last": {
      "battle": 221,
      "capture": 192,
      "founding": 213,
      "research": 179,
      "arcane": 129,
      "warDeclaration": 219
    }
  },
  {
    "name": "C-tiny4-seed74",
    "turn": 257,
    "winner": "faction.cinder_march",
    "battleCount": 90,
    "captures": 27,
    "selfTowns": 5,
    "selfTechs": 10,
    "selfArcane": [
      "arcane.ember_projection",
      "arcane.rune_binding"
    ],
    "selfSpells": 4,
    "selfQueues": {
      "building.archive": 8,
      "building.market": 7,
      "building.workshop": 6,
      "building.granary": 6,
      "building.harbor": 1,
      "unit.transport": 1,
      "unit.colonist": 9,
      "unit.guard": 5,
      "unit.spearman": 3,
      "unit.heavy_infantry": 3,
      "unit.cavalry": 2,
      "unit.skirmisher": 2,
      "unit.arbalester": 2,
      "unit.halberdier": 1,
      "unit.ocean_warship": 1,
      "unit.lancer": 1,
      "unit.scout": 4
    },
    "last": {
      "battle": 256,
      "capture": 250,
      "founding": 249,
      "research": 112,
      "arcane": 34,
      "warDeclaration": 252
    }
  },
  {
    "name": "C-tiny4-seed99",
    "turn": 215,
    "winner": "faction.glass_tide",
    "battleCount": 99,
    "captures": 34,
    "selfTowns": 6,
    "selfTechs": 10,
    "selfArcane": [
      "arcane.ember_projection",
      "arcane.rune_binding"
    ],
    "selfSpells": 12,
    "selfQueues": {
      "building.archive": 12,
      "building.market": 11,
      "building.workshop": 10,
      "building.granary": 8,
      "unit.guard": 6,
      "building.harbor": 2,
      "unit.transport": 3,
      "unit.colonist": 12,
      "unit.spearman": 4,
      "unit.heavy_infantry": 3,
      "unit.skirmisher": 3,
      "unit.cavalry": 3,
      "unit.arbalester": 3,
      "unit.ocean_warship": 1,
      "unit.halberdier": 2,
      "unit.lancer": 1,
      "unit.scout": 4
    },
    "last": {
      "battle": 211,
      "capture": 211,
      "founding": 213,
      "research": 88,
      "arcane": 59,
      "warDeclaration": 207
    }
  },
  {
    "name": "D-tiny4-seed74-standard",
    "turn": 244,
    "winner": "faction.ashen_compact",
    "battleCount": 148,
    "captures": 51,
    "selfTowns": 11,
    "selfTechs": 10,
    "selfArcane": [
      "arcane.ember_projection",
      "arcane.rune_binding"
    ],
    "selfSpells": 10,
    "selfQueues": {
      "building.granary": 9,
      "building.workshop": 9,
      "building.market": 11,
      "building.archive": 11,
      "unit.colonist": 8,
      "unit.guard": 8,
      "building.harbor": 1,
      "unit.transport": 1,
      "unit.spearman": 6,
      "unit.ocean_warship": 1,
      "unit.heavy_infantry": 4,
      "unit.cavalry": 4,
      "unit.skirmisher": 5,
      "unit.arbalester": 3,
      "unit.scout": 4,
      "unit.halberdier": 3,
      "unit.lancer": 3
    },
    "last": {
      "battle": 243,
      "capture": 243,
      "founding": 231,
      "research": 92,
      "arcane": 119,
      "warDeclaration": 243
    }
  },
  {
    "name": "D-tiny4-seed99-epic",
    "turn": 808,
    "winner": "faction.glass_tide",
    "battleCount": 59,
    "captures": 13,
    "selfTowns": 5,
    "selfTechs": 10,
    "selfArcane": [],
    "selfSpells": 0,
    "selfQueues": {
      "building.granary": 4,
      "building.workshop": 4,
      "building.market": 5,
      "building.archive": 6,
      "unit.guard": 3,
      "unit.spearman": 2,
      "unit.heavy_infantry": 2,
      "building.harbor": 1,
      "unit.transport": 1,
      "unit.colonist": 3,
      "unit.cavalry": 2,
      "unit.skirmisher": 2,
      "unit.arbalester": 1,
      "unit.ocean_warship": 1,
      "unit.lancer": 2,
      "unit.scout": 2,
      "unit.halberdier": 1
    },
    "last": {
      "battle": 297,
      "capture": 297,
      "founding": 288,
      "research": 145,
      "arcane": null,
      "warDeclaration": 290
    }
  },
  {
    "name": "D-sparse4-seed748291",
    "turn": 301,
    "winner": null,
    "battleCount": 12,
    "captures": 0,
    "selfTowns": 10,
    "selfTechs": 10,
    "selfArcane": [],
    "selfSpells": 0,
    "selfQueues": {
      "building.granary": 10,
      "building.workshop": 10,
      "building.market": 10,
      "building.archive": 10,
      "unit.colonist": 10,
      "unit.guard": 7,
      "unit.spearman": 4,
      "unit.heavy_infantry": 4,
      "building.harbor": 1,
      "unit.cavalry": 3,
      "unit.coastal_warship": 1,
      "unit.ocean_warship": 1,
      "unit.transport": 1,
      "unit.skirmisher": 4,
      "unit.arbalester": 3,
      "unit.scout": 3,
      "unit.halberdier": 1,
      "unit.lancer": 1
    },
    "last": {
      "battle": 227,
      "capture": null,
      "founding": 284,
      "research": 153,
      "arcane": null,
      "warDeclaration": 294
    }
  },
  {
    "name": "D-standard24-seed74-300",
    "turn": 227,
    "winner": "faction.mire_courts",
    "battleCount": 582,
    "captures": 72,
    "selfTowns": 14,
    "selfTechs": 9,
    "selfArcane": [
      "arcane.ember_projection",
      "arcane.rune_binding"
    ],
    "selfSpells": 0,
    "selfQueues": {
      "building.granary": 17,
      "building.workshop": 18,
      "building.market": 15,
      "building.archive": 14,
      "unit.colonist": 20,
      "unit.guard": 9,
      "unit.spearman": 5,
      "unit.cavalry": 4,
      "unit.heavy_infantry": 4,
      "building.harbor": 2,
      "unit.skirmisher": 5,
      "unit.arbalester": 4,
      "unit.coastal_warship": 1,
      "unit.lancer": 2,
      "unit.transport": 1,
      "unit.ocean_warship": 1,
      "unit.scout": 8,
      "unit.halberdier": 2
    },
    "last": {
      "battle": 226,
      "capture": 226,
      "founding": 225,
      "research": 216,
      "arcane": 192,
      "warDeclaration": 226
    }
  }
]
{
  "B-tiny4-seed74-v2": {
    "battleReasons": {
      "ordered withdrawal": 145,
      "mutual withdrawal": 3,
      "morale rout": 5
    },
    "casualtyBattles": 73,
    "totalStrengthLost": 3015,
    "finalTotals": {
      "settlements": 35,
      "population": 415,
      "armies": 49,
      "formations": 136,
      "hulls": 9,
      "maxPopulation": 25,
      "claimed": 658,
      "worked": 403,
      "knowledge": 35020,
      "treasury": 36494
    },
    "firstContacts": {
      "faction.reedbound_council": 5,
      "faction.glass_tide": 5,
      "faction.cinder_march": 45,
      "faction.ashen_compact": 56
    },
    "firstResearchSaturation": {
      "faction.reedbound_council": 71,
      "faction.glass_tide": 76,
      "faction.cinder_march": 89
    }
  },
  "B-tiny4-seed99-v2": {
    "battleReasons": {
      "ordered withdrawal": 263,
      "mutual withdrawal": 4,
      "round limit": 1,
      "formations destroyed": 1,
      "morale rout": 4
    },
    "casualtyBattles": 106,
    "totalStrengthLost": 3888,
    "finalTotals": {
      "settlements": 26,
      "population": 333,
      "armies": 40,
      "formations": 87,
      "hulls": 8,
      "maxPopulation": 22,
      "claimed": 521,
      "worked": 309,
      "knowledge": 23760,
      "treasury": 31679
    },
    "firstContacts": {
      "faction.ashen_compact": 4,
      "faction.cinder_march": 4,
      "faction.glass_tide": 5,
      "faction.reedbound_council": 9
    },
    "firstResearchSaturation": {
      "faction.reedbound_council": 64,
      "faction.glass_tide": 75,
      "faction.cinder_march": 180
    }
  },
  "C-tiny4-seed74": {
    "battleReasons": {
      "ordered withdrawal": 84,
      "mutual withdrawal": 2,
      "morale rout": 4
    },
    "casualtyBattles": 69,
    "totalStrengthLost": 3137,
    "finalTotals": {
      "settlements": 35,
      "population": 468,
      "armies": 45,
      "formations": 144,
      "hulls": 14,
      "maxPopulation": 26,
      "claimed": 729,
      "worked": 464,
      "knowledge": 41030,
      "treasury": 35388
    },
    "firstContacts": {
      "faction.reedbound_council": 5,
      "faction.glass_tide": 5,
      "faction.cinder_march": 45,
      "faction.ashen_compact": 56
    },
    "firstResearchSaturation": {
      "faction.reedbound_council": 71,
      "faction.ashen_compact": 75,
      "faction.glass_tide": 80,
      "faction.cinder_march": 113
    }
  },
  "C-tiny4-seed99": {
    "battleReasons": {
      "ordered withdrawal": 94,
      "morale rout": 4,
      "round limit": 1
    },
    "casualtyBattles": 64,
    "totalStrengthLost": 4558,
    "finalTotals": {
      "settlements": 40,
      "population": 479,
      "armies": 57,
      "formations": 159,
      "hulls": 14,
      "maxPopulation": 21,
      "claimed": 716,
      "worked": 473,
      "knowledge": 31401,
      "treasury": 22532
    },
    "firstContacts": {
      "faction.ashen_compact": 4,
      "faction.cinder_march": 4,
      "faction.glass_tide": 5,
      "faction.reedbound_council": 9
    },
    "firstResearchSaturation": {
      "faction.reedbound_council": 67,
      "faction.glass_tide": 75,
      "faction.ashen_compact": 84,
      "faction.cinder_march": 89
    }
  },
  "D-tiny4-seed74-standard": {
    "battleReasons": {
      "ordered withdrawal": 141,
      "mutual withdrawal": 2,
      "morale rout": 5
    },
    "casualtyBattles": 126,
    "totalStrengthLost": 5752,
    "finalTotals": {
      "settlements": 43,
      "population": 536,
      "armies": 53,
      "formations": 161,
      "hulls": 10,
      "maxPopulation": 24,
      "claimed": 797,
      "worked": 528,
      "knowledge": 40250,
      "treasury": 33328
    },
    "firstContacts": {
      "faction.reedbound_council": 5,
      "faction.glass_tide": 5,
      "faction.ashen_compact": 38,
      "faction.cinder_march": 38
    },
    "firstResearchSaturation": {
      "faction.reedbound_council": 71,
      "faction.ashen_compact": 76,
      "faction.glass_tide": 77,
      "faction.cinder_march": 93
    }
  },
  "D-tiny4-seed99-epic": {
    "battleReasons": {
      "ordered withdrawal": 57,
      "mutual withdrawal": 1,
      "morale rout": 1
    },
    "casualtyBattles": 44,
    "totalStrengthLost": 2093,
    "finalTotals": {
      "settlements": 32,
      "population": 699,
      "armies": 53,
      "formations": 127,
      "hulls": 13,
      "maxPopulation": 32,
      "claimed": 1055,
      "worked": 687,
      "knowledge": 172421,
      "treasury": 342992
    },
    "firstContacts": {
      "faction.ashen_compact": 4,
      "faction.cinder_march": 4,
      "faction.glass_tide": 5,
      "faction.reedbound_council": 9
    },
    "firstResearchSaturation": {
      "faction.reedbound_council": 101,
      "faction.glass_tide": 105,
      "faction.cinder_march": 135,
      "faction.ashen_compact": 146
    }
  },
  "D-sparse4-seed748291": {
    "battleReasons": {
      "ordered withdrawal": 10,
      "mutual withdrawal": 2
    },
    "casualtyBattles": 11,
    "totalStrengthLost": 291,
    "finalTotals": {
      "settlements": 44,
      "population": 627,
      "armies": 104,
      "formations": 162,
      "hulls": 21,
      "maxPopulation": 28,
      "claimed": 1022,
      "worked": 623,
      "knowledge": 67034,
      "treasury": 120896
    },
    "firstContacts": {
      "faction.cinder_march": 57,
      "faction.glass_tide": 57,
      "faction.reedbound_council": 130,
      "faction.ashen_compact": 137
    },
    "firstResearchSaturation": {
      "faction.ashen_compact": 78,
      "faction.reedbound_council": 119
    }
  },
  "D-standard24-seed74-300": {
    "battleReasons": {
      "ordered withdrawal": 559,
      "mutual withdrawal": 12,
      "morale rout": 8,
      "formations destroyed": 1,
      "round limit": 2
    },
    "casualtyBattles": 330,
    "totalStrengthLost": 11839,
    "finalTotals": {
      "settlements": 269,
      "population": 2964,
      "armies": 471,
      "formations": 979,
      "hulls": 78,
      "maxPopulation": 26,
      "claimed": 4751,
      "worked": 2935,
      "knowledge": 260930,
      "treasury": 279132
    },
    "firstContacts": {
      "faction.vesper_court": 19,
      "faction.rimehorn_clans": 20,
      "faction.mire_courts": 23,
      "faction.glass_tide": 24,
      "faction.velvet_meridian": 30,
      "faction.morrow_spore": 31,
      "faction.reedbound_council": 32,
      "faction.ashen_compact": 34,
      "faction.saltwind_remnant": 35,
      "faction.cistern_assembly": 39,
      "faction.unsealed_companies": 40,
      "faction.sable_steppe": 42,
      "faction.brine_choir": 42,
      "faction.iron_covenant": 43,
      "faction.sepulchral_synod": 45,
      "faction.red_sluice": 45,
      "faction.cinder_march": 47,
      "faction.wardhall_remnant": 47,
      "faction.underhush_exchange": 47,
      "faction.manytrack_moot": 47,
      "faction.cairnwing_concord": 48,
      "faction.lantern_hospices": 54,
      "faction.emberwake_convocation": 56,
      "faction.margin_observance": 72
    },
    "firstResearchSaturation": {
      "faction.underhush_exchange": 61,
      "faction.iron_covenant": 69,
      "faction.unsealed_companies": 69,
      "faction.glass_tide": 74,
      "faction.manytrack_moot": 81,
      "faction.cistern_assembly": 94,
      "faction.rimehorn_clans": 100,
      "faction.emberwake_convocation": 102,
      "faction.reedbound_council": 109,
      "faction.morrow_spore": 113,
      "faction.margin_observance": 132,
      "faction.cairnwing_concord": 141,
      "faction.mire_courts": 150,
      "faction.brine_choir": 191,
      "faction.vesper_court": 199,
      "faction.velvet_meridian": 217
    }
  }
}
