/home/telephoneheater/Work/Theandril/assets/art/source/blender-units/battle.unit.colonist/v2/driver.py:49: DeprecationWarning: 'World.use_nodes' is expected to be removed in Blender 6.0
  scene.world.use_nodes = True
00:00.546  render           | Saved: '/home/telephoneheater/Work/Theandril/assets/art/source/blender-units/battle.unit.colonist/v2/raw/idle-e-000.png'
00:00.603  render           | Saved: '/home/telephoneheater/Work/Theandril/assets/art/source/blender-units/battle.unit.colonist/v2/raw/idle-e-001.png'
00:00.658  render           | Saved: '/home/telephoneheater/Work/Theandril/assets/art/source/blender-units/battle.unit.colonist/v2/raw/idle-e-002.png'
00:00.713  render           | Saved: '/home/telephoneheater/Work/Theandril/assets/art/source/blender-units/battle.unit.colonist/v2/raw/idle-e-003.png'
00:00.773  render           | Saved: '/home/telephoneheater/Work/Theandril/assets/art/source/blender-units/battle.unit.colonist/v2/raw/walk-e-000.png'
00:00.829  render           | Saved: '/home/telephoneheater/Work/Theandril/assets/art/source/blender-units/battle.unit.colonist/v2/raw/walk-e-001.png'
00:00.887  render           | Saved: '/home/telephoneheater/Work/Theandril/assets/art/source/blender-units/battle.unit.colonist/v2/raw/walk-e-002.png'
00:00.940  render           | Saved: '/home/telephoneheater/Work/Theandril/assets/art/source/blender-units/battle.unit.colonist/v2/raw/walk-e-003.png'
00:00.993  render           | Saved: '/home/telephoneheater/Work/Theandril/assets/art/source/blender-units/battle.unit.colonist/v2/raw/walk-e-004.png'
00:01.046  render           | Saved: '/home/telephoneheater/Work/Theandril/assets/art/source/blender-units/battle.unit.colonist/v2/raw/walk-e-005.png'
00:01.104  render           | Saved: '/home/telephoneheater/Work/Theandril/assets/art/source/blender-units/battle.unit.colonist/v2/raw/walk-e-006.png'
00:01.162  render           | Saved: '/home/telephoneheater/Work/Theandril/assets/art/source/blender-units/battle.unit.colonist/v2/raw/walk-e-007.png'
00:01.225  render           | Saved: '/home/telephoneheater/Work/Theandril/assets/art/source/blender-units/battle.unit.colonist/v2/raw/attack-e-000.png'
00:01.284  render           | Saved: '/home/telephoneheater/Work/Theandril/assets/art/source/blender-units/battle.unit.colonist/v2/raw/attack-e-001.png'
00:01.344  render           | Saved: '/home/telephoneheater/Work/Theandril/assets/art/source/blender-units/battle.unit.colonist/v2/raw/attack-e-002.png'
00:01.405  render           | Saved: '/home/telephoneheater/Work/Theandril/assets/art/source/blender-units/battle.unit.colonist/v2/raw/attack-e-003.png'
00:01.465  render           | Saved: '/home/telephoneheater/Work/Theandril/assets/art/source/blender-units/battle.unit.colonist/v2/raw/attack-e-004.png'
00:01.521  render           | Saved: '/home/telephoneheater/Work/Theandril/assets/art/source/blender-units/battle.unit.colonist/v2/raw/attack-e-005.png'
00:01.586  render           | Saved: '/home/telephoneheater/Work/Theandril/assets/art/source/blender-units/battle.unit.colonist/v2/raw/attack-e-006.png'
00:01.653  render           | Saved: '/home/telephoneheater/Work/Theandril/assets/art/source/blender-units/battle.unit.colonist/v2/raw/attack-e-007.png'
00:01.718  render           | Saved: '/home/telephoneheater/Work/Theandril/assets/art/source/blender-units/battle.unit.colonist/v2/raw/hit-e-000.png'
00:01.786  render           | Saved: '/home/telephoneheater/Work/Theandril/assets/art/source/blender-units/battle.unit.colonist/v2/raw/hit-e-001.png'
00:01.858  render           | Saved: '/home/telephoneheater/Work/Theandril/assets/art/source/blender-units/battle.unit.colonist/v2/raw/hit-e-002.png'
00:01.935  render           | Saved: '/home/telephoneheater/Work/Theandril/assets/art/source/blender-units/battle.unit.colonist/v2/raw/hit-e-003.png'
00:02.005  render           | Saved: '/home/telephoneheater/Work/Theandril/assets/art/source/blender-units/battle.unit.colonist/v2/raw/death-e-000.png'
00:02.073  render           | Saved: '/home/telephoneheater/Work/Theandril/assets/art/source/blender-units/battle.unit.colonist/v2/raw/death-e-001.png'
00:02.146  render           | Saved: '/home/telephoneheater/Work/Theandril/assets/art/source/blender-units/battle.unit.colonist/v2/raw/death-e-002.png'
00:02.222  render           | Saved: '/home/telephoneheater/Work/Theandril/assets/art/source/blender-units/battle.unit.colonist/v2/raw/death-e-003.png'
00:02.298  render           | Saved: '/home/telephoneheater/Work/Theandril/assets/art/source/blender-units/battle.unit.colonist/v2/raw/death-e-004.png'
00:02.372  render           | Saved: '/home/telephoneheater/Work/Theandril/assets/art/source/blender-units/battle.unit.colonist/v2/raw/death-e-005.png'
00:02.443  render           | Saved: '/home/telephoneheater/Work/Theandril/assets/art/source/blender-units/battle.unit.colonist/v2/raw/death-e-006.png'
00:02.506  render           | Saved: '/home/telephoneheater/Work/Theandril/assets/art/source/blender-units/battle.unit.colonist/v2/raw/death-e-007.png'
00:02.568  render           | Saved: '/home/telephoneheater/Work/Theandril/assets/art/source/blender-units/battle.unit.colonist/v2/raw/idle-w-000.png'
00:02.637  render           | Saved: '/home/telephoneheater/Work/Theandril/assets/art/source/blender-units/battle.unit.colonist/v2/raw/idle-w-001.png'
00:02.705  render           | Saved: '/home/telephoneheater/Work/Theandril/assets/art/source/blender-units/battle.unit.colonist/v2/raw/idle-w-002.png'
00:02.775  render           | Saved: '/home/telephoneheater/Work/Theandril/assets/art/source/blender-units/battle.unit.colonist/v2/raw/idle-w-003.png'
00:02.843  render           | Saved: '/home/telephoneheater/Work/Theandril/assets/art/source/blender-units/battle.unit.colonist/v2/raw/walk-w-000.png'
00:02.915  render           | Saved: '/home/telephoneheater/Work/Theandril/assets/art/source/blender-units/battle.unit.colonist/v2/raw/walk-w-001.png'
00:02.983  render           | Saved: '/home/telephoneheater/Work/Theandril/assets/art/source/blender-units/battle.unit.colonist/v2/raw/walk-w-002.png'
00:03.058  render           | Saved: '/home/telephoneheater/Work/Theandril/assets/art/source/blender-units/battle.unit.colonist/v2/raw/walk-w-003.png'
00:03.134  render           | Saved: '/home/telephoneheater/Work/Theandril/assets/art/source/blender-units/battle.unit.colonist/v2/raw/walk-w-004.png'
00:03.204  render           | Saved: '/home/telephoneheater/Work/Theandril/assets/art/source/blender-units/battle.unit.colonist/v2/raw/walk-w-005.png'
00:03.274  render           | Saved: '/home/telephoneheater/Work/Theandril/assets/art/source/blender-units/battle.unit.colonist/v2/raw/walk-w-006.png'
00:03.343  render           | Saved: '/home/telephoneheater/Work/Theandril/assets/art/source/blender-units/battle.unit.colonist/v2/raw/walk-w-007.png'
00:03.420  render           | Saved: '/home/telephoneheater/Work/Theandril/assets/art/source/blender-units/battle.unit.colonist/v2/raw/attack-w-000.png'
00:03.493  render           | Saved: '/home/telephoneheater/Work/Theandril/assets/art/source/blender-units/battle.unit.colonist/v2/raw/attack-w-001.png'
00:03.571  render           | Saved: '/home/telephoneheater/Work/Theandril/assets/art/source/blender-units/battle.unit.colonist/v2/raw/attack-w-002.png'
00:03.634  render           | Saved: '/home/telephoneheater/Work/Theandril/assets/art/source/blender-units/battle.unit.colonist/v2/raw/attack-w-003.png'
00:03.711  render           | Saved: '/home/telephoneheater/Work/Theandril/assets/art/source/blender-units/battle.unit.colonist/v2/raw/attack-w-004.png'
00:03.795  render           | Saved: '/home/telephoneheater/Work/Theandril/assets/art/source/blender-units/battle.unit.colonist/v2/raw/attack-w-005.png'
00:03.881  render           | Saved: '/home/telephoneheater/Work/Theandril/assets/art/source/blender-units/battle.unit.colonist/v2/raw/attack-w-006.png'
00:03.971  render           | Saved: '/home/telephoneheater/Work/Theandril/assets/art/source/blender-units/battle.unit.colonist/v2/raw/attack-w-007.png'
00:04.045  render           | Saved: '/home/telephoneheater/Work/Theandril/assets/art/source/blender-units/battle.unit.colonist/v2/raw/hit-w-000.png'
00:04.122  render           | Saved: '/home/telephoneheater/Work/Theandril/assets/art/source/blender-units/battle.unit.colonist/v2/raw/hit-w-001.png'
00:04.202  render           | Saved: '/home/telephoneheater/Work/Theandril/assets/art/source/blender-units/battle.unit.colonist/v2/raw/hit-w-002.png'
00:04.281  render           | Saved: '/home/telephoneheater/Work/Theandril/assets/art/source/blender-units/battle.unit.colonist/v2/raw/hit-w-003.png'
00:04.371  render           | Saved: '/home/telephoneheater/Work/Theandril/assets/art/source/blender-units/battle.unit.colonist/v2/raw/death-w-000.png'
00:04.463  render           | Saved: '/home/telephoneheater/Work/Theandril/assets/art/source/blender-units/battle.unit.colonist/v2/raw/death-w-001.png'
00:04.555  render           | Saved: '/home/telephoneheater/Work/Theandril/assets/art/source/blender-units/battle.unit.colonist/v2/raw/death-w-002.png'
00:04.646  render           | Saved: '/home/telephoneheater/Work/Theandril/assets/art/source/blender-units/battle.unit.colonist/v2/raw/death-w-003.png'
00:04.722  render           | Saved: '/home/telephoneheater/Work/Theandril/assets/art/source/blender-units/battle.unit.colonist/v2/raw/death-w-004.png'
00:04.788  render           | Saved: '/home/telephoneheater/Work/Theandril/assets/art/source/blender-units/battle.unit.colonist/v2/raw/death-w-005.png'
00:04.860  render           | Saved: '/home/telephoneheater/Work/Theandril/assets/art/source/blender-units/battle.unit.colonist/v2/raw/death-w-006.png'
00:04.927  render           | Saved: '/home/telephoneheater/Work/Theandril/assets/art/source/blender-units/battle.unit.colonist/v2/raw/death-w-007.png'
Info: Saved as "source.blend"
ARTICULATED_BATTLE_UNIT_RENDER_COMPLETE
