/home/telephoneheater/Work/Theandril/assets/art/source/blender-units/battle.unit.transport/v1/driver.py:49: DeprecationWarning: 'World.use_nodes' is expected to be removed in Blender 6.0
  scene.world.use_nodes = True
00:00.637  render           | Saved: '/home/telephoneheater/Work/Theandril/assets/art/source/blender-units/battle.unit.transport/v1/raw/idle-e-000.png'
00:00.719  render           | Saved: '/home/telephoneheater/Work/Theandril/assets/art/source/blender-units/battle.unit.transport/v1/raw/idle-e-001.png'
00:00.797  render           | Saved: '/home/telephoneheater/Work/Theandril/assets/art/source/blender-units/battle.unit.transport/v1/raw/idle-e-002.png'
00:00.885  render           | Saved: '/home/telephoneheater/Work/Theandril/assets/art/source/blender-units/battle.unit.transport/v1/raw/idle-e-003.png'
00:00.966  render           | Saved: '/home/telephoneheater/Work/Theandril/assets/art/source/blender-units/battle.unit.transport/v1/raw/sail-e-000.png'
00:01.049  render           | Saved: '/home/telephoneheater/Work/Theandril/assets/art/source/blender-units/battle.unit.transport/v1/raw/sail-e-001.png'
00:01.134  render           | Saved: '/home/telephoneheater/Work/Theandril/assets/art/source/blender-units/battle.unit.transport/v1/raw/sail-e-002.png'
00:01.218  render           | Saved: '/home/telephoneheater/Work/Theandril/assets/art/source/blender-units/battle.unit.transport/v1/raw/sail-e-003.png'
00:01.305  render           | Saved: '/home/telephoneheater/Work/Theandril/assets/art/source/blender-units/battle.unit.transport/v1/raw/sail-e-004.png'
00:01.387  render           | Saved: '/home/telephoneheater/Work/Theandril/assets/art/source/blender-units/battle.unit.transport/v1/raw/sail-e-005.png'
00:01.485  render           | Saved: '/home/telephoneheater/Work/Theandril/assets/art/source/blender-units/battle.unit.transport/v1/raw/sail-e-006.png'
00:01.570  render           | Saved: '/home/telephoneheater/Work/Theandril/assets/art/source/blender-units/battle.unit.transport/v1/raw/sail-e-007.png'
00:01.654  render           | Saved: '/home/telephoneheater/Work/Theandril/assets/art/source/blender-units/battle.unit.transport/v1/raw/fire-e-000.png'
00:01.739  render           | Saved: '/home/telephoneheater/Work/Theandril/assets/art/source/blender-units/battle.unit.transport/v1/raw/fire-e-001.png'
00:01.826  render           | Saved: '/home/telephoneheater/Work/Theandril/assets/art/source/blender-units/battle.unit.transport/v1/raw/fire-e-002.png'
00:01.917  render           | Saved: '/home/telephoneheater/Work/Theandril/assets/art/source/blender-units/battle.unit.transport/v1/raw/fire-e-003.png'
00:02.006  render           | Saved: '/home/telephoneheater/Work/Theandril/assets/art/source/blender-units/battle.unit.transport/v1/raw/fire-e-004.png'
00:02.110  render           | Saved: '/home/telephoneheater/Work/Theandril/assets/art/source/blender-units/battle.unit.transport/v1/raw/fire-e-005.png'
00:02.211  render           | Saved: '/home/telephoneheater/Work/Theandril/assets/art/source/blender-units/battle.unit.transport/v1/raw/fire-e-006.png'
00:02.300  render           | Saved: '/home/telephoneheater/Work/Theandril/assets/art/source/blender-units/battle.unit.transport/v1/raw/fire-e-007.png'
00:02.393  render           | Saved: '/home/telephoneheater/Work/Theandril/assets/art/source/blender-units/battle.unit.transport/v1/raw/hit-e-000.png'
00:02.490  render           | Saved: '/home/telephoneheater/Work/Theandril/assets/art/source/blender-units/battle.unit.transport/v1/raw/hit-e-001.png'
00:02.585  render           | Saved: '/home/telephoneheater/Work/Theandril/assets/art/source/blender-units/battle.unit.transport/v1/raw/hit-e-002.png'
00:02.691  render           | Saved: '/home/telephoneheater/Work/Theandril/assets/art/source/blender-units/battle.unit.transport/v1/raw/hit-e-003.png'
00:02.797  render           | Saved: '/home/telephoneheater/Work/Theandril/assets/art/source/blender-units/battle.unit.transport/v1/raw/sink-e-000.png'
00:02.881  render           | Saved: '/home/telephoneheater/Work/Theandril/assets/art/source/blender-units/battle.unit.transport/v1/raw/sink-e-001.png'
00:02.947  render           | Saved: '/home/telephoneheater/Work/Theandril/assets/art/source/blender-units/battle.unit.transport/v1/raw/sink-e-002.png'
00:03.010  render           | Saved: '/home/telephoneheater/Work/Theandril/assets/art/source/blender-units/battle.unit.transport/v1/raw/sink-e-003.png'
00:03.065  render           | Saved: '/home/telephoneheater/Work/Theandril/assets/art/source/blender-units/battle.unit.transport/v1/raw/sink-e-004.png'
00:03.120  render           | Saved: '/home/telephoneheater/Work/Theandril/assets/art/source/blender-units/battle.unit.transport/v1/raw/sink-e-005.png'
00:03.177  render           | Saved: '/home/telephoneheater/Work/Theandril/assets/art/source/blender-units/battle.unit.transport/v1/raw/sink-e-006.png'
00:03.228  render           | Saved: '/home/telephoneheater/Work/Theandril/assets/art/source/blender-units/battle.unit.transport/v1/raw/sink-e-007.png'
00:03.329  render           | Saved: '/home/telephoneheater/Work/Theandril/assets/art/source/blender-units/battle.unit.transport/v1/raw/idle-w-000.png'
00:03.427  render           | Saved: '/home/telephoneheater/Work/Theandril/assets/art/source/blender-units/battle.unit.transport/v1/raw/idle-w-001.png'
00:03.526  render           | Saved: '/home/telephoneheater/Work/Theandril/assets/art/source/blender-units/battle.unit.transport/v1/raw/idle-w-002.png'
00:03.619  render           | Saved: '/home/telephoneheater/Work/Theandril/assets/art/source/blender-units/battle.unit.transport/v1/raw/idle-w-003.png'
00:03.713  render           | Saved: '/home/telephoneheater/Work/Theandril/assets/art/source/blender-units/battle.unit.transport/v1/raw/sail-w-000.png'
00:03.809  render           | Saved: '/home/telephoneheater/Work/Theandril/assets/art/source/blender-units/battle.unit.transport/v1/raw/sail-w-001.png'
00:03.899  render           | Saved: '/home/telephoneheater/Work/Theandril/assets/art/source/blender-units/battle.unit.transport/v1/raw/sail-w-002.png'
00:03.992  render           | Saved: '/home/telephoneheater/Work/Theandril/assets/art/source/blender-units/battle.unit.transport/v1/raw/sail-w-003.png'
00:04.084  render           | Saved: '/home/telephoneheater/Work/Theandril/assets/art/source/blender-units/battle.unit.transport/v1/raw/sail-w-004.png'
00:04.177  render           | Saved: '/home/telephoneheater/Work/Theandril/assets/art/source/blender-units/battle.unit.transport/v1/raw/sail-w-005.png'
00:04.266  render           | Saved: '/home/telephoneheater/Work/Theandril/assets/art/source/blender-units/battle.unit.transport/v1/raw/sail-w-006.png'
00:04.355  render           | Saved: '/home/telephoneheater/Work/Theandril/assets/art/source/blender-units/battle.unit.transport/v1/raw/sail-w-007.png'
00:04.439  render           | Saved: '/home/telephoneheater/Work/Theandril/assets/art/source/blender-units/battle.unit.transport/v1/raw/fire-w-000.png'
00:04.532  render           | Saved: '/home/telephoneheater/Work/Theandril/assets/art/source/blender-units/battle.unit.transport/v1/raw/fire-w-001.png'
00:04.621  render           | Saved: '/home/telephoneheater/Work/Theandril/assets/art/source/blender-units/battle.unit.transport/v1/raw/fire-w-002.png'
00:04.710  render           | Saved: '/home/telephoneheater/Work/Theandril/assets/art/source/blender-units/battle.unit.transport/v1/raw/fire-w-003.png'
00:04.795  render           | Saved: '/home/telephoneheater/Work/Theandril/assets/art/source/blender-units/battle.unit.transport/v1/raw/fire-w-004.png'
00:04.892  render           | Saved: '/home/telephoneheater/Work/Theandril/assets/art/source/blender-units/battle.unit.transport/v1/raw/fire-w-005.png'
00:04.981  render           | Saved: '/home/telephoneheater/Work/Theandril/assets/art/source/blender-units/battle.unit.transport/v1/raw/fire-w-006.png'
00:05.067  render           | Saved: '/home/telephoneheater/Work/Theandril/assets/art/source/blender-units/battle.unit.transport/v1/raw/fire-w-007.png'
00:05.167  render           | Saved: '/home/telephoneheater/Work/Theandril/assets/art/source/blender-units/battle.unit.transport/v1/raw/hit-w-000.png'
00:05.262  render           | Saved: '/home/telephoneheater/Work/Theandril/assets/art/source/blender-units/battle.unit.transport/v1/raw/hit-w-001.png'
00:05.355  render           | Saved: '/home/telephoneheater/Work/Theandril/assets/art/source/blender-units/battle.unit.transport/v1/raw/hit-w-002.png'
00:05.447  render           | Saved: '/home/telephoneheater/Work/Theandril/assets/art/source/blender-units/battle.unit.transport/v1/raw/hit-w-003.png'
00:05.528  render           | Saved: '/home/telephoneheater/Work/Theandril/assets/art/source/blender-units/battle.unit.transport/v1/raw/sink-w-000.png'
00:05.602  render           | Saved: '/home/telephoneheater/Work/Theandril/assets/art/source/blender-units/battle.unit.transport/v1/raw/sink-w-001.png'
00:05.666  render           | Saved: '/home/telephoneheater/Work/Theandril/assets/art/source/blender-units/battle.unit.transport/v1/raw/sink-w-002.png'
00:05.723  render           | Saved: '/home/telephoneheater/Work/Theandril/assets/art/source/blender-units/battle.unit.transport/v1/raw/sink-w-003.png'
00:05.781  render           | Saved: '/home/telephoneheater/Work/Theandril/assets/art/source/blender-units/battle.unit.transport/v1/raw/sink-w-004.png'
00:05.832  render           | Saved: '/home/telephoneheater/Work/Theandril/assets/art/source/blender-units/battle.unit.transport/v1/raw/sink-w-005.png'
00:05.881  render           | Saved: '/home/telephoneheater/Work/Theandril/assets/art/source/blender-units/battle.unit.transport/v1/raw/sink-w-006.png'
00:05.930  render           | Saved: '/home/telephoneheater/Work/Theandril/assets/art/source/blender-units/battle.unit.transport/v1/raw/sink-w-007.png'
Info: Saved as "source.blend"
ARTICULATED_BATTLE_UNIT_RENDER_COMPLETE
