/home/telephoneheater/Work/Theandril/assets/art/source/blender-units/battle.unit.halberdier/v2/driver.py:49: DeprecationWarning: 'World.use_nodes' is expected to be removed in Blender 6.0
  scene.world.use_nodes = True
00:00.595  render           | Saved: '/home/telephoneheater/Work/Theandril/assets/art/source/blender-units/battle.unit.halberdier/v2/raw/idle-e-000.png'
00:00.669  render           | Saved: '/home/telephoneheater/Work/Theandril/assets/art/source/blender-units/battle.unit.halberdier/v2/raw/idle-e-001.png'
00:00.744  render           | Saved: '/home/telephoneheater/Work/Theandril/assets/art/source/blender-units/battle.unit.halberdier/v2/raw/idle-e-002.png'
00:00.815  render           | Saved: '/home/telephoneheater/Work/Theandril/assets/art/source/blender-units/battle.unit.halberdier/v2/raw/idle-e-003.png'
00:00.895  render           | Saved: '/home/telephoneheater/Work/Theandril/assets/art/source/blender-units/battle.unit.halberdier/v2/raw/walk-e-000.png'
00:00.971  render           | Saved: '/home/telephoneheater/Work/Theandril/assets/art/source/blender-units/battle.unit.halberdier/v2/raw/walk-e-001.png'
00:01.045  render           | Saved: '/home/telephoneheater/Work/Theandril/assets/art/source/blender-units/battle.unit.halberdier/v2/raw/walk-e-002.png'
00:01.123  render           | Saved: '/home/telephoneheater/Work/Theandril/assets/art/source/blender-units/battle.unit.halberdier/v2/raw/walk-e-003.png'
00:01.193  render           | Saved: '/home/telephoneheater/Work/Theandril/assets/art/source/blender-units/battle.unit.halberdier/v2/raw/walk-e-004.png'
00:01.272  render           | Saved: '/home/telephoneheater/Work/Theandril/assets/art/source/blender-units/battle.unit.halberdier/v2/raw/walk-e-005.png'
00:01.347  render           | Saved: '/home/telephoneheater/Work/Theandril/assets/art/source/blender-units/battle.unit.halberdier/v2/raw/walk-e-006.png'
00:01.430  render           | Saved: '/home/telephoneheater/Work/Theandril/assets/art/source/blender-units/battle.unit.halberdier/v2/raw/walk-e-007.png'
00:01.510  render           | Saved: '/home/telephoneheater/Work/Theandril/assets/art/source/blender-units/battle.unit.halberdier/v2/raw/attack-e-000.png'
00:01.585  render           | Saved: '/home/telephoneheater/Work/Theandril/assets/art/source/blender-units/battle.unit.halberdier/v2/raw/attack-e-001.png'
00:01.654  render           | Saved: '/home/telephoneheater/Work/Theandril/assets/art/source/blender-units/battle.unit.halberdier/v2/raw/attack-e-002.png'
00:01.718  render           | Saved: '/home/telephoneheater/Work/Theandril/assets/art/source/blender-units/battle.unit.halberdier/v2/raw/attack-e-003.png'
00:01.786  render           | Saved: '/home/telephoneheater/Work/Theandril/assets/art/source/blender-units/battle.unit.halberdier/v2/raw/attack-e-004.png'
00:01.865  render           | Saved: '/home/telephoneheater/Work/Theandril/assets/art/source/blender-units/battle.unit.halberdier/v2/raw/attack-e-005.png'
00:01.942  render           | Saved: '/home/telephoneheater/Work/Theandril/assets/art/source/blender-units/battle.unit.halberdier/v2/raw/attack-e-006.png'
00:02.017  render           | Saved: '/home/telephoneheater/Work/Theandril/assets/art/source/blender-units/battle.unit.halberdier/v2/raw/attack-e-007.png'
00:02.090  render           | Saved: '/home/telephoneheater/Work/Theandril/assets/art/source/blender-units/battle.unit.halberdier/v2/raw/hit-e-000.png'
00:02.166  render           | Saved: '/home/telephoneheater/Work/Theandril/assets/art/source/blender-units/battle.unit.halberdier/v2/raw/hit-e-001.png'
00:02.237  render           | Saved: '/home/telephoneheater/Work/Theandril/assets/art/source/blender-units/battle.unit.halberdier/v2/raw/hit-e-002.png'
00:02.301  render           | Saved: '/home/telephoneheater/Work/Theandril/assets/art/source/blender-units/battle.unit.halberdier/v2/raw/hit-e-003.png'
00:02.366  render           | Saved: '/home/telephoneheater/Work/Theandril/assets/art/source/blender-units/battle.unit.halberdier/v2/raw/death-e-000.png'
00:02.432  render           | Saved: '/home/telephoneheater/Work/Theandril/assets/art/source/blender-units/battle.unit.halberdier/v2/raw/death-e-001.png'
00:02.498  render           | Saved: '/home/telephoneheater/Work/Theandril/assets/art/source/blender-units/battle.unit.halberdier/v2/raw/death-e-002.png'
00:02.564  render           | Saved: '/home/telephoneheater/Work/Theandril/assets/art/source/blender-units/battle.unit.halberdier/v2/raw/death-e-003.png'
00:02.638  render           | Saved: '/home/telephoneheater/Work/Theandril/assets/art/source/blender-units/battle.unit.halberdier/v2/raw/death-e-004.png'
00:02.723  render           | Saved: '/home/telephoneheater/Work/Theandril/assets/art/source/blender-units/battle.unit.halberdier/v2/raw/death-e-005.png'
00:02.799  render           | Saved: '/home/telephoneheater/Work/Theandril/assets/art/source/blender-units/battle.unit.halberdier/v2/raw/death-e-006.png'
00:02.870  render           | Saved: '/home/telephoneheater/Work/Theandril/assets/art/source/blender-units/battle.unit.halberdier/v2/raw/death-e-007.png'
00:02.950  render           | Saved: '/home/telephoneheater/Work/Theandril/assets/art/source/blender-units/battle.unit.halberdier/v2/raw/idle-w-000.png'
00:03.026  render           | Saved: '/home/telephoneheater/Work/Theandril/assets/art/source/blender-units/battle.unit.halberdier/v2/raw/idle-w-001.png'
00:03.099  render           | Saved: '/home/telephoneheater/Work/Theandril/assets/art/source/blender-units/battle.unit.halberdier/v2/raw/idle-w-002.png'
00:03.166  render           | Saved: '/home/telephoneheater/Work/Theandril/assets/art/source/blender-units/battle.unit.halberdier/v2/raw/idle-w-003.png'
00:03.237  render           | Saved: '/home/telephoneheater/Work/Theandril/assets/art/source/blender-units/battle.unit.halberdier/v2/raw/walk-w-000.png'
00:03.313  render           | Saved: '/home/telephoneheater/Work/Theandril/assets/art/source/blender-units/battle.unit.halberdier/v2/raw/walk-w-001.png'
00:03.388  render           | Saved: '/home/telephoneheater/Work/Theandril/assets/art/source/blender-units/battle.unit.halberdier/v2/raw/walk-w-002.png'
00:03.465  render           | Saved: '/home/telephoneheater/Work/Theandril/assets/art/source/blender-units/battle.unit.halberdier/v2/raw/walk-w-003.png'
00:03.543  render           | Saved: '/home/telephoneheater/Work/Theandril/assets/art/source/blender-units/battle.unit.halberdier/v2/raw/walk-w-004.png'
00:03.614  render           | Saved: '/home/telephoneheater/Work/Theandril/assets/art/source/blender-units/battle.unit.halberdier/v2/raw/walk-w-005.png'
00:03.680  render           | Saved: '/home/telephoneheater/Work/Theandril/assets/art/source/blender-units/battle.unit.halberdier/v2/raw/walk-w-006.png'
00:03.761  render           | Saved: '/home/telephoneheater/Work/Theandril/assets/art/source/blender-units/battle.unit.halberdier/v2/raw/walk-w-007.png'
00:03.840  render           | Saved: '/home/telephoneheater/Work/Theandril/assets/art/source/blender-units/battle.unit.halberdier/v2/raw/attack-w-000.png'
00:03.917  render           | Saved: '/home/telephoneheater/Work/Theandril/assets/art/source/blender-units/battle.unit.halberdier/v2/raw/attack-w-001.png'
00:03.985  render           | Saved: '/home/telephoneheater/Work/Theandril/assets/art/source/blender-units/battle.unit.halberdier/v2/raw/attack-w-002.png'
00:04.055  render           | Saved: '/home/telephoneheater/Work/Theandril/assets/art/source/blender-units/battle.unit.halberdier/v2/raw/attack-w-003.png'
00:04.119  render           | Saved: '/home/telephoneheater/Work/Theandril/assets/art/source/blender-units/battle.unit.halberdier/v2/raw/attack-w-004.png'
00:04.184  render           | Saved: '/home/telephoneheater/Work/Theandril/assets/art/source/blender-units/battle.unit.halberdier/v2/raw/attack-w-005.png'
00:04.252  render           | Saved: '/home/telephoneheater/Work/Theandril/assets/art/source/blender-units/battle.unit.halberdier/v2/raw/attack-w-006.png'
00:04.330  render           | Saved: '/home/telephoneheater/Work/Theandril/assets/art/source/blender-units/battle.unit.halberdier/v2/raw/attack-w-007.png'
00:04.400  render           | Saved: '/home/telephoneheater/Work/Theandril/assets/art/source/blender-units/battle.unit.halberdier/v2/raw/hit-w-000.png'
00:04.473  render           | Saved: '/home/telephoneheater/Work/Theandril/assets/art/source/blender-units/battle.unit.halberdier/v2/raw/hit-w-001.png'
00:04.547  render           | Saved: '/home/telephoneheater/Work/Theandril/assets/art/source/blender-units/battle.unit.halberdier/v2/raw/hit-w-002.png'
00:04.612  render           | Saved: '/home/telephoneheater/Work/Theandril/assets/art/source/blender-units/battle.unit.halberdier/v2/raw/hit-w-003.png'
00:04.673  render           | Saved: '/home/telephoneheater/Work/Theandril/assets/art/source/blender-units/battle.unit.halberdier/v2/raw/death-w-000.png'
00:04.738  render           | Saved: '/home/telephoneheater/Work/Theandril/assets/art/source/blender-units/battle.unit.halberdier/v2/raw/death-w-001.png'
00:04.810  render           | Saved: '/home/telephoneheater/Work/Theandril/assets/art/source/blender-units/battle.unit.halberdier/v2/raw/death-w-002.png'
00:04.879  render           | Saved: '/home/telephoneheater/Work/Theandril/assets/art/source/blender-units/battle.unit.halberdier/v2/raw/death-w-003.png'
00:04.948  render           | Saved: '/home/telephoneheater/Work/Theandril/assets/art/source/blender-units/battle.unit.halberdier/v2/raw/death-w-004.png'
00:05.015  render           | Saved: '/home/telephoneheater/Work/Theandril/assets/art/source/blender-units/battle.unit.halberdier/v2/raw/death-w-005.png'
00:05.082  render           | Saved: '/home/telephoneheater/Work/Theandril/assets/art/source/blender-units/battle.unit.halberdier/v2/raw/death-w-006.png'
00:05.145  render           | Saved: '/home/telephoneheater/Work/Theandril/assets/art/source/blender-units/battle.unit.halberdier/v2/raw/death-w-007.png'
Info: Saved as "source.blend"
ARTICULATED_BATTLE_UNIT_RENDER_COMPLETE
