/home/telephoneheater/Work/Theandril/assets/art/source/blender-units/battle.unit.spearman/v2/driver.py:49: DeprecationWarning: 'World.use_nodes' is expected to be removed in Blender 6.0
  scene.world.use_nodes = True
00:00.525  render           | Saved: '/home/telephoneheater/Work/Theandril/assets/art/source/blender-units/battle.unit.spearman/v2/raw/idle-e-000.png'
00:00.582  render           | Saved: '/home/telephoneheater/Work/Theandril/assets/art/source/blender-units/battle.unit.spearman/v2/raw/idle-e-001.png'
00:00.638  render           | Saved: '/home/telephoneheater/Work/Theandril/assets/art/source/blender-units/battle.unit.spearman/v2/raw/idle-e-002.png'
00:00.692  render           | Saved: '/home/telephoneheater/Work/Theandril/assets/art/source/blender-units/battle.unit.spearman/v2/raw/idle-e-003.png'
00:00.749  render           | Saved: '/home/telephoneheater/Work/Theandril/assets/art/source/blender-units/battle.unit.spearman/v2/raw/walk-e-000.png'
00:00.802  render           | Saved: '/home/telephoneheater/Work/Theandril/assets/art/source/blender-units/battle.unit.spearman/v2/raw/walk-e-001.png'
00:00.855  render           | Saved: '/home/telephoneheater/Work/Theandril/assets/art/source/blender-units/battle.unit.spearman/v2/raw/walk-e-002.png'
00:00.913  render           | Saved: '/home/telephoneheater/Work/Theandril/assets/art/source/blender-units/battle.unit.spearman/v2/raw/walk-e-003.png'
00:00.972  render           | Saved: '/home/telephoneheater/Work/Theandril/assets/art/source/blender-units/battle.unit.spearman/v2/raw/walk-e-004.png'
00:01.030  render           | Saved: '/home/telephoneheater/Work/Theandril/assets/art/source/blender-units/battle.unit.spearman/v2/raw/walk-e-005.png'
00:01.086  render           | Saved: '/home/telephoneheater/Work/Theandril/assets/art/source/blender-units/battle.unit.spearman/v2/raw/walk-e-006.png'
00:01.148  render           | Saved: '/home/telephoneheater/Work/Theandril/assets/art/source/blender-units/battle.unit.spearman/v2/raw/walk-e-007.png'
00:01.212  render           | Saved: '/home/telephoneheater/Work/Theandril/assets/art/source/blender-units/battle.unit.spearman/v2/raw/attack-e-000.png'
00:01.269  render           | Saved: '/home/telephoneheater/Work/Theandril/assets/art/source/blender-units/battle.unit.spearman/v2/raw/attack-e-001.png'
00:01.325  render           | Saved: '/home/telephoneheater/Work/Theandril/assets/art/source/blender-units/battle.unit.spearman/v2/raw/attack-e-002.png'
00:01.386  render           | Saved: '/home/telephoneheater/Work/Theandril/assets/art/source/blender-units/battle.unit.spearman/v2/raw/attack-e-003.png'
00:01.455  render           | Saved: '/home/telephoneheater/Work/Theandril/assets/art/source/blender-units/battle.unit.spearman/v2/raw/attack-e-004.png'
00:01.523  render           | Saved: '/home/telephoneheater/Work/Theandril/assets/art/source/blender-units/battle.unit.spearman/v2/raw/attack-e-005.png'
00:01.590  render           | Saved: '/home/telephoneheater/Work/Theandril/assets/art/source/blender-units/battle.unit.spearman/v2/raw/attack-e-006.png'
00:01.655  render           | Saved: '/home/telephoneheater/Work/Theandril/assets/art/source/blender-units/battle.unit.spearman/v2/raw/attack-e-007.png'
00:01.725  render           | Saved: '/home/telephoneheater/Work/Theandril/assets/art/source/blender-units/battle.unit.spearman/v2/raw/hit-e-000.png'
00:01.798  render           | Saved: '/home/telephoneheater/Work/Theandril/assets/art/source/blender-units/battle.unit.spearman/v2/raw/hit-e-001.png'
00:01.859  render           | Saved: '/home/telephoneheater/Work/Theandril/assets/art/source/blender-units/battle.unit.spearman/v2/raw/hit-e-002.png'
00:01.922  render           | Saved: '/home/telephoneheater/Work/Theandril/assets/art/source/blender-units/battle.unit.spearman/v2/raw/hit-e-003.png'
00:01.986  render           | Saved: '/home/telephoneheater/Work/Theandril/assets/art/source/blender-units/battle.unit.spearman/v2/raw/death-e-000.png'
00:02.052  render           | Saved: '/home/telephoneheater/Work/Theandril/assets/art/source/blender-units/battle.unit.spearman/v2/raw/death-e-001.png'
00:02.128  render           | Saved: '/home/telephoneheater/Work/Theandril/assets/art/source/blender-units/battle.unit.spearman/v2/raw/death-e-002.png'
00:02.205  render           | Saved: '/home/telephoneheater/Work/Theandril/assets/art/source/blender-units/battle.unit.spearman/v2/raw/death-e-003.png'
00:02.273  render           | Saved: '/home/telephoneheater/Work/Theandril/assets/art/source/blender-units/battle.unit.spearman/v2/raw/death-e-004.png'
00:02.353  render           | Saved: '/home/telephoneheater/Work/Theandril/assets/art/source/blender-units/battle.unit.spearman/v2/raw/death-e-005.png'
00:02.427  render           | Saved: '/home/telephoneheater/Work/Theandril/assets/art/source/blender-units/battle.unit.spearman/v2/raw/death-e-006.png'
00:02.500  render           | Saved: '/home/telephoneheater/Work/Theandril/assets/art/source/blender-units/battle.unit.spearman/v2/raw/death-e-007.png'
00:02.578  render           | Saved: '/home/telephoneheater/Work/Theandril/assets/art/source/blender-units/battle.unit.spearman/v2/raw/idle-w-000.png'
00:02.663  render           | Saved: '/home/telephoneheater/Work/Theandril/assets/art/source/blender-units/battle.unit.spearman/v2/raw/idle-w-001.png'
00:02.738  render           | Saved: '/home/telephoneheater/Work/Theandril/assets/art/source/blender-units/battle.unit.spearman/v2/raw/idle-w-002.png'
00:02.807  render           | Saved: '/home/telephoneheater/Work/Theandril/assets/art/source/blender-units/battle.unit.spearman/v2/raw/idle-w-003.png'
00:02.882  render           | Saved: '/home/telephoneheater/Work/Theandril/assets/art/source/blender-units/battle.unit.spearman/v2/raw/walk-w-000.png'
00:02.955  render           | Saved: '/home/telephoneheater/Work/Theandril/assets/art/source/blender-units/battle.unit.spearman/v2/raw/walk-w-001.png'
00:03.024  render           | Saved: '/home/telephoneheater/Work/Theandril/assets/art/source/blender-units/battle.unit.spearman/v2/raw/walk-w-002.png'
00:03.097  render           | Saved: '/home/telephoneheater/Work/Theandril/assets/art/source/blender-units/battle.unit.spearman/v2/raw/walk-w-003.png'
00:03.163  render           | Saved: '/home/telephoneheater/Work/Theandril/assets/art/source/blender-units/battle.unit.spearman/v2/raw/walk-w-004.png'
00:03.238  render           | Saved: '/home/telephoneheater/Work/Theandril/assets/art/source/blender-units/battle.unit.spearman/v2/raw/walk-w-005.png'
00:03.315  render           | Saved: '/home/telephoneheater/Work/Theandril/assets/art/source/blender-units/battle.unit.spearman/v2/raw/walk-w-006.png'
00:03.383  render           | Saved: '/home/telephoneheater/Work/Theandril/assets/art/source/blender-units/battle.unit.spearman/v2/raw/walk-w-007.png'
00:03.470  render           | Saved: '/home/telephoneheater/Work/Theandril/assets/art/source/blender-units/battle.unit.spearman/v2/raw/attack-w-000.png'
00:03.555  render           | Saved: '/home/telephoneheater/Work/Theandril/assets/art/source/blender-units/battle.unit.spearman/v2/raw/attack-w-001.png'
00:03.629  render           | Saved: '/home/telephoneheater/Work/Theandril/assets/art/source/blender-units/battle.unit.spearman/v2/raw/attack-w-002.png'
00:03.708  render           | Saved: '/home/telephoneheater/Work/Theandril/assets/art/source/blender-units/battle.unit.spearman/v2/raw/attack-w-003.png'
00:03.793  render           | Saved: '/home/telephoneheater/Work/Theandril/assets/art/source/blender-units/battle.unit.spearman/v2/raw/attack-w-004.png'
00:03.861  render           | Saved: '/home/telephoneheater/Work/Theandril/assets/art/source/blender-units/battle.unit.spearman/v2/raw/attack-w-005.png'
00:03.927  render           | Saved: '/home/telephoneheater/Work/Theandril/assets/art/source/blender-units/battle.unit.spearman/v2/raw/attack-w-006.png'
00:04.004  render           | Saved: '/home/telephoneheater/Work/Theandril/assets/art/source/blender-units/battle.unit.spearman/v2/raw/attack-w-007.png'
00:04.083  render           | Saved: '/home/telephoneheater/Work/Theandril/assets/art/source/blender-units/battle.unit.spearman/v2/raw/hit-w-000.png'
00:04.161  render           | Saved: '/home/telephoneheater/Work/Theandril/assets/art/source/blender-units/battle.unit.spearman/v2/raw/hit-w-001.png'
00:04.233  render           | Saved: '/home/telephoneheater/Work/Theandril/assets/art/source/blender-units/battle.unit.spearman/v2/raw/hit-w-002.png'
00:04.307  render           | Saved: '/home/telephoneheater/Work/Theandril/assets/art/source/blender-units/battle.unit.spearman/v2/raw/hit-w-003.png'
00:04.376  render           | Saved: '/home/telephoneheater/Work/Theandril/assets/art/source/blender-units/battle.unit.spearman/v2/raw/death-w-000.png'
00:04.453  render           | Saved: '/home/telephoneheater/Work/Theandril/assets/art/source/blender-units/battle.unit.spearman/v2/raw/death-w-001.png'
00:04.530  render           | Saved: '/home/telephoneheater/Work/Theandril/assets/art/source/blender-units/battle.unit.spearman/v2/raw/death-w-002.png'
00:04.607  render           | Saved: '/home/telephoneheater/Work/Theandril/assets/art/source/blender-units/battle.unit.spearman/v2/raw/death-w-003.png'
00:04.686  render           | Saved: '/home/telephoneheater/Work/Theandril/assets/art/source/blender-units/battle.unit.spearman/v2/raw/death-w-004.png'
00:04.758  render           | Saved: '/home/telephoneheater/Work/Theandril/assets/art/source/blender-units/battle.unit.spearman/v2/raw/death-w-005.png'
00:04.835  render           | Saved: '/home/telephoneheater/Work/Theandril/assets/art/source/blender-units/battle.unit.spearman/v2/raw/death-w-006.png'
00:04.913  render           | Saved: '/home/telephoneheater/Work/Theandril/assets/art/source/blender-units/battle.unit.spearman/v2/raw/death-w-007.png'
Info: Saved as "source.blend"
ARTICULATED_BATTLE_UNIT_RENDER_COMPLETE
