/home/telephoneheater/Work/Theandril/assets/art/source/blender-units/battle.unit.lancer/v1/driver.py:49: DeprecationWarning: 'World.use_nodes' is expected to be removed in Blender 6.0
  scene.world.use_nodes = True
00:01.075  render           | Saved: '/home/telephoneheater/Work/Theandril/assets/art/source/blender-units/battle.unit.lancer/v1/raw/idle-e-000.png'
00:01.156  render           | Saved: '/home/telephoneheater/Work/Theandril/assets/art/source/blender-units/battle.unit.lancer/v1/raw/idle-e-001.png'
00:01.247  render           | Saved: '/home/telephoneheater/Work/Theandril/assets/art/source/blender-units/battle.unit.lancer/v1/raw/idle-e-002.png'
00:01.328  render           | Saved: '/home/telephoneheater/Work/Theandril/assets/art/source/blender-units/battle.unit.lancer/v1/raw/idle-e-003.png'
00:01.412  render           | Saved: '/home/telephoneheater/Work/Theandril/assets/art/source/blender-units/battle.unit.lancer/v1/raw/walk-e-000.png'
00:01.501  render           | Saved: '/home/telephoneheater/Work/Theandril/assets/art/source/blender-units/battle.unit.lancer/v1/raw/walk-e-001.png'
00:01.584  render           | Saved: '/home/telephoneheater/Work/Theandril/assets/art/source/blender-units/battle.unit.lancer/v1/raw/walk-e-002.png'
00:01.679  render           | Saved: '/home/telephoneheater/Work/Theandril/assets/art/source/blender-units/battle.unit.lancer/v1/raw/walk-e-003.png'
00:01.770  render           | Saved: '/home/telephoneheater/Work/Theandril/assets/art/source/blender-units/battle.unit.lancer/v1/raw/walk-e-004.png'
00:01.864  render           | Saved: '/home/telephoneheater/Work/Theandril/assets/art/source/blender-units/battle.unit.lancer/v1/raw/walk-e-005.png'
00:01.940  render           | Saved: '/home/telephoneheater/Work/Theandril/assets/art/source/blender-units/battle.unit.lancer/v1/raw/walk-e-006.png'
00:02.022  render           | Saved: '/home/telephoneheater/Work/Theandril/assets/art/source/blender-units/battle.unit.lancer/v1/raw/walk-e-007.png'
00:02.107  render           | Saved: '/home/telephoneheater/Work/Theandril/assets/art/source/blender-units/battle.unit.lancer/v1/raw/attack-e-000.png'
00:02.190  render           | Saved: '/home/telephoneheater/Work/Theandril/assets/art/source/blender-units/battle.unit.lancer/v1/raw/attack-e-001.png'
00:02.271  render           | Saved: '/home/telephoneheater/Work/Theandril/assets/art/source/blender-units/battle.unit.lancer/v1/raw/attack-e-002.png'
00:02.359  render           | Saved: '/home/telephoneheater/Work/Theandril/assets/art/source/blender-units/battle.unit.lancer/v1/raw/attack-e-003.png'
00:02.442  render           | Saved: '/home/telephoneheater/Work/Theandril/assets/art/source/blender-units/battle.unit.lancer/v1/raw/attack-e-004.png'
00:02.525  render           | Saved: '/home/telephoneheater/Work/Theandril/assets/art/source/blender-units/battle.unit.lancer/v1/raw/attack-e-005.png'
00:02.609  render           | Saved: '/home/telephoneheater/Work/Theandril/assets/art/source/blender-units/battle.unit.lancer/v1/raw/attack-e-006.png'
00:02.696  render           | Saved: '/home/telephoneheater/Work/Theandril/assets/art/source/blender-units/battle.unit.lancer/v1/raw/attack-e-007.png'
00:02.794  render           | Saved: '/home/telephoneheater/Work/Theandril/assets/art/source/blender-units/battle.unit.lancer/v1/raw/hit-e-000.png'
00:02.884  render           | Saved: '/home/telephoneheater/Work/Theandril/assets/art/source/blender-units/battle.unit.lancer/v1/raw/hit-e-001.png'
00:02.978  render           | Saved: '/home/telephoneheater/Work/Theandril/assets/art/source/blender-units/battle.unit.lancer/v1/raw/hit-e-002.png'
00:03.061  render           | Saved: '/home/telephoneheater/Work/Theandril/assets/art/source/blender-units/battle.unit.lancer/v1/raw/hit-e-003.png'
00:03.160  render           | Saved: '/home/telephoneheater/Work/Theandril/assets/art/source/blender-units/battle.unit.lancer/v1/raw/death-e-000.png'
00:03.246  render           | Saved: '/home/telephoneheater/Work/Theandril/assets/art/source/blender-units/battle.unit.lancer/v1/raw/death-e-001.png'
00:03.335  render           | Saved: '/home/telephoneheater/Work/Theandril/assets/art/source/blender-units/battle.unit.lancer/v1/raw/death-e-002.png'
00:03.410  render           | Saved: '/home/telephoneheater/Work/Theandril/assets/art/source/blender-units/battle.unit.lancer/v1/raw/death-e-003.png'
00:03.487  render           | Saved: '/home/telephoneheater/Work/Theandril/assets/art/source/blender-units/battle.unit.lancer/v1/raw/death-e-004.png'
00:03.563  render           | Saved: '/home/telephoneheater/Work/Theandril/assets/art/source/blender-units/battle.unit.lancer/v1/raw/death-e-005.png'
00:03.629  render           | Saved: '/home/telephoneheater/Work/Theandril/assets/art/source/blender-units/battle.unit.lancer/v1/raw/death-e-006.png'
00:03.696  render           | Saved: '/home/telephoneheater/Work/Theandril/assets/art/source/blender-units/battle.unit.lancer/v1/raw/death-e-007.png'
00:03.782  render           | Saved: '/home/telephoneheater/Work/Theandril/assets/art/source/blender-units/battle.unit.lancer/v1/raw/idle-w-000.png'
00:03.861  render           | Saved: '/home/telephoneheater/Work/Theandril/assets/art/source/blender-units/battle.unit.lancer/v1/raw/idle-w-001.png'
00:03.934  render           | Saved: '/home/telephoneheater/Work/Theandril/assets/art/source/blender-units/battle.unit.lancer/v1/raw/idle-w-002.png'
00:04.010  render           | Saved: '/home/telephoneheater/Work/Theandril/assets/art/source/blender-units/battle.unit.lancer/v1/raw/idle-w-003.png'
00:04.090  render           | Saved: '/home/telephoneheater/Work/Theandril/assets/art/source/blender-units/battle.unit.lancer/v1/raw/walk-w-000.png'
00:04.175  render           | Saved: '/home/telephoneheater/Work/Theandril/assets/art/source/blender-units/battle.unit.lancer/v1/raw/walk-w-001.png'
00:04.265  render           | Saved: '/home/telephoneheater/Work/Theandril/assets/art/source/blender-units/battle.unit.lancer/v1/raw/walk-w-002.png'
00:04.352  render           | Saved: '/home/telephoneheater/Work/Theandril/assets/art/source/blender-units/battle.unit.lancer/v1/raw/walk-w-003.png'
00:04.440  render           | Saved: '/home/telephoneheater/Work/Theandril/assets/art/source/blender-units/battle.unit.lancer/v1/raw/walk-w-004.png'
00:04.526  render           | Saved: '/home/telephoneheater/Work/Theandril/assets/art/source/blender-units/battle.unit.lancer/v1/raw/walk-w-005.png'
00:04.610  render           | Saved: '/home/telephoneheater/Work/Theandril/assets/art/source/blender-units/battle.unit.lancer/v1/raw/walk-w-006.png'
00:04.687  render           | Saved: '/home/telephoneheater/Work/Theandril/assets/art/source/blender-units/battle.unit.lancer/v1/raw/walk-w-007.png'
00:04.757  render           | Saved: '/home/telephoneheater/Work/Theandril/assets/art/source/blender-units/battle.unit.lancer/v1/raw/attack-w-000.png'
00:04.826  render           | Saved: '/home/telephoneheater/Work/Theandril/assets/art/source/blender-units/battle.unit.lancer/v1/raw/attack-w-001.png'
00:04.899  render           | Saved: '/home/telephoneheater/Work/Theandril/assets/art/source/blender-units/battle.unit.lancer/v1/raw/attack-w-002.png'
00:04.968  render           | Saved: '/home/telephoneheater/Work/Theandril/assets/art/source/blender-units/battle.unit.lancer/v1/raw/attack-w-003.png'
00:05.036  render           | Saved: '/home/telephoneheater/Work/Theandril/assets/art/source/blender-units/battle.unit.lancer/v1/raw/attack-w-004.png'
00:05.105  render           | Saved: '/home/telephoneheater/Work/Theandril/assets/art/source/blender-units/battle.unit.lancer/v1/raw/attack-w-005.png'
00:05.175  render           | Saved: '/home/telephoneheater/Work/Theandril/assets/art/source/blender-units/battle.unit.lancer/v1/raw/attack-w-006.png'
00:05.242  render           | Saved: '/home/telephoneheater/Work/Theandril/assets/art/source/blender-units/battle.unit.lancer/v1/raw/attack-w-007.png'
00:05.318  render           | Saved: '/home/telephoneheater/Work/Theandril/assets/art/source/blender-units/battle.unit.lancer/v1/raw/hit-w-000.png'
00:05.391  render           | Saved: '/home/telephoneheater/Work/Theandril/assets/art/source/blender-units/battle.unit.lancer/v1/raw/hit-w-001.png'
00:05.460  render           | Saved: '/home/telephoneheater/Work/Theandril/assets/art/source/blender-units/battle.unit.lancer/v1/raw/hit-w-002.png'
00:05.528  render           | Saved: '/home/telephoneheater/Work/Theandril/assets/art/source/blender-units/battle.unit.lancer/v1/raw/hit-w-003.png'
00:05.600  render           | Saved: '/home/telephoneheater/Work/Theandril/assets/art/source/blender-units/battle.unit.lancer/v1/raw/death-w-000.png'
00:05.670  render           | Saved: '/home/telephoneheater/Work/Theandril/assets/art/source/blender-units/battle.unit.lancer/v1/raw/death-w-001.png'
00:05.738  render           | Saved: '/home/telephoneheater/Work/Theandril/assets/art/source/blender-units/battle.unit.lancer/v1/raw/death-w-002.png'
00:05.802  render           | Saved: '/home/telephoneheater/Work/Theandril/assets/art/source/blender-units/battle.unit.lancer/v1/raw/death-w-003.png'
00:05.871  render           | Saved: '/home/telephoneheater/Work/Theandril/assets/art/source/blender-units/battle.unit.lancer/v1/raw/death-w-004.png'
00:05.938  render           | Saved: '/home/telephoneheater/Work/Theandril/assets/art/source/blender-units/battle.unit.lancer/v1/raw/death-w-005.png'
00:06.001  render           | Saved: '/home/telephoneheater/Work/Theandril/assets/art/source/blender-units/battle.unit.lancer/v1/raw/death-w-006.png'
00:06.062  render           | Saved: '/home/telephoneheater/Work/Theandril/assets/art/source/blender-units/battle.unit.lancer/v1/raw/death-w-007.png'
Info: Saved as "source.blend"
ARTICULATED_BATTLE_UNIT_RENDER_COMPLETE
