/home/telephoneheater/Work/Theandril/assets/art/source/blender-units/battle.unit.ocean_warship/v2/driver.py:49: DeprecationWarning: 'World.use_nodes' is expected to be removed in Blender 6.0
  scene.world.use_nodes = True
00:00.841  render           | Saved: '/home/telephoneheater/Work/Theandril/assets/art/source/blender-units/battle.unit.ocean_warship/v2/raw/idle-e-000.png'
00:00.928  render           | Saved: '/home/telephoneheater/Work/Theandril/assets/art/source/blender-units/battle.unit.ocean_warship/v2/raw/idle-e-001.png'
00:01.011  render           | Saved: '/home/telephoneheater/Work/Theandril/assets/art/source/blender-units/battle.unit.ocean_warship/v2/raw/idle-e-002.png'
00:01.089  render           | Saved: '/home/telephoneheater/Work/Theandril/assets/art/source/blender-units/battle.unit.ocean_warship/v2/raw/idle-e-003.png'
00:01.183  render           | Saved: '/home/telephoneheater/Work/Theandril/assets/art/source/blender-units/battle.unit.ocean_warship/v2/raw/sail-e-000.png'
00:01.257  render           | Saved: '/home/telephoneheater/Work/Theandril/assets/art/source/blender-units/battle.unit.ocean_warship/v2/raw/sail-e-001.png'
00:01.336  render           | Saved: '/home/telephoneheater/Work/Theandril/assets/art/source/blender-units/battle.unit.ocean_warship/v2/raw/sail-e-002.png'
00:01.417  render           | Saved: '/home/telephoneheater/Work/Theandril/assets/art/source/blender-units/battle.unit.ocean_warship/v2/raw/sail-e-003.png'
00:01.497  render           | Saved: '/home/telephoneheater/Work/Theandril/assets/art/source/blender-units/battle.unit.ocean_warship/v2/raw/sail-e-004.png'
00:01.575  render           | Saved: '/home/telephoneheater/Work/Theandril/assets/art/source/blender-units/battle.unit.ocean_warship/v2/raw/sail-e-005.png'
00:01.658  render           | Saved: '/home/telephoneheater/Work/Theandril/assets/art/source/blender-units/battle.unit.ocean_warship/v2/raw/sail-e-006.png'
00:01.751  render           | Saved: '/home/telephoneheater/Work/Theandril/assets/art/source/blender-units/battle.unit.ocean_warship/v2/raw/sail-e-007.png'
00:01.828  render           | Saved: '/home/telephoneheater/Work/Theandril/assets/art/source/blender-units/battle.unit.ocean_warship/v2/raw/fire-e-000.png'
00:01.910  render           | Saved: '/home/telephoneheater/Work/Theandril/assets/art/source/blender-units/battle.unit.ocean_warship/v2/raw/fire-e-001.png'
00:01.994  render           | Saved: '/home/telephoneheater/Work/Theandril/assets/art/source/blender-units/battle.unit.ocean_warship/v2/raw/fire-e-002.png'
00:02.084  render           | Saved: '/home/telephoneheater/Work/Theandril/assets/art/source/blender-units/battle.unit.ocean_warship/v2/raw/fire-e-003.png'
00:02.169  render           | Saved: '/home/telephoneheater/Work/Theandril/assets/art/source/blender-units/battle.unit.ocean_warship/v2/raw/fire-e-004.png'
00:02.245  render           | Saved: '/home/telephoneheater/Work/Theandril/assets/art/source/blender-units/battle.unit.ocean_warship/v2/raw/fire-e-005.png'
00:02.324  render           | Saved: '/home/telephoneheater/Work/Theandril/assets/art/source/blender-units/battle.unit.ocean_warship/v2/raw/fire-e-006.png'
00:02.407  render           | Saved: '/home/telephoneheater/Work/Theandril/assets/art/source/blender-units/battle.unit.ocean_warship/v2/raw/fire-e-007.png'
00:02.494  render           | Saved: '/home/telephoneheater/Work/Theandril/assets/art/source/blender-units/battle.unit.ocean_warship/v2/raw/hit-e-000.png'
00:02.584  render           | Saved: '/home/telephoneheater/Work/Theandril/assets/art/source/blender-units/battle.unit.ocean_warship/v2/raw/hit-e-001.png'
00:02.660  render           | Saved: '/home/telephoneheater/Work/Theandril/assets/art/source/blender-units/battle.unit.ocean_warship/v2/raw/hit-e-002.png'
00:02.742  render           | Saved: '/home/telephoneheater/Work/Theandril/assets/art/source/blender-units/battle.unit.ocean_warship/v2/raw/hit-e-003.png'
00:02.830  render           | Saved: '/home/telephoneheater/Work/Theandril/assets/art/source/blender-units/battle.unit.ocean_warship/v2/raw/sink-e-000.png'
00:02.907  render           | Saved: '/home/telephoneheater/Work/Theandril/assets/art/source/blender-units/battle.unit.ocean_warship/v2/raw/sink-e-001.png'
00:02.973  render           | Saved: '/home/telephoneheater/Work/Theandril/assets/art/source/blender-units/battle.unit.ocean_warship/v2/raw/sink-e-002.png'
00:03.036  render           | Saved: '/home/telephoneheater/Work/Theandril/assets/art/source/blender-units/battle.unit.ocean_warship/v2/raw/sink-e-003.png'
00:03.092  render           | Saved: '/home/telephoneheater/Work/Theandril/assets/art/source/blender-units/battle.unit.ocean_warship/v2/raw/sink-e-004.png'
00:03.143  render           | Saved: '/home/telephoneheater/Work/Theandril/assets/art/source/blender-units/battle.unit.ocean_warship/v2/raw/sink-e-005.png'
00:03.188  render           | Saved: '/home/telephoneheater/Work/Theandril/assets/art/source/blender-units/battle.unit.ocean_warship/v2/raw/sink-e-006.png'
00:03.241  render           | Saved: '/home/telephoneheater/Work/Theandril/assets/art/source/blender-units/battle.unit.ocean_warship/v2/raw/sink-e-007.png'
00:03.328  render           | Saved: '/home/telephoneheater/Work/Theandril/assets/art/source/blender-units/battle.unit.ocean_warship/v2/raw/idle-w-000.png'
00:03.415  render           | Saved: '/home/telephoneheater/Work/Theandril/assets/art/source/blender-units/battle.unit.ocean_warship/v2/raw/idle-w-001.png'
00:03.499  render           | Saved: '/home/telephoneheater/Work/Theandril/assets/art/source/blender-units/battle.unit.ocean_warship/v2/raw/idle-w-002.png'
00:03.585  render           | Saved: '/home/telephoneheater/Work/Theandril/assets/art/source/blender-units/battle.unit.ocean_warship/v2/raw/idle-w-003.png'
00:03.668  render           | Saved: '/home/telephoneheater/Work/Theandril/assets/art/source/blender-units/battle.unit.ocean_warship/v2/raw/sail-w-000.png'
00:03.754  render           | Saved: '/home/telephoneheater/Work/Theandril/assets/art/source/blender-units/battle.unit.ocean_warship/v2/raw/sail-w-001.png'
00:03.841  render           | Saved: '/home/telephoneheater/Work/Theandril/assets/art/source/blender-units/battle.unit.ocean_warship/v2/raw/sail-w-002.png'
00:03.929  render           | Saved: '/home/telephoneheater/Work/Theandril/assets/art/source/blender-units/battle.unit.ocean_warship/v2/raw/sail-w-003.png'
00:04.027  render           | Saved: '/home/telephoneheater/Work/Theandril/assets/art/source/blender-units/battle.unit.ocean_warship/v2/raw/sail-w-004.png'
00:04.122  render           | Saved: '/home/telephoneheater/Work/Theandril/assets/art/source/blender-units/battle.unit.ocean_warship/v2/raw/sail-w-005.png'
00:04.221  render           | Saved: '/home/telephoneheater/Work/Theandril/assets/art/source/blender-units/battle.unit.ocean_warship/v2/raw/sail-w-006.png'
00:04.309  render           | Saved: '/home/telephoneheater/Work/Theandril/assets/art/source/blender-units/battle.unit.ocean_warship/v2/raw/sail-w-007.png'
00:04.393  render           | Saved: '/home/telephoneheater/Work/Theandril/assets/art/source/blender-units/battle.unit.ocean_warship/v2/raw/fire-w-000.png'
00:04.473  render           | Saved: '/home/telephoneheater/Work/Theandril/assets/art/source/blender-units/battle.unit.ocean_warship/v2/raw/fire-w-001.png'
00:04.544  render           | Saved: '/home/telephoneheater/Work/Theandril/assets/art/source/blender-units/battle.unit.ocean_warship/v2/raw/fire-w-002.png'
00:04.613  render           | Saved: '/home/telephoneheater/Work/Theandril/assets/art/source/blender-units/battle.unit.ocean_warship/v2/raw/fire-w-003.png'
00:04.681  render           | Saved: '/home/telephoneheater/Work/Theandril/assets/art/source/blender-units/battle.unit.ocean_warship/v2/raw/fire-w-004.png'
00:04.748  render           | Saved: '/home/telephoneheater/Work/Theandril/assets/art/source/blender-units/battle.unit.ocean_warship/v2/raw/fire-w-005.png'
00:04.817  render           | Saved: '/home/telephoneheater/Work/Theandril/assets/art/source/blender-units/battle.unit.ocean_warship/v2/raw/fire-w-006.png'
00:04.886  render           | Saved: '/home/telephoneheater/Work/Theandril/assets/art/source/blender-units/battle.unit.ocean_warship/v2/raw/fire-w-007.png'
00:04.957  render           | Saved: '/home/telephoneheater/Work/Theandril/assets/art/source/blender-units/battle.unit.ocean_warship/v2/raw/hit-w-000.png'
00:05.030  render           | Saved: '/home/telephoneheater/Work/Theandril/assets/art/source/blender-units/battle.unit.ocean_warship/v2/raw/hit-w-001.png'
00:05.095  render           | Saved: '/home/telephoneheater/Work/Theandril/assets/art/source/blender-units/battle.unit.ocean_warship/v2/raw/hit-w-002.png'
00:05.167  render           | Saved: '/home/telephoneheater/Work/Theandril/assets/art/source/blender-units/battle.unit.ocean_warship/v2/raw/hit-w-003.png'
00:05.239  render           | Saved: '/home/telephoneheater/Work/Theandril/assets/art/source/blender-units/battle.unit.ocean_warship/v2/raw/sink-w-000.png'
00:05.304  render           | Saved: '/home/telephoneheater/Work/Theandril/assets/art/source/blender-units/battle.unit.ocean_warship/v2/raw/sink-w-001.png'
00:05.356  render           | Saved: '/home/telephoneheater/Work/Theandril/assets/art/source/blender-units/battle.unit.ocean_warship/v2/raw/sink-w-002.png'
00:05.404  render           | Saved: '/home/telephoneheater/Work/Theandril/assets/art/source/blender-units/battle.unit.ocean_warship/v2/raw/sink-w-003.png'
00:05.453  render           | Saved: '/home/telephoneheater/Work/Theandril/assets/art/source/blender-units/battle.unit.ocean_warship/v2/raw/sink-w-004.png'
00:05.499  render           | Saved: '/home/telephoneheater/Work/Theandril/assets/art/source/blender-units/battle.unit.ocean_warship/v2/raw/sink-w-005.png'
00:05.544  render           | Saved: '/home/telephoneheater/Work/Theandril/assets/art/source/blender-units/battle.unit.ocean_warship/v2/raw/sink-w-006.png'
00:05.585  render           | Saved: '/home/telephoneheater/Work/Theandril/assets/art/source/blender-units/battle.unit.ocean_warship/v2/raw/sink-w-007.png'
Info: Saved as "source.blend"
ARTICULATED_BATTLE_UNIT_RENDER_COMPLETE
