
Running 29 tests using 1 worker

(node:2758648) Warning: The 'NO_COLOR' env is ignored due to the 'FORCE_COLOR' env being set.
(Use `node --trace-warnings ...` to show where the warning was created)
  ✓   1 tests/gameplay/compendium.spec.ts:4:1 › compendium journeys retain real culture, unit, atlas, search, refresh and narrow-layout evidence (17.6s)
  ✓   2 tests/gameplay/home.spec.ts:3:1 › home provides the public routes and generated ledger (4.5s)
  ✓   3 tests/gameplay/home.spec.ts:18:1 › dispatches remain refresh-safe at their new path (5.6s)
  ✓   4 tests/gameplay/home.spec.ts:25:1 › a permalink to a commit beyond the first page reveals it and scrolls to it (8.6s)
  ✓   5 tests/gameplay/lore.spec.ts:3:1 › lore shelf, chapter journey, search and narrow layout work without errors (8.2s)
  ✓   6 tests/gameplay/roadmap.spec.ts:4:1 › the roadmap is discoverable from home and shows bounded completion with every release gate open (7.3s)
  ✓   7 tests/gameplay/roadmap.spec.ts:24:1 › status and acceptance search survive refresh, reset cleanly and preserve the release check (3.8s)
  ✓   8 tests/gameplay/roadmap.spec.ts:45:1 › an item permalink opens its evidence, survives refresh and returns to the filtered record (2.9s)
  ✓   9 tests/gameplay/roadmap.spec.ts:62:1 › same-document Back and Forward restore filters and linked-item evidence (2.9s)
  ✓  10 tests/gameplay/roadmap.spec.ts:93:3 › roadmap keyboard and layout at 1440px / 100% text (7.4s)
  ✓  11 tests/gameplay/roadmap.spec.ts:93:3 › roadmap keyboard and layout at 390px / 130% text (4.2s)
  ✓  12 tests/gameplay/roadmap.spec.ts:120:1 › unknown item links recover honestly and dispatches link to the full roadmap (6.6s)
  ✓  13 tests/gameplay/updates.spec.ts:5:3 › readable journal at 1440px and 100% text (8.3s)
  ✓  14 tests/gameplay/updates.spec.ts:5:3 › readable journal at 1366px and 100% text (11.2s)
  ✓  15 tests/gameplay/updates.spec.ts:5:3 › readable journal at 390px and 100% text (18.9s)
  ✓  16 tests/gameplay/updates.spec.ts:5:3 › readable journal at 390px and 130% text (15.1s)
  ✓  17 tests/gameplay/updates.spec.ts:50:1 › reading surfaces retain contrast without putting texture over the text (4.7s)
  ✓  18 tests/gameplay/updates.spec.ts:81:1 › unknown dispatch links fail honestly and keyboard skip navigation works (7.2s)
  ✓  19 tests/gameplay/updates.spec.ts:92:1 › archive search combines topic filters, survives refresh and recovers from no results (5.6s)
  ✓  20 tests/gameplay/updates.spec.ts:107:1 › scope ledger links real gates and a contributor can reach authoring guidance (3.2s)
  ✓  21 tests/gameplay/updates.spec.ts:123:1 › a keyboard reader can enlarge a real image and return to the same control (4.3s)
  ✓  22 tests/gameplay/updates.spec.ts:139:1 › public journal opens a permanent, refresh-safe campaign dispatch (10.3s)
  ✓  23 tests/production/battlefield.spec.ts:9:1 › built battlefield loads its exact approved battle page and preserves real manual abilities and saved outcomes without development hooks (24.4s)
  ✘  24 tests/production/deployment-assets.spec.ts:7:1 › built game loads verified map art, UI materials and its real worker inside the configured deployment base (8.7s)
(node:2777698) Warning: The 'NO_COLOR' env is ignored due to the 'FORCE_COLOR' env being set.
(Use `node --trace-warnings ...` to show where the warning was created)
  ✓  25 tests/production/developer-navigation.spec.ts:3:1 › game exposes the developer journal without discarding campaign setup (2.0s)
  ✓  26 tests/production/group-charters.spec.ts:4:1 › production group charters reach the real worker and survive a narrow revoke and manual save restoration (5.8s)
  ✓  27 tests/production/group-postings.spec.ts:4:1 › production group postings use the real worker and survive manual save restoration (3.3s)
  ✓  28 tests/production/map-actions.spec.ts:35:1 › built map actions preserve paid production, land work and resources through a real save/load without development hooks (8.9s)
  ✓  29 tests/production/watch-fog.spec.ts:3:1 › production exposes the watch-only fog command without development hooks (2.2s)


  1) tests/production/deployment-assets.spec.ts:7:1 › built game loads verified map art, UI materials and its real worker inside the configured deployment base 

    Error: expect(locator).toHaveAttribute(expected) failed

    Locator:  locator('.setup .faction-card .faction-art')
    Expected: "ready"
    Received: "loading"
    Timeout:  5000ms

    Call log:
      - Expect "toHaveAttribute" locator('.setup .faction-card .faction-art') with timeout 5000ms
      - waiting for locator('.setup .faction-card .faction-art')
        14 × locator resolved to <span aria-hidden="true" data-art-state="loading" data-art-content-id="ui.crest" data-art-id="ui.crest.ashen_compact" class="faction-art faction-art--loading" data-art-definition="faction.ashen_compact" title="Selected culture crest · loading approved artwork">…</span>
           - unexpected value "loading"


      27 |   expect(await page.evaluate(() => typeof window.__THEANDRIL__)).toBe('undefined');
      28 |   await expect(page.getByRole('button', { name: 'Art Lab', exact: true })).toHaveCount(0);
    > 29 |   await expect(page.locator('.setup .faction-card .faction-art')).toHaveAttribute('data-art-state', 'ready');
         |                                                                   ^
      30 |
      31 |   // These are computed, actually used CSS backgrounds, not source-code strings
      32 |   // or extra fetches that could hide a broken stylesheet base rewrite.
        at /home/telephoneheater/Work/Theandril/tests/production/deployment-assets.spec.ts:29:67

    attachment #1: screenshot (image/png) ──────────────────────────────────────────────────────────
    test-results/production-deployment-asse-8b5b2--configured-deployment-base/test-failed-1.png
    ────────────────────────────────────────────────────────────────────────────────────────────────

    Error Context: test-results/production-deployment-asse-8b5b2--configured-deployment-base/error-context.md

    attachment #3: trace (application/zip) ─────────────────────────────────────────────────────────
    test-results/production-deployment-asse-8b5b2--configured-deployment-base/trace.zip
    Usage:

        npx playwright show-trace test-results/production-deployment-asse-8b5b2--configured-deployment-base/trace.zip

    ────────────────────────────────────────────────────────────────────────────────────────────────

  1 failed
    tests/production/deployment-assets.spec.ts:7:1 › built game loads verified map art, UI materials and its real worker inside the configured deployment base 
  28 passed (3.8m)
