{
  "mode": "apply",
  "revision": "ee12011edb9990e8a5948301174b039fbbb9c04d",
  "implementation_and_evidence_committed": true,
  "uncommitted_required_paths": [],
  "ACT-32": {
    "status": "doing",
    "updated": "2026-09-24",
    "fix": "Continue durable named groups, theater strategy, patrol/escort roles, reusable order/policy templates and broader governor decisions over existing charters, muster points, group army postings, group settlement charters and cause-grouped alerts. Preserve individual overrides, inspectable blockers, ordinary command authority and bounded worker publication.",
    "prompt": "Context: ~/Work/Theandril, rules/save 31. Read docs/1.0-DEVELOPMENT.md M3, docs/architecture/0040-group-charters.md and docs/development/2026-09-24-group-charters/README.md. Standing charters, postings/musters, group land-army postings and group settlement-charter grants/revocations already exist. The Sept 24 local checkpoint passed 1,889 tests and 12 affected browser journeys. The final publication suite passes 1,891 headless tests and 29 local production Pages journeys. The live run passes 28 scenarios; one artwork-loading check exceeds its five-second readiness limit and passes on an unchanged focused rerun. Its slow successful HTTP transfers and initial failure are retained. The separate built charter journey also passes.\n\nTask: deliver the next dependency-ready slice of durable named groups, bounded theaters/patrol/escort orders, reusable templates or broader governor decisions. Reuse the completed selection and worker batching rather than rebuilding them.\n\nNext acceptance: in a saved representative mature realm with 100+ armies and many hearths, use ordinary player controls to delegate a policy and coordinated order, inspect and resolve grouped blockers, and override one actor without disabling the others. Prove canonical validation, permitted AI knowledge where relevant, deterministic save/replay, keyboard/narrow controls and bounded measured transfers. Measure headline pacing only if the slice changes rules or AI behavior. Named groups, theaters, templates and combined governor acceptance remain open until individually implemented and verified. Publication requires authorization for the new task.",
    "append_history": {
      "date": "2026-09-24",
      "status": "doing",
      "note": "2026-09-24 local checkpoint at source ee12011edb9990e8a5948301174b039fbbb9c04d: ACT-32 now includes bounded group settlement charters. Players select up to 128 owned hearths across pages, search and registry tabs, apply an existing Works/Wealth/Learning/Muster charter with a per-hearth coin ceiling, or revoke existing charters together. One final worker observation reports canonical partial refusals; individual overrides, paid queues, treasury and save/replay are preserved. 1,889 tests across 235 files and 12 affected browser journeys pass, including an authored 40-hearth/100-owned-army Legendary fixture and damaged-response recovery. The final publication suite passes 1,891 headless tests and 29 local production Pages journeys. The live run passes 28 scenarios; one artwork-loading check exceeds its five-second readiness limit and passes on an unchanged focused rerun. Its slow successful HTTP transfers and initial failure are retained. The separate built charter journey also passes. Rules/save remain 31, content remains 015468d1, and no AI or pace price changed. Evidence: ~/Work/Theandril/docs/development/2026-09-24-group-charters/. ACT-32 and M3 remain in progress; durable named groups, theaters/patrol/escorts, reusable templates, broader governor decisions and combined mature-realm acceptance remain. All 15 release gates remain open."
    }
  },
  "Theandril.M3": {
    "status": "in-progress",
    "detail": "Standing charters, muster points, army postings and cause-grouped alerts exist. Up to 128 land armies ashore receive Hold/Join or clear postings through ordinary commands. The 24 September checkpoint adds selection of up to 128 owned hearths across pages/search/tabs to grant or revoke existing charters with one final worker response. Per-hearth ceilings, shared reserve, existing paid queues, canonical partial refusals and individual overrides remain inspectable. 1,889 tests across 235 files and 12 affected browser journeys pass, including authored 40-hearth/100-owned-army save/restore, keyboard/narrow controls and damaged-response recovery. The final publication suite passes 1,891 headless tests and 29 local production Pages journeys. The live run passes 28 scenarios; one artwork-loading check exceeds its five-second readiness limit and passes on an unchanged focused rerun. Its slow successful HTTP transfers and initial failure are retained. The separate built charter journey also passes. Durable named groups, theaters/patrol/escorts, reusable templates, broader governor decisions and combined mature-realm acceptance remain."
  },
  "Theandril.roadmap_recomputed_fields": {
    "done": 55,
    "total": 104,
    "updated": "2026-09-24",
    "note": "6 of 23 catalogue items are complete and all 15 release gates remain open. Rules/save 31 includes finite fleet supplies, group land-army postings and bounded group settlement charters. Acceptance-point totals are recomputed from the current structured delivered/remaining catalogue bullets; editorial regrouping changes this count, so it is not a fixed-scope completion percentage or release acceptance."
  },
  "unchanged": [
    "all other actions",
    "all existing history",
    "all other projects/milestones"
  ],
  "build_on_apply": {
    "command": [
      "/home/telephoneheater/Projects/PIA/pia-tracker/scripts/run.sh",
      "build"
    ],
    "TRACKER_HOME": "/home/telephoneheater/Projects/DHARMA/dharma-tracker"
  }
}
== dharma-tracker build 2026-09-24T21:45:05-05:00
built 1 editions → /home/telephoneheater/Projects/DHARMA/dharma-tracker/site
