/home/telephoneheater/Work/Theandril/assets/art/source/blender-units/battle.unit.spearman/v1/driver.py:49: DeprecationWarning: 'World.use_nodes' is expected to be removed in Blender 6.0
  scene.world.use_nodes = True
00:00.601  render           | Saved: '/home/telephoneheater/Work/Theandril/assets/art/source/blender-units/battle.unit.spearman/v1/raw/idle-e-000.png'
00:00.662  render           | Saved: '/home/telephoneheater/Work/Theandril/assets/art/source/blender-units/battle.unit.spearman/v1/raw/idle-e-001.png'
00:00.719  render           | Saved: '/home/telephoneheater/Work/Theandril/assets/art/source/blender-units/battle.unit.spearman/v1/raw/idle-e-002.png'
00:00.775  render           | Saved: '/home/telephoneheater/Work/Theandril/assets/art/source/blender-units/battle.unit.spearman/v1/raw/idle-e-003.png'
00:00.835  render           | Saved: '/home/telephoneheater/Work/Theandril/assets/art/source/blender-units/battle.unit.spearman/v1/raw/walk-e-000.png'
00:00.893  render           | Saved: '/home/telephoneheater/Work/Theandril/assets/art/source/blender-units/battle.unit.spearman/v1/raw/walk-e-001.png'
00:00.946  render           | Saved: '/home/telephoneheater/Work/Theandril/assets/art/source/blender-units/battle.unit.spearman/v1/raw/walk-e-002.png'
00:01.003  render           | Saved: '/home/telephoneheater/Work/Theandril/assets/art/source/blender-units/battle.unit.spearman/v1/raw/walk-e-003.png'
00:01.064  render           | Saved: '/home/telephoneheater/Work/Theandril/assets/art/source/blender-units/battle.unit.spearman/v1/raw/walk-e-004.png'
00:01.126  render           | Saved: '/home/telephoneheater/Work/Theandril/assets/art/source/blender-units/battle.unit.spearman/v1/raw/walk-e-005.png'
00:01.186  render           | Saved: '/home/telephoneheater/Work/Theandril/assets/art/source/blender-units/battle.unit.spearman/v1/raw/walk-e-006.png'
00:01.243  render           | Saved: '/home/telephoneheater/Work/Theandril/assets/art/source/blender-units/battle.unit.spearman/v1/raw/walk-e-007.png'
00:01.301  render           | Saved: '/home/telephoneheater/Work/Theandril/assets/art/source/blender-units/battle.unit.spearman/v1/raw/attack-e-000.png'
00:01.357  render           | Saved: '/home/telephoneheater/Work/Theandril/assets/art/source/blender-units/battle.unit.spearman/v1/raw/attack-e-001.png'
00:01.416  render           | Saved: '/home/telephoneheater/Work/Theandril/assets/art/source/blender-units/battle.unit.spearman/v1/raw/attack-e-002.png'
00:01.472  render           | Saved: '/home/telephoneheater/Work/Theandril/assets/art/source/blender-units/battle.unit.spearman/v1/raw/attack-e-003.png'
00:01.547  render           | Saved: '/home/telephoneheater/Work/Theandril/assets/art/source/blender-units/battle.unit.spearman/v1/raw/attack-e-004.png'
00:01.614  render           | Saved: '/home/telephoneheater/Work/Theandril/assets/art/source/blender-units/battle.unit.spearman/v1/raw/attack-e-005.png'
00:01.686  render           | Saved: '/home/telephoneheater/Work/Theandril/assets/art/source/blender-units/battle.unit.spearman/v1/raw/attack-e-006.png'
00:01.754  render           | Saved: '/home/telephoneheater/Work/Theandril/assets/art/source/blender-units/battle.unit.spearman/v1/raw/attack-e-007.png'
00:01.823  render           | Saved: '/home/telephoneheater/Work/Theandril/assets/art/source/blender-units/battle.unit.spearman/v1/raw/hit-e-000.png'
00:01.888  render           | Saved: '/home/telephoneheater/Work/Theandril/assets/art/source/blender-units/battle.unit.spearman/v1/raw/hit-e-001.png'
00:01.958  render           | Saved: '/home/telephoneheater/Work/Theandril/assets/art/source/blender-units/battle.unit.spearman/v1/raw/hit-e-002.png'
00:02.031  render           | Saved: '/home/telephoneheater/Work/Theandril/assets/art/source/blender-units/battle.unit.spearman/v1/raw/hit-e-003.png'
00:02.107  render           | Saved: '/home/telephoneheater/Work/Theandril/assets/art/source/blender-units/battle.unit.spearman/v1/raw/death-e-000.png'
00:02.186  render           | Saved: '/home/telephoneheater/Work/Theandril/assets/art/source/blender-units/battle.unit.spearman/v1/raw/death-e-001.png'
00:02.257  render           | Saved: '/home/telephoneheater/Work/Theandril/assets/art/source/blender-units/battle.unit.spearman/v1/raw/death-e-002.png'
00:02.329  render           | Saved: '/home/telephoneheater/Work/Theandril/assets/art/source/blender-units/battle.unit.spearman/v1/raw/death-e-003.png'
00:02.396  render           | Saved: '/home/telephoneheater/Work/Theandril/assets/art/source/blender-units/battle.unit.spearman/v1/raw/death-e-004.png'
00:02.469  render           | Saved: '/home/telephoneheater/Work/Theandril/assets/art/source/blender-units/battle.unit.spearman/v1/raw/death-e-005.png'
00:02.544  render           | Saved: '/home/telephoneheater/Work/Theandril/assets/art/source/blender-units/battle.unit.spearman/v1/raw/death-e-006.png'
00:02.606  render           | Saved: '/home/telephoneheater/Work/Theandril/assets/art/source/blender-units/battle.unit.spearman/v1/raw/death-e-007.png'
00:02.676  render           | Saved: '/home/telephoneheater/Work/Theandril/assets/art/source/blender-units/battle.unit.spearman/v1/raw/idle-w-000.png'
00:02.749  render           | Saved: '/home/telephoneheater/Work/Theandril/assets/art/source/blender-units/battle.unit.spearman/v1/raw/idle-w-001.png'
00:02.819  render           | Saved: '/home/telephoneheater/Work/Theandril/assets/art/source/blender-units/battle.unit.spearman/v1/raw/idle-w-002.png'
00:02.884  render           | Saved: '/home/telephoneheater/Work/Theandril/assets/art/source/blender-units/battle.unit.spearman/v1/raw/idle-w-003.png'
00:02.967  render           | Saved: '/home/telephoneheater/Work/Theandril/assets/art/source/blender-units/battle.unit.spearman/v1/raw/walk-w-000.png'
00:03.039  render           | Saved: '/home/telephoneheater/Work/Theandril/assets/art/source/blender-units/battle.unit.spearman/v1/raw/walk-w-001.png'
00:03.118  render           | Saved: '/home/telephoneheater/Work/Theandril/assets/art/source/blender-units/battle.unit.spearman/v1/raw/walk-w-002.png'
00:03.187  render           | Saved: '/home/telephoneheater/Work/Theandril/assets/art/source/blender-units/battle.unit.spearman/v1/raw/walk-w-003.png'
00:03.254  render           | Saved: '/home/telephoneheater/Work/Theandril/assets/art/source/blender-units/battle.unit.spearman/v1/raw/walk-w-004.png'
00:03.323  render           | Saved: '/home/telephoneheater/Work/Theandril/assets/art/source/blender-units/battle.unit.spearman/v1/raw/walk-w-005.png'
00:03.382  render           | Saved: '/home/telephoneheater/Work/Theandril/assets/art/source/blender-units/battle.unit.spearman/v1/raw/walk-w-006.png'
00:03.443  render           | Saved: '/home/telephoneheater/Work/Theandril/assets/art/source/blender-units/battle.unit.spearman/v1/raw/walk-w-007.png'
00:03.514  render           | Saved: '/home/telephoneheater/Work/Theandril/assets/art/source/blender-units/battle.unit.spearman/v1/raw/attack-w-000.png'
00:03.582  render           | Saved: '/home/telephoneheater/Work/Theandril/assets/art/source/blender-units/battle.unit.spearman/v1/raw/attack-w-001.png'
00:03.656  render           | Saved: '/home/telephoneheater/Work/Theandril/assets/art/source/blender-units/battle.unit.spearman/v1/raw/attack-w-002.png'
00:03.730  render           | Saved: '/home/telephoneheater/Work/Theandril/assets/art/source/blender-units/battle.unit.spearman/v1/raw/attack-w-003.png'
00:03.819  render           | Saved: '/home/telephoneheater/Work/Theandril/assets/art/source/blender-units/battle.unit.spearman/v1/raw/attack-w-004.png'
00:03.895  render           | Saved: '/home/telephoneheater/Work/Theandril/assets/art/source/blender-units/battle.unit.spearman/v1/raw/attack-w-005.png'
00:03.969  render           | Saved: '/home/telephoneheater/Work/Theandril/assets/art/source/blender-units/battle.unit.spearman/v1/raw/attack-w-006.png'
00:04.047  render           | Saved: '/home/telephoneheater/Work/Theandril/assets/art/source/blender-units/battle.unit.spearman/v1/raw/attack-w-007.png'
00:04.119  render           | Saved: '/home/telephoneheater/Work/Theandril/assets/art/source/blender-units/battle.unit.spearman/v1/raw/hit-w-000.png'
00:04.189  render           | Saved: '/home/telephoneheater/Work/Theandril/assets/art/source/blender-units/battle.unit.spearman/v1/raw/hit-w-001.png'
00:04.264  render           | Saved: '/home/telephoneheater/Work/Theandril/assets/art/source/blender-units/battle.unit.spearman/v1/raw/hit-w-002.png'
00:04.329  render           | Saved: '/home/telephoneheater/Work/Theandril/assets/art/source/blender-units/battle.unit.spearman/v1/raw/hit-w-003.png'
00:04.396  render           | Saved: '/home/telephoneheater/Work/Theandril/assets/art/source/blender-units/battle.unit.spearman/v1/raw/death-w-000.png'
00:04.468  render           | Saved: '/home/telephoneheater/Work/Theandril/assets/art/source/blender-units/battle.unit.spearman/v1/raw/death-w-001.png'
00:04.537  render           | Saved: '/home/telephoneheater/Work/Theandril/assets/art/source/blender-units/battle.unit.spearman/v1/raw/death-w-002.png'
00:04.602  render           | Saved: '/home/telephoneheater/Work/Theandril/assets/art/source/blender-units/battle.unit.spearman/v1/raw/death-w-003.png'
00:04.675  render           | Saved: '/home/telephoneheater/Work/Theandril/assets/art/source/blender-units/battle.unit.spearman/v1/raw/death-w-004.png'
00:04.745  render           | Saved: '/home/telephoneheater/Work/Theandril/assets/art/source/blender-units/battle.unit.spearman/v1/raw/death-w-005.png'
00:04.811  render           | Saved: '/home/telephoneheater/Work/Theandril/assets/art/source/blender-units/battle.unit.spearman/v1/raw/death-w-006.png'
00:04.876  render           | Saved: '/home/telephoneheater/Work/Theandril/assets/art/source/blender-units/battle.unit.spearman/v1/raw/death-w-007.png'
Info: Saved as "source.blend"
ARTICULATED_BATTLE_UNIT_RENDER_COMPLETE
