$ pnpm exec vitest run packages/sim/src/battle-morale.test.ts --maxWorkers=2 --reporter=verbose
RUN  v4.1.11 /home/telephoneheater/Work/Theandril

 ✓ packages/sim/src/battle-morale.test.ts > strategic morale after trained combat > round-trips after every accepted command from a captured ordinary battle 129ms
 ✓ packages/sim/src/battle-morale.test.ts > strategic morale after trained combat > manual rounds and withdrawal save at the same boundary as autoresolve 60ms
 ✓ packages/sim/src/battle-morale.test.ts > strategic morale after trained combat > does not compound training when the same company defends twice without an end turn 27ms
 × packages/sim/src/battle-morale.test.ts > strategic morale after trained combat > removes only the training morale actually granted at the tactical cap 14ms
   → Invalid save: invalid army movement
 ✓ packages/sim/src/battle-morale.test.ts > strategic morale after trained combat > retains independently captured rule-16 results rather than silently rewriting history 30ms

⎯⎯⎯⎯⎯⎯⎯ Failed Tests 1 ⎯⎯⎯⎯⎯⎯⎯

 FAIL  packages/sim/src/battle-morale.test.ts > strategic morale after trained combat > removes only the training morale actually granted at the tactical cap
Error: Invalid save: invalid army movement
 ❯ assert packages/sim/src/save.ts:398:25
    396|
    397| function assert(condition: unknown, message: string): asserts conditio…
    398|   if (!condition) throw new Error('Invalid save: ' + message);
       |                         ^
    399| }
    400|
 ❯ deserializeGame packages/sim/src/save.ts:685:5
 ❯ packages/sim/src/battle-morale.test.ts:84:12

⎯⎯⎯⎯⎯⎯⎯⎯⎯⎯⎯⎯⎯⎯⎯⎯⎯⎯⎯⎯⎯⎯⎯⎯[1/1]⎯


 Test Files  1 failed (1)
      Tests  1 failed | 4 passed (5)
   Start at  02:27:59
   Duration  773ms (transform 336ms, setup 0ms, import 445ms, tests 260ms, environment 0ms)
exit_code: 1
