$ NO_COLOR=1 pnpm exec vitest run packages/sim/src/pending-assault-save.test.ts packages/sim/src/battle-frontage.test.ts packages/sim/src/army-combat.test.ts packages/sim/src/battle-morale.test.ts packages/sim/src/warfare.test.ts packages/sim/src/movement-frontage.test.ts --maxWorkers=2 --reporter=verbose --reporter=json --outputFile=docs/development/review-fix-2/assault-focused.json
RUN  v4.1.11 /home/telephoneheater/Work/Theandril

 ✓ packages/sim/src/battle-morale.test.ts > strategic morale after trained combat > round-trips after every accepted command from a captured ordinary battle 119ms
 ✓ packages/sim/src/warfare.test.ts > field battles in the campaign > requires explicit war, visible adjacency, ownership and movement before committing a battle 38ms
 ✓ packages/sim/src/warfare.test.ts > field battles in the campaign > forbids hidden targets and founding caravans initiating attacks 20ms
 ✓ packages/sim/src/warfare.test.ts > field battles in the campaign > blocks strategic actions and prevents AI from resolving a human battle 13ms
 ✓ packages/sim/src/warfare.test.ts > field battles in the campaign > allows the human defender to choose orders after an AI attack 8ms
 ✓ packages/sim/src/warfare.test.ts > field battles in the campaign > includes complete in-budget defenses and preserves historical over-cap atomic rejection 20ms
 ✓ packages/sim/src/warfare.test.ts > field battles in the campaign > preserves exact manual/autoresolve parity and mid-battle save/replay 43ms
 ✓ packages/sim/src/battle-morale.test.ts > strategic morale after trained combat > manual rounds and withdrawal save at the same boundary as autoresolve 56ms
 ✓ packages/sim/src/battle-morale.test.ts > strategic morale after trained combat > does not compound training when the same company defends twice without an end turn 26ms
 ✓ packages/sim/src/battle-morale.test.ts > strategic morale after trained combat > removes only the training morale actually granted at the tactical cap 37ms
 ✓ packages/sim/src/warfare.test.ts > field battles in the campaign > applies ordered retreat, persistent fatigue/morale and exact wounded-army casualties 11ms
 ✓ packages/sim/src/warfare.test.ts > field battles in the campaign > routes low-morale defenders and advances winners only into vacated legal cells 8ms
 ✓ packages/sim/src/warfare.test.ts > field battles in the campaign > moves both sides away after mutual withdrawal 8ms
 ✓ packages/sim/src/warfare.test.ts > field battles in the campaign > uses strategic defender terrain in the shared tactical damage rules 7ms
 ✓ packages/sim/src/warfare.test.ts > field battles in the campaign > destroys trapped retreaters and records actual strategic survivors 8ms
 ✓ packages/sim/src/warfare.test.ts > field battles in the campaign > keeps pending battles and reports out of unrelated faction observations 11ms
 ✓ packages/sim/src/warfare.test.ts > battle save invariants > preserves canonical wars when generated faction IDs share prefixes 7ms
 ✓ packages/sim/src/warfare.test.ts > battle save invariants > rejects pending completed result even with a recomputed checksum 7ms
 ✓ packages/sim/src/warfare.test.ts > battle save invariants > rejects missing war even with a recomputed checksum 7ms
 ✓ packages/sim/src/warfare.test.ts > battle save invariants > rejects reverse war even with a recomputed checksum 8ms
 ✓ packages/sim/src/warfare.test.ts > battle save invariants > rejects unknown participant even with a recomputed checksum 6ms
 ✓ packages/sim/src/warfare.test.ts > battle save invariants > rejects extra combat power even with a recomputed checksum 5ms
 ✓ packages/sim/src/warfare.test.ts > battle save invariants > rejects false initial strength even with a recomputed checksum 5ms
 ✓ packages/sim/src/warfare.test.ts > battle save invariants > rejects wrong battle seed even with a recomputed checksum 6ms
 ✓ packages/sim/src/battle-morale.test.ts > strategic morale after trained combat > retains independently captured rule-16 results rather than silently rewriting history 27ms
 ✓ packages/sim/src/warfare.test.ts > battle save invariants > rejects wrong terrain even with a recomputed checksum 5ms
 ✓ packages/sim/src/warfare.test.ts > battle save invariants > rejects unspent movement even with a recomputed checksum 5ms
 ✓ packages/sim/src/warfare.test.ts > battle save invariants > rejects false defender list even with a recomputed checksum 6ms
 ✓ packages/sim/src/warfare.test.ts > battle save invariants > rejects corrupt completed report aftermath but accepts references to removed armies 12ms
 ✓ packages/sim/src/battle-frontage.test.ts > bounded defending contingents > prioritizes a later-sorting target without splitting larger reserves or involving their officer 53ms
 ✓ packages/sim/src/battle-frontage.test.ts > bounded defending contingents > rejects a self-consistent but wrong pending contingent after a save is resealed 15ms
 ✓ packages/sim/src/battle-frontage.test.ts > bounded defending contingents > keeps 20 defending companies attackable with an unchanged tactical budget 20ms
 ✓ packages/sim/src/battle-frontage.test.ts > bounded defending contingents > keeps 21 defending companies attackable with an unchanged tactical budget 19ms
 ✓ packages/sim/src/army-combat.test.ts > mixed campaign forces use the real formation battlefield > removes a destroyed formation without deleting the surviving army or leaving its scouting vision behind 48ms
 ✓ packages/sim/src/army-combat.test.ts > mixed campaign forces use the real formation battlefield > deploys all formations, saves mid-battle, and persists exact per-formation casualties and army movement 31ms
 ✓ packages/sim/src/army-combat.test.ts > mixed campaign forces use the real formation battlefield > retreats each mixed container once, preserving its roster identities and shared cell 13ms
 ✓ packages/sim/src/army-combat.test.ts > mixed campaign forces use the real formation battlefield > historical rules reject a stacked target over twenty total formations without omitting defenders 12ms
 ✓ packages/sim/src/army-combat.test.ts > mixed campaign forces use the real formation battlefield > keeps mixed siege forces locked against reorganization and uses the same fortified militia engine 14ms
 ✓ packages/sim/src/army-combat.test.ts > mixed campaign forces use the real formation battlefield > rejects invalid pending composition after a checksum is recomputed: missing-binding 10ms
 ✓ packages/sim/src/army-combat.test.ts > mixed campaign forces use the real formation battlefield > rejects invalid pending composition after a checksum is recomputed: wrong-army 8ms
 ✓ packages/sim/src/army-combat.test.ts > mixed campaign forces use the real formation battlefield > rejects invalid pending composition after a checksum is recomputed: omitted-roster 9ms
 ✓ packages/sim/src/army-combat.test.ts > mixed campaign forces use the real formation battlefield > rejects invalid pending composition after a checksum is recomputed: entering-strength 8ms
 ✓ packages/sim/src/army-combat.test.ts > mixed campaign forces use the real formation battlefield > rejects invalid pending composition after a checksum is recomputed: wrong-side 9ms
 ✓ packages/sim/src/battle-frontage.test.ts > bounded defending contingents > keeps 200 defending companies attackable with an unchanged tactical budget 24ms
 ✓ packages/sim/src/battle-frontage.test.ts > bounded defending contingents > keeps fleet reserves separate from participating hulls and carried land troops 25ms
 ✓ packages/sim/src/battle-frontage.test.ts > bounded defending contingents > exposes the same committed and reserve strength before a human or AI attacks 12ms
 ✓ packages/sim/src/battle-frontage.test.ts > bounded defending contingents > keeps a settlement contested until its remaining garrison is actually defeated 31ms
 ✓ packages/sim/src/battle-frontage.test.ts > bounded defending contingents > engages twenty of twenty-one formations without changing or advancing through reserves 17ms
 ✓ packages/sim/src/movement-frontage.test.ts > contingent-aware movement routing > quotes a reachable 21-company attack and executes the quoted moveTo with exact replay 76ms
 ✓ packages/sim/src/movement-frontage.test.ts > contingent-aware movement routing > routes against whole mixed containers without splitting or moving the nine-company reserve 26ms
 ✓ packages/sim/src/movement-frontage.test.ts > contingent-aware movement routing > retains rule-16 query and command rejection with no state mutation 11ms
 ✓ packages/sim/src/movement-frontage.test.ts > contingent-aware movement routing > keeps no-preview observations conservative even when current execution supports contingents 11ms
 ✓ packages/sim/src/pending-assault-save.test.ts > pending assault save validation > rejects an omitted lower-ID garrison even when a resealed defenderId prioritizes the wrong contingent 84ms
 ✓ packages/sim/src/pending-assault-save.test.ts > pending assault save validation > retains rule-16 pending assault round-trips but rejects resealed garrison omissions 28ms
 ✓ packages/sim/src/pending-assault-save.test.ts > pending assault save validation > retains the rule-16 twenty-formation assault limit without mutating a refused command 16ms

 Test Files  6 passed (6)
      Tests  55 passed (55)
   Start at  03:57:51
   Duration  1.29s (transform 458ms, setup 0ms, import 990ms, tests 1.18s, environment 0ms)

JSON report written to /home/telephoneheater/Work/Theandril/docs/development/review-fix-2/assault-focused.json
EXIT_CODE=0
