RUN  v4.1.11 /home/telephoneheater/Work/Theandril

 ✓ packages/persistence/src/campaign-storage.test.ts (21 tests) 1981ms
   ✓ rotating a long abandoned campaign limits cleanup per commit and safely drains deferred orphan chains  554ms
 ✓ packages/chronicle/src/schema11-compatibility.test.ts (25 tests) 1521ms
 ✓ packages/chronicle/src/schema12-compatibility.test.ts (19 tests) 1072ms
 ✓ packages/chronicle/src/schema9-compatibility.test.ts (32 tests) 995ms
 ✓ packages/chronicle/src/compatibility.test.ts (5 tests) 912ms
     ✓ matches the independently recorded pre-travel short-campaign v4 benchmark seal  524ms
 ✓ packages/persistence/src/campaign-storage-durability.test.ts (4 tests) 927ms
   ✓ PERSIST-02 a resealed refcount undercount cannot reclaim a remaining history, and bounded GC still drains it when abandoned  621ms
 ✓ packages/chronicle/src/schema10-compatibility.test.ts (17 tests) 782ms
 ✓ packages/chronicle/src/generator6-compatibility.test.ts (13 tests) 673ms
stderr | apps/web/src/worker-queries.test.ts
Another connection wants to delete database 'theandril-campaigns'. Closing db now to resume the delete request.

 ✓ apps/web/src/worker-queries.test.ts (6 tests) 638ms
 ✓ packages/persistence/src/persistence.test.ts (12 tests) 682ms
 ✓ packages/chronicle/src/generator7-compatibility.test.ts (9 tests) 524ms
 ✓ packages/chronicle/src/schema8-compatibility.test.ts (21 tests) 550ms
 ✓ packages/chronicle/src/schema7-compatibility.test.ts (10 tests) 526ms
 ✓ packages/chronicle/src/battle14-compatibility.test.ts (16 tests) 502ms
 ✓ packages/chronicle/src/journal.test.ts (13 tests) 490ms
 ✓ packages/chronicle/src/generator5-compatibility.test.ts (9 tests) 463ms
 ✓ packages/chronicle/src/development-compatibility.test.ts (11 tests) 409ms
 ✓ packages/chronicle/src/schema13-compatibility.test.ts (11 tests) 425ms
 ✓ packages/chronicle/src/schema6-compatibility.test.ts (8 tests) 379ms
 ✓ packages/chronicle/src/specialist-roster.test.ts (6 tests) 362ms
 ✓ packages/chronicle/src/chronicle.test.ts (4 tests) 224ms
 ✓ packages/persistence/src/current-origin.test.ts (2 tests) 161ms
 ✓ packages/chronicle/src/character-replay.test.ts (2 tests) 125ms
 ✓ packages/chronicle/src/naval-replay.test.ts (1 test) 75ms

 Test Files  24 passed (24)
      Tests  277 passed (277)
   Start at  04:09:18
   Duration  19.36s (transform 580ms, setup 0ms, import 2.54s, tests 15.39s, environment 1ms)

JSON report written to /home/telephoneheater/Work/Theandril/docs/development/review-fix-2/persistence-integration-final.json