{
  "checkpoint": "after",
  "browser": "152.0.7977.82",
  "server": "http://127.0.0.1:5197",
  "reports": [
    {
      "database": "hermes-review-fix-2-after-missing-noop",
      "variant": "missing-noop",
      "saveVersion": 17,
      "initialTurns": [
        1,
        2,
        3
      ],
      "deletedReplicas": 3,
      "deletionReadback": 0,
      "intactHeadCopies": 3,
      "recoveredBefore": 1,
      "saveError": "Campaign storage: All three payload replicas are missing or corrupt.",
      "retainedTurns": [
        1,
        2,
        3
      ],
      "loadAfter": 1,
      "recoveredAfter": 1,
      "atomicRefusal": true,
      "retrySuffix": 0,
      "verifiedRetryTurn": 3
    },
    {
      "database": "hermes-review-fix-2-after-missing-append",
      "variant": "missing-append",
      "saveVersion": 17,
      "initialTurns": [
        1,
        2,
        3
      ],
      "deletedReplicas": 3,
      "deletionReadback": 0,
      "intactHeadCopies": 3,
      "recoveredBefore": 1,
      "saveError": "Campaign storage: All three payload replicas are missing or corrupt.",
      "retainedTurns": [
        1,
        2,
        3
      ],
      "loadAfter": 1,
      "recoveredAfter": 1,
      "atomicRefusal": true,
      "retrySuffix": 1,
      "verifiedRetryTurn": 4
    },
    {
      "database": "hermes-review-fix-2-after-undercount",
      "variant": "undercount",
      "saveVersion": 17,
      "initialTurns": [
        2,
        3,
        4
      ],
      "resealedRefs": 1,
      "loadedBefore": 4,
      "remainingOldestReplicas": 3,
      "retainedTurns": [
        3,
        4,
        4
      ],
      "loadAfter": 4,
      "fallbackReplayTurns": [
        4,
        4,
        3
      ],
      "collectedPerCommit": [
        0,
        0,
        64,
        4
      ],
      "garbageRemaining": 0,
      "liveBlobs": 4,
      "liveReplicas": 12,
      "verifiedActiveTurn": 4
    }
  ],
  "reload": [
    {
      "database": "hermes-review-fix-2-after-missing-noop",
      "turn": 3,
      "records": 2,
      "replayEqual": true,
      "deleted": true
    },
    {
      "database": "hermes-review-fix-2-after-missing-append",
      "turn": 4,
      "records": 3,
      "replayEqual": true,
      "deleted": true
    },
    {
      "database": "hermes-review-fix-2-after-undercount",
      "turn": 4,
      "records": 3,
      "replayEqual": true,
      "deleted": true
    }
  ],
  "errors": [],
  "sourceSha256": "b53728b8bbdf5ce433f965aaa748ac27bd9d21dd2032315d55b4471f7a10c09c",
  "scope": "Real Chromium IndexedDB in a private context; controlled payload deletion/resealed local metadata with readback, actual API save/load/replay, separate-page reopen and database deletion readback. Not UI-control, quota-exhaustion, process-kill/fsync, cross-browser, or authentication evidence."
}