[WebServer] (node:1645120) Warning: The 'NO_COLOR' env is ignored due to the 'FORCE_COLOR' env being set.
[WebServer] (Use `node --trace-warnings ...` to show where the warning was created)
[WebServer] (node:1645133) Warning: The 'NO_COLOR' env is ignored due to the 'FORCE_COLOR' env being set.
[WebServer] (Use `node --trace-warnings ...` to show where the warning was created)

Running 16 tests using 1 worker

(node:1645217) Warning: The 'NO_COLOR' env is ignored due to the 'FORCE_COLOR' env being set.
(Use `node --trace-warnings ...` to show where the warning was created)
  ✓   1 tests/gameplay/charter-templates.spec.ts:41:1 › a saved charter template survives reload, changes no campaign until applied, and keeps forty hearths individually overridable (33.1s)
  ✓   2 tests/gameplay/charter-templates.spec.ts:173:3 › a denied template library reports failure without blocking ordinary charter orders or overwriting stored rows (1.9s)
  ✓   3 tests/gameplay/charter-templates.spec.ts:173:3 › a transient-denial template library reports failure without blocking ordinary charter orders or overwriting stored rows (2.0s)
  ✓   4 tests/gameplay/charter-templates.spec.ts:173:3 › a malformed template library reports failure without blocking ordinary charter orders or overwriting stored rows (2.0s)
  ✓   5 tests/gameplay/charters.spec.ts:28:1 › a standing charter keeps a hearth building, states its next work, and is revoked from the same panel (3.4s)
  ✓   6 tests/gameplay/group-charter-recovery.spec.ts:7:3 › a charter group with an unreadable map-revision response ends pending work and recovers from the saved campaign (3.1s)
  ✓   7 tests/gameplay/group-charter-recovery.spec.ts:7:3 › a charter group with an unreadable missing-results response ends pending work and recovers from the saved campaign (2.9s)
  ✓   8 tests/gameplay/group-charters.spec.ts:8:1 › forty hearths receive shared charters across pages, preserve queues, and restore individual overrides (14.1s)
  ✓   9 tests/gameplay/group-charters.spec.ts:93:1 › a partly refused group retains only the hearth whose new charter exceeded the canonical limit (5.9s)
  ✓  10 tests/gameplay/group-posting-recovery.spec.ts:7:3 › a group with an unreadable map-revision response ends pending work and recovers from the saved campaign (2.5s)
  ✓  11 tests/gameplay/group-posting-recovery.spec.ts:7:3 › a group with an unreadable missing-results response ends pending work and recovers from the saved campaign (2.6s)
  ✓  12 tests/gameplay/group-postings.spec.ts:8:1 › a hundred armies receive one group posting, retain individual overrides and restore through a real save (12.3s)
  ✓  13 tests/gameplay/group-postings.spec.ts:79:1 › a partly refused group reports the canonical limit and retains only refused armies (1.9s)
  ✓  14 tests/gameplay/postings.spec.ts:28:1 › an army is posted from real controls, states where it stands, and a hearth musters what it raises (4.0s)
  ✓  15 tests/gameplay/realm-navigation.spec.ts:27:1 › unified registry finds the hundredth army and fortieth town without rendering the whole empire or changing orders (13.9s)
  ✓  16 tests/gameplay/realm-navigation.spec.ts:89:1 › narrow town categories expose real production, blockers and character-to-army navigation with save restoration (3.2s)

  16 passed (1.8m)
