
Running 30 tests using 1 worker

(node:2161641) Warning: The 'NO_COLOR' env is ignored due to the 'FORCE_COLOR' env being set.
(Use `node --trace-warnings ...` to show where the warning was created)
  ✓   1 tests/gameplay/compendium.spec.ts:4:1 › compendium journeys retain real culture, unit, atlas, search, refresh and narrow-layout evidence (9.3s)
  ✓   2 tests/gameplay/home.spec.ts:3:1 › home provides the public routes and generated ledger (1.3s)
  ✓   3 tests/gameplay/home.spec.ts:18:1 › dispatches remain refresh-safe at their new path (1.0s)
  ✓   4 tests/gameplay/home.spec.ts:25:1 › a permalink to a commit beyond the first page reveals it and scrolls to it (920ms)
  ✓   5 tests/gameplay/lore.spec.ts:3:1 › lore shelf, chapter journey, search and narrow layout work without errors (2.1s)
  ✓   6 tests/gameplay/roadmap.spec.ts:4:1 › the roadmap is discoverable from home and shows bounded completion with every release gate open (5.7s)
  ✓   7 tests/gameplay/roadmap.spec.ts:24:1 › status and acceptance search survive refresh, reset cleanly and preserve the release check (4.4s)
  ✓   8 tests/gameplay/roadmap.spec.ts:45:1 › an item permalink opens its evidence, survives refresh and returns to the filtered record (5.8s)
  ✓   9 tests/gameplay/roadmap.spec.ts:62:1 › same-document Back and Forward restore filters and linked-item evidence (7.8s)
  ✓  10 tests/gameplay/roadmap.spec.ts:93:3 › roadmap keyboard and layout at 1440px / 100% text (1.3s)
  ✓  11 tests/gameplay/roadmap.spec.ts:93:3 › roadmap keyboard and layout at 390px / 130% text (1.3s)
  ✓  12 tests/gameplay/roadmap.spec.ts:120:1 › unknown item links recover honestly and dispatches link to the full roadmap (1.3s)
  ✓  13 tests/gameplay/updates.spec.ts:5:3 › readable journal at 1440px and 100% text (3.7s)
  ✓  14 tests/gameplay/updates.spec.ts:5:3 › readable journal at 1366px and 100% text (5.4s)
  ✓  15 tests/gameplay/updates.spec.ts:5:3 › readable journal at 390px and 100% text (4.7s)
  ✓  16 tests/gameplay/updates.spec.ts:5:3 › readable journal at 390px and 130% text (3.9s)
  ✓  17 tests/gameplay/updates.spec.ts:50:1 › reading surfaces retain contrast without putting texture over the text (649ms)
  ✓  18 tests/gameplay/updates.spec.ts:81:1 › unknown dispatch links fail honestly and keyboard skip navigation works (1.1s)
  ✓  19 tests/gameplay/updates.spec.ts:92:1 › archive search combines topic filters, survives refresh and recovers from no results (1.0s)
  ✓  20 tests/gameplay/updates.spec.ts:107:1 › scope ledger links real gates and a contributor can reach authoring guidance (658ms)
  ✓  21 tests/gameplay/updates.spec.ts:123:1 › a keyboard reader can enlarge a real image and return to the same control (605ms)
  ✓  22 tests/gameplay/updates.spec.ts:139:1 › public journal opens a permanent, refresh-safe campaign dispatch (2.3s)
  ✓  23 tests/production/battlefield.spec.ts:9:1 › built battlefield loads its exact approved battle page and preserves real manual abilities and saved outcomes without development hooks (14.2s)
  ✓  24 tests/production/charter-templates.spec.ts:41:1 › production charter templates cross campaigns and browser reloads before explicit application and saved restoration (6.7s)
  ✓  25 tests/production/deployment-assets.spec.ts:7:1 › built game loads verified map art, UI materials and its real worker inside the configured deployment base (6.7s)
  ✓  26 tests/production/developer-navigation.spec.ts:3:1 › game exposes the developer journal without discarding campaign setup (2.1s)
  ✓  27 tests/production/group-charters.spec.ts:4:1 › production group charters reach the real worker and survive a narrow revoke and manual save restoration (3.6s)
  ✓  28 tests/production/group-postings.spec.ts:4:1 › production group postings use the real worker and survive manual save restoration (3.3s)
  ✓  29 tests/production/map-actions.spec.ts:35:1 › built map actions preserve paid production, land work and resources through a real save/load without development hooks (7.6s)
  ✓  30 tests/production/watch-fog.spec.ts:3:1 › production exposes the watch-only fog command without development hooks (1.4s)

  30 passed (1.9m)
