/home/telephoneheater/Work/Theandril/assets/art/source/blender-units/battle.unit.coastal_warship/v2/driver.py:49: DeprecationWarning: 'World.use_nodes' is expected to be removed in Blender 6.0
  scene.world.use_nodes = True
00:00.733  render           | Saved: '/home/telephoneheater/Work/Theandril/assets/art/source/blender-units/battle.unit.coastal_warship/v2/raw/idle-e-000.png'
00:00.818  render           | Saved: '/home/telephoneheater/Work/Theandril/assets/art/source/blender-units/battle.unit.coastal_warship/v2/raw/idle-e-001.png'
00:00.900  render           | Saved: '/home/telephoneheater/Work/Theandril/assets/art/source/blender-units/battle.unit.coastal_warship/v2/raw/idle-e-002.png'
00:00.982  render           | Saved: '/home/telephoneheater/Work/Theandril/assets/art/source/blender-units/battle.unit.coastal_warship/v2/raw/idle-e-003.png'
00:01.071  render           | Saved: '/home/telephoneheater/Work/Theandril/assets/art/source/blender-units/battle.unit.coastal_warship/v2/raw/sail-e-000.png'
00:01.149  render           | Saved: '/home/telephoneheater/Work/Theandril/assets/art/source/blender-units/battle.unit.coastal_warship/v2/raw/sail-e-001.png'
00:01.223  render           | Saved: '/home/telephoneheater/Work/Theandril/assets/art/source/blender-units/battle.unit.coastal_warship/v2/raw/sail-e-002.png'
00:01.297  render           | Saved: '/home/telephoneheater/Work/Theandril/assets/art/source/blender-units/battle.unit.coastal_warship/v2/raw/sail-e-003.png'
00:01.373  render           | Saved: '/home/telephoneheater/Work/Theandril/assets/art/source/blender-units/battle.unit.coastal_warship/v2/raw/sail-e-004.png'
00:01.447  render           | Saved: '/home/telephoneheater/Work/Theandril/assets/art/source/blender-units/battle.unit.coastal_warship/v2/raw/sail-e-005.png'
00:01.532  render           | Saved: '/home/telephoneheater/Work/Theandril/assets/art/source/blender-units/battle.unit.coastal_warship/v2/raw/sail-e-006.png'
00:01.613  render           | Saved: '/home/telephoneheater/Work/Theandril/assets/art/source/blender-units/battle.unit.coastal_warship/v2/raw/sail-e-007.png'
00:01.695  render           | Saved: '/home/telephoneheater/Work/Theandril/assets/art/source/blender-units/battle.unit.coastal_warship/v2/raw/fire-e-000.png'
00:01.770  render           | Saved: '/home/telephoneheater/Work/Theandril/assets/art/source/blender-units/battle.unit.coastal_warship/v2/raw/fire-e-001.png'
00:01.852  render           | Saved: '/home/telephoneheater/Work/Theandril/assets/art/source/blender-units/battle.unit.coastal_warship/v2/raw/fire-e-002.png'
00:01.937  render           | Saved: '/home/telephoneheater/Work/Theandril/assets/art/source/blender-units/battle.unit.coastal_warship/v2/raw/fire-e-003.png'
00:02.036  render           | Saved: '/home/telephoneheater/Work/Theandril/assets/art/source/blender-units/battle.unit.coastal_warship/v2/raw/fire-e-004.png'
00:02.126  render           | Saved: '/home/telephoneheater/Work/Theandril/assets/art/source/blender-units/battle.unit.coastal_warship/v2/raw/fire-e-005.png'
00:02.211  render           | Saved: '/home/telephoneheater/Work/Theandril/assets/art/source/blender-units/battle.unit.coastal_warship/v2/raw/fire-e-006.png'
00:02.302  render           | Saved: '/home/telephoneheater/Work/Theandril/assets/art/source/blender-units/battle.unit.coastal_warship/v2/raw/fire-e-007.png'
00:02.398  render           | Saved: '/home/telephoneheater/Work/Theandril/assets/art/source/blender-units/battle.unit.coastal_warship/v2/raw/hit-e-000.png'
00:02.499  render           | Saved: '/home/telephoneheater/Work/Theandril/assets/art/source/blender-units/battle.unit.coastal_warship/v2/raw/hit-e-001.png'
00:02.586  render           | Saved: '/home/telephoneheater/Work/Theandril/assets/art/source/blender-units/battle.unit.coastal_warship/v2/raw/hit-e-002.png'
00:02.678  render           | Saved: '/home/telephoneheater/Work/Theandril/assets/art/source/blender-units/battle.unit.coastal_warship/v2/raw/hit-e-003.png'
00:02.772  render           | Saved: '/home/telephoneheater/Work/Theandril/assets/art/source/blender-units/battle.unit.coastal_warship/v2/raw/sink-e-000.png'
00:02.844  render           | Saved: '/home/telephoneheater/Work/Theandril/assets/art/source/blender-units/battle.unit.coastal_warship/v2/raw/sink-e-001.png'
00:02.908  render           | Saved: '/home/telephoneheater/Work/Theandril/assets/art/source/blender-units/battle.unit.coastal_warship/v2/raw/sink-e-002.png'
00:02.964  render           | Saved: '/home/telephoneheater/Work/Theandril/assets/art/source/blender-units/battle.unit.coastal_warship/v2/raw/sink-e-003.png'
00:03.024  render           | Saved: '/home/telephoneheater/Work/Theandril/assets/art/source/blender-units/battle.unit.coastal_warship/v2/raw/sink-e-004.png'
00:03.086  render           | Saved: '/home/telephoneheater/Work/Theandril/assets/art/source/blender-units/battle.unit.coastal_warship/v2/raw/sink-e-005.png'
00:03.149  render           | Saved: '/home/telephoneheater/Work/Theandril/assets/art/source/blender-units/battle.unit.coastal_warship/v2/raw/sink-e-006.png'
00:03.208  render           | Saved: '/home/telephoneheater/Work/Theandril/assets/art/source/blender-units/battle.unit.coastal_warship/v2/raw/sink-e-007.png'
00:03.304  render           | Saved: '/home/telephoneheater/Work/Theandril/assets/art/source/blender-units/battle.unit.coastal_warship/v2/raw/idle-w-000.png'
00:03.402  render           | Saved: '/home/telephoneheater/Work/Theandril/assets/art/source/blender-units/battle.unit.coastal_warship/v2/raw/idle-w-001.png'
00:03.499  render           | Saved: '/home/telephoneheater/Work/Theandril/assets/art/source/blender-units/battle.unit.coastal_warship/v2/raw/idle-w-002.png'
00:03.596  render           | Saved: '/home/telephoneheater/Work/Theandril/assets/art/source/blender-units/battle.unit.coastal_warship/v2/raw/idle-w-003.png'
00:03.689  render           | Saved: '/home/telephoneheater/Work/Theandril/assets/art/source/blender-units/battle.unit.coastal_warship/v2/raw/sail-w-000.png'
00:03.781  render           | Saved: '/home/telephoneheater/Work/Theandril/assets/art/source/blender-units/battle.unit.coastal_warship/v2/raw/sail-w-001.png'
00:03.878  render           | Saved: '/home/telephoneheater/Work/Theandril/assets/art/source/blender-units/battle.unit.coastal_warship/v2/raw/sail-w-002.png'
00:03.957  render           | Saved: '/home/telephoneheater/Work/Theandril/assets/art/source/blender-units/battle.unit.coastal_warship/v2/raw/sail-w-003.png'
00:04.033  render           | Saved: '/home/telephoneheater/Work/Theandril/assets/art/source/blender-units/battle.unit.coastal_warship/v2/raw/sail-w-004.png'
00:04.114  render           | Saved: '/home/telephoneheater/Work/Theandril/assets/art/source/blender-units/battle.unit.coastal_warship/v2/raw/sail-w-005.png'
00:04.196  render           | Saved: '/home/telephoneheater/Work/Theandril/assets/art/source/blender-units/battle.unit.coastal_warship/v2/raw/sail-w-006.png'
00:04.275  render           | Saved: '/home/telephoneheater/Work/Theandril/assets/art/source/blender-units/battle.unit.coastal_warship/v2/raw/sail-w-007.png'
00:04.365  render           | Saved: '/home/telephoneheater/Work/Theandril/assets/art/source/blender-units/battle.unit.coastal_warship/v2/raw/fire-w-000.png'
00:04.449  render           | Saved: '/home/telephoneheater/Work/Theandril/assets/art/source/blender-units/battle.unit.coastal_warship/v2/raw/fire-w-001.png'
00:04.532  render           | Saved: '/home/telephoneheater/Work/Theandril/assets/art/source/blender-units/battle.unit.coastal_warship/v2/raw/fire-w-002.png'
00:04.613  render           | Saved: '/home/telephoneheater/Work/Theandril/assets/art/source/blender-units/battle.unit.coastal_warship/v2/raw/fire-w-003.png'
00:04.694  render           | Saved: '/home/telephoneheater/Work/Theandril/assets/art/source/blender-units/battle.unit.coastal_warship/v2/raw/fire-w-004.png'
00:04.772  render           | Saved: '/home/telephoneheater/Work/Theandril/assets/art/source/blender-units/battle.unit.coastal_warship/v2/raw/fire-w-005.png'
00:04.855  render           | Saved: '/home/telephoneheater/Work/Theandril/assets/art/source/blender-units/battle.unit.coastal_warship/v2/raw/fire-w-006.png'
00:04.933  render           | Saved: '/home/telephoneheater/Work/Theandril/assets/art/source/blender-units/battle.unit.coastal_warship/v2/raw/fire-w-007.png'
00:05.015  render           | Saved: '/home/telephoneheater/Work/Theandril/assets/art/source/blender-units/battle.unit.coastal_warship/v2/raw/hit-w-000.png'
00:05.087  render           | Saved: '/home/telephoneheater/Work/Theandril/assets/art/source/blender-units/battle.unit.coastal_warship/v2/raw/hit-w-001.png'
00:05.159  render           | Saved: '/home/telephoneheater/Work/Theandril/assets/art/source/blender-units/battle.unit.coastal_warship/v2/raw/hit-w-002.png'
00:05.232  render           | Saved: '/home/telephoneheater/Work/Theandril/assets/art/source/blender-units/battle.unit.coastal_warship/v2/raw/hit-w-003.png'
00:05.307  render           | Saved: '/home/telephoneheater/Work/Theandril/assets/art/source/blender-units/battle.unit.coastal_warship/v2/raw/sink-w-000.png'
00:05.372  render           | Saved: '/home/telephoneheater/Work/Theandril/assets/art/source/blender-units/battle.unit.coastal_warship/v2/raw/sink-w-001.png'
00:05.424  render           | Saved: '/home/telephoneheater/Work/Theandril/assets/art/source/blender-units/battle.unit.coastal_warship/v2/raw/sink-w-002.png'
00:05.478  render           | Saved: '/home/telephoneheater/Work/Theandril/assets/art/source/blender-units/battle.unit.coastal_warship/v2/raw/sink-w-003.png'
00:05.531  render           | Saved: '/home/telephoneheater/Work/Theandril/assets/art/source/blender-units/battle.unit.coastal_warship/v2/raw/sink-w-004.png'
00:05.587  render           | Saved: '/home/telephoneheater/Work/Theandril/assets/art/source/blender-units/battle.unit.coastal_warship/v2/raw/sink-w-005.png'
00:05.645  render           | Saved: '/home/telephoneheater/Work/Theandril/assets/art/source/blender-units/battle.unit.coastal_warship/v2/raw/sink-w-006.png'
00:05.696  render           | Saved: '/home/telephoneheater/Work/Theandril/assets/art/source/blender-units/battle.unit.coastal_warship/v2/raw/sink-w-007.png'
Info: Saved as "source.blend"
ARTICULATED_BATTLE_UNIT_RENDER_COMPLETE
