[WebServer] (node:681202) Warning: The 'NO_COLOR' env is ignored due to the 'FORCE_COLOR' env being set.
[WebServer] (Use `node --trace-warnings ...` to show where the warning was created)
[WebServer] (node:681648) Warning: The 'NO_COLOR' env is ignored due to the 'FORCE_COLOR' env being set.
[WebServer] (Use `node --trace-warnings ...` to show where the warning was created)

Running 30 tests using 1 worker

(node:682292) Warning: The 'NO_COLOR' env is ignored due to the 'FORCE_COLOR' env being set.
(Use `node --trace-warnings ...` to show where the warning was created)
  ✓   1 tests/gameplay/charter-templates.spec.ts:41:1 › a saved charter template survives reload, changes no campaign until applied, and keeps forty hearths individually overridable (35.3s)
  ✓   2 tests/gameplay/charter-templates.spec.ts:173:3 › a denied template library reports failure without blocking ordinary charter orders or overwriting stored rows (2.1s)
  ✓   3 tests/gameplay/charter-templates.spec.ts:173:3 › a transient-denial template library reports failure without blocking ordinary charter orders or overwriting stored rows (2.1s)
  ✓   4 tests/gameplay/charter-templates.spec.ts:173:3 › a malformed template library reports failure without blocking ordinary charter orders or overwriting stored rows (2.2s)
  ✓   5 tests/gameplay/charters.spec.ts:28:1 › a standing charter keeps a hearth building, states its next work, and is revoked from the same panel (3.7s)
  ✓   6 tests/gameplay/group-charter-recovery.spec.ts:7:3 › a charter group with an unreadable map-revision response ends pending work and recovers from the saved campaign (3.0s)
  ✓   7 tests/gameplay/group-charter-recovery.spec.ts:7:3 › a charter group with an unreadable missing-results response ends pending work and recovers from the saved campaign (2.9s)
  ✓   8 tests/gameplay/group-charters.spec.ts:8:1 › forty hearths receive shared charters across pages, preserve queues, and restore individual overrides (14.8s)
  ✓   9 tests/gameplay/group-charters.spec.ts:93:1 › a partly refused group retains only the hearth whose new charter exceeded the canonical limit (6.7s)
  ✓  10 tests/gameplay/group-posting-recovery.spec.ts:7:3 › a group with an unreadable map-revision response ends pending work and recovers from the saved campaign (2.9s)
  ✓  11 tests/gameplay/group-posting-recovery.spec.ts:7:3 › a group with an unreadable missing-results response ends pending work and recovers from the saved campaign (3.0s)
  ✓  12 tests/gameplay/group-postings.spec.ts:8:1 › a hundred armies receive one group posting, retain individual overrides and restore through a real save (14.5s)
  ✓  13 tests/gameplay/group-postings.spec.ts:79:1 › a partly refused group reports the canonical limit and retains only refused armies (1.9s)
  ✓  14 tests/gameplay/postings.spec.ts:28:1 › an army is posted from real controls, states where it stands, and a hearth musters what it raises (4.2s)
  ✓  15 tests/gameplay/production-sequence-response-recovery.spec.ts:7:3 › a production batch with missing-results ends pending work, locks orders and restores the actual manual save (3.4s)
  ✓  16 tests/gameplay/production-sequence-response-recovery.spec.ts:7:3 › a production batch with wrong-item ends pending work, locks orders and restores the actual manual save (3.1s)
  ✓  17 tests/gameplay/production-sequence-response-recovery.spec.ts:7:3 › a production batch with map-revision ends pending work, locks orders and restores the actual manual save (3.2s)
  ✓  18 tests/gameplay/production-sequence-response-recovery.spec.ts:7:3 › a production batch with wrong-type ends pending work, locks orders and restores the actual manual save (3.2s)
  ✓  19 tests/gameplay/production-sequence-response-recovery.spec.ts:7:3 › a production batch with worker-crash ends pending work, locks orders and restores the actual manual save (3.4s)
  ✓  20 tests/gameplay/production-sequences.spec.ts:117:1 › forty hearths recall a personal ordered sequence, pay for one batch, retain individual control and restore saved queues (40.2s)
  ✓  21 tests/gameplay/production-sequences.spec.ts:286:1 › shared coin and ordinary duplicate, full-queue and prerequisite refusals retain paid prefixes in stable hearth order (8.1s)
  ✓  22 tests/gameplay/production-template-recovery.spec.ts:9:3 › a denied production-template library preserves stored rows and keeps explicit paid production usable (2.3s)
  ✓  23 tests/gameplay/production-template-recovery.spec.ts:9:3 › a transient-denial production-template library preserves stored rows and keeps explicit paid production usable (2.4s)
  ✓  24 tests/gameplay/production-template-recovery.spec.ts:9:3 › a malformed production-template library preserves stored rows and keeps explicit paid production usable (2.4s)
  ✓  25 tests/gameplay/realm-navigation.spec.ts:27:1 › unified registry finds the hundredth army and fortieth town without rendering the whole empire or changing orders (14.8s)
  ✓  26 tests/gameplay/realm-navigation.spec.ts:89:1 › narrow town categories expose real production, blockers and character-to-army navigation with save restoration (3.2s)
  ✓  27 tests/gameplay/selection-groups.spec.ts:54:1 › saved groups replace paged selections without orders, then explicitly post armies and charter forty hearths (26.1s)
  ✓  28 tests/gameplay/selection-groups.spec.ts:163:1 › campaign groups prune a consumed caravan, survive canonical save and export, and never leak into another campaign (7.1s)
  ✓  29 tests/gameplay/selection-groups.spec.ts:231:1 › recalling a carried army skips it without rewriting the saved group, while explicit empty replacement is canonical (4.9s)
  ✓  30 tests/gameplay/selection-groups.spec.ts:263:1 › a damaged saved-group response ends pending work, locks uncertain orders and recovers from a real manual save (3.1s)

  30 passed (3.9m)
