
> theandril@0.1.0 build /home/telephoneheater/Work/Theandril
> turbo run build

• turbo 2.10.12

   • Packages in scope: @theandril/ai, @theandril/art-pipeline, @theandril/chronicle, @theandril/content, @theandril/mapgen, @theandril/persistence, @theandril/render, @theandril/sim, @theandril/test-fixtures, @theandril/web
   • Running build in 10 packages
   • Remote caching disabled

@theandril/web:build: cache miss, executing e3206b9169da2e99
@theandril/web:build: 
@theandril/web:build: > @theandril/web@0.1.0 build /home/telephoneheater/Work/Theandril/apps/web
@theandril/web:build: > vite build
@theandril/web:build: 
@theandril/web:build: vite v7.3.6 building client environment for production...
@theandril/web:build: transforming...
@theandril/web:build: ../../node_modules/.pnpm/zod@4.5.4/node_modules/zod/v4/core/regexes.js (70:0): A comment
@theandril/web:build: 
@theandril/web:build: "/** Anchors a pattern source. The interpolation lives here rather than at the call site because
@theandril/web:build:  * esbuild will not drop a `@__PURE__` call whose own argument interpolates a variable, but it
@theandril/web:build:  * will drop `anchor(dateSource)`. Keeping it inline pinned `date` into every bundle. */"
@theandril/web:build: 
@theandril/web:build: in "../../node_modules/.pnpm/zod@4.5.4/node_modules/zod/v4/core/regexes.js" contains an annotation that Rollup cannot interpret due to the position of the comment. The comment will be removed to avoid issues.
@theandril/web:build: ../../node_modules/.pnpm/zod@4.5.4/node_modules/zod/v4/core/util.js (330:0): A comment
@theandril/web:build: 
@theandril/web:build: "// Wrapped in a `@__PURE__` IIFE: esbuild never tree-shakes a top-level initializer that contains a member access on `Number`, so the bare object literal survived into every bundle."
@theandril/web:build: 
@theandril/web:build: in "../../node_modules/.pnpm/zod@4.5.4/node_modules/zod/v4/core/util.js" contains an annotation that Rollup cannot interpret due to the position of the comment. The comment will be removed to avoid issues.
@theandril/web:build: ../../node_modules/.pnpm/zod@4.5.4/node_modules/zod/v4/core/regexes.js (70:0): A comment
@theandril/web:build: 
@theandril/web:build: "/** Anchors a pattern source. The interpolation lives here rather than at the call site because
@theandril/web:build:  * esbuild will not drop a `@__PURE__` call whose own argument interpolates a variable, but it
@theandril/web:build:  * will drop `anchor(dateSource)`. Keeping it inline pinned `date` into every bundle. */"
@theandril/web:build: 
@theandril/web:build: in "../../node_modules/.pnpm/zod@4.5.4/node_modules/zod/v4/core/regexes.js" contains an annotation that Rollup cannot interpret due to the position of the comment. The comment will be removed to avoid issues.
@theandril/web:build: ../../node_modules/.pnpm/zod@4.5.4/node_modules/zod/v4/core/util.js (330:0): A comment
@theandril/web:build: 
@theandril/web:build: "// Wrapped in a `@__PURE__` IIFE: esbuild never tree-shakes a top-level initializer that contains a member access on `Number`, so the bare object literal survived into every bundle."
@theandril/web:build: 
@theandril/web:build: in "../../node_modules/.pnpm/zod@4.5.4/node_modules/zod/v4/core/util.js" contains an annotation that Rollup cannot interpret due to the position of the comment. The comment will be removed to avoid issues.
@theandril/web:build: ✓ 1036 modules transformed.
@theandril/web:build: rendering chunks...
@theandril/web:build: computing gzip size...
@theandril/web:build: dist/index.html                                 0.68 kB │ gzip:   0.39 kB
@theandril/web:build: dist/updates/dispatches/index.html              1.40 kB │ gzip:   0.66 kB
@theandril/web:build: dist/updates/lore/index.html                    1.41 kB │ gzip:   0.66 kB
@theandril/web:build: dist/updates/compendium/index.html              1.43 kB │ gzip:   0.69 kB
@theandril/web:build: dist/updates/index.html                         1.51 kB │ gzip:   0.70 kB
@theandril/web:build: dist/updates/roadmap/index.html                 1.71 kB │ gzip:   0.75 kB
@theandril/web:build: dist/assets/simulation.worker-XoLcL_vJ.js     773.68 kB
@theandril/web:build: dist/assets/lore-PgTRLiSY.css                   2.25 kB │ gzip:   0.84 kB
@theandril/web:build: dist/assets/compendium-KqbxFz3N.css             3.00 kB │ gzip:   1.07 kB
@theandril/web:build: dist/assets/roadmap-2Ulqx9aT.css                4.16 kB │ gzip:   1.29 kB
@theandril/web:build: dist/assets/journal-CdZMZCWZ.css               17.69 kB │ gzip:   4.64 kB
@theandril/web:build: dist/assets/game-EKnMcxVw.css                 110.28 kB │ gzip:  21.56 kB
@theandril/web:build: dist/assets/Filter-BdX1YQXJ.js                  0.90 kB │ gzip:   0.48 kB
@theandril/web:build: dist/assets/roadmap-CLVi5vHf.js                 1.24 kB │ gzip:   0.69 kB
@theandril/web:build: dist/assets/lore-D8q7nW2X.js                    6.59 kB │ gzip:   2.37 kB
@theandril/web:build: dist/assets/roadmap-Cg2UWUtS.js                 9.70 kB │ gzip:   3.28 kB
@theandril/web:build: dist/assets/BufferResource-Budik9LZ.js         11.12 kB │ gzip:   2.85 kB
@theandril/web:build: dist/assets/dispatches-Div0cgUh.js             12.55 kB │ gzip:   4.01 kB
@theandril/web:build: dist/assets/webworkerAll-CsLm4bpH.js           15.44 kB │ gzip:   4.89 kB
@theandril/web:build: dist/assets/Illustration-BCYDZ31U.js           16.67 kB │ gzip:   5.05 kB
@theandril/web:build: dist/assets/CanvasRenderer-Cu1L_b85.js         17.82 kB │ gzip:   5.98 kB
@theandril/web:build: dist/assets/library-hUNgXABN.js                42.30 kB │ gzip:  14.34 kB
@theandril/web:build: dist/assets/browserAll-68yyCaWP.js             43.11 kB │ gzip:  11.30 kB
@theandril/web:build: dist/assets/WebGPURenderer-DpY206Jl.js         46.02 kB │ gzip:  13.23 kB
@theandril/web:build: dist/assets/RenderTargetSystem-6QEmFJsH.js     52.14 kB │ gzip:  14.38 kB
@theandril/web:build: dist/assets/WebGLRenderer-BtRwEd0K.js          72.12 kB │ gzip:  19.65 kB
@theandril/web:build: dist/assets/updates-BEsMJ0QS.js                77.84 kB │ gzip:  25.90 kB
@theandril/web:build: dist/assets/journal-BPlRp6Na.js                84.03 kB │ gzip:  27.01 kB
@theandril/web:build: dist/assets/compendium-7SIWi_YJ.js            166.19 kB │ gzip:  21.50 kB
@theandril/web:build: dist/assets/client-RzuSRENx.js                193.09 kB │ gzip:  60.57 kB
@theandril/web:build: dist/assets/library-BccEBRL3.js               335.58 kB │ gzip:  82.97 kB
@theandril/web:build: dist/assets/game-xcGUJ5Tk.js                1,019.96 kB │ gzip: 309.00 kB
@theandril/web:build: 
@theandril/web:build: (!) Some chunks are larger than 500 kB after minification. Consider:
@theandril/web:build: - Using dynamic import() to code-split the application
@theandril/web:build: - Use build.rollupOptions.output.manualChunks to improve chunking: https://rollupjs.org/configuration-options/#output-manualchunks
@theandril/web:build: - Adjust chunk size limit for this warning via build.chunkSizeWarningLimit.
@theandril/web:build: ✓ built in 3.33s

 Tasks:    1 successful, 1 total
Cached:    0 cached, 1 total
  Time:    3.776s 

