apps/web/src/main.tsx(13,43): error TS2307: Cannot find module './group-production' or its corresponding type declarations.
apps/web/src/main.tsx(533,54): error TS7006: Parameter 'plan' implicitly has an 'any' type.
apps/web/src/main.tsx(845,165): error TS2322: Type '{ key: number; view: Observation; onGroupPosting: GroupPostingIssue; onGroupCharter: GroupCharterIssue; onGroupProduction: GroupProductionIssue; onSelectionGroupCommand: SelectionGroupIssue; ... 9 more ...; select: (next: MapSelection) => void; }' is not assignable to type 'IntrinsicAttributes & { view: Observation; registry: "settlements" | "armies"; search: string; force: string; selection: MapSelection; ... 8 more ...; onSelectionGroupCommand?: SelectionGroupIssue | undefined; }'.
  Property 'onGroupProduction' does not exist on type 'IntrinsicAttributes & { view: Observation; registry: "settlements" | "armies"; search: string; force: string; selection: MapSelection; ... 8 more ...; onSelectionGroupCommand?: SelectionGroupIssue | undefined; }'.
apps/web/src/worker-queries.test.ts(733,84): error TS2322: Type 'unknown' is not assignable to type 'GameCommand'.
apps/web/src/worker-queries.test.ts(748,59): error TS18046: 'record.command' is of type 'unknown'.
apps/web/src/worker-queries.test.ts(748,94): error TS18046: 'record.command' is of type 'unknown'.
apps/web/src/worker-queries.test.ts(812,27): error TS2345: Argument of type '{ readonly type: "groupProduction"; readonly factionId: string; readonly settlementIds: string[]; readonly itemIds: readonly ["unit.guard"]; }' is not assignable to parameter of type 'RequestBody'.
  Type '{ readonly type: "groupProduction"; readonly factionId: string; readonly settlementIds: string[]; readonly itemIds: readonly ["unit.guard"]; }' is not assignable to type 'Omit<{ id: number; type: "groupProduction"; factionId: string; settlementIds: string[]; itemIds: string[]; }, "id">'.
    Types of property 'itemIds' are incompatible.
      The type 'readonly ["unit.guard"]' is 'readonly' and cannot be assigned to the mutable type 'string[]'.
apps/web/src/worker-queries.test.ts(819,27): error TS2345: Argument of type '{ readonly type: "groupProduction"; readonly factionId: string; readonly settlementIds: string[]; readonly itemIds: readonly ["unit.guard"]; }' is not assignable to parameter of type 'RequestBody'.
  Type '{ readonly type: "groupProduction"; readonly factionId: string; readonly settlementIds: string[]; readonly itemIds: readonly ["unit.guard"]; }' is not assignable to type 'Omit<{ id: number; type: "groupProduction"; factionId: string; settlementIds: string[]; itemIds: string[]; }, "id">'.
    Types of property 'itemIds' are incompatible.
      The type 'readonly ["unit.guard"]' is 'readonly' and cannot be assigned to the mutable type 'string[]'.
apps/web/src/worker-queries.test.ts(833,29): error TS2345: Argument of type '{ factionId: string; type: "groupProduction"; settlementIds: string[]; itemIds: readonly ["unit.guard"]; }' is not assignable to parameter of type 'RequestBody'.
  Type '{ factionId: string; type: "groupProduction"; settlementIds: string[]; itemIds: readonly ["unit.guard"]; }' is not assignable to type 'Omit<{ id: number; type: "groupProduction"; factionId: string; settlementIds: string[]; itemIds: string[]; }, "id">'.
    Types of property 'itemIds' are incompatible.
      The type 'readonly ["unit.guard"]' is 'readonly' and cannot be assigned to the mutable type 'string[]'.
apps/web/src/worker-queries.test.ts(854,37): error TS2345: Argument of type '{ readonly type: "groupProduction"; readonly factionId: string; readonly settlementIds: string[]; readonly itemIds: readonly ["unit.guard", "unit.guard"]; }' is not assignable to parameter of type 'RequestBody'.
  Type '{ readonly type: "groupProduction"; readonly factionId: string; readonly settlementIds: string[]; readonly itemIds: readonly ["unit.guard", "unit.guard"]; }' is not assignable to type 'Omit<{ id: number; type: "groupProduction"; factionId: string; settlementIds: string[]; itemIds: string[]; }, "id">'.
    Types of property 'itemIds' are incompatible.
      The type 'readonly ["unit.guard", "unit.guard"]' is 'readonly' and cannot be assigned to the mutable type 'string[]'.
apps/web/src/worker-queries.test.ts(863,29): error TS2345: Argument of type '{ readonly type: "groupProduction"; readonly factionId: string; readonly settlementIds: string[]; readonly itemIds: readonly ["unit.guard", "unit.guard"]; }' is not assignable to parameter of type 'RequestBody'.
  Type '{ readonly type: "groupProduction"; readonly factionId: string; readonly settlementIds: string[]; readonly itemIds: readonly ["unit.guard", "unit.guard"]; }' is not assignable to type 'Omit<{ id: number; type: "groupProduction"; factionId: string; settlementIds: string[]; itemIds: string[]; }, "id">'.
    Types of property 'itemIds' are incompatible.
      The type 'readonly ["unit.guard", "unit.guard"]' is 'readonly' and cannot be assigned to the mutable type 'string[]'.
apps/web/src/worker-queries.test.ts(868,33): error TS2345: Argument of type '{ readonly type: "groupProduction"; readonly factionId: string; readonly settlementIds: string[]; readonly itemIds: readonly ["unit.guard", "unit.guard"]; }' is not assignable to parameter of type 'RequestBody'.
  Type '{ readonly type: "groupProduction"; readonly factionId: string; readonly settlementIds: string[]; readonly itemIds: readonly ["unit.guard", "unit.guard"]; }' is not assignable to type 'Omit<{ id: number; type: "groupProduction"; factionId: string; settlementIds: string[]; itemIds: string[]; }, "id">'.
    Types of property 'itemIds' are incompatible.
      The type 'readonly ["unit.guard", "unit.guard"]' is 'readonly' and cannot be assigned to the mutable type 'string[]'.
apps/web/src/worker-queries.test.ts(885,37): error TS2345: Argument of type '{ readonly type: "groupProduction"; readonly factionId: string; readonly settlementIds: string[]; readonly itemIds: readonly ["unit.guard"]; }' is not assignable to parameter of type 'RequestBody'.
  Type '{ readonly type: "groupProduction"; readonly factionId: string; readonly settlementIds: string[]; readonly itemIds: readonly ["unit.guard"]; }' is not assignable to type 'Omit<{ id: number; type: "groupProduction"; factionId: string; settlementIds: string[]; itemIds: string[]; }, "id">'.
    Types of property 'itemIds' are incompatible.
      The type 'readonly ["unit.guard"]' is 'readonly' and cannot be assigned to the mutable type 'string[]'.
apps/web/src/worker-queries.test.ts(894,27): error TS2345: Argument of type '{ readonly type: "groupProduction"; readonly factionId: string; readonly settlementIds: string[]; readonly itemIds: readonly ["unit.guard"]; }' is not assignable to parameter of type 'RequestBody'.
  Type '{ readonly type: "groupProduction"; readonly factionId: string; readonly settlementIds: string[]; readonly itemIds: readonly ["unit.guard"]; }' is not assignable to type 'Omit<{ id: number; type: "groupProduction"; factionId: string; settlementIds: string[]; itemIds: string[]; }, "id">'.
    Types of property 'itemIds' are incompatible.
      The type 'readonly ["unit.guard"]' is 'readonly' and cannot be assigned to the mutable type 'string[]'.
