/home/telephoneheater/Work/Theandril/assets/art/source/blender-units/battle.unit.colonist/v1/driver.py:49: DeprecationWarning: 'World.use_nodes' is expected to be removed in Blender 6.0
  scene.world.use_nodes = True
00:00.589  render           | Saved: '/home/telephoneheater/Work/Theandril/assets/art/source/blender-units/battle.unit.colonist/v1/raw/idle-e-000.png'
00:00.655  render           | Saved: '/home/telephoneheater/Work/Theandril/assets/art/source/blender-units/battle.unit.colonist/v1/raw/idle-e-001.png'
00:00.721  render           | Saved: '/home/telephoneheater/Work/Theandril/assets/art/source/blender-units/battle.unit.colonist/v1/raw/idle-e-002.png'
00:00.792  render           | Saved: '/home/telephoneheater/Work/Theandril/assets/art/source/blender-units/battle.unit.colonist/v1/raw/idle-e-003.png'
00:00.860  render           | Saved: '/home/telephoneheater/Work/Theandril/assets/art/source/blender-units/battle.unit.colonist/v1/raw/walk-e-000.png'
00:00.920  render           | Saved: '/home/telephoneheater/Work/Theandril/assets/art/source/blender-units/battle.unit.colonist/v1/raw/walk-e-001.png'
00:00.980  render           | Saved: '/home/telephoneheater/Work/Theandril/assets/art/source/blender-units/battle.unit.colonist/v1/raw/walk-e-002.png'
00:01.043  render           | Saved: '/home/telephoneheater/Work/Theandril/assets/art/source/blender-units/battle.unit.colonist/v1/raw/walk-e-003.png'
00:01.103  render           | Saved: '/home/telephoneheater/Work/Theandril/assets/art/source/blender-units/battle.unit.colonist/v1/raw/walk-e-004.png'
00:01.166  render           | Saved: '/home/telephoneheater/Work/Theandril/assets/art/source/blender-units/battle.unit.colonist/v1/raw/walk-e-005.png'
00:01.223  render           | Saved: '/home/telephoneheater/Work/Theandril/assets/art/source/blender-units/battle.unit.colonist/v1/raw/walk-e-006.png'
00:01.281  render           | Saved: '/home/telephoneheater/Work/Theandril/assets/art/source/blender-units/battle.unit.colonist/v1/raw/walk-e-007.png'
00:01.341  render           | Saved: '/home/telephoneheater/Work/Theandril/assets/art/source/blender-units/battle.unit.colonist/v1/raw/attack-e-000.png'
00:01.403  render           | Saved: '/home/telephoneheater/Work/Theandril/assets/art/source/blender-units/battle.unit.colonist/v1/raw/attack-e-001.png'
00:01.466  render           | Saved: '/home/telephoneheater/Work/Theandril/assets/art/source/blender-units/battle.unit.colonist/v1/raw/attack-e-002.png'
00:01.523  render           | Saved: '/home/telephoneheater/Work/Theandril/assets/art/source/blender-units/battle.unit.colonist/v1/raw/attack-e-003.png'
00:01.579  render           | Saved: '/home/telephoneheater/Work/Theandril/assets/art/source/blender-units/battle.unit.colonist/v1/raw/attack-e-004.png'
00:01.656  render           | Saved: '/home/telephoneheater/Work/Theandril/assets/art/source/blender-units/battle.unit.colonist/v1/raw/attack-e-005.png'
00:01.724  render           | Saved: '/home/telephoneheater/Work/Theandril/assets/art/source/blender-units/battle.unit.colonist/v1/raw/attack-e-006.png'
00:01.784  render           | Saved: '/home/telephoneheater/Work/Theandril/assets/art/source/blender-units/battle.unit.colonist/v1/raw/attack-e-007.png'
00:01.842  render           | Saved: '/home/telephoneheater/Work/Theandril/assets/art/source/blender-units/battle.unit.colonist/v1/raw/hit-e-000.png'
00:01.902  render           | Saved: '/home/telephoneheater/Work/Theandril/assets/art/source/blender-units/battle.unit.colonist/v1/raw/hit-e-001.png'
00:01.968  render           | Saved: '/home/telephoneheater/Work/Theandril/assets/art/source/blender-units/battle.unit.colonist/v1/raw/hit-e-002.png'
00:02.029  render           | Saved: '/home/telephoneheater/Work/Theandril/assets/art/source/blender-units/battle.unit.colonist/v1/raw/hit-e-003.png'
00:02.093  render           | Saved: '/home/telephoneheater/Work/Theandril/assets/art/source/blender-units/battle.unit.colonist/v1/raw/death-e-000.png'
00:02.155  render           | Saved: '/home/telephoneheater/Work/Theandril/assets/art/source/blender-units/battle.unit.colonist/v1/raw/death-e-001.png'
00:02.214  render           | Saved: '/home/telephoneheater/Work/Theandril/assets/art/source/blender-units/battle.unit.colonist/v1/raw/death-e-002.png'
00:02.276  render           | Saved: '/home/telephoneheater/Work/Theandril/assets/art/source/blender-units/battle.unit.colonist/v1/raw/death-e-003.png'
00:02.339  render           | Saved: '/home/telephoneheater/Work/Theandril/assets/art/source/blender-units/battle.unit.colonist/v1/raw/death-e-004.png'
00:02.406  render           | Saved: '/home/telephoneheater/Work/Theandril/assets/art/source/blender-units/battle.unit.colonist/v1/raw/death-e-005.png'
00:02.467  render           | Saved: '/home/telephoneheater/Work/Theandril/assets/art/source/blender-units/battle.unit.colonist/v1/raw/death-e-006.png'
00:02.523  render           | Saved: '/home/telephoneheater/Work/Theandril/assets/art/source/blender-units/battle.unit.colonist/v1/raw/death-e-007.png'
00:02.585  render           | Saved: '/home/telephoneheater/Work/Theandril/assets/art/source/blender-units/battle.unit.colonist/v1/raw/idle-w-000.png'
00:02.646  render           | Saved: '/home/telephoneheater/Work/Theandril/assets/art/source/blender-units/battle.unit.colonist/v1/raw/idle-w-001.png'
00:02.706  render           | Saved: '/home/telephoneheater/Work/Theandril/assets/art/source/blender-units/battle.unit.colonist/v1/raw/idle-w-002.png'
00:02.787  render           | Saved: '/home/telephoneheater/Work/Theandril/assets/art/source/blender-units/battle.unit.colonist/v1/raw/idle-w-003.png'
00:02.862  render           | Saved: '/home/telephoneheater/Work/Theandril/assets/art/source/blender-units/battle.unit.colonist/v1/raw/walk-w-000.png'
00:02.938  render           | Saved: '/home/telephoneheater/Work/Theandril/assets/art/source/blender-units/battle.unit.colonist/v1/raw/walk-w-001.png'
00:03.020  render           | Saved: '/home/telephoneheater/Work/Theandril/assets/art/source/blender-units/battle.unit.colonist/v1/raw/walk-w-002.png'
00:03.100  render           | Saved: '/home/telephoneheater/Work/Theandril/assets/art/source/blender-units/battle.unit.colonist/v1/raw/walk-w-003.png'
00:03.176  render           | Saved: '/home/telephoneheater/Work/Theandril/assets/art/source/blender-units/battle.unit.colonist/v1/raw/walk-w-004.png'
00:03.242  render           | Saved: '/home/telephoneheater/Work/Theandril/assets/art/source/blender-units/battle.unit.colonist/v1/raw/walk-w-005.png'
00:03.300  render           | Saved: '/home/telephoneheater/Work/Theandril/assets/art/source/blender-units/battle.unit.colonist/v1/raw/walk-w-006.png'
00:03.359  render           | Saved: '/home/telephoneheater/Work/Theandril/assets/art/source/blender-units/battle.unit.colonist/v1/raw/walk-w-007.png'
00:03.424  render           | Saved: '/home/telephoneheater/Work/Theandril/assets/art/source/blender-units/battle.unit.colonist/v1/raw/attack-w-000.png'
00:03.501  render           | Saved: '/home/telephoneheater/Work/Theandril/assets/art/source/blender-units/battle.unit.colonist/v1/raw/attack-w-001.png'
00:03.571  render           | Saved: '/home/telephoneheater/Work/Theandril/assets/art/source/blender-units/battle.unit.colonist/v1/raw/attack-w-002.png'
00:03.642  render           | Saved: '/home/telephoneheater/Work/Theandril/assets/art/source/blender-units/battle.unit.colonist/v1/raw/attack-w-003.png'
00:03.719  render           | Saved: '/home/telephoneheater/Work/Theandril/assets/art/source/blender-units/battle.unit.colonist/v1/raw/attack-w-004.png'
00:03.794  render           | Saved: '/home/telephoneheater/Work/Theandril/assets/art/source/blender-units/battle.unit.colonist/v1/raw/attack-w-005.png'
00:03.876  render           | Saved: '/home/telephoneheater/Work/Theandril/assets/art/source/blender-units/battle.unit.colonist/v1/raw/attack-w-006.png'
00:03.949  render           | Saved: '/home/telephoneheater/Work/Theandril/assets/art/source/blender-units/battle.unit.colonist/v1/raw/attack-w-007.png'
00:04.022  render           | Saved: '/home/telephoneheater/Work/Theandril/assets/art/source/blender-units/battle.unit.colonist/v1/raw/hit-w-000.png'
00:04.089  render           | Saved: '/home/telephoneheater/Work/Theandril/assets/art/source/blender-units/battle.unit.colonist/v1/raw/hit-w-001.png'
00:04.162  render           | Saved: '/home/telephoneheater/Work/Theandril/assets/art/source/blender-units/battle.unit.colonist/v1/raw/hit-w-002.png'
00:04.237  render           | Saved: '/home/telephoneheater/Work/Theandril/assets/art/source/blender-units/battle.unit.colonist/v1/raw/hit-w-003.png'
00:04.314  render           | Saved: '/home/telephoneheater/Work/Theandril/assets/art/source/blender-units/battle.unit.colonist/v1/raw/death-w-000.png'
00:04.399  render           | Saved: '/home/telephoneheater/Work/Theandril/assets/art/source/blender-units/battle.unit.colonist/v1/raw/death-w-001.png'
00:04.488  render           | Saved: '/home/telephoneheater/Work/Theandril/assets/art/source/blender-units/battle.unit.colonist/v1/raw/death-w-002.png'
00:04.569  render           | Saved: '/home/telephoneheater/Work/Theandril/assets/art/source/blender-units/battle.unit.colonist/v1/raw/death-w-003.png'
00:04.643  render           | Saved: '/home/telephoneheater/Work/Theandril/assets/art/source/blender-units/battle.unit.colonist/v1/raw/death-w-004.png'
00:04.710  render           | Saved: '/home/telephoneheater/Work/Theandril/assets/art/source/blender-units/battle.unit.colonist/v1/raw/death-w-005.png'
00:04.780  render           | Saved: '/home/telephoneheater/Work/Theandril/assets/art/source/blender-units/battle.unit.colonist/v1/raw/death-w-006.png'
00:04.847  render           | Saved: '/home/telephoneheater/Work/Theandril/assets/art/source/blender-units/battle.unit.colonist/v1/raw/death-w-007.png'
Info: Saved as "source.blend"
ARTICULATED_BATTLE_UNIT_RENDER_COMPLETE
