
 RUN  v4.1.11 /home/telephoneheater/Work/Theandril-release

 ❯ tests/tooling/updates-build.test.ts (2 tests | 1 failed) 5ms
   × builds the game and every public site page as independent HTML entrypoints 4ms
   ✓ Pages checks the journal contract before uploading the public artifact 0ms

⎯⎯⎯⎯⎯⎯⎯ Failed Tests 1 ⎯⎯⎯⎯⎯⎯⎯

 FAIL  tests/tooling/updates-build.test.ts > builds the game and every public site page as independent HTML entrypoints
AssertionError: expected { …(2) } to deeply equal { …(5) }

- Expected
+ Received

  {
-   "compendium": "/home/telephoneheater/Work/Theandril-release/apps/web/updates/compendium/index.html",
-   "dispatches": "/home/telephoneheater/Work/Theandril-release/apps/web/updates/dispatches/index.html",
    "game": "/home/telephoneheater/Work/Theandril-release/apps/web/index.html",
-   "lore": "/home/telephoneheater/Work/Theandril-release/apps/web/updates/lore/index.html",
    "updates": "/home/telephoneheater/Work/Theandril-release/apps/web/updates/index.html",
  }

 ❯ tests/tooling/updates-build.test.ts:8:17
      6| test('builds the game and every public site page as independent HTML e…
      7|   const input = (config as { build?: { rollupOptions?: { input?: Recor…
      8|   expect(input).toEqual({
       |                 ^
      9|     game: resolve('apps/web/index.html'),
     10|     updates: resolve('apps/web/updates/index.html'),

⎯⎯⎯⎯⎯⎯⎯⎯⎯⎯⎯⎯⎯⎯⎯⎯⎯⎯⎯⎯⎯⎯⎯⎯[1/1]⎯


 Test Files  1 failed (1)
      Tests  1 failed | 1 passed (2)
   Start at  22:39:04
   Duration  151ms (transform 26ms, setup 0ms, import 76ms, tests 5ms, environment 0ms)

