
> theandril@0.1.0 build /home/telephoneheater/Work/Theandril-release
> turbo run build

• turbo 2.10.12

   • Packages in scope: @theandril/ai, @theandril/art-pipeline, @theandril/chronicle, @theandril/content, @theandril/mapgen, @theandril/persistence, @theandril/render, @theandril/sim, @theandril/test-fixtures, @theandril/web
   • Running build in 10 packages
   • Remote caching disabled, using shared worktree cache

@theandril/web:build: cache miss, executing f0bc999573d9fe4e
@theandril/web:build: 
@theandril/web:build: > @theandril/web@0.1.0 build /home/telephoneheater/Work/Theandril-release/apps/web
@theandril/web:build: > vite build
@theandril/web:build: 
@theandril/web:build: vite v7.3.6 building client environment for production...
@theandril/web:build: transforming...
@theandril/web:build: ../../node_modules/.pnpm/zod@4.5.4/node_modules/zod/v4/core/regexes.js (70:0): A comment
@theandril/web:build: 
@theandril/web:build: "/** Anchors a pattern source. The interpolation lives here rather than at the call site because
@theandril/web:build:  * esbuild will not drop a `@__PURE__` call whose own argument interpolates a variable, but it
@theandril/web:build:  * will drop `anchor(dateSource)`. Keeping it inline pinned `date` into every bundle. */"
@theandril/web:build: 
@theandril/web:build: in "../../node_modules/.pnpm/zod@4.5.4/node_modules/zod/v4/core/regexes.js" contains an annotation that Rollup cannot interpret due to the position of the comment. The comment will be removed to avoid issues.
@theandril/web:build: ../../node_modules/.pnpm/zod@4.5.4/node_modules/zod/v4/core/util.js (330:0): A comment
@theandril/web:build: 
@theandril/web:build: "// Wrapped in a `@__PURE__` IIFE: esbuild never tree-shakes a top-level initializer that contains a member access on `Number`, so the bare object literal survived into every bundle."
@theandril/web:build: 
@theandril/web:build: in "../../node_modules/.pnpm/zod@4.5.4/node_modules/zod/v4/core/util.js" contains an annotation that Rollup cannot interpret due to the position of the comment. The comment will be removed to avoid issues.
@theandril/web:build: ../../node_modules/.pnpm/zod@4.5.4/node_modules/zod/v4/core/util.js (330:0): A comment
@theandril/web:build: 
@theandril/web:build: "// Wrapped in a `@__PURE__` IIFE: esbuild never tree-shakes a top-level initializer that contains a member access on `Number`, so the bare object literal survived into every bundle."
@theandril/web:build: 
@theandril/web:build: in "../../node_modules/.pnpm/zod@4.5.4/node_modules/zod/v4/core/util.js" contains an annotation that Rollup cannot interpret due to the position of the comment. The comment will be removed to avoid issues.
@theandril/web:build: ../../node_modules/.pnpm/zod@4.5.4/node_modules/zod/v4/core/regexes.js (70:0): A comment
@theandril/web:build: 
@theandril/web:build: "/** Anchors a pattern source. The interpolation lives here rather than at the call site because
@theandril/web:build:  * esbuild will not drop a `@__PURE__` call whose own argument interpolates a variable, but it
@theandril/web:build:  * will drop `anchor(dateSource)`. Keeping it inline pinned `date` into every bundle. */"
@theandril/web:build: 
@theandril/web:build: in "../../node_modules/.pnpm/zod@4.5.4/node_modules/zod/v4/core/regexes.js" contains an annotation that Rollup cannot interpret due to the position of the comment. The comment will be removed to avoid issues.
@theandril/web:build: ✓ 965 modules transformed.
@theandril/web:build: rendering chunks...
@theandril/web:build: computing gzip size...
@theandril/web:build: dist/index.html                               0.68 kB │ gzip:   0.39 kB
@theandril/web:build: dist/updates/dispatches/index.html            1.31 kB │ gzip:   0.64 kB
@theandril/web:build: dist/updates/lore/index.html                  1.32 kB │ gzip:   0.65 kB
@theandril/web:build: dist/updates/index.html                       1.33 kB │ gzip:   0.66 kB
@theandril/web:build: dist/updates/compendium/index.html            1.34 kB │ gzip:   0.67 kB
@theandril/web:build: dist/assets/simulation.worker-DD2PB6gP.js   679.18 kB
@theandril/web:build: dist/assets/lore-PgTRLiSY.css                 2.25 kB │ gzip:   0.84 kB
@theandril/web:build: dist/assets/compendium-YTb6ff6L.css           3.04 kB │ gzip:   1.07 kB
@theandril/web:build: dist/assets/journal-cYztgvkT.css             15.16 kB │ gzip:   4.12 kB
@theandril/web:build: dist/assets/game-DLfYbTcK.css               104.18 kB │ gzip:  20.56 kB
@theandril/web:build: dist/assets/Filter-t_6Ll6l_.js                0.90 kB │ gzip:   0.48 kB
@theandril/web:build: dist/assets/library-DTqyi5N0.js               8.86 kB │ gzip:   3.81 kB
@theandril/web:build: dist/assets/updates-DBYMK7ag.js              10.86 kB │ gzip:   4.56 kB
@theandril/web:build: dist/assets/BufferResource-BiXRq-ky.js       11.12 kB │ gzip:   2.85 kB
@theandril/web:build: dist/assets/dispatches-B7TJT-FW.js           12.10 kB │ gzip:   3.84 kB
@theandril/web:build: dist/assets/webworkerAll-COXQ6L4A.js         15.44 kB │ gzip:   4.88 kB
@theandril/web:build: dist/assets/CanvasRenderer-BKZCUKSj.js       17.82 kB │ gzip:   5.98 kB
@theandril/web:build: dist/assets/journal-CHMCVR3X.js              19.79 kB │ gzip:   7.87 kB
@theandril/web:build: dist/assets/browserAll-vKzsCLVc.js           43.11 kB │ gzip:  11.30 kB
@theandril/web:build: dist/assets/WebGPURenderer-BKihiFA6.js       46.02 kB │ gzip:  13.22 kB
@theandril/web:build: dist/assets/RenderTargetSystem-LstlvoKC.js   52.14 kB │ gzip:  14.38 kB
@theandril/web:build: dist/assets/WebGLRenderer-D4di5ay_.js        72.12 kB │ gzip:  19.64 kB
@theandril/web:build: dist/assets/compendium-B8woDTX4.js          163.59 kB │ gzip:  20.93 kB
@theandril/web:build: dist/assets/client-RzuSRENx.js              193.09 kB │ gzip:  60.57 kB
@theandril/web:build: dist/assets/lore-DfI2oq-F.js                289.46 kB │ gzip:  75.67 kB
@theandril/web:build: dist/assets/game-CLOa4rw4.js                803.13 kB │ gzip: 243.32 kB
@theandril/web:build: 
@theandril/web:build: (!) Some chunks are larger than 500 kB after minification. Consider:
@theandril/web:build: - Using dynamic import() to code-split the application
@theandril/web:build: - Use build.rollupOptions.output.manualChunks to improve chunking: https://rollupjs.org/configuration-options/#output-manualchunks
@theandril/web:build: - Adjust chunk size limit for this warning via build.chunkSizeWarningLimit.
@theandril/web:build: ✓ built in 2.68s

 Tasks:    1 successful, 1 total
Cached:    0 cached, 1 total
  Time:    2.998s 

