[WebServer] (node:782347) Warning: The 'NO_COLOR' env is ignored due to the 'FORCE_COLOR' env being set.
[WebServer] (Use `node --trace-warnings ...` to show where the warning was created)
[WebServer] (node:782359) Warning: The 'NO_COLOR' env is ignored due to the 'FORCE_COLOR' env being set.
[WebServer] (Use `node --trace-warnings ...` to show where the warning was created)

Running 33 tests using 1 worker

(node:782407) Warning: The 'NO_COLOR' env is ignored due to the 'FORCE_COLOR' env being set.
(Use `node --trace-warnings ...` to show where the warning was created)
  ✓   1 tests/gameplay/defense-theater-recovery.spec.ts:23:1 › an ordinary completed turn with a missing theater view cannot silently erase delegation controls (5.5s)
  ✓   2 tests/gameplay/defense-theater-recovery.spec.ts:85:3 › a real theater edit followed by missing-theaters locks orders until manual save restoration, without automatic retry (3.2s)
  ✓   3 tests/gameplay/defense-theater-recovery.spec.ts:85:3 › a real theater edit followed by malformed-theaters locks orders until manual save restoration, without automatic retry (3.1s)
  ✓   4 tests/gameplay/defense-theater-recovery.spec.ts:85:3 › a real theater edit followed by worker-crash locks orders until manual save restoration, without automatic retry (3.4s)
  ✓   5 tests/gameplay/defense-theaters.spec.ts:34:1 › a hundred recalled armies create a defensive theater through keyboard controls and fill next-turn coverage while postings override (7.1s)
  ✓   6 tests/gameplay/defense-theaters.spec.ts:104:1 › detach, pause and delete preserve existing travel and postings while manual and portable saves restore the whole theater (8.7s)
  ✓   7 tests/gameplay/group-charter-recovery.spec.ts:7:3 › a charter group with an unreadable map-revision response ends pending work and recovers from the saved campaign (2.7s)
  ✓   8 tests/gameplay/group-charter-recovery.spec.ts:7:3 › a charter group with an unreadable missing-results response ends pending work and recovers from the saved campaign (2.8s)
  ✓   9 tests/gameplay/group-charters.spec.ts:8:1 › forty hearths receive shared charters across pages, preserve queues, and restore individual overrides (17.5s)
  ✓  10 tests/gameplay/group-charters.spec.ts:93:1 › a partly refused group retains only the hearth whose new charter exceeded the canonical limit (9.3s)
  ✓  11 tests/gameplay/group-movement-recovery.spec.ts:6:3 › group travel missing-results after real movement locks orders until the actual manual save is restored (6.8s)
  ✓  12 tests/gameplay/group-movement-recovery.spec.ts:6:3 › group travel wrong-army after real movement locks orders until the actual manual save is restored (5.1s)
  ✓  13 tests/gameplay/group-movement-recovery.spec.ts:6:3 › group travel worker-crash after real movement locks orders until the actual manual save is restored (5.1s)
  ✓  14 tests/gameplay/group-movement-recovery.spec.ts:58:1 › a superseded route review cannot fault a restored campaign when its late reply claims recovery is required (4.5s)
  ✓  15 tests/gameplay/group-movement.spec.ts:64:1 › a hundred saved companies review compact routes and move through one exactly replayable canonical batch (15.7s)
  ✓  16 tests/gameplay/group-movement.spec.ts:167:1 › a hundred existing journeys append waypoints, retain individual overrides and restore exact manual and portable saves (24.5s)
  ✓  17 tests/gameplay/group-movement.spec.ts:212:1 › canonical destination refusals retain only the unavailable army for correction (4.4s)
  ✓  18 tests/gameplay/group-movement.spec.ts:241:1 › a real interrupted route stays paused when extended and explicitly resumes without clearing its posting (4.2s)
  ✓  19 tests/gameplay/group-posting-recovery.spec.ts:7:3 › a group with an unreadable map-revision response ends pending work and recovers from the saved campaign (2.9s)
  ✓  20 tests/gameplay/group-posting-recovery.spec.ts:7:3 › a group with an unreadable missing-results response ends pending work and recovers from the saved campaign (2.7s)
  ✓  21 tests/gameplay/group-postings.spec.ts:8:1 › a hundred armies receive one group posting, retain individual overrides and restore through a real save (12.7s)
  ✓  22 tests/gameplay/group-postings.spec.ts:79:1 › a partly refused group reports the canonical limit and retains only refused armies (1.7s)
  ✓  23 tests/gameplay/production-sequence-response-recovery.spec.ts:7:3 › a production batch with missing-results ends pending work, locks orders and restores the actual manual save (2.8s)
  ✓  24 tests/gameplay/production-sequence-response-recovery.spec.ts:7:3 › a production batch with wrong-item ends pending work, locks orders and restores the actual manual save (2.8s)
  ✓  25 tests/gameplay/production-sequence-response-recovery.spec.ts:7:3 › a production batch with map-revision ends pending work, locks orders and restores the actual manual save (2.8s)
  ✓  26 tests/gameplay/production-sequence-response-recovery.spec.ts:7:3 › a production batch with wrong-type ends pending work, locks orders and restores the actual manual save (2.8s)
  ✓  27 tests/gameplay/production-sequence-response-recovery.spec.ts:7:3 › a production batch with worker-crash ends pending work, locks orders and restores the actual manual save (3.1s)
  ✓  28 tests/gameplay/production-sequences.spec.ts:117:1 › forty hearths recall a personal ordered sequence, pay for one batch, retain individual control and restore saved queues (35.8s)
  ✓  29 tests/gameplay/production-sequences.spec.ts:286:1 › shared coin and ordinary duplicate, full-queue and prerequisite refusals retain paid prefixes in stable hearth order (7.7s)
  ✓  30 tests/gameplay/selection-groups.spec.ts:54:1 › saved groups replace paged selections without orders, then explicitly post armies and charter forty hearths (25.6s)
  ✓  31 tests/gameplay/selection-groups.spec.ts:163:1 › campaign groups prune a consumed caravan, survive canonical save and export, and never leak into another campaign (7.0s)
  ✓  32 tests/gameplay/selection-groups.spec.ts:231:1 › recalling a carried army skips it without rewriting the saved group, while explicit empty replacement is canonical (4.8s)
  ✓  33 tests/gameplay/selection-groups.spec.ts:263:1 › a damaged saved-group response ends pending work, locks uncertain orders and recovers from a real manual save (3.1s)

  33 passed (4.2m)
