Preparing huge-representative; fixture setup and save loading are outside phase timings.
{
  "version": 1,
  "sourceRevision": "uncommitted candidate; see retained invocation",
  "saveVersion": 33,
  "contentHash": "015468d1",
  "node": "v26.7.0",
  "platform": "linux",
  "cpu": "13th Gen Intel(R) Core(TM) i9-13900K",
  "scope": "Headless canonical phase and observation timing, one warmup and independent identical-save samples. Setup/loading/hashing/archive replay are excluded. Complete observations follow the phase and isolated theater read, with their caches already available. One active realm, not simultaneous64-realm saturation, browser/worker transport or campaign pacing. Route expansion counters are not exposed; this does not claim worst-case search-budget saturation. Movement can legitimately change sight.",
  "scenarios": [
    {
      "size": "huge",
      "workload": "representative",
      "synthetic": true,
      "geography": "Original generated geography; authored nearby second hearth, charted route corridor and100 guard companies.",
      "generatorVersion": 4,
      "cells": 196608,
      "factions": 32,
      "armies": 1554,
      "theaters": 1,
      "assignedHearths": 2,
      "assignedMembers": 100,
      "dispatchBudgetPerTheater": 16,
      "phaseAttempts": 16,
      "phaseAccepted": 16,
      "phaseRefused": 0,
      "phaseDomainEvents": 60,
      "observedCells": 94,
      "fullOwnObservationBytes": 490566,
      "theaterArrayBytes": 12656,
      "configurationAddedObservationBytes": 10870,
      "warmups": 1,
      "measuredSamples": 1,
      "timings": {
        "theaterPhase": {
          "samplesMs": [
            1.700360000000046
          ],
          "medianMs": 1.700360000000046,
          "minMs": 1.700360000000046,
          "maxMs": 1.700360000000046
        },
        "isolatedTheaterRead": {
          "samplesMs": [
            0.5607549999999719
          ],
          "medianMs": 0.5607549999999719,
          "minMs": 0.5607549999999719,
          "maxMs": 0.5607549999999719
        },
        "completeOwnObservation": {
          "samplesMs": [
            5.005557000000181
          ],
          "medianMs": 5.005557000000181,
          "minMs": 5.005557000000181,
          "maxMs": 5.005557000000181
        }
      },
      "repeatedPhaseHash": "cc562941",
      "canonicalEndTurnHash": "c6244cb2",
      "archiveBytes": 2689159,
      "ordinaryTheaterCommandsAccepted": 1,
      "exactPhaseRepeat": true,
      "strictSaveRoundtrip": true,
      "canonicalEndTurnArchiveReplay": true,
      "replayOwnObservationMatches": true
    }
  ]
}
