
> theandril@0.1.0 measure:pacing /home/telephoneheater/Work/Theandril
> tsx scripts/measure-pacing.ts all

node:net:2302
      const error = new UVExceptionWithHostPort(rval, 'listen', address, port);
                    ^

Error: listen EPERM: operation not permitted /tmp/tsx-1000/15.pipe
    at Server.setupListenHandle [as _listen2] (node:net:2302:21)
    at listenInCluster (node:net:2433:12)
    at Server.listen (node:net:2575:5)
    at file:///home/telephoneheater/Work/Theandril/node_modules/.pnpm/tsx@4.23.13/node_modules/tsx/dist/cli.mjs:53:31472
    at new Promise (<anonymous>)
    at createIpcServer (file:///home/telephoneheater/Work/Theandril/node_modules/.pnpm/tsx@4.23.13/node_modules/tsx/dist/cli.mjs:53:31450)
    at async file:///home/telephoneheater/Work/Theandril/node_modules/.pnpm/tsx@4.23.13/node_modules/tsx/dist/cli.mjs:55:542 {
  code: 'EPERM',
  errno: -1,
  syscall: 'listen',
  address: '/tmp/tsx-1000/15.pipe',
  port: -1
}

Node.js v26.7.0
 ELIFECYCLE  Command failed with exit code 1.
