/home/telephoneheater/Work/Theandril/assets/art/source/blender-units/battle.unit.heavy_infantry/v1/driver.py:49: DeprecationWarning: 'World.use_nodes' is expected to be removed in Blender 6.0
  scene.world.use_nodes = True
00:00.739  render           | Saved: '/home/telephoneheater/Work/Theandril/assets/art/source/blender-units/battle.unit.heavy_infantry/v1/raw/idle-e-000.png'
00:00.814  render           | Saved: '/home/telephoneheater/Work/Theandril/assets/art/source/blender-units/battle.unit.heavy_infantry/v1/raw/idle-e-001.png'
00:00.895  render           | Saved: '/home/telephoneheater/Work/Theandril/assets/art/source/blender-units/battle.unit.heavy_infantry/v1/raw/idle-e-002.png'
00:00.975  render           | Saved: '/home/telephoneheater/Work/Theandril/assets/art/source/blender-units/battle.unit.heavy_infantry/v1/raw/idle-e-003.png'
00:01.059  render           | Saved: '/home/telephoneheater/Work/Theandril/assets/art/source/blender-units/battle.unit.heavy_infantry/v1/raw/walk-e-000.png'
00:01.148  render           | Saved: '/home/telephoneheater/Work/Theandril/assets/art/source/blender-units/battle.unit.heavy_infantry/v1/raw/walk-e-001.png'
00:01.227  render           | Saved: '/home/telephoneheater/Work/Theandril/assets/art/source/blender-units/battle.unit.heavy_infantry/v1/raw/walk-e-002.png'
00:01.301  render           | Saved: '/home/telephoneheater/Work/Theandril/assets/art/source/blender-units/battle.unit.heavy_infantry/v1/raw/walk-e-003.png'
00:01.392  render           | Saved: '/home/telephoneheater/Work/Theandril/assets/art/source/blender-units/battle.unit.heavy_infantry/v1/raw/walk-e-004.png'
00:01.483  render           | Saved: '/home/telephoneheater/Work/Theandril/assets/art/source/blender-units/battle.unit.heavy_infantry/v1/raw/walk-e-005.png'
00:01.575  render           | Saved: '/home/telephoneheater/Work/Theandril/assets/art/source/blender-units/battle.unit.heavy_infantry/v1/raw/walk-e-006.png'
00:01.666  render           | Saved: '/home/telephoneheater/Work/Theandril/assets/art/source/blender-units/battle.unit.heavy_infantry/v1/raw/walk-e-007.png'
00:01.755  render           | Saved: '/home/telephoneheater/Work/Theandril/assets/art/source/blender-units/battle.unit.heavy_infantry/v1/raw/attack-e-000.png'
00:01.840  render           | Saved: '/home/telephoneheater/Work/Theandril/assets/art/source/blender-units/battle.unit.heavy_infantry/v1/raw/attack-e-001.png'
00:01.931  render           | Saved: '/home/telephoneheater/Work/Theandril/assets/art/source/blender-units/battle.unit.heavy_infantry/v1/raw/attack-e-002.png'
00:02.028  render           | Saved: '/home/telephoneheater/Work/Theandril/assets/art/source/blender-units/battle.unit.heavy_infantry/v1/raw/attack-e-003.png'
00:02.110  render           | Saved: '/home/telephoneheater/Work/Theandril/assets/art/source/blender-units/battle.unit.heavy_infantry/v1/raw/attack-e-004.png'
00:02.199  render           | Saved: '/home/telephoneheater/Work/Theandril/assets/art/source/blender-units/battle.unit.heavy_infantry/v1/raw/attack-e-005.png'
00:02.277  render           | Saved: '/home/telephoneheater/Work/Theandril/assets/art/source/blender-units/battle.unit.heavy_infantry/v1/raw/attack-e-006.png'
00:02.350  render           | Saved: '/home/telephoneheater/Work/Theandril/assets/art/source/blender-units/battle.unit.heavy_infantry/v1/raw/attack-e-007.png'
00:02.426  render           | Saved: '/home/telephoneheater/Work/Theandril/assets/art/source/blender-units/battle.unit.heavy_infantry/v1/raw/hit-e-000.png'
00:02.502  render           | Saved: '/home/telephoneheater/Work/Theandril/assets/art/source/blender-units/battle.unit.heavy_infantry/v1/raw/hit-e-001.png'
00:02.568  render           | Saved: '/home/telephoneheater/Work/Theandril/assets/art/source/blender-units/battle.unit.heavy_infantry/v1/raw/hit-e-002.png'
00:02.635  render           | Saved: '/home/telephoneheater/Work/Theandril/assets/art/source/blender-units/battle.unit.heavy_infantry/v1/raw/hit-e-003.png'
00:02.712  render           | Saved: '/home/telephoneheater/Work/Theandril/assets/art/source/blender-units/battle.unit.heavy_infantry/v1/raw/death-e-000.png'
00:02.787  render           | Saved: '/home/telephoneheater/Work/Theandril/assets/art/source/blender-units/battle.unit.heavy_infantry/v1/raw/death-e-001.png'
00:02.871  render           | Saved: '/home/telephoneheater/Work/Theandril/assets/art/source/blender-units/battle.unit.heavy_infantry/v1/raw/death-e-002.png'
00:02.952  render           | Saved: '/home/telephoneheater/Work/Theandril/assets/art/source/blender-units/battle.unit.heavy_infantry/v1/raw/death-e-003.png'
00:03.053  render           | Saved: '/home/telephoneheater/Work/Theandril/assets/art/source/blender-units/battle.unit.heavy_infantry/v1/raw/death-e-004.png'
00:03.138  render           | Saved: '/home/telephoneheater/Work/Theandril/assets/art/source/blender-units/battle.unit.heavy_infantry/v1/raw/death-e-005.png'
00:03.218  render           | Saved: '/home/telephoneheater/Work/Theandril/assets/art/source/blender-units/battle.unit.heavy_infantry/v1/raw/death-e-006.png'
00:03.280  render           | Saved: '/home/telephoneheater/Work/Theandril/assets/art/source/blender-units/battle.unit.heavy_infantry/v1/raw/death-e-007.png'
00:03.354  render           | Saved: '/home/telephoneheater/Work/Theandril/assets/art/source/blender-units/battle.unit.heavy_infantry/v1/raw/idle-w-000.png'
00:03.425  render           | Saved: '/home/telephoneheater/Work/Theandril/assets/art/source/blender-units/battle.unit.heavy_infantry/v1/raw/idle-w-001.png'
00:03.500  render           | Saved: '/home/telephoneheater/Work/Theandril/assets/art/source/blender-units/battle.unit.heavy_infantry/v1/raw/idle-w-002.png'
00:03.582  render           | Saved: '/home/telephoneheater/Work/Theandril/assets/art/source/blender-units/battle.unit.heavy_infantry/v1/raw/idle-w-003.png'
00:03.663  render           | Saved: '/home/telephoneheater/Work/Theandril/assets/art/source/blender-units/battle.unit.heavy_infantry/v1/raw/walk-w-000.png'
00:03.761  render           | Saved: '/home/telephoneheater/Work/Theandril/assets/art/source/blender-units/battle.unit.heavy_infantry/v1/raw/walk-w-001.png'
00:03.845  render           | Saved: '/home/telephoneheater/Work/Theandril/assets/art/source/blender-units/battle.unit.heavy_infantry/v1/raw/walk-w-002.png'
00:03.937  render           | Saved: '/home/telephoneheater/Work/Theandril/assets/art/source/blender-units/battle.unit.heavy_infantry/v1/raw/walk-w-003.png'
00:04.031  render           | Saved: '/home/telephoneheater/Work/Theandril/assets/art/source/blender-units/battle.unit.heavy_infantry/v1/raw/walk-w-004.png'
00:04.110  render           | Saved: '/home/telephoneheater/Work/Theandril/assets/art/source/blender-units/battle.unit.heavy_infantry/v1/raw/walk-w-005.png'
00:04.183  render           | Saved: '/home/telephoneheater/Work/Theandril/assets/art/source/blender-units/battle.unit.heavy_infantry/v1/raw/walk-w-006.png'
00:04.257  render           | Saved: '/home/telephoneheater/Work/Theandril/assets/art/source/blender-units/battle.unit.heavy_infantry/v1/raw/walk-w-007.png'
00:04.337  render           | Saved: '/home/telephoneheater/Work/Theandril/assets/art/source/blender-units/battle.unit.heavy_infantry/v1/raw/attack-w-000.png'
00:04.421  render           | Saved: '/home/telephoneheater/Work/Theandril/assets/art/source/blender-units/battle.unit.heavy_infantry/v1/raw/attack-w-001.png'
00:04.503  render           | Saved: '/home/telephoneheater/Work/Theandril/assets/art/source/blender-units/battle.unit.heavy_infantry/v1/raw/attack-w-002.png'
00:04.575  render           | Saved: '/home/telephoneheater/Work/Theandril/assets/art/source/blender-units/battle.unit.heavy_infantry/v1/raw/attack-w-003.png'
00:04.649  render           | Saved: '/home/telephoneheater/Work/Theandril/assets/art/source/blender-units/battle.unit.heavy_infantry/v1/raw/attack-w-004.png'
00:04.721  render           | Saved: '/home/telephoneheater/Work/Theandril/assets/art/source/blender-units/battle.unit.heavy_infantry/v1/raw/attack-w-005.png'
00:04.795  render           | Saved: '/home/telephoneheater/Work/Theandril/assets/art/source/blender-units/battle.unit.heavy_infantry/v1/raw/attack-w-006.png'
00:04.864  render           | Saved: '/home/telephoneheater/Work/Theandril/assets/art/source/blender-units/battle.unit.heavy_infantry/v1/raw/attack-w-007.png'
00:04.934  render           | Saved: '/home/telephoneheater/Work/Theandril/assets/art/source/blender-units/battle.unit.heavy_infantry/v1/raw/hit-w-000.png'
00:05.005  render           | Saved: '/home/telephoneheater/Work/Theandril/assets/art/source/blender-units/battle.unit.heavy_infantry/v1/raw/hit-w-001.png'
00:05.077  render           | Saved: '/home/telephoneheater/Work/Theandril/assets/art/source/blender-units/battle.unit.heavy_infantry/v1/raw/hit-w-002.png'
00:05.155  render           | Saved: '/home/telephoneheater/Work/Theandril/assets/art/source/blender-units/battle.unit.heavy_infantry/v1/raw/hit-w-003.png'
00:05.225  render           | Saved: '/home/telephoneheater/Work/Theandril/assets/art/source/blender-units/battle.unit.heavy_infantry/v1/raw/death-w-000.png'
00:05.303  render           | Saved: '/home/telephoneheater/Work/Theandril/assets/art/source/blender-units/battle.unit.heavy_infantry/v1/raw/death-w-001.png'
00:05.385  render           | Saved: '/home/telephoneheater/Work/Theandril/assets/art/source/blender-units/battle.unit.heavy_infantry/v1/raw/death-w-002.png'
00:05.455  render           | Saved: '/home/telephoneheater/Work/Theandril/assets/art/source/blender-units/battle.unit.heavy_infantry/v1/raw/death-w-003.png'
00:05.531  render           | Saved: '/home/telephoneheater/Work/Theandril/assets/art/source/blender-units/battle.unit.heavy_infantry/v1/raw/death-w-004.png'
00:05.602  render           | Saved: '/home/telephoneheater/Work/Theandril/assets/art/source/blender-units/battle.unit.heavy_infantry/v1/raw/death-w-005.png'
00:05.677  render           | Saved: '/home/telephoneheater/Work/Theandril/assets/art/source/blender-units/battle.unit.heavy_infantry/v1/raw/death-w-006.png'
00:05.737  render           | Saved: '/home/telephoneheater/Work/Theandril/assets/art/source/blender-units/battle.unit.heavy_infantry/v1/raw/death-w-007.png'
Info: Saved as "source.blend"
ARTICULATED_BATTLE_UNIT_RENDER_COMPLETE
