
 RUN  v4.1.11 /home/telephoneheater/Work/Theandril-release

 ❯ apps/web/src/updates/content.test.ts (1 test | 1 failed) 4ms
     × publishes the campaign-safety checkpoint without claiming a release 3ms

⎯⎯⎯⎯⎯⎯⎯ Failed Tests 1 ⎯⎯⎯⎯⎯⎯⎯

 FAIL  apps/web/src/updates/content.test.ts > public dispatch contract > publishes the campaign-safety checkpoint without claiming a release
AssertionError: expected undefined to match object { …(2) }

- Expected:
{
  "status": "Reviewed checkpoint",
  "title": "A campaign worth keeping",
}

+ Received:
undefined

 ❯ apps/web/src/updates/content.test.ts:11:19
      9|   it('publishes the campaign-safety checkpoint without claiming a rele…
     10|     const story = dispatches.find(item => item.id === 'r17-campaign-sa…
     11|     expect(story).toMatchObject({ title: 'A campaign worth keeping', s…
       |                   ^
     12|     expect(story?.sections.map(section => section.paragraphs.join(' ')…
     13|     expect(story?.sections.map(section => section.paragraphs.join(' ')…

⎯⎯⎯⎯⎯⎯⎯⎯⎯⎯⎯⎯⎯⎯⎯⎯⎯⎯⎯⎯⎯⎯⎯⎯[1/1]⎯


 Test Files  1 failed (1)
      Tests  1 failed (1)
   Start at  19:01:28
   Duration  100ms (transform 22ms, setup 0ms, import 27ms, tests 4ms, environment 0ms)

