
 RUN  v4.1.11 /home/telephoneheater/Work/Theandril-release

 ❯ apps/web/src/updates/journal.test.ts (1 test | 1 failed) 4ms
     × combines normalized full-text search with a topic without changing editorial order 3ms

⎯⎯⎯⎯⎯⎯⎯ Failed Tests 1 ⎯⎯⎯⎯⎯⎯⎯

 FAIL  apps/web/src/updates/journal.test.ts > journal discovery > combines normalized full-text search with a topic without changing editorial order
AssertionError: expected undefined to deeply equal [ 'twenty-four-cultures' ]

- Expected:
[
  "twenty-four-cultures",
]

+ Received:
undefined

 ❯ apps/web/src/updates/journal.test.ts:9:90
      7|   it('combines normalized full-text search with a topic without changi…
      8|     const filter = modules['./journal.ts']?.filterDispatches;
      9|     expect(filter?.(dispatches, '  VESPER  ', 'World & culture').map(s…
       |                                                                                          ^
     10|     expect(filter?.(dispatches, 'Vesper', 'Engineering')).toEqual([]);
     11|     expect(filter?.(dispatches, '', 'All')).toEqual(dispatches);

⎯⎯⎯⎯⎯⎯⎯⎯⎯⎯⎯⎯⎯⎯⎯⎯⎯⎯⎯⎯⎯⎯⎯⎯[1/1]⎯


 Test Files  1 failed (1)
      Tests  1 failed (1)
   Start at  19:06:22
   Duration  107ms (transform 32ms, setup 0ms, import 38ms, tests 4ms, environment 0ms)

