
 RUN  v4.1.11 /home/telephoneheater/Work/Theandril-release

 ❯ apps/web/src/updates/navigation.test.ts (1 test | 1 failed) 4ms
     × round-trips a permanent dispatch on both root and GitHub Pages bases 3ms

⎯⎯⎯⎯⎯⎯⎯ Failed Tests 1 ⎯⎯⎯⎯⎯⎯⎯

 FAIL  apps/web/src/updates/navigation.test.ts > refresh-safe public links > round-trips a permanent dispatch on both root and GitHub Pages bases
AssertionError: expected undefined to be '/Theandril/updates/?dispatch=r17-camp…' // Object.is equality

- Expected:
"/Theandril/updates/?dispatch=r17-campaign-safety"

+ Received:
undefined

 ❯ apps/web/src/updates/navigation.test.ts:11:74
      9|   it('round-trips a permanent dispatch on both root and GitHub Pages b…
     10|     const journal = modules['./journal.ts'];
     11|     expect(journal?.dispatchUrl?.('/Theandril/', 'r17-campaign-safety'…
       |                                                                          ^
     12|     expect(journal?.dispatchUrl?.('/', 'twenty-four-cultures')).toBe('…
     13|     expect(journal?.localUrl?.('/Theandril/', 'updates/campaign.webp')…

⎯⎯⎯⎯⎯⎯⎯⎯⎯⎯⎯⎯⎯⎯⎯⎯⎯⎯⎯⎯⎯⎯⎯⎯[1/1]⎯


 Test Files  1 failed (1)
      Tests  1 failed (1)
   Start at  19:07:08
   Duration  95ms (transform 20ms, setup 0ms, import 25ms, tests 4ms, environment 0ms)

