
 RUN  v4.1.11 /home/telephoneheater/Work/Theandril-release

 ❯ apps/web/src/updates/media.test.ts (1 test | 1 failed) 5ms
   × ships only traceable local imagery under a three MiB journal budget 4ms

⎯⎯⎯⎯⎯⎯⎯ Failed Tests 1 ⎯⎯⎯⎯⎯⎯⎯

 FAIL  apps/web/src/updates/media.test.ts > ships only traceable local imagery under a three MiB journal budget
AssertionError: expected [] to deeply equal [ 'campaign', 'battle', …(2) ]

- Expected
+ Received

- [
-   "campaign",
-   "battle",
-   "cultures",
-   "archipelago",
- ]
+ []

 ❯ apps/web/src/updates/media.test.ts:11:41
      9|   const manifestPath = resolve(root, 'updates/provenance.json');
     10|   const assets: Asset[] = existsSync(manifestPath) ? JSON.parse(readFi…
     11|   expect(assets.map(asset => asset.id)).toEqual(['campaign', 'battle',…
       |                                         ^
     12|   let bytes = 0;
     13|   for (const asset of assets) {

⎯⎯⎯⎯⎯⎯⎯⎯⎯⎯⎯⎯⎯⎯⎯⎯⎯⎯⎯⎯⎯⎯⎯⎯[1/1]⎯


 Test Files  1 failed (1)
      Tests  1 failed (1)
   Start at  19:09:40
   Duration  97ms (transform 19ms, setup 0ms, import 26ms, tests 5ms, environment 0ms)

