
Running 1 test using 1 worker

[1/1] tests/gameplay/updates.spec.ts:4:1 › public journal opens a permanent, refresh-safe campaign dispatch
[WebServer] Assets in public directory cannot be imported from JavaScript.
[WebServer] If you intend to import that asset, put the file in the src directory, and use /src/updates/provenance.json instead of /public/updates/provenance.json.
[WebServer] If you intend to use the URL of that asset, use /updates/provenance.json?url.

[WebServer] Assets in public directory cannot be imported from JavaScript.
[WebServer] If you intend to import that asset, put the file in the src directory, and use /src/updates/provenance.json instead of /public/updates/provenance.json.
[WebServer] If you intend to use the URL of that asset, use /updates/provenance.json?url.

[WebServer] Assets in public directory cannot be imported from JavaScript.
[WebServer] If you intend to import that asset, put the file in the src directory, and use /src/updates/provenance.json instead of /public/updates/provenance.json.
[WebServer] If you intend to use the URL of that asset, use /updates/provenance.json?url.

  1) tests/gameplay/updates.spec.ts:4:1 › public journal opens a permanent, refresh-safe campaign dispatch 

    Test timeout of 30000ms exceeded.

    Error: locator.click: Test timeout of 30000ms exceeded.
    Call log:
      - waiting for getByRole('link', { name: 'All dispatches', exact: true })


      11 |   await expect(page.getByRole('heading', { level: 1, name: 'A campaign worth keeping' })).toBeVisible();
      12 |   await expect(page.getByRole('link', { name: 'Post-fix review reconciliation' })).toHaveAttribute('href', /github.com\/ErikBurdett\/Theandril\/blob\/[a-f0-9]+\/docs\/development\/post-fix-review\/summary.json$/);
    > 13 |   await page.getByRole('link', { name: 'All dispatches', exact: true }).click();
         |                                                                         ^
      14 |   await expect(page.getByRole('heading', { name: 'Theandril Dispatches', exact: true })).toBeVisible();
      15 | });
      16 |
        at /home/telephoneheater/Work/Theandril-release/tests/gameplay/updates.spec.ts:13:73

    attachment #1: screenshot (image/png) ──────────────────────────────────────────────────────────
    docs/development/dispatches/frontend-evidence/browser/updates-public-journal-ope-43af0-resh-safe-campaign-dispatch/test-failed-1.png
    ────────────────────────────────────────────────────────────────────────────────────────────────

    Error Context: docs/development/dispatches/frontend-evidence/browser/updates-public-journal-ope-43af0-resh-safe-campaign-dispatch/error-context.md

    attachment #3: trace (application/zip) ─────────────────────────────────────────────────────────
    docs/development/dispatches/frontend-evidence/browser/updates-public-journal-ope-43af0-resh-safe-campaign-dispatch/trace.zip
    Usage:

        pnpm exec playwright show-trace docs/development/dispatches/frontend-evidence/browser/updates-public-journal-ope-43af0-resh-safe-campaign-dispatch/trace.zip

    ────────────────────────────────────────────────────────────────────────────────────────────────


  1 failed
    tests/gameplay/updates.spec.ts:4:1 › public journal opens a permanent, refresh-safe campaign dispatch 
