
Running 9 tests using 1 worker

[1/9] tests/gameplay/updates.spec.ts:5:3 › readable journal at 1440px and 100% text
[2/9] tests/gameplay/updates.spec.ts:5:3 › readable journal at 1366px and 100% text
[3/9] tests/gameplay/updates.spec.ts:5:3 › readable journal at 390px and 100% text
[4/9] tests/gameplay/updates.spec.ts:5:3 › readable journal at 390px and 130% text
[5/9] tests/gameplay/updates.spec.ts:39:1 › unknown dispatch links fail honestly and keyboard skip navigation works
  1) tests/gameplay/updates.spec.ts:39:1 › unknown dispatch links fail honestly and keyboard skip navigation works 

    Error: expect(locator).toBeFocused() failed

    Locator:  getByRole('link', { name: 'Skip to content' })
    Expected: focused
    Received: inactive
    Timeout:  5000ms

    Call log:
      - Expect "toBeFocused" getByRole('link', { name: 'Skip to content' }) with timeout 5000ms
      - waiting for getByRole('link', { name: 'Skip to content' })
        14 × locator resolved to <a href="#main" class="skip-link">Skip to content</a>
           - unexpected value "inactive"


      42 |   await page.getByRole('link', { name: 'Browse published dispatches' }).click();
      43 |   await page.keyboard.press('Tab');
    > 44 |   await expect(page.getByRole('link', { name: 'Skip to content' })).toBeFocused();
         |                                                                     ^
      45 |   await page.keyboard.press('Enter');
      46 |   await expect(page.getByRole('main')).toBeFocused();
      47 | });
        at /home/telephoneheater/Work/Theandril-release/tests/gameplay/updates.spec.ts:44:69

    attachment #1: screenshot (image/png) ──────────────────────────────────────────────────────────
    docs/development/dispatches/frontend-evidence/browser/updates-unknown-dispatch-l-f1283-board-skip-navigation-works/test-failed-1.png
    ────────────────────────────────────────────────────────────────────────────────────────────────

    Error Context: docs/development/dispatches/frontend-evidence/browser/updates-unknown-dispatch-l-f1283-board-skip-navigation-works/error-context.md

    attachment #3: trace (application/zip) ─────────────────────────────────────────────────────────
    docs/development/dispatches/frontend-evidence/browser/updates-unknown-dispatch-l-f1283-board-skip-navigation-works/trace.zip
    Usage:

        pnpm exec playwright show-trace docs/development/dispatches/frontend-evidence/browser/updates-unknown-dispatch-l-f1283-board-skip-navigation-works/trace.zip

    ────────────────────────────────────────────────────────────────────────────────────────────────


[6/9] tests/gameplay/updates.spec.ts:49:1 › archive search combines topic filters, survives refresh and recovers from no results
[7/9] tests/gameplay/updates.spec.ts:64:1 › scope ledger links real gates and a contributor can reach authoring guidance
[8/9] tests/gameplay/updates.spec.ts:79:1 › a keyboard reader can enlarge a real image and return to the same control
[9/9] tests/gameplay/updates.spec.ts:95:1 › public journal opens a permanent, refresh-safe campaign dispatch
  1 failed
    tests/gameplay/updates.spec.ts:39:1 › unknown dispatch links fail honestly and keyboard skip navigation works 
  8 passed (12.9s)
