
> theandril@0.1.0 art:validate /home/telephoneheater/Work/Theandril-release
> tsx scripts/art.ts validate

battle.unit.arbalester (BRIEF_READY): PASS eb6580cfdb3ac25ad898a30c447cd333cd9f8745b0d88c20cfc1c7fd91007c68
battle.unit.cavalry (BRIEF_READY): PASS b8ee1af90a32cdfd84175409d39e773db4995b9189586639fa5dc7cdbf5c45de
battle.unit.coastal_warship (BRIEF_READY): PASS 0c53023362b1c39518cdacf308a091ca5eb7021efaddb8688b8b609f52aa8561
battle.unit.colonist (BRIEF_READY): PASS 0b8cd40edfdff6b10f6259deaabd9afe90b2b28d3dc70c01dc3e1ccb5cdf65b8
battle.unit.guard (BRIEF_READY): PASS a5fa8a6202c8a60d6362b862267386b6ea63cfeec7683b5a22d26497ba3d5f33
battle.unit.halberdier (BRIEF_READY): PASS f5ca61b442b80e7c0fdb94c8cde6f1a90276be4ca459899feae05041b00036d5
battle.unit.heavy_infantry (BRIEF_READY): PASS ab619e5ada92286becc9c47610d49799d4a0eda2d7f527f967bd206f0f8ed6dc
battle.unit.lancer (BRIEF_READY): PASS 37c834a3824a401b8c201d0b7b2716c2cf5bd8f2685a7735bd26fb876c922837
battle.unit.ocean_warship (BRIEF_READY): PASS 4d48a30b676677a8090450e35c9a69145169db720a9c31c7ba280d1d45d24bb5
battle.unit.scout (BRIEF_READY): PASS cb2d670ee6ea3adc332bd60b8976bbb1513443f3b0f18cfda9784279349f1d26
battle.unit.skirmisher (BRIEF_READY): PASS 7ea460f83e2ed085081934cf9ed2b084f75b2459eb0afcd12b1e4b089f7c55fc
battle.unit.spearman (BRIEF_READY): PASS 41eab60e75853f40f5718efcb6d87019140a8f3594f016775108c704fdfbd5c5
battle.unit.transport (BRIEF_READY): PASS c7e1def6a4280a3c6ae3777d0022a7813109f74582b30bc85c6c849c16580e1d
building.archive (BRIEF_READY): PASS 847806af82b57b420dcab600eb0a8c4a85d42727d4abbb587d97706ad5d9945b
building.granary (BRIEF_READY): PASS 15e104b461997c32885e5f6b7697c61ed656ca930b9c80dda1780a5ac1406122
building.harbor (BRIEF_READY): PASS 2426c13ff6aeeae9d5854ccc097ddef619419cff023520717eb86b482ea24664
building.market (BRIEF_READY): PASS af5e2a81caa508f8b012714e68842152ae7a24fc8d62f593e67909b35ff74270
building.workshop (BRIEF_READY): PASS 4e0ed3b5bae6df0a5542e6e9cd8d2a3bff6578647041893759f3c7229366b06b
character.engineer.ashen_compact (BRIEF_READY): PASS 479149b9d703f3fbf6f9f9f04636b2b661da2e86e0911c4fac543bdf49ab643d
character.engineer.brine_choir (BRIEF_READY): PASS d033d1994206f74d7821cff3981b340b0867d64f30955595728d64b6ccd8e1d3
character.engineer.cairnwing_concord (BRIEF_READY): PASS 86ebb8603354a7adde271104c8932c4622b7cb91715bce6c6eb325f26d5fff29
character.engineer.cinder_march (BRIEF_READY): PASS a3be9be1235685d10f9e00cfc54ee0ddf7db01a3348159233f10bc9ebead17a7
character.engineer.cistern_assembly (BRIEF_READY): PASS a091c317274e98159a4c34814c7e8fa8b299f1b53b203e9c08dc75aaa3c554b1
character.engineer.emberwake_convocation (BRIEF_READY): PASS 0a4d8cd2518209eaf4c6fa0febfdc1e55776f0339e113599d58223abe8efe3fc
character.engineer.glass_tide (BRIEF_READY): PASS 67f17f7a9cd0e5a074375fc7330fe529ad69af5e78ddc1fea91e94a23fca6e03
character.engineer.iron_covenant (BRIEF_READY): PASS baea1bd9839df0889f41b064225b3b81aaa0ca1a72d4b441c5c73554167d25cb
character.engineer.lantern_hospices (BRIEF_READY): PASS f4a343d3f0accd80a979ccbad89b4b6aa6d6e5b5aa7f5a1100067edd0353a6d0
character.engineer.manytrack_moot (BRIEF_READY): PASS 40cac2aceefa047b6a3e7d938bf468e334430c8f459d2ba33972e2d394e93abd
character.engineer.margin_observance (BRIEF_READY): PASS 3aa58564f153cad79e915db818848a967be358c13b426ab32c188ad08e1674af
character.engineer.mire_courts (BRIEF_READY): PASS f74f00c2faa1e96f44dc76d0c0206299e7ab88654bd08742a48611631646cc7a
character.engineer.morrow_spore (BRIEF_READY): PASS 6c6903c017a52d431a553bcb0ae16709606345e9f72adc3c205df31deb880f63
character.engineer.red_sluice (BRIEF_READY): PASS 734d9ccf03da8cd98b9fcc911af14b4ef878eb54eab88f48305904eb15972ecb
character.engineer.reedbound_council (BRIEF_READY): PASS d7ce5642db19caa76b0b6bb15bf9d86168d96a259bc6073b532e51a15d2b25a8
character.engineer.rimehorn_clans (BRIEF_READY): PASS 2642dd4c7344a503ebbedc15c9e36c7953c9cbca2517add9d37a4290a3cda026
character.engineer.sable_steppe (BRIEF_READY): PASS f4293ac7e956311cc7c14800dc4557e82a45250e5c3c4f6015a60dcfbe1afaff
character.engineer.saltwind_remnant (BRIEF_READY): PASS 4bfdbcf66072e3d4dca0dddf566d04486c3c8d1f7e3cc6faccba9699defae3a1
character.engineer.sepulchral_synod (BRIEF_READY): PASS 24489856ebfc5d6defda784ed0148f4f83e2cad68987ebdf9c0699328457b02e
character.engineer.underhush_exchange (BRIEF_READY): PASS fdd977994a79e6928800e96cd5574ebf5ce2e81459d0d0e9dfe11311eb690ec7
character.engineer.unsealed_companies (BRIEF_READY): PASS 3d336148b904bf9191ad918eeded69671bd7c5b0186efcf5e75cb1411435b976
character.engineer.velvet_meridian (BRIEF_READY): PASS 996c11dc929045dc76c7cd1626f0fa8f8af29d708d508e86a40639e068b001ef
character.engineer.vesper_court (BRIEF_READY): PASS fd6bb2291617cd62cf75a869e4efa38f9cc0dc5ec618788453df34eec9e9297d
character.engineer.wardhall_remnant (BRIEF_READY): PASS 5616d68ba13c2a1597b9f22962d03a5b778db85bca7dc94f6054b3b94cfabdbf
character.marshal.ashen_compact (BRIEF_READY): PASS ebc73ac80333b2e5bacf44d0a02590ae349f67e4352ef753faafd29cfb86797b
character.marshal.brine_choir (BRIEF_READY): PASS a3b619a2fb6c3dee153f79deb1a91e66372a496587f5f42a6a36436ba0ba2c28
character.marshal.cairnwing_concord (BRIEF_READY): PASS cb5cb03404fff3949ffd9331f21f3d7c52c4c31b38373b82ef52555915c8deb2
character.marshal.cinder_march (BRIEF_READY): PASS 1d3c2a5715d2e7562bbf7985fbfa7693f5ca5644410e3683d38a70aad8f7f4fb
character.marshal.cistern_assembly (BRIEF_READY): PASS e736e4ed95995a72dbe7cb6d046457bbdcb78ad425d5c41f4eb86bb68ce7d5d4
character.marshal.emberwake_convocation (BRIEF_READY): PASS 2ed7f2e2d7faa36c851c2c54cdd6ee0b8d9977d9088830793707816c10253fea
character.marshal.glass_tide (BRIEF_READY): PASS 832a38f60db36262b094a858419f31ab4845c00b776de43f8200d7d3bba4a6e1
character.marshal.iron_covenant (BRIEF_READY): PASS 1b2eb6aa100ef3137dd6d3204d385a86abf65689bcc591e833e2f509d47a98db
character.marshal.lantern_hospices (BRIEF_READY): PASS a95233c792dbd8138482c30d6ee2c6b9533db8144bfcb52328a8bed319b8330b
character.marshal.manytrack_moot (BRIEF_READY): PASS 22724a55ce7477572511cfda310b2d068fab97619235fb91c4641654b6b0ebab
character.marshal.margin_observance (BRIEF_READY): PASS bbe39718ba1e4d926260bfc68bffa1de688cbf49f7d37dfc1f71f0f9417ff835
character.marshal.mire_courts (BRIEF_READY): PASS 79159c3455d4948115512fe552c48e05f723b77cdecb4a20541110142a95aa3a
character.marshal.morrow_spore (BRIEF_READY): PASS 8e2a8eb38ce9845214cef04c1019ccec02baa708ae24ac53824d0a5749e1f807
character.marshal.red_sluice (BRIEF_READY): PASS 2cc3c82c76f05a5a75e6045997714ffc292d76d220e9aaf7ab6d53251cde3a71
character.marshal.reedbound_council (BRIEF_READY): PASS e0ab2cce8870ca7d947fe8dda42be338e1c43cf6a31cdefd7bde0856a1a60528
character.marshal.rimehorn_clans (BRIEF_READY): PASS 86f19d0922c8d1ce5a58b4db7b20acda1151273bc5dec6021e8df2252c22b765
character.marshal.sable_steppe (BRIEF_READY): PASS a38552494bd9a426944e4ea29feb7ead67e39d36838943c4c8520c295ab96177
character.marshal.saltwind_remnant (BRIEF_READY): PASS 565c682885184009bd7fd75fcf0303e923dfa89567e451e0f0600913766d275c
character.marshal.sepulchral_synod (BRIEF_READY): PASS 1cd43c787bb3207b58b35103b7c41f5aa4d07056b01c3d241b9c1a3342cd352f
character.marshal.underhush_exchange (BRIEF_READY): PASS f6eb43bc50e8174ac42c528e4285ee719bfed54c1ee6e68a56e01f37114b4756
character.marshal.unsealed_companies (BRIEF_READY): PASS 2dbf30f2fe8af17c0dc4a057d2db4f23632a2cd7edb1c390a9e30941ba41c61f
character.marshal.velvet_meridian (BRIEF_READY): PASS 5b8f652dbdaca39c02f27bcc5f4d9c5375bbd55476e0d29df2bc1617f133437c
character.marshal.vesper_court (BRIEF_READY): PASS 8c2cadddfef1d3e5ced59574328fce2488e6a6c8dba629ccc922de45a5b4168d
character.marshal.wardhall_remnant (BRIEF_READY): PASS 3b46cc4c35727aef11c8b754f316109ee088119eeb93526b4183672f7cef15b8
character.surveyor.ashen_compact (BRIEF_READY): PASS 6f58c1c402b0b3e22130c070114fe0d7a1957a8268f3d7975ecbfcc2ee783573
character.surveyor.brine_choir (BRIEF_READY): PASS cbf591a91474c5bc6b3a2b54a768b6abdaeccccbb9861a51862e16f698eac4f4
character.surveyor.cairnwing_concord (BRIEF_READY): PASS f9b06b94f045cabf9e6948979b9637acd873c28f16a8266eeb7b07f7ad424931
character.surveyor.cinder_march (BRIEF_READY): PASS ba5264d5a3092f2642c9f26aa7459b581848d56c676d024192f365f8b87249c8
character.surveyor.cistern_assembly (BRIEF_READY): PASS 92516441758f2451480f12dc6428a4fd806e9241b831e2ca907ec240c21ad421
character.surveyor.emberwake_convocation (BRIEF_READY): PASS a7165256bbfc7cc7ea85f41d98768d94e2d141aa12895dc555cfbcdf93652f95
character.surveyor.glass_tide (BRIEF_READY): PASS 902cd08036db3805c185868e492555671f9dce5adb53cbefda61f696a3d15004
character.surveyor.iron_covenant (BRIEF_READY): PASS 9387cc481eacdb52aa029e830c59571624fb2c4fe3f31d89be7086c745598dd7
character.surveyor.lantern_hospices (BRIEF_READY): PASS 0f82ab55020b6a33afa9a346643942ed1faa0847d733a0b9c4bfb4a13d5338f7
character.surveyor.manytrack_moot (BRIEF_READY): PASS 3edc9969d070ff014c8f51fde0ba373adb213dc4f6ce3734cebd31ceb087ee86
character.surveyor.margin_observance (BRIEF_READY): PASS ec9fe707b4065610f106539fe8827d8a96514c3a3fde292469a887589cf6056b
character.surveyor.mire_courts (BRIEF_READY): PASS 486b223ae8a0688b402cafdfd23f78169d3e24b161fe24f2a67cf5a95b1d6420
character.surveyor.morrow_spore (BRIEF_READY): PASS c5aa1e5fbec6075e491ba0a66bac26be2a612921417ff8d097ae607cc970bfae
character.surveyor.red_sluice (BRIEF_READY): PASS 9c1b5dd3f3611be380758d2059f49484a08a980bacb9f05de14590a1f2f886bc
character.surveyor.reedbound_council (BRIEF_READY): PASS 3939dcbf466df567495556267653836ccd6aa54ab949de152faece1590f5df9a
character.surveyor.rimehorn_clans (BRIEF_READY): PASS aed54f20b8a2f034d3ddd39ed0f73ae8902e14d6d0519b42f401811fd40337ee
character.surveyor.sable_steppe (BRIEF_READY): PASS 256315973361f944e12850fc02c3f1eacc81ea110ec4d961b05feee79615f1da
character.surveyor.saltwind_remnant (BRIEF_READY): PASS 952ddf58970dd2a006031940aa73059f537b928a9ead0c3d5763dcc57e8c1bca
character.surveyor.sepulchral_synod (BRIEF_READY): PASS d5aacb667abd3b83e64b0d239c4c4f30ae86bb557e787d99a76b313c2243a012
character.surveyor.underhush_exchange (BRIEF_READY): PASS fc6fcf304b54b44c28d5040e1e412acda04d2743d8e98f480d0aaeb3480ee78f
character.surveyor.unsealed_companies (BRIEF_READY): PASS 396d43e7d1e8e99b133196f8033622bd2bd9638978d76666d13fcf2c219ca209
character.surveyor.velvet_meridian (BRIEF_READY): PASS e52b9b072e173ae2fd85dd79154ae562c1bbb0f5bd02528cee07c9eaf0521424
character.surveyor.vesper_court (BRIEF_READY): PASS af0f7272a29d29b9a7c8c9bbee32069f0e308a0331c4d469261adf3488750e95
character.surveyor.wardhall_remnant (BRIEF_READY): PASS e05b309177a4a3c4cfc7a5a1db2fc28a6cdc3be63e6358a39586e7702f4b1555
character.waykeeper (BRIEF_READY): PASS b9437d46a273406aa8302b05f0f54f8f9783ec7a3a3a57167006ca8b2c8f3340
effect.battle_ember (BRIEF_READY): PASS aab2711a8d99dc374d521c04174556df5896a711dd7bbb986b6df995012dc48a
effect.battle_melee (BRIEF_READY): PASS b25621273271f2cc8e21cd49f9d871ce90469ace5ec4614ef9b0341e8e4e461d
effect.battle_projectile (BRIEF_READY): PASS a82cce780eb0323cd3a9392b271a50b7da50389340529427294ce4e162490cad
effect.battle_rally (BRIEF_READY): PASS 1a8a5e15d6fd2bc0a14441ddaa520b10060876e1aef329c42865275cd940655a
effect.battle_ward (BRIEF_READY): PASS 78d7086e2be2ccfcb5c47458867c630985f6a55e07990d2d86ff8ba823cc3f04
effect.magic (BRIEF_READY): PASS f55649d09b494e2b25f53d9c8687aa931de091598c7b0a9ede243120591fd41d
effect.melee (BRIEF_READY): PASS a89745aa6b4a31e23725f9eea29abd43704a6fbc5e8dee77ab2e9cc2b5794621
effect.movement (BRIEF_READY): PASS 511325f3e65a43cb7b1a0b75ea2deb2e2da29c1e7664184a1474a7896e055a1a
effect.projectile (BRIEF_READY): PASS 30704f061fde7c499e574cfa22da1be1d13c93eacd23d041af50c00653a95862
effect.selection (BRIEF_READY): PASS 72758302bc01975843470775105faf21c56469c1f97c53f61f18c1b1d551d262
improvement.copper_mine (BRIEF_READY): PASS 38870c8e2eacb90c0e874327c906e4d0816ec13405010e7796ebe1660fef2a7e
improvement.glass_refinery (BRIEF_READY): PASS a2338357bf9ef24c05f1e9213624b107dffad37a7edd3d81f448c285c5c150ac
improvement.grange (BRIEF_READY): PASS d2e5caec9cf6e62311f0e27a7afd4ab8ca2b69bf17e47377980e1db6acb3461b
improvement.grove_archive (BRIEF_READY): PASS e53197772275ab2a6cbd9d8420b81aa59f058f5c2f975264ae8778396dc61699
improvement.iron_mine (BRIEF_READY): PASS d8eaeb7d38b3e96b349e0f6ae45f46ca636d71408dd874b7d698e9b01cbf0a7f
improvement.managed_woodlot (BRIEF_READY): PASS 18782bdfc2e76d8d512a8a1357ea58adae85c500fb8e3d5f5d5dab1cfef0cfc6
improvement.oreworks (BRIEF_READY): PASS 3e330c8428940368fd5124a217e9e65dede3ca2149f0533b96f1209c413eac5b
improvement.polder (BRIEF_READY): PASS 109eaa377f690c8366aab78fa69d39ab18fbd2efb08f24baf156dedd169634f2
improvement.quarry (BRIEF_READY): PASS 438b7ab9843d80c8805823fe43e6f69b5139194cce2283aa339045452fdc5381
improvement.reedworks (BRIEF_READY): PASS 037cc72a9d7f36e5ec186dd858dac5232aafde76bc3a199d8b0a7e056c0f75e4
improvement.remount_yard (BRIEF_READY): PASS 497ecd815f262541bac59ecedfa2a3722484a9e2bad055a2d73243e091f7bd7f
improvement.salt_house (BRIEF_READY): PASS 5c24e498e2cc9616d74edd8290ec1643168a4ae17cda9a0af8edabe9acf81e89
improvement.shore_fishery (BRIEF_READY): PASS a1b8c5b4ff60217e2ae7e06b91173c2829219ce1b06986cc320e7b0c2c413a7b
improvement.silver_mine (BRIEF_READY): PASS 6f915ee63733a1306c0c48c4df6b0dc796af4c1e903f3da314555e05112d2858
improvement.spring_garden (BRIEF_READY): PASS ba125826d4b9924dc8baaf1b5202e4dcd6f9865b342eb9e8391028913c379eae
improvement.terraced_fields (BRIEF_READY): PASS 6d5b7c6b28917e92c8019adc83241ef66bf0b1b057d6597b59f779b39f519e9c
improvement.tide_observatory (BRIEF_READY): PASS 1cce05f36e0e415cef97b4c94e07157b3170548f81e9e8fd8319944501b2bd1a
improvement.timber_yard (BRIEF_READY): PASS b75811ba83977ac31420774aae2769e23a8c45b58bc5ff8dd4738d4494babdb3
map.resource (BRIEF_READY): PASS e8fdc28eedd5fdcf3baa34d6933f5f7f6c4c95445c425510d1ec9283d8ef10e2
map.ruin (BRIEF_READY): PASS 26ef33cbd4b68f3adf0436c0ae52c7d528caf0dc40fa2747949a56e9140dc032
map.watchtower (BRIEF_READY): PASS a71921e2a38dc4aa64c347c326278ca296ff72258688e9695f444b013100617d
monster.quarry_ogre (BRIEF_READY): PASS 275df7fc718895ca22d83c4b3e823fed2119dfd6c3bc668c75ccec6b0bdf0a2a
monster.revenant (BRIEF_READY): PASS 10cbaca1bba92c69f07dc4dd0c5ae2652204fa85fe93c2ea08736683458055cd
monster.slateback (BRIEF_READY): PASS 890b24a6f6afcf86c61e146b19bc3bf56d1f271dfacc8c031232c04a979e7a53
resource.ashglass (BRIEF_READY): PASS 05c945dee7ea08700e0a72367f40c2d73e7602dbd1993e529c7a01efce36c7b8
resource.copper (BRIEF_READY): PASS 03b49ca72bd89d1359c6849f2aaac45e30af63820b23667f70e688460a526c10
resource.grain (BRIEF_READY): PASS b423e2ebe7cbb5e6a6c96ad28aa4ec1a37c532aafa30f26e18c3ae536723e885
resource.horses (BRIEF_READY): PASS d1fbd55b783a1cb22bd24d1aef3679ea1ef5af167b269c7e066613028ccc606e
resource.iron (BRIEF_READY): PASS d7d57565aa30869fd359643b3efaf1c85c3087a0304492238810e95cd8bf8670
resource.salt (BRIEF_READY): PASS 685722f90465aef6310da924fc4069c4fb6907e48dfbd5f7a6653748bc7bc9a2
resource.silver (BRIEF_READY): PASS 11a77557ce29635dedf3c259ea0dc02a030e632e6f5e1449c00d5acb728eea35
resource.timber (BRIEF_READY): PASS 22b733e7e090093f7476f823665f8138990a0261195830c0a0dcbfc7887bf641
settlement.city.ashen_compact (BRIEF_READY): PASS 85a799a679f331d4e0454972d0c7b9657097f9c08dd29ef54b3aad25ca30a2a3
settlement.city.brine_choir (BRIEF_READY): PASS 032bbf8d0b02a2e9c8396a278f4fac77f1b333e5a3b896489d7f2cb8179b0cfd
settlement.city.cairnwing_concord (BRIEF_READY): PASS 66f22cde7e5e0730c0ab28182c645711c0f23b6f7b0f7ca6067cb99a6ab3888a
settlement.city.cinder_march (BRIEF_READY): PASS 1bd85067602642b14eb428977e3a579ddac9680d967d02b53c411085339fe3ef
settlement.city.cistern_assembly (BRIEF_READY): PASS dc549b821f152108f742b7bb89e2e96f1d90f6a2464090d42617e169ac49cac3
settlement.city.emberwake_convocation (BRIEF_READY): PASS 6829703f6aa6a749f7e8405b2a90f37b9029cc09b909d22416ca2f308f5627d3
settlement.city.glass_tide (BRIEF_READY): PASS 1d1c0b71c305f5899428c77e75ba5613b26628edf7eb43c2e8a8ae0c7c83ad6f
settlement.city.iron_covenant (BRIEF_READY): PASS 2c500021c24f8d5c75caf9dbe3ffa3ed634a477fc9deea146fc5e702f27c1008
settlement.city (BRIEF_READY): PASS b5f0030e30658277e316c4b70e3f857e2da958b880d2646f0c6c0af76b3c5aba
settlement.city.lantern_hospices (BRIEF_READY): PASS 95b084ed02c90dcb08d95b9cecbffbffb6d613dce985fe1682ea653cda13b921
settlement.city.manytrack_moot (BRIEF_READY): PASS 2e9fa91726c84703e95210ac29edb585e6b8c9018338d3e1cbf662a719d1a76a
settlement.city.margin_observance (BRIEF_READY): PASS bbe6297ff55df2f27acba9071a1a3f5b554f56deaad31710db199ae4262b401e
settlement.city.mire_courts (BRIEF_READY): PASS 33843526a8fbcf9810d91c06fec52e26b76155555b3e88a018d00840dfad5a42
settlement.city.morrow_spore (BRIEF_READY): PASS 6996de4217c692dc00b0998ed9dfb2455488edf4afff7f839dac7b70a95ead5c
settlement.city.red_sluice (BRIEF_READY): PASS 4b155aaf5206004c0fc42ef460dd46225724cd30081065ee6867915110e4f1aa
settlement.city.reedbound_council (BRIEF_READY): PASS 1ef91a6fcfbf0330d4d502de498e6b88da68b19203995806e7fa3bf95d914962
settlement.city.rimehorn_clans (BRIEF_READY): PASS d7ad03aee853a50ce73d737b28c43a1ea11984b9c64f480f50389ad54f3cf454
settlement.city.sable_steppe (BRIEF_READY): PASS c8bf007e91ef627e980910710dc5a4021018f4784fea3b4c10273f9d044ab1cc
settlement.city.saltwind_remnant (BRIEF_READY): PASS 1d0a9008812775d8b0eddb316b4aec277e7de4b7ba2036d1655cfa6b53c34380
settlement.city.sepulchral_synod (BRIEF_READY): PASS f85424b2441ff126e1a5da7f68f6f188335376566d29bba09ce79c227ab45b04
settlement.city.underhush_exchange (BRIEF_READY): PASS 53d4841c39c24e851e4becaf110c5048ca28b207cf22f13e50373369925212a9
settlement.city.unsealed_companies (BRIEF_READY): PASS 8f23f493a6575f6e61357a5f9dbc2150a86ae3a6e0d1fcb9722e9bd672974e41
settlement.city.velvet_meridian (BRIEF_READY): PASS f252761d7c028aab6bcb85dbd43563007b7d96f1548958a2a1120177e88bf31d
settlement.city.vesper_court (BRIEF_READY): PASS b1670b12ba83e08b78c417ccae74e545877a3e80ec60ebdafc6df5d9aaa52b71
settlement.city.wardhall_remnant (BRIEF_READY): PASS 07d14ef75a2eb553789ddb1fe1207389dcc6f6363a03d4bf4d8be7262df2aa0b
settlement.town.ashen_compact (BRIEF_READY): PASS 87aae4f3a824b3a9b5a837aa875a03094580007ac2be1c0672eb91136796d316
settlement.town.brine_choir (BRIEF_READY): PASS 2fe33df807d8a691eca6fd0a902e7d4245a8a121413af756680b3f50ece6a667
settlement.town.cairnwing_concord (BRIEF_READY): PASS 1de5f0549ced052693d328747e39cee936c11d42ccb54dd85f5c40497e31a51e
settlement.town.cinder_march (BRIEF_READY): PASS 647b322cd1d5c80b44451651c51048461d1407cc3eb1eaf6d148e8d54cf15940
settlement.town.cistern_assembly (BRIEF_READY): PASS 75cfd6bb3d96fd0a5a8d633e22ea21db3ab6dcace15f035ecd8af3e201eeb70f
settlement.town.emberwake_convocation (BRIEF_READY): PASS f4d4378c8e11dc9f8b00d7f36cf287384626e25b1f2b1dc3b8ed1b7995cba4e7
settlement.town.glass_tide (BRIEF_READY): PASS b84dacb2256f089b3046126458908a54e69311d9c1366d3513d30d2547a64cfa
settlement.town.iron_covenant (BRIEF_READY): PASS 0b9ee6b1b41410231bbc698482e6d269d4575cb3290a38a396c672d0a9ff56d4
settlement.town (BRIEF_READY): PASS e697f15fcace69f644ca3d4c7cd7560939d6418daa33699e927bb67e0abc396e
settlement.town.lantern_hospices (BRIEF_READY): PASS e995c93229c263e4372f31215f8c1f5651b5a1d7de132aa5fcb9021d7573548b
settlement.town.manytrack_moot (BRIEF_READY): PASS 7afe13cc8628d6a13d6b998eaba01c0c84e70406dc91e132498a96c1c29d48f4
settlement.town.margin_observance (BRIEF_READY): PASS c7c602ecededf36ea75a1068217cf59b0ff1c5e6199abc6f408cf5f1224b67d0
settlement.town.mire_courts (BRIEF_READY): PASS cf01681c2880ac8a613fc6894d0d66e4c80f129feb71af40a3d0975edcc0ff32
settlement.town.morrow_spore (BRIEF_READY): PASS 187af98e2f55e28ed63f7c64ffd83c4ac634962ae0acca3bf4707a8af47f29a3
settlement.town.red_sluice (BRIEF_READY): PASS 13da84e07e1cbc2535891a003b4d07f6bc590b7c4531a70f7eb1de473cfec8b0
settlement.town.reedbound_council (BRIEF_READY): PASS c33d90382390bc347b28288ae0ad464b90a7708159abd4c9f76644df84ce6706
settlement.town.rimehorn_clans (BRIEF_READY): PASS 7676e36691f96e3076e59a22ba6fccba222e1faf2d66e3480b77e9238c285e6b
settlement.town.sable_steppe (BRIEF_READY): PASS f0e34415aba19e8f1b4163481cca55fe061cb9c3012b26200fee770d90f44c8d
settlement.town.saltwind_remnant (BRIEF_READY): PASS b0ae4baf730826dcad69f1220553b76b9b2de7f92c604655f5c1bc3456d810ba
settlement.town.sepulchral_synod (BRIEF_READY): PASS c9931d5a0da3d9aca747b128cbd9a3a0425405e6603d7fe632a2c146532b76cc
settlement.town.underhush_exchange (BRIEF_READY): PASS 8679855da386837f2e3457aaf19521f6bcab7883d76ea6688fcedabf04757367
settlement.town.unsealed_companies (BRIEF_READY): PASS 0e72ac7e3da1171fa6bf8a2b951960ccb64a74b6cd50ba8b6823ca252275e1a3
settlement.town.velvet_meridian (BRIEF_READY): PASS b71bea6603a383299a868d12450d2c6ae475b751f9a3fdd67097d7cd5b0ec49b
settlement.town.vesper_court (BRIEF_READY): PASS 8c7e98ac6f4dd4aa8be65f15f5b54408de4515fbff846426c77c0a7eb82fc98d
settlement.town.wardhall_remnant (BRIEF_READY): PASS 9772047c9d10d7abd8867a1a9f981444cb487dc10c61c13c3e84d5e8c322885e
settlement.village.ashen_compact (BRIEF_READY): PASS c11c45d6edca611e9bb0009de02e23fa826b5a3e36c3363113426d26d8112987
settlement.village.brine_choir (BRIEF_READY): PASS bdbeb33b6a94ad99c18bcfbaf0012280d35c85273e0b6d880b9601b110de0a66
settlement.village.cairnwing_concord (BRIEF_READY): PASS 0fd049762ede45535d5c02d76ec339d062d3105f9ffb9dfd77b3d7de59d2b735
settlement.village.cinder_march (BRIEF_READY): PASS caee98724dac62a8a9b16c0dd411a6eb53bb88fb5ea983c2d3ad8b1743e9c6c1
settlement.village.cistern_assembly (BRIEF_READY): PASS 95850412f0eb259e811b38573464d11e1bb51feca51965ca140d86c2fb299754
settlement.village.emberwake_convocation (BRIEF_READY): PASS 49808d539a0fba44b3b6bff6d34da5bbea03fc8402cee5be68ac79a40027138e
settlement.village.glass_tide (BRIEF_READY): PASS 29e14ee7fe44136a2c71911e53e1497a2cf152ccdd96be06b4bdf3d4fdb396ec
settlement.village.iron_covenant (BRIEF_READY): PASS 62d0272eaf961901767b8007d9664215ea09adcac50909d51be93dfc312d9517
settlement.village (BRIEF_READY): PASS 59b8df49cd743998b1f62d61a109c67138dfd26e74aab687057c6810be036f57
settlement.village.lantern_hospices (BRIEF_READY): PASS af702bfdc80b1b4f1bdeb97de75af4b7309d347f0ac5a66db51a8b5415591346
settlement.village.manytrack_moot (BRIEF_READY): PASS ec0706d865fb4aecace794291f51ce21f763e71c7e07e79ef4f428369bcd290b
settlement.village.margin_observance (BRIEF_READY): PASS 66136ed9acb585e91b49a3295709a77b6bedea7bb0c8a1cc6a2bb18f05eee8bc
settlement.village.mire_courts (BRIEF_READY): PASS d41e6a4920c020b84f566fd9f9e4f99c5c4b6dc4033e0b768bf0d8a969c3686d
settlement.village.morrow_spore (BRIEF_READY): PASS aacd82169d4b3fba96a6e23105c24a2c16ffc3e172795c4736e75637854e62a5
settlement.village.red_sluice (BRIEF_READY): PASS 443221d0b1db1176c8c10d941c46228030972748bad0c27a36c3aa727706cbd6
settlement.village.reedbound_council (BRIEF_READY): PASS 408b68c290600593e024f5c1d2d97658279b78c3894a56abb256c7bc665f54a8
settlement.village.rimehorn_clans (BRIEF_READY): PASS dfcdd2f6982fb72716a67f5cd1ad325e5e7250bc99de4c3263cb006ff9face68
settlement.village.sable_steppe (BRIEF_READY): PASS 1716353548305d8b369e207a3ae2df4c5ce25a869320fb2581563061edec50e0
settlement.village.saltwind_remnant (BRIEF_READY): PASS 79840ddec12b983e6ec0e4e747f17d190f369e5be5ed92b562096674f088aad8
settlement.village.sepulchral_synod (BRIEF_READY): PASS 932438eb8e315948c564232b09299b84af320eb721e0438758ff431ddd875601
settlement.village.underhush_exchange (BRIEF_READY): PASS 4aaaf7904055b5114ca732a7c3738d625ad72dcad185ef0803948b785b830f52
settlement.village.unsealed_companies (BRIEF_READY): PASS e297cf5f19efa9f5ee761f6035377d56329c4b8eb671e0754c9de6e5e3940b29
settlement.village.velvet_meridian (BRIEF_READY): PASS e545097489ffee0b68982db19cfaf11c227c11af349b6001a03f00453e7dc8e9
settlement.village.vesper_court (BRIEF_READY): PASS df7e375cf72ef65d6897f0011e563375269e82991efa5734c48e1633426a9356
settlement.village.wardhall_remnant (BRIEF_READY): PASS a07a32678d7ad236f7f48684ac98dfcb874c621f29b38c781b69cfe73f9d51f5
terrain.alpine (BRIEF_READY): PASS 5f90fdb04a3a2481cd6390b9d5f29cf0f4c45e73a1a14721ab54d3e6047f9920
terrain.alpine.variant_1 (BRIEF_READY): PASS 67cc2ecaae7955cea730de3ef2d9a9d011d637f08dc4dee2d57834e9d329b13b
terrain.alpine.variant_2 (BRIEF_READY): PASS 62f377d1122bbf0cd3bfdaece453aa2dbae9c28788cbab45aa00a89f1ab8caeb
terrain.ash_scrub (BRIEF_READY): PASS e9785d8f1e52274ddb936ec2f0ed3d459d565df82b5bc4b6068e5afab165994f
terrain.ash_scrub.variant_1 (BRIEF_READY): PASS 13bea971235b912067145b3779d8009e80b3ec4019d533c225e81427795fd247
terrain.ash_scrub.variant_2 (BRIEF_READY): PASS 0dc34209fab36426c73f54d205aa1bcf08ac4855836c4692b6121f8bba7a617e
terrain.chalkland (BRIEF_READY): PASS 06438cf23b5b5f727bb60cdbef2b02aa079c7bfeea3f3e3ec5a7a3885db57902
terrain.chalkland.variant_1 (BRIEF_READY): PASS b7eb0755c0d8aa54fd20957157d3dd12e51667d58ea6242727f7a412d8c528e5
terrain.chalkland.variant_2 (BRIEF_READY): PASS ac1825641b9511f933a3a155c94350acfcf0358a0f56d16bcbb0f03a63bf6b93
terrain.coast (BRIEF_READY): PASS 64383fb3d9f4f11bc30d545fa06c2081da20d1995a734a829eacc79bb365771c
terrain.desert (BRIEF_READY): PASS 6889bddd56e91be531f530f99691fec8de4ac7e5ad3bdea93d2dda19a3bfde01
terrain.desert.variant_1 (BRIEF_READY): PASS 966415c2453f03021d2003ab85c83121c2a992cf9737f30e8e3d708478985ab0
terrain.desert.variant_2 (BRIEF_READY): PASS 483064d4c643d67df6e2c9b9a6249e423cba910db453bebf7c34bc9cb8c2f0b2
terrain.grassland (BRIEF_READY): PASS bb967591745a430e9e851faabae69dcfc790a95eb4c7d178d547582d4d359f9e
terrain.grassland.variant_1 (BRIEF_READY): PASS 486d91ca2005bc22e4306b6a664923e22ed6e4d74862d57fff2de1065f67acad
terrain.grassland.variant_2 (BRIEF_READY): PASS d7267f78c59d48c8cd84145137421fa97b6b993c3d7a6a89cd023b851697bf15
terrain.hills (BRIEF_READY): PASS 8e486f3280e554bccb60572c34a2194866ef1f158c67a12720203e12372ea0eb
terrain.marsh (BRIEF_READY): PASS db169e82ae1f1db0c2232d000a16d986ed921267473647a2bb5404cec63b4df1
terrain.marsh.variant_1 (BRIEF_READY): PASS afb59942c04ed7de6f6ca6c11a735bb72eb63cabafa7f193783670715e683736
terrain.marsh.variant_2 (BRIEF_READY): PASS 94cd6b8b870a2765c7885ad57d21a2f49a3ee09b6e9e2650054b749be186f066
terrain.ocean (BRIEF_READY): PASS 74d8a1378cca5b8426be36bb7ccdd6f495861c3f9422b90f0730e5fb0b7a71d9
terrain.ocean.variant_1 (BRIEF_READY): PASS 04b944eaf765f7e20ec239aaccd3008cb52983af1cc31c8c67fe209dd9af8d4e
terrain.ocean.variant_2 (BRIEF_READY): PASS 9fb368a6f2846beef7b4b733fd2e56a35fa5fd4b35885ffa635acd1c232e0324
terrain.rainforest (BRIEF_READY): PASS 324c390fa5ddcbd64ba7aa72650b39c1f63119b8870ce40ed408b2f887df9998
terrain.rainforest.variant_1 (BRIEF_READY): PASS d6ee7951b7e5934ccbc66d9cb8114723f4b67d8dd5acc61c6418d17dfef9a33d
terrain.rainforest.variant_2 (BRIEF_READY): PASS 7d39494622e10b1c23fcf8ac5dada95b831cb56b59a7afa3790bc6fb01e1c5a3
terrain.river (BRIEF_READY): PASS f2e03ddbc6d373cf83c744207e9d11f35cadf0c4095e0b5437f68801fc005018
terrain.road (BRIEF_READY): PASS 3287b51136cca74c8be10e3a60fcd18d6a80df82c0229c6b3fdcde2428a4ab91
terrain.steppe (BRIEF_READY): PASS 5eec8d815e1e83ae106e374daffb43a67885a85fb93840b35641628a80120616
terrain.steppe.variant_1 (BRIEF_READY): PASS 939d096ff52dae97e286ba5b1517e3b0ce2a4914ffd815c247db3864993cbd4a
terrain.steppe.variant_2 (BRIEF_READY): PASS 69a2abadd267927e682737582822eabc4cad9ef5a13e1ac2fbe1ab4da7842210
terrain.taiga (BRIEF_READY): PASS b843c1832420f888d45fe8b7929e10ab201b4723ce7f1bb32745201e9af737e9
terrain.taiga.variant_1 (BRIEF_READY): PASS d4fcc8222221fed45ddf3941fb6149b33199ea97849f940d44789697b9a28db6
terrain.taiga.variant_2 (BRIEF_READY): PASS 6bd40a631a5233218f338dc8d6f36ba29ce2080e33f43afd8ee2404ee65ff9d5
terrain.temperate_forest (BRIEF_READY): PASS f6320c376b3aa8f5525f4567428dbe19bfb4d2c2c2a2982131cac890434f7522
terrain.temperate_forest.variant_1 (BRIEF_READY): PASS 691f4fce18ef2849b89c48eb4658065831ae43e50d3473de4d023bf63a124f09
terrain.temperate_forest.variant_2 (BRIEF_READY): PASS 59af911da72d56fe9166a3f32ce641e478773aee15b809af6eee7fef075611b4
terrain.transitions (BRIEF_READY): PASS c2d894728b84259598c834b174a2fa409f66c0a38a3516934b5e34e58d011b13
terrain.tundra (BRIEF_READY): PASS 8dd0221e106ba3eac4b08c87e5311aa699d50cce0e3e0d82f18596b1cf298c15
terrain.tundra.variant_1 (BRIEF_READY): PASS fc236ed9d7f445668154d75bd191400daf6f855b136a32600529ab5a60aecba7
terrain.tundra.variant_2 (BRIEF_READY): PASS 01df2cf779a81c7b04145f4ca36363de403afb6d35b5c96cd8da2cbacb74c497
ui.badge.ashen_compact (BRIEF_READY): PASS 45e379ea4e09b5c450e295b66cc7a930110766b40e013019a7ba9adfe3be56b4
ui.badge.brine_choir (BRIEF_READY): PASS 0f303b95bd0f3708d8214d9eda52e1d9c44b2b495e8ffaaaec7feda81cb43dcf
ui.badge.cairnwing_concord (BRIEF_READY): PASS 3660bd5d7d999c3c370ca1668daab3fe9d9c5def07a7aca243701f7c4fe24eb6
ui.badge.cinder_march (BRIEF_READY): PASS d702aa8883e812d5016409a1dd5347279204719d70a5c5161e4bd55229be8a68
ui.badge.cistern_assembly (BRIEF_READY): PASS c124cbc5754e3acc3f0f52ab2039f2f3d178d05f51e41a6ae1bfd6470f7b32ce
ui.badge.emberwake_convocation (BRIEF_READY): PASS ffe661acec1c67c4330ac3a2144b2fc1d0a785ba27477b1f7fee9e0494a53f72
ui.badge.glass_tide (BRIEF_READY): PASS 28679c7d9f6201fdc38c0eb9f63a79c86faf956c69a5d5a90721dd18a737071c
ui.badge.iron_covenant (BRIEF_READY): PASS 89fc054ec0ac62533865163b2d339ff1601419dd025ed89a97b0fca6546e10e1
ui.badge.lantern_hospices (BRIEF_READY): PASS a7cc8e77aeb4b79ae9829c0a90317aee748caea1d90db378e940479b7e5b01c8
ui.badge.manytrack_moot (BRIEF_READY): PASS 2608df708331a2c68af7ba32fcbf6c47bf3bee4369cbf2403399215f59479828
ui.badge.margin_observance (BRIEF_READY): PASS c32cdb43bd44ff7dcd0e48f24e1f70aba25db449280c17632c11e7f607273832
ui.badge.mire_courts (BRIEF_READY): PASS bd4ec5eacee6b0df7ad078df73f3877355d224cc7f0b82fd6b1cb7e558b793e8
ui.badge.morrow_spore (BRIEF_READY): PASS f85f164af3a5f3df80da1e7605722115ac27acb47a0557d975adaaf3e575ca80
ui.badge.red_sluice (BRIEF_READY): PASS b631509ebb5b9a1396733cdeda962251541c9e76ffd5bf2e3a2dde6d59d2fb0f
ui.badge.reedbound_council (BRIEF_READY): PASS 137f4732b0f1389ee8fdf6f4b77981d0c89cad9a8f22f7db901e6fae3dd0436a
ui.badge.rimehorn_clans (BRIEF_READY): PASS 8904a42432278aebdf10eafda82e9bd143c2affb9bf307327053e260101d6cd6
ui.badge.sable_steppe (BRIEF_READY): PASS e69a283a4ffd5564a7b1250351921c53670a977813bae3bdb15f7b4bdb57ce09
ui.badge.saltwind_remnant (BRIEF_READY): PASS 5192c3e921f781962bafd0f6125a56761710b0693c82bd8bbe645be5c7b46239
ui.badge.sepulchral_synod (BRIEF_READY): PASS a6dc96b7939b1f460916542329cd16e74209bd1a4cef32e7d65b53b589b03a61
ui.badge.underhush_exchange (BRIEF_READY): PASS 4da9e1f44c2dfdf7c85b226f89b277769d688c3dbcdaf9c291cae2369e00898a
ui.badge.unsealed_companies (BRIEF_READY): PASS 66edb04a51f891575d130be6fdaaeb6d164f754785cf1fa6798992894d78fbea
ui.badge.velvet_meridian (BRIEF_READY): PASS aa0270e14578c219e778d7992281c5e119a0e683de574f2958918172fde78091
ui.badge.vesper_court (BRIEF_READY): PASS 6704f4595b8eb82bbbf7b1b50db96917f465c8a6ad7370162a6b03867ee57a79
ui.badge.wardhall_remnant (BRIEF_READY): PASS 1ec384a2b270e4b5c0c4f66accc7bb4f260f009b6d81f04478c0300040065249
ui.banner.ashen_compact (BRIEF_READY): PASS ec3a79b6ede12629a761a109203755c1e19edfab89742d820a23ca61792e434f
ui.banner.brine_choir (BRIEF_READY): PASS 6684275de452d5bc5d20490262f730ec2da872a4a38c2c5f2e05af64fcbb7701
ui.banner.cairnwing_concord (BRIEF_READY): PASS fbefa5a3511e4765200c3e5d273bdf871a6aa999242f834e656857c55838d551
ui.banner.cinder_march (BRIEF_READY): PASS c7bde36897b5efa32ed35aae4e1da76c3cf27e33b112c68796c4be5257c00279
ui.banner.cistern_assembly (BRIEF_READY): PASS 568510704cf347bddc9395def076cc38a8a6b270403fb97cef2a01f53ef46e9b
ui.banner.emberwake_convocation (BRIEF_READY): PASS 7eb36420be198c683255badef6d60b36c1acf9fa03021c5474c139b76b40c397
ui.banner.glass_tide (BRIEF_READY): PASS 80ca08c61fa3c9ed5e70981bcf4e595596dcf392843b2b2ef62d5a1809596e11
ui.banner.iron_covenant (BRIEF_READY): PASS edd3f03f67addfad5c3ca9a0333edff123fbd83fd96dcec7be0554fca1801ba3
ui.banner.lantern_hospices (BRIEF_READY): PASS 28773cd6e93240e47831fcc9fe1beee0dbd6bd61ce8c24dffe87943d3697f315
ui.banner.manytrack_moot (BRIEF_READY): PASS 1c673a39163b04f70e7e2267617bb2dc0948589e1162aa4f45abe50c32322e42
ui.banner.margin_observance (BRIEF_READY): PASS e08299700a1cfa4a89b3ebfa7a0afdb0bff290ecf13439458793608b20b8258f
ui.banner.mire_courts (BRIEF_READY): PASS bc0806271516be180274b0de73cca3c77f9642a0e831bd7713bbe24053495d1d
ui.banner.morrow_spore (BRIEF_READY): PASS fe798f58bb45018ffd68f2c6f24ad1ec9f44ba6fd1f799eebb14501b4f432093
ui.banner.red_sluice (BRIEF_READY): PASS 1e186968ea19cecb18fbfc3e3311f568663e7203bf2b7d05bfc73b53386edcf3
ui.banner.reedbound_council (BRIEF_READY): PASS ee5ab879bad755aef370599b414408dd70ed6fe6d93f9abbb3a7981f3d6e683b
ui.banner.rimehorn_clans (BRIEF_READY): PASS 30fafe4dc1000c4a18505f5f03dc73e08920bcb2ddde19d265baf8ba58e9d688
ui.banner.sable_steppe (BRIEF_READY): PASS fc29aa76d81d9f56ffcb672fe10ac89c0dde3efb913384747561b24c94a20a14
ui.banner.saltwind_remnant (BRIEF_READY): PASS 52751a679330859138c4f4b683aef0c7f5dc8d5f89f6dda91163b1ed4f762968
ui.banner.sepulchral_synod (BRIEF_READY): PASS 92884187ba6a65284338d102a557d0ce35d4eae09fcc3b72e383da08bb5de690
ui.banner.underhush_exchange (BRIEF_READY): PASS ef4e6588720ed9df7c3a643ab001e1b207730f4a2d2b038216611729eee43cda
ui.banner.unsealed_companies (BRIEF_READY): PASS 3dd5d008b15687922c6dd45c5919ac8ea2f549758f87fdbb4dbcfab3a81f0f7f
ui.banner.velvet_meridian (BRIEF_READY): PASS 36b117fd6310b93fa47e8aee9989b361ed3266617f685f144cfe3b705c224b27
ui.banner.vesper_court (BRIEF_READY): PASS ef865bf53062e3d80db6a3fec282671ded3d08a566545ac67debfec660eeb573
ui.banner.wardhall_remnant (BRIEF_READY): PASS bef147286806e969c269948a210160aab97ad27c401801ce44d0171f39f978be
ui.crest.ashen_compact (BRIEF_READY): PASS 9287bb79dbd73d35d7a1c7695d5926bd0fe265aec92513960c7ccd6edaa8d3bd
ui.crest.brine_choir (BRIEF_READY): PASS 98710e4f117f1db6c13f257ae9f00fe4b895eca0198d655f2b774c2759db5bab
ui.crest.cairnwing_concord (BRIEF_READY): PASS d1f093ea83f8dec42e041a458b6f58df88926f4ba5bf5ab9d77056b861f95d91
ui.crest.cinder_march (BRIEF_READY): PASS f7c5269236185957d0cc1b94fe6264dfaf4503a4de8bf6943ac734e7ca657685
ui.crest.cistern_assembly (BRIEF_READY): PASS b72f5527d60e624212a98f79c7ba63ab3e46c2e7a9a0bd8b4bf462e87ef84940
ui.crest.emberwake_convocation (BRIEF_READY): PASS 8e6df0e0bb976729062bd5e9dcb751e661d6310a301eaff81c5a394c9f76060e
ui.crest.glass_tide (BRIEF_READY): PASS 751b5ebc35e7baf0a31346df8e623f6acad63985b0d50c5cf6c813f7a8cda494
ui.crest.iron_covenant (BRIEF_READY): PASS 62d1deaa46862db7deb59971d0e9ef447b2bd99baaf445e91ebcdc352fbbb1fd
ui.crest.lantern_hospices (BRIEF_READY): PASS 5e754caa67513d7ac3da72c1794f458dbe8abffc6a5808c7d6f059c611a2a587
ui.crest.manytrack_moot (BRIEF_READY): PASS 1fc95a9b8b502c84873aef1cf0f5a89466b81ebe2a195fc73040271a6f1c812d
ui.crest.margin_observance (BRIEF_READY): PASS de66a5faccac46085c33b82e6e3f8b5e6fe2558afb58465e6dd5f33f3697ba77
ui.crest.mire_courts (BRIEF_READY): PASS 19a0121c8711ed2da390a18f350dfe431d2c0606e16df6125797d8250fd030a4
ui.crest.morrow_spore (BRIEF_READY): PASS 242cc7f624961c676bb088b4bf0a22ee8be92f035d37b45ea40e4433a1a5b2a8
ui.crest.red_sluice (BRIEF_READY): PASS d7171e3a991fee312aece12fdad0c8beca0c6de004a99f99286b5f492f02e481
ui.crest.reedbound_council (BRIEF_READY): PASS 05e9123ee8c9e2e8b833bd67eb10285dd670f50be0d6016c0976a8c7c4785e6a
ui.crest.rimehorn_clans (BRIEF_READY): PASS 570ea5dc1bc3fefcdf6e91511048ecfa0c8490e93cd92325a81f6fb534de5ccd
ui.crest.sable_steppe (BRIEF_READY): PASS 3a4b7faee56298b965c23f58ef837e511a0a61d711314896a907df8c61f19b2d
ui.crest.saltwind_remnant (BRIEF_READY): PASS e3324df87d005bdda293e1eeca2a6bac52ace7b3a541e16a331290c8106b95f7
ui.crest.sepulchral_synod (BRIEF_READY): PASS 4920c831b41d784954feae7feffd42bce0a3224ea94fa1b6242bb2e32024bbf5
ui.crest.underhush_exchange (BRIEF_READY): PASS 5a04780089f9e6fb67fa3757b9fbc88df46e0b9e1fe51045f4e751a5d00eacc6
ui.crest.unsealed_companies (BRIEF_READY): PASS 4e1fd1d1d0aa636719f0df7a9a835acfaaecfe7252ccd2848aaad5cde6c85a80
ui.crest.velvet_meridian (BRIEF_READY): PASS 7d4e3ca491bc300a441e35a8ac19e36e7fb724462a1295331dcd115dc09bd83f
ui.crest.vesper_court (BRIEF_READY): PASS 2e6c2ea6ee262eb5ef6043ddacd28a89f2ecf757997418ac3053ee4ebb61e1b0
ui.crest.wardhall_remnant (BRIEF_READY): PASS 4f0ca9d5f96a26f0199b087dd3acb033c6d4bc060565d70791e941ae39ae0ba3
unit.cavalry.ashen_compact (BRIEF_READY): PASS 15129bc4f666aee4a5c0195157a3a089cc298ae548386fc17dc1dfb3feb70bbf
unit.cavalry.brine_choir (BRIEF_READY): PASS 4d6cef18b55027de07c853d1a5d488455f4aabff995c51758ff5ab6e77adbf0b
unit.cavalry.cairnwing_concord (BRIEF_READY): PASS 9b414281e955b0d8e44eb37e9623c8987a9e565582cfdb7e581d48c0cbf670e4
unit.cavalry.cinder_march (BRIEF_READY): PASS 1dc775bb920013b526b4d9199bf1aad2922b0882020e6737dd593cc6a153af69
unit.cavalry.cistern_assembly (BRIEF_READY): PASS 6918e35d416a1d923c224e4406dfbf0077689a69aacb0d82255a1bee35fea0f2
unit.cavalry.emberwake_convocation (BRIEF_READY): PASS c9ed0499f657bcec5aa700c574cdbcc33016a28425e940e3ab18b4d6887a645b
unit.cavalry.glass_tide (BRIEF_READY): PASS 8a4336323f46ac5f9340191a1bf51bde79a2e567ca55333cf7969ce426d1cbb6
unit.cavalry.iron_covenant (BRIEF_READY): PASS eba0720919e5a56ea021d290e7dfdc142eee3a973ce855743f11cea882172e7e
unit.cavalry (BRIEF_READY): PASS 6a9c5e974e185dc383000e0b5f9ed487327e145cd5e91bdc4ac61bc7618b4ad3
unit.cavalry.lantern_hospices (BRIEF_READY): PASS 10986131f2825b7b669911f6665d87482c850983c8eff434fcc070d59834f98d
unit.cavalry.manytrack_moot (BRIEF_READY): PASS eb5b64507db003f0becb172948f780b877d168e09b66f782dc89039f71150135
unit.cavalry.margin_observance (BRIEF_READY): PASS 0f8d0a658ad4224f6c17a471068937392b4be528e96ff765656059095b95b3d0
unit.cavalry.mire_courts (BRIEF_READY): PASS 07d81bd23f745580749b292e21a85d777170d46d7c87d3a22e4b3c05b966e5cf
unit.cavalry.morrow_spore (BRIEF_READY): PASS 8af7e879ded90493bc34f9d8d289ca2dcf5f22fa2c1f3d11d6fb2d9eebda3486
unit.cavalry.red_sluice (BRIEF_READY): PASS d3c527666841076c7594ec44567db5a3cc2a362bd5c47d5017ad50a83078dc3e
unit.cavalry.reedbound_council (BRIEF_READY): PASS 8bae63d67a11e792862437a5d82dbb5a37c1514c881c9ef3d92eb29a111c0996
unit.cavalry.rimehorn_clans (BRIEF_READY): PASS 7a7e4413c821378fb0e7d474276d1e5f88d2ee2ed85050f9db5af2a47f0325a4
unit.cavalry.sable_steppe (BRIEF_READY): PASS ecfc5090854bbc03872a4ac0189504fd146a9317e0533f44d31b4e21b4592f88
unit.cavalry.saltwind_remnant (BRIEF_READY): PASS 3845f00cb1002c831be184dd1e82193617fe4e0203fc42da82da57e7e4912df3
unit.cavalry.sepulchral_synod (BRIEF_READY): PASS 4ef3f80e8a8849be54344b52b22271b529cc7909764d8ead762fbd831693f268
unit.cavalry.underhush_exchange (BRIEF_READY): PASS 2874df5acf472886c51c89e435f7fa074368c634d2a818a3e4f3600c2cd80129
unit.cavalry.unsealed_companies (BRIEF_READY): PASS 0ecea8d3837196a9b7d3bee406ea51f715546e647c9b52037c59afeab2110d1b
unit.cavalry.velvet_meridian (BRIEF_READY): PASS dca8cd9f83a485fa4480bf8b60054bdd49f66421c2e134c6e0e53ebe59e2b34d
unit.cavalry.vesper_court (BRIEF_READY): PASS 0581b3e5d7adbf49c84a61d46ee0293e1ca3389a819a3e185a1593ba75662f01
unit.cavalry.wardhall_remnant (BRIEF_READY): PASS 901c576fe0f41fec51996e6df628b60f47eeea8ff860fcd3a1851e31d9e09367
unit.coastal_warship.ashen_compact (BRIEF_READY): PASS edad60724307e087560d83ccb5ce7817a0f7acdb26c7c9f7982778f451d15f0c
unit.coastal_warship.brine_choir (BRIEF_READY): PASS 7bd490afde4683f6bc99f32ca365508600d632a8f777be863e30ff3df0491de3
unit.coastal_warship.cairnwing_concord (BRIEF_READY): PASS 811b8b0e3a97b7b76b1fac208d017d33d2a2bc7e0656adcda0de2e417b19b244
unit.coastal_warship.cinder_march (BRIEF_READY): PASS c376d6b8bce46e1345c9836ae8c9ad6c7928a42a26c5976abda11b0fdfef0a59
unit.coastal_warship.cistern_assembly (BRIEF_READY): PASS acd56f09449474166d9b8684d3b46875c6d336229d37e85542ade09a966f545e
unit.coastal_warship.emberwake_convocation (BRIEF_READY): PASS 437395f63af6ffd33f00bddc75310131998248cf4d42d31b315489f4908d03f4
unit.coastal_warship.glass_tide (BRIEF_READY): PASS e5082d3e9218a474e71366b85f35b58e72ae1ecf760000aff4aa25ee4da343b6
unit.coastal_warship.iron_covenant (BRIEF_READY): PASS aee103007d859b8ce619c4761911ab7057e2794d35f00bd54fc486ce0bc19c5b
unit.coastal_warship.lantern_hospices (BRIEF_READY): PASS 4fd7d315290df3fc66f554ddaef27cf2e5829a8b10e0f0d49ac9065a5b70d2e5
unit.coastal_warship.manytrack_moot (BRIEF_READY): PASS ba57c1d313cfba48931daddc726b34884e8ea7ef6e975cd9506c948aa8f41a96
unit.coastal_warship.margin_observance (BRIEF_READY): PASS 822963ff7f9055fdb9fbe591f868b763dfdfde60f687b2e70b19c3149c8ef032
unit.coastal_warship.mire_courts (BRIEF_READY): PASS b7b5f36a1eaaab2035862f91c68b035f981aa0d218a7f011a300b7202adac55d
unit.coastal_warship.morrow_spore (BRIEF_READY): PASS 60fd3868cc21d79d3b0c2cc3f1d4f4c99573e1cdb829d1691089d1cbb64174ea
unit.coastal_warship.red_sluice (BRIEF_READY): PASS 17ea8140a7383e3ee636a72e86cb691445b145441d421abe9089870c5b6eeb15
unit.coastal_warship.reedbound_council (BRIEF_READY): PASS c088adfcc778e21b78eaf56ab7865410b04cbfbee028d86bdf1d05b4ebd261f0
unit.coastal_warship.rimehorn_clans (BRIEF_READY): PASS e95a713818ebdcf34ba90ce9c752a5f8ecb3a4a80d9621dfe3fe479afa4df9eb
unit.coastal_warship.sable_steppe (BRIEF_READY): PASS 1ccaa185ee761435314134d1e2722bdb3fb375722d1b2d10856400dc087546b5
unit.coastal_warship.saltwind_remnant (BRIEF_READY): PASS 55e54001c36d2fdef02bbb56d38d5489710c79c7a7820da8040fc4dfd48d3873
unit.coastal_warship.sepulchral_synod (BRIEF_READY): PASS 9955add98f5335e9c0e37e4b2946e285426ee08fc47081ff73cc38b811925048
unit.coastal_warship.underhush_exchange (BRIEF_READY): PASS 98802289395d758939cd610a7d720eed843d05bfc86bf8fdbc1f46adc045600a
unit.coastal_warship.unsealed_companies (BRIEF_READY): PASS 15fa3b31d8ca8f7be947c6e0977f8c5a8a7e2df95f2eb562ecdb54a1dabb88cd
unit.coastal_warship.velvet_meridian (BRIEF_READY): PASS 1f8d31667ef358b686000504f965adc1ab598e1d34fa49c85fecc4603ba6cc39
unit.coastal_warship.vesper_court (BRIEF_READY): PASS 71e1c1251b2374ec18c4a7344978386cde3cb5f77db3f99037a4f145d5a1f771
unit.coastal_warship.wardhall_remnant (BRIEF_READY): PASS 948714d3574ae5ca9dda99216e98de4c9d48fa64323de1cd7ccface9012ee840
unit.colonist.ashen_compact (BRIEF_READY): PASS 03c81f96510286ca05082c21dd9c1722ec09bd6335791e7ddac0880d9dcdac1b
unit.colonist.brine_choir (BRIEF_READY): PASS 1c7c59ae282f81e3ede84deb473578cb088dddb1f1962e868a21ce7c78c26f2a
unit.colonist.cairnwing_concord (BRIEF_READY): PASS 3d1a9184f57cde1f991e44182235cdd398b80c7977ddefe57c92456f4179610f
unit.colonist.cinder_march (BRIEF_READY): PASS 97b5a80067df692de5e458b2e155196277727762908e6c95f1e4ce3d730f89c1
unit.colonist.cistern_assembly (BRIEF_READY): PASS 621a0af5b01706f8d59da5f0a52244364b59e520e743ece13c898e86b72c52cf
unit.colonist.emberwake_convocation (BRIEF_READY): PASS 1f258658e0e07251e8a5b998fcb9bf618e600fd9418461c0369d5d3360f41865
unit.colonist.glass_tide (BRIEF_READY): PASS 411dbb9356fda471fb0a6ef96e1109c4256726938ca5aa9712a195e92a18e01e
unit.colonist.iron_covenant (BRIEF_READY): PASS e020a112862a2868dc403f8df702433aea0ff367abee427b80ef1228c408c673
unit.colonist (BRIEF_READY): PASS fa70bd85bfa168f7ddf717c56a55435e7dda675f654ba9473b21756a46a4ac41
unit.colonist.lantern_hospices (BRIEF_READY): PASS 2abdbaffe9bd6b74731ccb8543f4361c21c190a3b8cbe4810129659c55010936
unit.colonist.manytrack_moot (BRIEF_READY): PASS 1bfc80f0ed2e396c4c93d9515785a010eca052d64dc6285b4ac31d0cff2b1623
unit.colonist.margin_observance (BRIEF_READY): PASS 8f569e9243cdce0863225d67af42062149c41f7d8d7041ff3f957bb01de7b320
unit.colonist.mire_courts (BRIEF_READY): PASS 487ff9240e2c31a4d375c63b32d0834a32ec1e0bc75748d09d40d1e6fecf925c
unit.colonist.morrow_spore (BRIEF_READY): PASS 8467b288d8202f627008962d5c03522cec8d003a0ee50aee6565492f805d7cf3
unit.colonist.red_sluice (BRIEF_READY): PASS d89e4109a3e24d10ce534bf253b4955cc7ae8e32b96c7e806739204967753e2d
unit.colonist.reedbound_council (BRIEF_READY): PASS 759147157d742490a96f7df1c5a22159c6ef1f0b6762a85b095bb8ca97b59205
unit.colonist.rimehorn_clans (BRIEF_READY): PASS 9e447f6fc0d51ccd14c7cdbe868585fa2d68a3975ca73866a77f19e306a553a7
unit.colonist.sable_steppe (BRIEF_READY): PASS f02c97ede6478c7d0957c234815c567ccfc6d1147a007e3b7ed628aa67524192
unit.colonist.saltwind_remnant (BRIEF_READY): PASS 53ed6c93a57f269992aebb7028e2258fefed8e6ea8ceb143a8f5ab14a4103af3
unit.colonist.sepulchral_synod (BRIEF_READY): PASS 1584482ad006f074b0218c23d7c6b707ab41685fcea6b183d072d8a0210c0bb7
unit.colonist.underhush_exchange (BRIEF_READY): PASS 9cabb01d2c46b95accd633427ad996ae4fd71696e2c87ebb45b20d3a6eb4f620
unit.colonist.unsealed_companies (BRIEF_READY): PASS 4cef0659fd821394a408e728b3d0f6ddee9b470ec9c96bd1c4db2c75bee7b9c7
unit.colonist.velvet_meridian (BRIEF_READY): PASS 2af85b70bb1b80616cce5dc93b592e321fec30d5e95c8809419b687350febf9c
unit.colonist.vesper_court (BRIEF_READY): PASS 19fde06a775b6d89fe5c09bf16c54ceb66bfa5c2a493ba3f0e8e2ab8fa982e61
unit.colonist.wardhall_remnant (BRIEF_READY): PASS c9b246edf7ade1e4ffce5d3f1edd04be0553db1a8bfff1f86d51d4628ce65b48
unit.commander (BRIEF_READY): PASS 52f96cbcbd5d6c8cde6b4a42af9629ba34667ca8d95b2602f829647831e20e05
unit.guard.ashen_compact (BRIEF_READY): PASS b99b3369cc2c07e28f4a4c4bf08b06beec1169d233a54d3f5d8840e8ae4a2abc
unit.guard.brine_choir (BRIEF_READY): PASS bc6bfee010c58c4c8ec7cc0b807682d74befc9aa0e3024381b64601876a0a5a5
unit.guard.cairnwing_concord (BRIEF_READY): PASS 2659d3bc105d5d2a333a8e25657673d04987d8cc056de38ff6da967a932234d6
unit.guard.cinder_march (BRIEF_READY): PASS 838f68914c8c6a53594347eed6cd304671b28a5e17214126ead6ea36e2b30bf9
unit.guard.cistern_assembly (BRIEF_READY): PASS 0b25cc61fac1cebbb046ed475d1a5ecc029b092a958c8951967215fe6edf98e1
unit.guard.emberwake_convocation (BRIEF_READY): PASS 38a5e03f7464a8ee29053d5a8f011dede45837b964290db15335150cee43109d
unit.guard.glass_tide (BRIEF_READY): PASS 52136b613d3ab36aa21313231401fcffb3c9ecc5d9ef627811dfbfa6013ab94c
unit.guard.iron_covenant (BRIEF_READY): PASS 28acca471d289fce7c38d501b89e02e7909c4a1283376195b8ec1bb97e2add5f
unit.guard (BRIEF_READY): PASS 299cda57b57b02bbaa4cc61be160869667cbcd4ae23d28749922aa322abf3ab8
unit.guard.lantern_hospices (BRIEF_READY): PASS 89f8e135e7a50903efb1b566b7872a4bd11b712b2a0cf8306c4d5b1f33b09eca
unit.guard.manytrack_moot (BRIEF_READY): PASS 157751b25f15efcf862fc8540d92f243cc2adf3ae83f99886867c444abdc4036
unit.guard.margin_observance (BRIEF_READY): PASS a87d15de8a0e0f283dded7b890f35f11950c86fcd28ce728a2f197c07f681d58
unit.guard.mire_courts (BRIEF_READY): PASS 8a6e2c9c39a0dd4fc24c630dd1ae358848d6ea8c49a773ea29f987b08c158fd6
unit.guard.morrow_spore (BRIEF_READY): PASS c4c6b1ec90b83902d4d4e536e778bdc3719f73f2fe34e48a2cdfd5d0c94dac09
unit.guard.red_sluice (BRIEF_READY): PASS 70112ef70136a62ff4578da045a3bfe98a6981a67a12bad784a5e58d0944c33b
unit.guard.reedbound_council (BRIEF_READY): PASS 5888f911f6ee91c2cb0f09f9f28f685f51eac10f16469d98f7dae496b673fa09
unit.guard.rimehorn_clans (BRIEF_READY): PASS 19366b20ab83c91a2011c5d8d41e4731c27ca8e1f70d709ca4ddee57dbc5aea6
unit.guard.sable_steppe (BRIEF_READY): PASS 68a759e9c773b388c57341083c838c3f767463cb8341c2acf4cfc6de7f3f8e31
unit.guard.saltwind_remnant (BRIEF_READY): PASS e8b5cb97f1ad53f3979be488aee8dc8baea3a0b6fc82db48b3a35b2a24a416c2
unit.guard.sepulchral_synod (BRIEF_READY): PASS 3d2164483bc40bb4dee8f4a6daa7bcf98ac9d049c61c7679f7901eb276312a9b
unit.guard.underhush_exchange (BRIEF_READY): PASS 43f79bb1516277a9b706a171bdacf0ee4d6a87dfd64efa1033d5333312df817a
unit.guard.unsealed_companies (BRIEF_READY): PASS e240c29b19dc01bdc2244a9bb0a1b2a8db4b5b68f9c19972dddcc37691e2ae5c
unit.guard.velvet_meridian (BRIEF_READY): PASS bc6a1cf99e65057ea848f562f279bf38d2d4e5374380605af3c5d7070cf1c79d
unit.guard.vesper_court (BRIEF_READY): PASS 45a4fcfb83a34b5aa89a3884b954942006f9d4fb9bcc9e7bf54316e2f1e59fad
unit.guard.wardhall_remnant (BRIEF_READY): PASS d4852f58bc512e7f8a045b6280c39c34fe7c734a867ce1991380e75a4ba077ba
unit.heavy_infantry.ashen_compact (BRIEF_READY): PASS 7ebd86c2da63bcc536c04e3099e5318262d5ba9ec2b7921084512d29c0631472
unit.heavy_infantry.brine_choir (BRIEF_READY): PASS d91f0e80b1d68c2fc2d2416b99a6fdcdcd38b650cab6db99a26bcc283cba63d4
unit.heavy_infantry.cairnwing_concord (BRIEF_READY): PASS 6d32f78716f1872b69474cb78d777f683d9b94ce1de71a2f52a5e4dc3660e854
unit.heavy_infantry.cinder_march (BRIEF_READY): PASS 4e53e22da37204d9047d9aa53b3ee86e89616a4c50cd2f846aedfcbd39edba8a
unit.heavy_infantry.cistern_assembly (BRIEF_READY): PASS 9bd3927b4bb91030d6f39120bdd7047517e6d484e942f36dadee074d3348cb15
unit.heavy_infantry.emberwake_convocation (BRIEF_READY): PASS bb99d4e66a7bce657a53f8eeacefa7e1f128dad6919e219853bf6ae50a12a47a
unit.heavy_infantry.glass_tide (BRIEF_READY): PASS a32dc3544d32c2277f3d48cc365c4aac059eb465d2648b2b06eb5cb327951b9e
unit.heavy_infantry.iron_covenant (BRIEF_READY): PASS 1432baff58c2177a5022ad8f915b91b6b380c3160f18933090ff05727d5a9f12
unit.heavy_infantry (BRIEF_READY): PASS 5206971ff28be43bea59c527c87a819accd990d9dd6e7cc3c3bab5759e11bf75
unit.heavy_infantry.lantern_hospices (BRIEF_READY): PASS f79982045764725faa2726b15983132133fa34b3de5f2e96801fdc86dbfc6f38
unit.heavy_infantry.manytrack_moot (BRIEF_READY): PASS 30604a91b8ebde21393d8db83268fdd6cdf9b4f4a1bb240a2347220add270b5a
unit.heavy_infantry.margin_observance (BRIEF_READY): PASS 2cd3939d24bda3dd6c8ea2b2b048f541a07e023d8cb30703c23a62da8ad586f3
unit.heavy_infantry.mire_courts (BRIEF_READY): PASS 1050f24d47e9e88b14b8de2e2c1f94667f1a7199f0e54b75453c741d78323e70
unit.heavy_infantry.morrow_spore (BRIEF_READY): PASS 73531a698feee86c2e3ac9447c6357d094a1ca68b150e38a02eeb0064f6aa19e
unit.heavy_infantry.red_sluice (BRIEF_READY): PASS 94c6280712a541290a2c11d2eb064351c6ddf78272dc3538aa2d6af614c77295
unit.heavy_infantry.reedbound_council (BRIEF_READY): PASS 63330fe28a9ee5c578fad10ae6d931fe821cc4ea7bbe4d2d1d773c1645dde806
unit.heavy_infantry.rimehorn_clans (BRIEF_READY): PASS c1de2c238f5b6f82cdf00ae1db5c7c8140b5d1a7a883bdaff1c170a85fafd2b0
unit.heavy_infantry.sable_steppe (BRIEF_READY): PASS 62c9d78ddb625bdebc9495f3eec582130a53cfa3915f304b4a3333ac1b27105e
unit.heavy_infantry.saltwind_remnant (BRIEF_READY): PASS a397e552e27fb546c58de51cec1375cac916e46b74001378ea56ac54705a8d17
unit.heavy_infantry.sepulchral_synod (BRIEF_READY): PASS 0e9e2b875bcb16fe0fb429b9961067543382eb3b570431fcc78e5f72424f0ddf
unit.heavy_infantry.underhush_exchange (BRIEF_READY): PASS 0e575e166bd37e1fa8ce74cdb6c8e3cedd9c8285ba49431a787a76cb4ae00250
unit.heavy_infantry.unsealed_companies (BRIEF_READY): PASS 59106e043c2927c4777d509c5478923c21c2f6ca719e7c201f536e1498f557f9
unit.heavy_infantry.velvet_meridian (BRIEF_READY): PASS f7a31a2d57f3506a82f278c41882faea032e6c1832ad8ccb1cf3417b037ad133
unit.heavy_infantry.vesper_court (BRIEF_READY): PASS c9e73e96a0f80d2aa63b9f8a56d87e75c715e64779fe680345e00e9471f2f0d2
unit.heavy_infantry.wardhall_remnant (BRIEF_READY): PASS 51a4fed92accb4a8311c8c3d9a78442f139c5a02f155daea4a2c9a8aa0ca4326
unit.mage (BRIEF_READY): PASS fb0d2d13d92acdfb0f3c0f3b76b9288090f914e9121ab3858be9f3c40c15855c
unit.ocean_warship.ashen_compact (BRIEF_READY): PASS 1e94bc28ef3e9d619c9d5038dec15a34f88a6123e26895d847ccb8ec558424c1
unit.ocean_warship.brine_choir (BRIEF_READY): PASS c41a8b85fbbc14caaf6605e2f2b6aa4b3b7ec412ecdaf52f67c1be0f7fef6aa3
unit.ocean_warship.cairnwing_concord (BRIEF_READY): PASS 53e4905396f4872ca95afa702a5c8289916ca700166f192f24d7430aef2bb81e
unit.ocean_warship.cinder_march (BRIEF_READY): PASS 4ce4cd1ce420809493800aca89b43d4d7636f6b634cf25d0dd676ec3b7916091
unit.ocean_warship.cistern_assembly (BRIEF_READY): PASS faa593cbae88a25885791285e68488368a2b87f4599d0d58a51815f53504182c
unit.ocean_warship.emberwake_convocation (BRIEF_READY): PASS efe5acfa3990d5b11ccf0f71207a3a12decfbcbcf1434c68a0d4021fc9da26b3
unit.ocean_warship.glass_tide (BRIEF_READY): PASS 63055fa6501a3fc00d729e80fdddbd1201d872eb7144956d8eca025ae98e2684
unit.ocean_warship.iron_covenant (BRIEF_READY): PASS c518e03104391e0bc6dfbc8acb00a5f6dd88807540daea3cf73af0431b9d6799
unit.ocean_warship.lantern_hospices (BRIEF_READY): PASS f45b7900a58f5d64a98af770729cc1a32e56b2bb50c1b403f722e61984b4b25d
unit.ocean_warship.manytrack_moot (BRIEF_READY): PASS 5f7c33a1beb2a2aefc54f16db6c36996b451ae7346463884a230db80ba68ba19
unit.ocean_warship.margin_observance (BRIEF_READY): PASS 05c3c0d2680f0f3c0ac73101713a6ea6c84d51f6c1a61c382fbbd5a53917ea50
unit.ocean_warship.mire_courts (BRIEF_READY): PASS aad2acdc3ebe0a3e404fb492734e8af81c8a5fb188c6516a66ce8304441e3dff
unit.ocean_warship.morrow_spore (BRIEF_READY): PASS d20ed6e22431171bb98b4edcd252bacba692c5005c4ec34f4933006b3bd1f3c0
unit.ocean_warship.red_sluice (BRIEF_READY): PASS 1d083738e07f01c06ae28348c69a1906be7f6377546f64296cceaabe776ebb47
unit.ocean_warship.reedbound_council (BRIEF_READY): PASS c6bbf3a7fee8be914806f17e3a95963b1cd1a3863f4aa414721e3312ab078324
unit.ocean_warship.rimehorn_clans (BRIEF_READY): PASS a579fa643b1ac0d9531eb0146a2f5e05397169902d091699c4dd8b7cd8e8f95f
unit.ocean_warship.sable_steppe (BRIEF_READY): PASS 2f54f04113694cdf20be0c67540dfec0947543bab4a39bac75f3202f88f14315
unit.ocean_warship.saltwind_remnant (BRIEF_READY): PASS 2f99691a6fa275bf85fde904924ec12a8d6e3f9e809fefcf6ffd4aeeda09a5e0
unit.ocean_warship.sepulchral_synod (BRIEF_READY): PASS afa720515b36b95660f7b6a5c9cefb93677d8baac687473d2c8ddde7e51797e4
unit.ocean_warship.underhush_exchange (BRIEF_READY): PASS 15947df97c27f62ce62b82959350139e6b65e63c4b773d8c53148b7ddf23874b
unit.ocean_warship.unsealed_companies (BRIEF_READY): PASS 1b8b0f7a6b0068f91dfdf1261590e16f944d57808907360dde0e18741d976df3
unit.ocean_warship.velvet_meridian (BRIEF_READY): PASS af07dfecef099001c3fbf04761199af5c7b1c536a84bddcdc68ea506c0260d8b
unit.ocean_warship.vesper_court (BRIEF_READY): PASS 3c0298133a29eef84609a704cd7d30cdb1c0c2620568dce534a3084a10e1b4ec
unit.ocean_warship.wardhall_remnant (BRIEF_READY): PASS b0761eca4e25df1815fb053644a23dc4c85cfbd082be8c0c70d8218cd0732ea6
unit.scout.ashen_compact (BRIEF_READY): PASS d9416054f8fc6ca4407e105a1fd9730e95c7cef6587b2d0eaafd50bf4af1b605
unit.scout.brine_choir (BRIEF_READY): PASS 5915e6651955496b68687c58f38a863853216691b57a93632275cabca2eded9b
unit.scout.cairnwing_concord (BRIEF_READY): PASS 77fbabd26040b718822e754fa8cec1aed444d5d30aa799f70e375f194810a657
unit.scout.cinder_march (BRIEF_READY): PASS a1fb1bfc57c944203febc7b33453b128e94e2e0339680608dbd2fa7c0045a392
unit.scout.cistern_assembly (BRIEF_READY): PASS 72e90cb6c46d87678dcf20ade30205a79ea581afd5c3f15995e6486078acd8e9
unit.scout.emberwake_convocation (BRIEF_READY): PASS 068b601f2f1caa221f75e6abef12386faa8c44e02aebed4f26a8155fe8f69bac
unit.scout.glass_tide (BRIEF_READY): PASS 42f7d506dcceedf5de6b61ed38e6b64a12709738c87df5be5953ba2e81dc4e38
unit.scout.iron_covenant (BRIEF_READY): PASS 93c69ba40fe8897d75cdaacacef7d21e0be9fa1f84f73df717cdfe349d3e340d
unit.scout (BRIEF_READY): PASS fb041f66e782fd6626c9a14d71770f40f42e9cdef4b945b28847fc89342d3057
unit.scout.lantern_hospices (BRIEF_READY): PASS 1967dc1a3faf9ff559f5efeb81aa267d05253125e615cb04070821c62912c361
unit.scout.manytrack_moot (BRIEF_READY): PASS d0e833a02ed4c70609ea104a017b97a7a6238af32b476b06b30a89201c2329f5
unit.scout.margin_observance (BRIEF_READY): PASS d81bbc8dfc24384f9de4b4fd78141800af23f63a347becc93fc1ab67a2a267e6
unit.scout.mire_courts (BRIEF_READY): PASS 118681f999f593b39d7c2f4367e7824de5fe3a03824e2ffe5dbeea42714100d6
unit.scout.morrow_spore (BRIEF_READY): PASS 91ae7ac359e0eab2e70ae84b20c4bc1f67b2d343480995b667bdda40ff77603a
unit.scout.red_sluice (BRIEF_READY): PASS 2f44f124aafc8a1db9562cf769f33f3399e6bf079f9873d0493598d144a747b3
unit.scout.reedbound_council (BRIEF_READY): PASS d34afccc0c3105656ee938a6c884c98832056b281ded72bc8cac9b077f2c5d77
unit.scout.rimehorn_clans (BRIEF_READY): PASS 9922d0c1760fd801cae0f36173a6cd7edd1b6b1aa8d103bb86e2dab4159bc2c5
unit.scout.sable_steppe (BRIEF_READY): PASS 0057c38c2835e9a5c3543baee2b6aa0e4d5231fa6eac66d0f6bcd6874f2c0a49
unit.scout.saltwind_remnant (BRIEF_READY): PASS 49cb4ba481b627908d9c6af69d4410ef2cb27e0ccf06b70c59b0aa3658620c0d
unit.scout.sepulchral_synod (BRIEF_READY): PASS b5d77c59618b88e4dbea121bebb1aee2434b2279bbff3527feae91c1fe199411
unit.scout.underhush_exchange (BRIEF_READY): PASS 68341b44dcec4c80f2187210d19c46ff9fd881bb5be4891f5cc78bb6764b38b7
unit.scout.unsealed_companies (BRIEF_READY): PASS dbc2fa99d20fab77543384eedcee8544ab5a12ca35480114b0ac707908c8cf14
unit.scout.velvet_meridian (BRIEF_READY): PASS 945d40ac7729cb59dc34c352c93c5e83602b1185d262420123852b83d998c6c7
unit.scout.vesper_court (BRIEF_READY): PASS 86b418eaaa819ad46711c09ca7f88d01fa51f57d91aeb244be5a741079193d1f
unit.scout.wardhall_remnant (BRIEF_READY): PASS 379026f4cc3d23d86b4036e5654d591eee367e7dc19cd12cfddc3ab534c50f20
unit.spearman.ashen_compact (BRIEF_READY): PASS 4812ef0e27b1bb50a9f6b5d80b814cc6293d32b06fbc2381af16334f4716d26a
unit.spearman.brine_choir (BRIEF_READY): PASS 7f0ccb147b7d69092e0405419f3f66c92c35327e862e51dc6103f741e3b9be39
unit.spearman.cairnwing_concord (BRIEF_READY): PASS df28f34af4a69cf6e4bee30df631daac7ffc11532a3edc755a10279f822ffbb5
unit.spearman.cinder_march (BRIEF_READY): PASS 05be45914249add32c636d5a8beb234e8479e9985dda8fe09bc515b65cafbb29
unit.spearman.cistern_assembly (BRIEF_READY): PASS 409802b0530189e7a08383294d20a896790c1b080346190807a7b18783272c2c
unit.spearman.emberwake_convocation (BRIEF_READY): PASS 48a937171ce599afddab169ed2692eea8f94205950cda6b7ddc4fe67bd724785
unit.spearman.glass_tide (BRIEF_READY): PASS d1bbded5c4c1b5386e891b14967fac6939b6b2fa1698b66ea3777e9f90870b42
unit.spearman.iron_covenant (BRIEF_READY): PASS 4d402389a65c9a5b7936175a8c5ff11f4d8568e02d88a121cfb3cad29c8668cc
unit.spearman (BRIEF_READY): PASS c173afb0ef753e7dde41ee34cd801e786842739ac63372b0be70316ec98f204f
unit.spearman.lantern_hospices (BRIEF_READY): PASS 77513f7c933d7064565ad123a6e1ee7556451fa5c175e6820ef7c0a7472f1b93
unit.spearman.manytrack_moot (BRIEF_READY): PASS b3893bce7f8f6b7dd2d18af9c26c49bba78f4551d4c7d45a67d77fd4980898f6
unit.spearman.margin_observance (BRIEF_READY): PASS 3af7589a8f45e578c59a3865bd9f5d841de97203731443c9f658f8dac093b1ca
unit.spearman.mire_courts (BRIEF_READY): PASS f1debf09c7adede4e3ec1008e34416b4aae80c520873ebfe66cea4d40c47ab86
unit.spearman.morrow_spore (BRIEF_READY): PASS 0e32773b5d4a7b5cbfa9fb39c382be26b5fabada5b096ea87b72ed9141f7e87d
unit.spearman.red_sluice (BRIEF_READY): PASS 1cc1a857df0f1ce1f8484dbe28029b823f6b7dc961ca47cec31890df4e29995a
unit.spearman.reedbound_council (BRIEF_READY): PASS 486d977184fb55f1aa0c0ed2c3801ceda3440a2d6889ca14d85c96f40edb4cd0
unit.spearman.rimehorn_clans (BRIEF_READY): PASS 5350509c3ea00f40c977e95829a55e801ef6500c364721f91c4849fe4b240387
unit.spearman.sable_steppe (BRIEF_READY): PASS 321fefa9aff297be53df5f01e7fb8264bd7391c10a4d9cf23f411adb3d5e093c
unit.spearman.saltwind_remnant (BRIEF_READY): PASS 5f10dd7ebd433d3909797b198579175ce583eb471a73f66302c905bb54e3e05b
unit.spearman.sepulchral_synod (BRIEF_READY): PASS f558d117c552664a2f488394f2758698fef45987506ddd34aeaa9f3f6a075fd4
unit.spearman.underhush_exchange (BRIEF_READY): PASS 36cc82c24e471cf05d996584b4a3bb2e8ca230b49406b3efb2f352178fd6d12e
unit.spearman.unsealed_companies (BRIEF_READY): PASS f714452b138baa4c5c65c0839c9b9e74c0569482b0754215cbf2de58a3ce17fb
unit.spearman.velvet_meridian (BRIEF_READY): PASS 47806a99775f52163bc089ea99979f96d7ed52498013750ede8fd5eb4a216065
unit.spearman.vesper_court (BRIEF_READY): PASS 6e7e2e26fb2835ab3aef8b4c3f71125edf57a08a2f020085ef50c71e6981f491
unit.spearman.wardhall_remnant (BRIEF_READY): PASS 26db3cda14f1b8cd7c7379554e0f4c26514f7d928a7b1d228a8b9309365a30a6
unit.transport.ashen_compact (BRIEF_READY): PASS 9dae99463892aab4d3a34a6d78c29915fd8d54c4266b4d36c6c4733691b9b92c
unit.transport.brine_choir (BRIEF_READY): PASS d205a3f0985017f1d6c777d8d5d398c79bc4eec0a438a00fbcc1ac096ce9c820
unit.transport.cairnwing_concord (BRIEF_READY): PASS bfb9e1c55ab132a6d5705fcba29f2d5def5013a1b276904dd38f988c796fdb78
unit.transport.cinder_march (BRIEF_READY): PASS 6feaab01d06f4ab2cee4ae0c4d181cc3d7b52dc5016b3c574a9005e8b008c96b
unit.transport.cistern_assembly (BRIEF_READY): PASS 687186864ebc6f99c9d2f9bff5fe6b97d972adafa0ae2723cff510f2a0594ec1
unit.transport.emberwake_convocation (BRIEF_READY): PASS 46a20478a1351801aaecb6ea40cc2a2b1c5e75650e29883428904f4213745ab2
unit.transport.glass_tide (BRIEF_READY): PASS 64ea8766608865b1d0cedea21f9a84c16d4f991ede1d3683a1fb2454d1fd1fc6
unit.transport.iron_covenant (BRIEF_READY): PASS 4fa314ed9f23a8c4f2416bca9fa505cbca3a88221ee4877644e831882ecdaa39
unit.transport.lantern_hospices (BRIEF_READY): PASS 929689a221a13a8f6acd7896882df61e91b65decf4a17ed16fe69f57f4f114b2
unit.transport.manytrack_moot (BRIEF_READY): PASS ad33a9ff4d96a9465a35e04db515f2f6a7c18893d258eca512e567ca5f932c20
unit.transport.margin_observance (BRIEF_READY): PASS 5e1c63ba13f26de9b030d9319f541635f303137fb149f8ede45835f8983d0cfd
unit.transport.mire_courts (BRIEF_READY): PASS 801be1ffbf38f318027815a4101cb4808c3cef2506d9ab77db341b96c6d3b931
unit.transport.morrow_spore (BRIEF_READY): PASS eaa43c81126644d20085dd3fb24079528c34891025163652b8197b210fa701d9
unit.transport.red_sluice (BRIEF_READY): PASS 962cae22a55dcac88fe68d291eb5118ea3ff1516572cf6cb629e32e7e43d29e1
unit.transport.reedbound_council (BRIEF_READY): PASS 746777cb0fd717af6afcb7f28bac1992ec12b0ba016a1b19d3656c925a27b832
unit.transport.rimehorn_clans (BRIEF_READY): PASS 4fd24ae29acc42161db892028c8779a1a4fe612de114f2d6a5e160b99dacf172
unit.transport.sable_steppe (BRIEF_READY): PASS 315541374f304d69f41adfe6dc9c76da3a73e2bf9bd116c011bff8af625844d1
unit.transport.saltwind_remnant (BRIEF_READY): PASS c0db1be292924f063d7707617486809690db2e5a806611294427d1eec5f6c637
unit.transport.sepulchral_synod (BRIEF_READY): PASS bcea17726941a331d1968fb98aa940a9d2e477d67aa7a70b0a5ea33373091616
unit.transport.underhush_exchange (BRIEF_READY): PASS 48a577610805b3127dc670732ae9ff3685fae058bc047182bca49a946c41c0c7
unit.transport.unsealed_companies (BRIEF_READY): PASS 9b243726e835de3d343dd43090d62ffbdb5df747c39ea495c2b86056ed62bf1f
unit.transport.velvet_meridian (BRIEF_READY): PASS 5837e7cc2619d9aa4b31d1c270631e28df3641b9c63f62f70a97ca3a3b739d64
unit.transport.vesper_court (BRIEF_READY): PASS 597e06bccec49b8a38bfbfbad2d14408ee5956de18d04dfeaf644626132dc49a
unit.transport.wardhall_remnant (BRIEF_READY): PASS 7203e7b6b1b24df7282188ead42b11c99e075bae7d95a902465819f24b62a3e6
