
 RUN  v4.1.11 /home/telephoneheater/Work/Theandril-release

 ❯ tests/tooling/pages-journal.test.ts (1 test | 1 failed) 4ms
   × verification workflows retain immutable evidence revisions beyond a shallow checkout 3ms

⎯⎯⎯⎯⎯⎯⎯ Failed Tests 1 ⎯⎯⎯⎯⎯⎯⎯

 FAIL  tests/tooling/pages-journal.test.ts > verification workflows retain immutable evidence revisions beyond a shallow checkout
AssertionError: .github/workflows/pages.yml: expected '        with:\n          persist-cred…' to match /^\s+fetch-depth: 0\s*$/m

- Expected:
/^\s+fetch-depth: 0\s*$/m

+ Received:
"        with:
          persist-credentials: false
"

 ❯ tests/tooling/pages-journal.test.ts:8:35
      6|     const workflow = readFileSync(path, 'utf8');
      7|     const checkoutOptions = workflow.match(/uses: actions\/checkout@[^…
      8|     expect(checkoutOptions, path).toMatch(/^\s+fetch-depth: 0\s*$/m);
       |                                   ^
      9|   }
     10| });

⎯⎯⎯⎯⎯⎯⎯⎯⎯⎯⎯⎯⎯⎯⎯⎯⎯⎯⎯⎯⎯⎯⎯⎯[1/1]⎯


 Test Files  1 failed (1)
      Tests  1 failed (1)
   Start at  20:00:30
   Duration  94ms (transform 13ms, setup 0ms, import 18ms, tests 4ms, environment 0ms)

