/home/telephoneheater/Work/Theandril/assets/art/source/blender-units/battle.unit.skirmisher/v1/driver.py:49: DeprecationWarning: 'World.use_nodes' is expected to be removed in Blender 6.0
  scene.world.use_nodes = True
00:00.545  render           | Saved: '/home/telephoneheater/Work/Theandril/assets/art/source/blender-units/battle.unit.skirmisher/v1/raw/idle-e-000.png'
00:00.623  render           | Saved: '/home/telephoneheater/Work/Theandril/assets/art/source/blender-units/battle.unit.skirmisher/v1/raw/idle-e-001.png'
00:00.694  render           | Saved: '/home/telephoneheater/Work/Theandril/assets/art/source/blender-units/battle.unit.skirmisher/v1/raw/idle-e-002.png'
00:00.756  render           | Saved: '/home/telephoneheater/Work/Theandril/assets/art/source/blender-units/battle.unit.skirmisher/v1/raw/idle-e-003.png'
00:00.828  render           | Saved: '/home/telephoneheater/Work/Theandril/assets/art/source/blender-units/battle.unit.skirmisher/v1/raw/walk-e-000.png'
00:00.902  render           | Saved: '/home/telephoneheater/Work/Theandril/assets/art/source/blender-units/battle.unit.skirmisher/v1/raw/walk-e-001.png'
00:00.974  render           | Saved: '/home/telephoneheater/Work/Theandril/assets/art/source/blender-units/battle.unit.skirmisher/v1/raw/walk-e-002.png'
00:01.044  render           | Saved: '/home/telephoneheater/Work/Theandril/assets/art/source/blender-units/battle.unit.skirmisher/v1/raw/walk-e-003.png'
00:01.107  render           | Saved: '/home/telephoneheater/Work/Theandril/assets/art/source/blender-units/battle.unit.skirmisher/v1/raw/walk-e-004.png'
00:01.167  render           | Saved: '/home/telephoneheater/Work/Theandril/assets/art/source/blender-units/battle.unit.skirmisher/v1/raw/walk-e-005.png'
00:01.232  render           | Saved: '/home/telephoneheater/Work/Theandril/assets/art/source/blender-units/battle.unit.skirmisher/v1/raw/walk-e-006.png'
00:01.306  render           | Saved: '/home/telephoneheater/Work/Theandril/assets/art/source/blender-units/battle.unit.skirmisher/v1/raw/walk-e-007.png'
00:01.386  render           | Saved: '/home/telephoneheater/Work/Theandril/assets/art/source/blender-units/battle.unit.skirmisher/v1/raw/attack-e-000.png'
00:01.460  render           | Saved: '/home/telephoneheater/Work/Theandril/assets/art/source/blender-units/battle.unit.skirmisher/v1/raw/attack-e-001.png'
00:01.522  render           | Saved: '/home/telephoneheater/Work/Theandril/assets/art/source/blender-units/battle.unit.skirmisher/v1/raw/attack-e-002.png'
00:01.578  render           | Saved: '/home/telephoneheater/Work/Theandril/assets/art/source/blender-units/battle.unit.skirmisher/v1/raw/attack-e-003.png'
00:01.635  render           | Saved: '/home/telephoneheater/Work/Theandril/assets/art/source/blender-units/battle.unit.skirmisher/v1/raw/attack-e-004.png'
00:01.692  render           | Saved: '/home/telephoneheater/Work/Theandril/assets/art/source/blender-units/battle.unit.skirmisher/v1/raw/attack-e-005.png'
00:01.757  render           | Saved: '/home/telephoneheater/Work/Theandril/assets/art/source/blender-units/battle.unit.skirmisher/v1/raw/attack-e-006.png'
00:01.819  render           | Saved: '/home/telephoneheater/Work/Theandril/assets/art/source/blender-units/battle.unit.skirmisher/v1/raw/attack-e-007.png'
00:01.881  render           | Saved: '/home/telephoneheater/Work/Theandril/assets/art/source/blender-units/battle.unit.skirmisher/v1/raw/hit-e-000.png'
00:01.942  render           | Saved: '/home/telephoneheater/Work/Theandril/assets/art/source/blender-units/battle.unit.skirmisher/v1/raw/hit-e-001.png'
00:02.019  render           | Saved: '/home/telephoneheater/Work/Theandril/assets/art/source/blender-units/battle.unit.skirmisher/v1/raw/hit-e-002.png'
00:02.094  render           | Saved: '/home/telephoneheater/Work/Theandril/assets/art/source/blender-units/battle.unit.skirmisher/v1/raw/hit-e-003.png'
00:02.173  render           | Saved: '/home/telephoneheater/Work/Theandril/assets/art/source/blender-units/battle.unit.skirmisher/v1/raw/death-e-000.png'
00:02.244  render           | Saved: '/home/telephoneheater/Work/Theandril/assets/art/source/blender-units/battle.unit.skirmisher/v1/raw/death-e-001.png'
00:02.321  render           | Saved: '/home/telephoneheater/Work/Theandril/assets/art/source/blender-units/battle.unit.skirmisher/v1/raw/death-e-002.png'
00:02.392  render           | Saved: '/home/telephoneheater/Work/Theandril/assets/art/source/blender-units/battle.unit.skirmisher/v1/raw/death-e-003.png'
00:02.458  render           | Saved: '/home/telephoneheater/Work/Theandril/assets/art/source/blender-units/battle.unit.skirmisher/v1/raw/death-e-004.png'
00:02.529  render           | Saved: '/home/telephoneheater/Work/Theandril/assets/art/source/blender-units/battle.unit.skirmisher/v1/raw/death-e-005.png'
00:02.597  render           | Saved: '/home/telephoneheater/Work/Theandril/assets/art/source/blender-units/battle.unit.skirmisher/v1/raw/death-e-006.png'
00:02.664  render           | Saved: '/home/telephoneheater/Work/Theandril/assets/art/source/blender-units/battle.unit.skirmisher/v1/raw/death-e-007.png'
00:02.742  render           | Saved: '/home/telephoneheater/Work/Theandril/assets/art/source/blender-units/battle.unit.skirmisher/v1/raw/idle-w-000.png'
00:02.813  render           | Saved: '/home/telephoneheater/Work/Theandril/assets/art/source/blender-units/battle.unit.skirmisher/v1/raw/idle-w-001.png'
00:02.888  render           | Saved: '/home/telephoneheater/Work/Theandril/assets/art/source/blender-units/battle.unit.skirmisher/v1/raw/idle-w-002.png'
00:02.962  render           | Saved: '/home/telephoneheater/Work/Theandril/assets/art/source/blender-units/battle.unit.skirmisher/v1/raw/idle-w-003.png'
00:03.032  render           | Saved: '/home/telephoneheater/Work/Theandril/assets/art/source/blender-units/battle.unit.skirmisher/v1/raw/walk-w-000.png'
00:03.105  render           | Saved: '/home/telephoneheater/Work/Theandril/assets/art/source/blender-units/battle.unit.skirmisher/v1/raw/walk-w-001.png'
00:03.178  render           | Saved: '/home/telephoneheater/Work/Theandril/assets/art/source/blender-units/battle.unit.skirmisher/v1/raw/walk-w-002.png'
00:03.254  render           | Saved: '/home/telephoneheater/Work/Theandril/assets/art/source/blender-units/battle.unit.skirmisher/v1/raw/walk-w-003.png'
00:03.321  render           | Saved: '/home/telephoneheater/Work/Theandril/assets/art/source/blender-units/battle.unit.skirmisher/v1/raw/walk-w-004.png'
00:03.383  render           | Saved: '/home/telephoneheater/Work/Theandril/assets/art/source/blender-units/battle.unit.skirmisher/v1/raw/walk-w-005.png'
00:03.457  render           | Saved: '/home/telephoneheater/Work/Theandril/assets/art/source/blender-units/battle.unit.skirmisher/v1/raw/walk-w-006.png'
00:03.529  render           | Saved: '/home/telephoneheater/Work/Theandril/assets/art/source/blender-units/battle.unit.skirmisher/v1/raw/walk-w-007.png'
00:03.603  render           | Saved: '/home/telephoneheater/Work/Theandril/assets/art/source/blender-units/battle.unit.skirmisher/v1/raw/attack-w-000.png'
00:03.665  render           | Saved: '/home/telephoneheater/Work/Theandril/assets/art/source/blender-units/battle.unit.skirmisher/v1/raw/attack-w-001.png'
00:03.731  render           | Saved: '/home/telephoneheater/Work/Theandril/assets/art/source/blender-units/battle.unit.skirmisher/v1/raw/attack-w-002.png'
00:03.806  render           | Saved: '/home/telephoneheater/Work/Theandril/assets/art/source/blender-units/battle.unit.skirmisher/v1/raw/attack-w-003.png'
00:03.870  render           | Saved: '/home/telephoneheater/Work/Theandril/assets/art/source/blender-units/battle.unit.skirmisher/v1/raw/attack-w-004.png'
00:03.936  render           | Saved: '/home/telephoneheater/Work/Theandril/assets/art/source/blender-units/battle.unit.skirmisher/v1/raw/attack-w-005.png'
00:04.013  render           | Saved: '/home/telephoneheater/Work/Theandril/assets/art/source/blender-units/battle.unit.skirmisher/v1/raw/attack-w-006.png'
00:04.094  render           | Saved: '/home/telephoneheater/Work/Theandril/assets/art/source/blender-units/battle.unit.skirmisher/v1/raw/attack-w-007.png'
00:04.172  render           | Saved: '/home/telephoneheater/Work/Theandril/assets/art/source/blender-units/battle.unit.skirmisher/v1/raw/hit-w-000.png'
00:04.248  render           | Saved: '/home/telephoneheater/Work/Theandril/assets/art/source/blender-units/battle.unit.skirmisher/v1/raw/hit-w-001.png'
00:04.331  render           | Saved: '/home/telephoneheater/Work/Theandril/assets/art/source/blender-units/battle.unit.skirmisher/v1/raw/hit-w-002.png'
00:04.402  render           | Saved: '/home/telephoneheater/Work/Theandril/assets/art/source/blender-units/battle.unit.skirmisher/v1/raw/hit-w-003.png'
00:04.471  render           | Saved: '/home/telephoneheater/Work/Theandril/assets/art/source/blender-units/battle.unit.skirmisher/v1/raw/death-w-000.png'
00:04.541  render           | Saved: '/home/telephoneheater/Work/Theandril/assets/art/source/blender-units/battle.unit.skirmisher/v1/raw/death-w-001.png'
00:04.617  render           | Saved: '/home/telephoneheater/Work/Theandril/assets/art/source/blender-units/battle.unit.skirmisher/v1/raw/death-w-002.png'
00:04.701  render           | Saved: '/home/telephoneheater/Work/Theandril/assets/art/source/blender-units/battle.unit.skirmisher/v1/raw/death-w-003.png'
00:04.775  render           | Saved: '/home/telephoneheater/Work/Theandril/assets/art/source/blender-units/battle.unit.skirmisher/v1/raw/death-w-004.png'
00:04.855  render           | Saved: '/home/telephoneheater/Work/Theandril/assets/art/source/blender-units/battle.unit.skirmisher/v1/raw/death-w-005.png'
00:04.923  render           | Saved: '/home/telephoneheater/Work/Theandril/assets/art/source/blender-units/battle.unit.skirmisher/v1/raw/death-w-006.png'
00:04.982  render           | Saved: '/home/telephoneheater/Work/Theandril/assets/art/source/blender-units/battle.unit.skirmisher/v1/raw/death-w-007.png'
Info: Saved as "source.blend"
ARTICULATED_BATTLE_UNIT_RENDER_COMPLETE
