[
  {
    "version": 4,
    "radius": 1,
    "beforeMedianMs": 0.0018747350000001006,
    "afterMedianMs": 0.001615460000000013
  },
  {
    "version": 4,
    "radius": 3,
    "beforeMedianMs": 0.00449806499999994,
    "afterMedianMs": 0.004780064999999922
  },
  {
    "version": 9,
    "radius": 1,
    "beforeMedianMs": 0.0014488850000000753,
    "afterMedianMs": 0.0011945450000001756
  },
  {
    "version": 9,
    "radius": 3,
    "beforeMedianMs": 0.007586770000000059,
    "afterMedianMs": 0.005824264999999968
  },
  {
    "version": 12,
    "radius": 1,
    "beforeMedianMs": 0.00171378500000003,
    "afterMedianMs": 0.0010949149999999008
  },
  {
    "version": 12,
    "radius": 3,
    "beforeMedianMs": 0.010068180000000098,
    "afterMedianMs": 0.006709644999999966
  },
  {
    "version": 17,
    "radius": 1,
    "beforeMedianMs": 0.0013564049999996541,
    "afterMedianMs": 0.001119055000000344
  },
  {
    "version": 17,
    "radius": 3,
    "beforeMedianMs": 0.00949877000000015,
    "afterMedianMs": 0.006304979999999887
  }
]
