[
  {
    "version": 4,
    "radius": 1,
    "beforeMedianMs": 0.0006894900000001295,
    "afterMedianMs": 0.0006880933333331996
  },
  {
    "version": 4,
    "radius": 3,
    "beforeMedianMs": 0.004388379999999946,
    "afterMedianMs": 0.004293120000000196
  },
  {
    "version": 9,
    "radius": 1,
    "beforeMedianMs": 0.0009835766666666738,
    "afterMedianMs": 0.0009924100000000635
  },
  {
    "version": 9,
    "radius": 3,
    "beforeMedianMs": 0.005789040000000038,
    "afterMedianMs": 0.005797596666666322
  },
  {
    "version": 12,
    "radius": 1,
    "beforeMedianMs": 0.0011020866666668402,
    "afterMedianMs": 0.001067913333333384
  },
  {
    "version": 12,
    "radius": 3,
    "beforeMedianMs": 0.006476713333333161,
    "afterMedianMs": 0.007059486666666999
  },
  {
    "version": 17,
    "radius": 1,
    "beforeMedianMs": 0.0010736899999998666,
    "afterMedianMs": 0.001061689999999847
  },
  {
    "version": 17,
    "radius": 3,
    "beforeMedianMs": 0.006387496666666266,
    "afterMedianMs": 0.006905333333333298
  }
]
