/home/telephoneheater/Work/Theandril/assets/art/source/blender-units/battle.unit.guard/v2/driver.py:49: DeprecationWarning: 'World.use_nodes' is expected to be removed in Blender 6.0
  scene.world.use_nodes = True
00:00.510  render           | Saved: '/home/telephoneheater/Work/Theandril/assets/art/source/blender-units/battle.unit.guard/v2/raw/idle-e-000.png'
00:00.572  render           | Saved: '/home/telephoneheater/Work/Theandril/assets/art/source/blender-units/battle.unit.guard/v2/raw/idle-e-001.png'
00:00.637  render           | Saved: '/home/telephoneheater/Work/Theandril/assets/art/source/blender-units/battle.unit.guard/v2/raw/idle-e-002.png'
00:00.699  render           | Saved: '/home/telephoneheater/Work/Theandril/assets/art/source/blender-units/battle.unit.guard/v2/raw/idle-e-003.png'
00:00.762  render           | Saved: '/home/telephoneheater/Work/Theandril/assets/art/source/blender-units/battle.unit.guard/v2/raw/walk-e-000.png'
00:00.821  render           | Saved: '/home/telephoneheater/Work/Theandril/assets/art/source/blender-units/battle.unit.guard/v2/raw/walk-e-001.png'
00:00.879  render           | Saved: '/home/telephoneheater/Work/Theandril/assets/art/source/blender-units/battle.unit.guard/v2/raw/walk-e-002.png'
00:00.940  render           | Saved: '/home/telephoneheater/Work/Theandril/assets/art/source/blender-units/battle.unit.guard/v2/raw/walk-e-003.png'
00:01.000  render           | Saved: '/home/telephoneheater/Work/Theandril/assets/art/source/blender-units/battle.unit.guard/v2/raw/walk-e-004.png'
00:01.060  render           | Saved: '/home/telephoneheater/Work/Theandril/assets/art/source/blender-units/battle.unit.guard/v2/raw/walk-e-005.png'
00:01.119  render           | Saved: '/home/telephoneheater/Work/Theandril/assets/art/source/blender-units/battle.unit.guard/v2/raw/walk-e-006.png'
00:01.181  render           | Saved: '/home/telephoneheater/Work/Theandril/assets/art/source/blender-units/battle.unit.guard/v2/raw/walk-e-007.png'
00:01.239  render           | Saved: '/home/telephoneheater/Work/Theandril/assets/art/source/blender-units/battle.unit.guard/v2/raw/attack-e-000.png'
00:01.301  render           | Saved: '/home/telephoneheater/Work/Theandril/assets/art/source/blender-units/battle.unit.guard/v2/raw/attack-e-001.png'
00:01.362  render           | Saved: '/home/telephoneheater/Work/Theandril/assets/art/source/blender-units/battle.unit.guard/v2/raw/attack-e-002.png'
00:01.428  render           | Saved: '/home/telephoneheater/Work/Theandril/assets/art/source/blender-units/battle.unit.guard/v2/raw/attack-e-003.png'
00:01.491  render           | Saved: '/home/telephoneheater/Work/Theandril/assets/art/source/blender-units/battle.unit.guard/v2/raw/attack-e-004.png'
00:01.556  render           | Saved: '/home/telephoneheater/Work/Theandril/assets/art/source/blender-units/battle.unit.guard/v2/raw/attack-e-005.png'
00:01.619  render           | Saved: '/home/telephoneheater/Work/Theandril/assets/art/source/blender-units/battle.unit.guard/v2/raw/attack-e-006.png'
00:01.679  render           | Saved: '/home/telephoneheater/Work/Theandril/assets/art/source/blender-units/battle.unit.guard/v2/raw/attack-e-007.png'
00:01.740  render           | Saved: '/home/telephoneheater/Work/Theandril/assets/art/source/blender-units/battle.unit.guard/v2/raw/hit-e-000.png'
00:01.805  render           | Saved: '/home/telephoneheater/Work/Theandril/assets/art/source/blender-units/battle.unit.guard/v2/raw/hit-e-001.png'
00:01.870  render           | Saved: '/home/telephoneheater/Work/Theandril/assets/art/source/blender-units/battle.unit.guard/v2/raw/hit-e-002.png'
00:01.930  render           | Saved: '/home/telephoneheater/Work/Theandril/assets/art/source/blender-units/battle.unit.guard/v2/raw/hit-e-003.png'
00:01.991  render           | Saved: '/home/telephoneheater/Work/Theandril/assets/art/source/blender-units/battle.unit.guard/v2/raw/death-e-000.png'
00:02.053  render           | Saved: '/home/telephoneheater/Work/Theandril/assets/art/source/blender-units/battle.unit.guard/v2/raw/death-e-001.png'
00:02.118  render           | Saved: '/home/telephoneheater/Work/Theandril/assets/art/source/blender-units/battle.unit.guard/v2/raw/death-e-002.png'
00:02.185  render           | Saved: '/home/telephoneheater/Work/Theandril/assets/art/source/blender-units/battle.unit.guard/v2/raw/death-e-003.png'
00:02.253  render           | Saved: '/home/telephoneheater/Work/Theandril/assets/art/source/blender-units/battle.unit.guard/v2/raw/death-e-004.png'
00:02.319  render           | Saved: '/home/telephoneheater/Work/Theandril/assets/art/source/blender-units/battle.unit.guard/v2/raw/death-e-005.png'
00:02.385  render           | Saved: '/home/telephoneheater/Work/Theandril/assets/art/source/blender-units/battle.unit.guard/v2/raw/death-e-006.png'
00:02.447  render           | Saved: '/home/telephoneheater/Work/Theandril/assets/art/source/blender-units/battle.unit.guard/v2/raw/death-e-007.png'
00:02.510  render           | Saved: '/home/telephoneheater/Work/Theandril/assets/art/source/blender-units/battle.unit.guard/v2/raw/idle-w-000.png'
00:02.574  render           | Saved: '/home/telephoneheater/Work/Theandril/assets/art/source/blender-units/battle.unit.guard/v2/raw/idle-w-001.png'
00:02.639  render           | Saved: '/home/telephoneheater/Work/Theandril/assets/art/source/blender-units/battle.unit.guard/v2/raw/idle-w-002.png'
00:02.701  render           | Saved: '/home/telephoneheater/Work/Theandril/assets/art/source/blender-units/battle.unit.guard/v2/raw/idle-w-003.png'
00:02.763  render           | Saved: '/home/telephoneheater/Work/Theandril/assets/art/source/blender-units/battle.unit.guard/v2/raw/walk-w-000.png'
00:02.829  render           | Saved: '/home/telephoneheater/Work/Theandril/assets/art/source/blender-units/battle.unit.guard/v2/raw/walk-w-001.png'
00:02.894  render           | Saved: '/home/telephoneheater/Work/Theandril/assets/art/source/blender-units/battle.unit.guard/v2/raw/walk-w-002.png'
00:02.959  render           | Saved: '/home/telephoneheater/Work/Theandril/assets/art/source/blender-units/battle.unit.guard/v2/raw/walk-w-003.png'
00:03.022  render           | Saved: '/home/telephoneheater/Work/Theandril/assets/art/source/blender-units/battle.unit.guard/v2/raw/walk-w-004.png'
00:03.080  render           | Saved: '/home/telephoneheater/Work/Theandril/assets/art/source/blender-units/battle.unit.guard/v2/raw/walk-w-005.png'
00:03.138  render           | Saved: '/home/telephoneheater/Work/Theandril/assets/art/source/blender-units/battle.unit.guard/v2/raw/walk-w-006.png'
00:03.197  render           | Saved: '/home/telephoneheater/Work/Theandril/assets/art/source/blender-units/battle.unit.guard/v2/raw/walk-w-007.png'
00:03.263  render           | Saved: '/home/telephoneheater/Work/Theandril/assets/art/source/blender-units/battle.unit.guard/v2/raw/attack-w-000.png'
00:03.326  render           | Saved: '/home/telephoneheater/Work/Theandril/assets/art/source/blender-units/battle.unit.guard/v2/raw/attack-w-001.png'
00:03.394  render           | Saved: '/home/telephoneheater/Work/Theandril/assets/art/source/blender-units/battle.unit.guard/v2/raw/attack-w-002.png'
00:03.457  render           | Saved: '/home/telephoneheater/Work/Theandril/assets/art/source/blender-units/battle.unit.guard/v2/raw/attack-w-003.png'
00:03.518  render           | Saved: '/home/telephoneheater/Work/Theandril/assets/art/source/blender-units/battle.unit.guard/v2/raw/attack-w-004.png'
00:03.580  render           | Saved: '/home/telephoneheater/Work/Theandril/assets/art/source/blender-units/battle.unit.guard/v2/raw/attack-w-005.png'
00:03.645  render           | Saved: '/home/telephoneheater/Work/Theandril/assets/art/source/blender-units/battle.unit.guard/v2/raw/attack-w-006.png'
00:03.706  render           | Saved: '/home/telephoneheater/Work/Theandril/assets/art/source/blender-units/battle.unit.guard/v2/raw/attack-w-007.png'
00:03.771  render           | Saved: '/home/telephoneheater/Work/Theandril/assets/art/source/blender-units/battle.unit.guard/v2/raw/hit-w-000.png'
00:03.835  render           | Saved: '/home/telephoneheater/Work/Theandril/assets/art/source/blender-units/battle.unit.guard/v2/raw/hit-w-001.png'
00:03.901  render           | Saved: '/home/telephoneheater/Work/Theandril/assets/art/source/blender-units/battle.unit.guard/v2/raw/hit-w-002.png'
00:03.968  render           | Saved: '/home/telephoneheater/Work/Theandril/assets/art/source/blender-units/battle.unit.guard/v2/raw/hit-w-003.png'
00:04.032  render           | Saved: '/home/telephoneheater/Work/Theandril/assets/art/source/blender-units/battle.unit.guard/v2/raw/death-w-000.png'
00:04.098  render           | Saved: '/home/telephoneheater/Work/Theandril/assets/art/source/blender-units/battle.unit.guard/v2/raw/death-w-001.png'
00:04.164  render           | Saved: '/home/telephoneheater/Work/Theandril/assets/art/source/blender-units/battle.unit.guard/v2/raw/death-w-002.png'
00:04.227  render           | Saved: '/home/telephoneheater/Work/Theandril/assets/art/source/blender-units/battle.unit.guard/v2/raw/death-w-003.png'
00:04.289  render           | Saved: '/home/telephoneheater/Work/Theandril/assets/art/source/blender-units/battle.unit.guard/v2/raw/death-w-004.png'
00:04.350  render           | Saved: '/home/telephoneheater/Work/Theandril/assets/art/source/blender-units/battle.unit.guard/v2/raw/death-w-005.png'
00:04.415  render           | Saved: '/home/telephoneheater/Work/Theandril/assets/art/source/blender-units/battle.unit.guard/v2/raw/death-w-006.png'
00:04.480  render           | Saved: '/home/telephoneheater/Work/Theandril/assets/art/source/blender-units/battle.unit.guard/v2/raw/death-w-007.png'
Info: Saved as "source.blend"
ARTICULATED_BATTLE_UNIT_RENDER_COMPLETE
