
> theandril@0.1.0 build /home/telephoneheater/Work/Theandril
> turbo run build

• turbo 2.10.12

   • Packages in scope: @theandril/ai, @theandril/art-pipeline, @theandril/chronicle, @theandril/content, @theandril/mapgen, @theandril/persistence, @theandril/render, @theandril/sim, @theandril/test-fixtures, @theandril/web
   • Running build in 10 packages
   • Remote caching disabled

@theandril/web:build: cache miss, executing a2e6aea11c5356e0
@theandril/web:build: 
@theandril/web:build: > @theandril/web@0.1.0 build /home/telephoneheater/Work/Theandril/apps/web
@theandril/web:build: > vite build
@theandril/web:build: 
@theandril/web:build: vite v7.3.6 building client environment for production...
@theandril/web:build: transforming...
@theandril/web:build: ../../node_modules/.pnpm/zod@4.5.4/node_modules/zod/v4/core/util.js (330:0): A comment
@theandril/web:build: 
@theandril/web:build: "// Wrapped in a `@__PURE__` IIFE: esbuild never tree-shakes a top-level initializer that contains a member access on `Number`, so the bare object literal survived into every bundle."
@theandril/web:build: 
@theandril/web:build: in "../../node_modules/.pnpm/zod@4.5.4/node_modules/zod/v4/core/util.js" contains an annotation that Rollup cannot interpret due to the position of the comment. The comment will be removed to avoid issues.
@theandril/web:build: ../../node_modules/.pnpm/zod@4.5.4/node_modules/zod/v4/core/regexes.js (70:0): A comment
@theandril/web:build: 
@theandril/web:build: "/** Anchors a pattern source. The interpolation lives here rather than at the call site because
@theandril/web:build:  * esbuild will not drop a `@__PURE__` call whose own argument interpolates a variable, but it
@theandril/web:build:  * will drop `anchor(dateSource)`. Keeping it inline pinned `date` into every bundle. */"
@theandril/web:build: 
@theandril/web:build: in "../../node_modules/.pnpm/zod@4.5.4/node_modules/zod/v4/core/regexes.js" contains an annotation that Rollup cannot interpret due to the position of the comment. The comment will be removed to avoid issues.
@theandril/web:build: ../../node_modules/.pnpm/zod@4.5.4/node_modules/zod/v4/core/regexes.js (70:0): A comment
@theandril/web:build: 
@theandril/web:build: "/** Anchors a pattern source. The interpolation lives here rather than at the call site because
@theandril/web:build:  * esbuild will not drop a `@__PURE__` call whose own argument interpolates a variable, but it
@theandril/web:build:  * will drop `anchor(dateSource)`. Keeping it inline pinned `date` into every bundle. */"
@theandril/web:build: 
@theandril/web:build: in "../../node_modules/.pnpm/zod@4.5.4/node_modules/zod/v4/core/regexes.js" contains an annotation that Rollup cannot interpret due to the position of the comment. The comment will be removed to avoid issues.
@theandril/web:build: ../../node_modules/.pnpm/zod@4.5.4/node_modules/zod/v4/core/util.js (330:0): A comment
@theandril/web:build: 
@theandril/web:build: "// Wrapped in a `@__PURE__` IIFE: esbuild never tree-shakes a top-level initializer that contains a member access on `Number`, so the bare object literal survived into every bundle."
@theandril/web:build: 
@theandril/web:build: in "../../node_modules/.pnpm/zod@4.5.4/node_modules/zod/v4/core/util.js" contains an annotation that Rollup cannot interpret due to the position of the comment. The comment will be removed to avoid issues.
@theandril/web:build: ✓ 1014 modules transformed.
@theandril/web:build: rendering chunks...
@theandril/web:build: computing gzip size...
@theandril/web:build: dist/index.html                               0.68 kB │ gzip:   0.39 kB
@theandril/web:build: dist/updates/dispatches/index.html            1.40 kB │ gzip:   0.66 kB
@theandril/web:build: dist/updates/lore/index.html                  1.41 kB │ gzip:   0.66 kB
@theandril/web:build: dist/updates/compendium/index.html            1.43 kB │ gzip:   0.69 kB
@theandril/web:build: dist/updates/index.html                       1.51 kB │ gzip:   0.69 kB
@theandril/web:build: dist/updates/roadmap/index.html               1.71 kB │ gzip:   0.75 kB
@theandril/web:build: dist/assets/simulation.worker-27CSqGIn.js   764.06 kB
@theandril/web:build: dist/assets/lore-PgTRLiSY.css                 2.25 kB │ gzip:   0.84 kB
@theandril/web:build: dist/assets/compendium-KqbxFz3N.css           3.00 kB │ gzip:   1.07 kB
@theandril/web:build: dist/assets/roadmap-2Ulqx9aT.css              4.16 kB │ gzip:   1.29 kB
@theandril/web:build: dist/assets/journal-HVNT4K6f.css             17.40 kB │ gzip:   4.57 kB
@theandril/web:build: dist/assets/game-ycOqzAux.css               106.91 kB │ gzip:  21.07 kB
@theandril/web:build: dist/assets/Filter-Dlcj2yst.js                0.90 kB │ gzip:   0.48 kB
@theandril/web:build: dist/assets/roadmap-Ds1v878G.js               1.24 kB │ gzip:   0.69 kB
@theandril/web:build: dist/assets/lore-CP-hXQnv.js                  6.59 kB │ gzip:   2.37 kB
@theandril/web:build: dist/assets/Illustration-BL_0K1rC.js          9.37 kB │ gzip:   3.26 kB
@theandril/web:build: dist/assets/roadmap-D0JSyFte.js               9.70 kB │ gzip:   3.28 kB
@theandril/web:build: dist/assets/BufferResource-Dja0jpWJ.js       11.12 kB │ gzip:   2.85 kB
@theandril/web:build: dist/assets/dispatches-ali-HLn7.js           12.55 kB │ gzip:   4.01 kB
@theandril/web:build: dist/assets/webworkerAll-Du56jcsq.js         15.44 kB │ gzip:   4.88 kB
@theandril/web:build: dist/assets/CanvasRenderer-jQAu6GCn.js       17.82 kB │ gzip:   5.98 kB
@theandril/web:build: dist/assets/library-CFwViAeh.js              35.13 kB │ gzip:  12.28 kB
@theandril/web:build: dist/assets/journal-Be5JKHYu.js              38.38 kB │ gzip:  14.18 kB
@theandril/web:build: dist/assets/browserAll-BU4v65Xn.js           43.11 kB │ gzip:  11.30 kB
@theandril/web:build: dist/assets/WebGPURenderer-zf6tjT6j.js       46.02 kB │ gzip:  13.23 kB
@theandril/web:build: dist/assets/RenderTargetSystem-DH9zBnwN.js   52.14 kB │ gzip:  14.38 kB
@theandril/web:build: dist/assets/WebGLRenderer-Bt1HJijj.js        72.12 kB │ gzip:  19.64 kB
@theandril/web:build: dist/assets/updates-CrqswPy6.js              76.40 kB │ gzip:  25.59 kB
@theandril/web:build: dist/assets/compendium-Ckfc75Rn.js          166.19 kB │ gzip:  21.50 kB
@theandril/web:build: dist/assets/client-RzuSRENx.js              193.09 kB │ gzip:  60.57 kB
@theandril/web:build: dist/assets/library-BccEBRL3.js             335.58 kB │ gzip:  82.97 kB
@theandril/web:build: dist/assets/game-DwOSG5a_.js                871.49 kB │ gzip: 262.67 kB
@theandril/web:build: 
@theandril/web:build: (!) Some chunks are larger than 500 kB after minification. Consider:
@theandril/web:build: - Using dynamic import() to code-split the application
@theandril/web:build: - Use build.rollupOptions.output.manualChunks to improve chunking: https://rollupjs.org/configuration-options/#output-manualchunks
@theandril/web:build: - Adjust chunk size limit for this warning via build.chunkSizeWarningLimit.
@theandril/web:build: ✓ built in 3.04s

 Tasks:    1 successful, 1 total
Cached:    0 cached, 1 total
  Time:    3.43s 

