[WebServer] npm warn Unknown env config "verify-deps-before-run". This will stop working in the next major version of npm. See `npm help npmrc` for supported config options.
[WebServer] (node:1635320) Warning: The 'NO_COLOR' env is ignored due to the 'FORCE_COLOR' env being set.
[WebServer] (Use `node --trace-warnings ...` to show where the warning was created)
[WebServer] (node:1635486) Warning: The 'NO_COLOR' env is ignored due to the 'FORCE_COLOR' env being set.
[WebServer] (Use `node --trace-warnings ...` to show where the warning was created)

Running 27 tests using 1 worker

(node:1636268) Warning: The 'NO_COLOR' env is ignored due to the 'FORCE_COLOR' env being set.
(Use `node --trace-warnings ...` to show where the warning was created)
  ✓   1 tests/gameplay/compendium.spec.ts:4:1 › compendium journeys retain real culture, unit, atlas, search, refresh and narrow-layout evidence (1.5s)
  ✓   2 tests/gameplay/home.spec.ts:3:1 › home provides the public routes and generated ledger (349ms)
  ✘   3 tests/gameplay/home.spec.ts:18:1 › dispatches remain refresh-safe at their new path (5.3s)
(node:1638673) Warning: The 'NO_COLOR' env is ignored due to the 'FORCE_COLOR' env being set.
(Use `node --trace-warnings ...` to show where the warning was created)
  ✓   4 tests/gameplay/home.spec.ts:25:1 › a permalink to a commit beyond the first page reveals it and scrolls to it (311ms)
  ✓   5 tests/gameplay/lore.spec.ts:3:1 › lore shelf, chapter journey, search and narrow layout work without errors (618ms)
  ✓   6 tests/gameplay/roadmap.spec.ts:4:1 › the roadmap is discoverable from home and shows bounded completion with every release gate open (442ms)
  ✓   7 tests/gameplay/roadmap.spec.ts:24:1 › status and acceptance search survive refresh, reset cleanly and preserve the release check (526ms)
  ✓   8 tests/gameplay/roadmap.spec.ts:45:1 › an item permalink opens its evidence, survives refresh and returns to the filtered record (487ms)
  ✓   9 tests/gameplay/roadmap.spec.ts:62:1 › same-document Back and Forward restore filters and linked-item evidence (740ms)
  ✓  10 tests/gameplay/roadmap.spec.ts:93:3 › roadmap keyboard and layout at 1440px / 100% text (810ms)
  ✓  11 tests/gameplay/roadmap.spec.ts:93:3 › roadmap keyboard and layout at 390px / 130% text (725ms)
  ✓  12 tests/gameplay/roadmap.spec.ts:120:1 › unknown item links recover honestly and dispatches link to the full roadmap (503ms)
  ✓  13 tests/gameplay/updates.spec.ts:5:3 › readable journal at 1440px and 100% text (1.8s)
  ✓  14 tests/gameplay/updates.spec.ts:5:3 › readable journal at 1366px and 100% text (1.7s)
  ✓  15 tests/gameplay/updates.spec.ts:5:3 › readable journal at 390px and 100% text (1.4s)
  ✓  16 tests/gameplay/updates.spec.ts:5:3 › readable journal at 390px and 130% text (1.8s)
  ✓  17 tests/gameplay/updates.spec.ts:53:1 › reading surfaces retain contrast without putting texture over the text (453ms)
  ✓  18 tests/gameplay/updates.spec.ts:84:1 › unknown dispatch links fail honestly and keyboard skip navigation works (500ms)
  ✓  19 tests/gameplay/updates.spec.ts:95:1 › archive search combines topic filters, survives refresh and recovers from no results (519ms)
  ✓  20 tests/gameplay/updates.spec.ts:110:1 › scope ledger links real gates and a contributor can reach authoring guidance (407ms)
  ✓  21 tests/gameplay/updates.spec.ts:126:1 › a keyboard reader can enlarge a real image and return to the same control (350ms)
  ✓  22 tests/gameplay/updates.spec.ts:142:1 › public journal opens a permanent, refresh-safe campaign dispatch (626ms)
  ✓  23 tests/production/battlefield.spec.ts:9:1 › built battlefield loads its exact approved battle page and preserves real manual abilities and saved outcomes without development hooks (5.7s)
  ✓  24 tests/production/deployment-assets.spec.ts:7:1 › built game loads verified map art, UI materials and its real worker inside the configured deployment base (1.4s)
  ✓  25 tests/production/developer-navigation.spec.ts:3:1 › game exposes the developer journal without discarding campaign setup (711ms)
  ✓  26 tests/production/map-actions.spec.ts:35:1 › built map actions preserve paid production, land work and resources through a real save/load without development hooks (4.6s)
  ✓  27 tests/production/watch-fog.spec.ts:3:1 › production exposes the watch-only fog command without development hooks (1.1s)


  1) tests/gameplay/home.spec.ts:18:1 › dispatches remain refresh-safe at their new path ───────────

    Error: expect(locator).toHaveCount(expected) failed

    Locator:  locator('.dispatch-row')
    Expected: 4
    Received: 5
    Timeout:  5000ms

    Call log:
      - Expect "toHaveCount" locator('.dispatch-row') with timeout 5000ms
      - waiting for locator('.dispatch-row')
        14 × locator resolved to 5 elements
           - unexpected value "5"


      18 | test('dispatches remain refresh-safe at their new path', async ({ page }) => {
      19 |   await page.goto('updates/dispatches/');
    > 20 |   await expect(page.locator('.dispatch-row')).toHaveCount(4);
         |                                               ^
      21 |   await page.locator('.dispatch-row a').first().click();
      22 |   await expect(page).toHaveURL(/updates\/dispatches\/\?dispatch=/);
      23 | });
        at /home/telephoneheater/Work/Theandril/tests/gameplay/home.spec.ts:20:47

    attachment #1: screenshot (image/png) ──────────────────────────────────────────────────────────
    test-results/gameplay-home-dispatches-r-55267-resh-safe-at-their-new-path/test-failed-1.png
    ────────────────────────────────────────────────────────────────────────────────────────────────

    Error Context: test-results/gameplay-home-dispatches-r-55267-resh-safe-at-their-new-path/error-context.md

    attachment #3: trace (application/zip) ─────────────────────────────────────────────────────────
    test-results/gameplay-home-dispatches-r-55267-resh-safe-at-their-new-path/trace.zip
    Usage:

        pnpm exec playwright show-trace test-results/gameplay-home-dispatches-r-55267-resh-safe-at-their-new-path/trace.zip

    ────────────────────────────────────────────────────────────────────────────────────────────────

  1 failed
    tests/gameplay/home.spec.ts:18:1 › dispatches remain refresh-safe at their new path ────────────
  26 passed (36.9s)
