[WebServer] (node:1872880) Warning: The 'NO_COLOR' env is ignored due to the 'FORCE_COLOR' env being set.
[WebServer] (Use `node --trace-warnings ...` to show where the warning was created)
[WebServer] (node:1873614) Warning: The 'NO_COLOR' env is ignored due to the 'FORCE_COLOR' env being set.
[WebServer] (Use `node --trace-warnings ...` to show where the warning was created)

Running 7 tests using 1 worker

(node:1873802) Warning: The 'NO_COLOR' env is ignored due to the 'FORCE_COLOR' env being set.
(Use `node --trace-warnings ...` to show where the warning was created)
  ✓  1 tests/gameplay/group-movement-recovery.spec.ts:6:3 › group travel missing-results after real movement locks orders until the actual manual save is restored (6.7s)
  ✓  2 tests/gameplay/group-movement-recovery.spec.ts:6:3 › group travel wrong-army after real movement locks orders until the actual manual save is restored (7.7s)
  ✓  3 tests/gameplay/group-movement-recovery.spec.ts:6:3 › group travel worker-crash after real movement locks orders until the actual manual save is restored (8.8s)
  ✓  4 tests/gameplay/group-movement-recovery.spec.ts:58:1 › a superseded route review cannot fault a restored campaign when its late reply claims recovery is required (6.4s)
  ✘  5 tests/gameplay/group-movement.spec.ts:56:1 › a hundred saved companies review compact routes, move through one canonical batch and retain manual and saved control (48.9s)
(node:1881534) Warning: The 'NO_COLOR' env is ignored due to the 'FORCE_COLOR' env being set.
(Use `node --trace-warnings ...` to show where the warning was created)
  ✓  6 tests/gameplay/group-movement.spec.ts:167:1 › canonical destination refusals retain only the unavailable army for correction (6.6s)
  ✓  7 tests/gameplay/group-movement.spec.ts:196:1 › a real interrupted route stays paused when extended and explicitly resumes without clearing its posting (4.1s)


  1) tests/gameplay/group-movement.spec.ts:56:1 › a hundred saved companies review compact routes, move through one canonical batch and retain manual and saved control 

    Test timeout of 45000ms exceeded.

    Error: page.evaluate: Target page, context or browser has been closed

      146 |   await selectFromRegistry(page, 'armies', own[0]!.name); await openSelectedOrders(page);
      147 |   await page.getByRole('button', { name: 'Cancel route', exact: true }).click();
    > 148 |   await expect.poll(() => page.evaluate(() => window.__THEANDRIL__!.getSummary()!.routes.length)).toBe(99);
          |                                ^
      149 |   await recallHundred(page); await travelPanel(page);
      150 |   await panel.getByRole('button', { name: 'Cancel travel routes (99)', exact: true }).click();
      151 |   await expect(results).toContainText('99 orders accepted · 0 refused');
        at /home/telephoneheater/Work/Theandril/tests/gameplay/group-movement.spec.ts:148:32
        at /home/telephoneheater/Work/Theandril/tests/gameplay/group-movement.spec.ts:148:3

    attachment #1: screenshot (image/png) ──────────────────────────────────────────────────────────
    test-results/group-movement-a-hundred-s-f2de6-in-manual-and-saved-control/test-failed-1.png
    ────────────────────────────────────────────────────────────────────────────────────────────────

    Error Context: test-results/group-movement-a-hundred-s-f2de6-in-manual-and-saved-control/error-context.md

    attachment #3: trace (application/zip) ─────────────────────────────────────────────────────────
    test-results/group-movement-a-hundred-s-f2de6-in-manual-and-saved-control/trace.zip
    Usage:

        npx playwright show-trace test-results/group-movement-a-hundred-s-f2de6-in-manual-and-saved-control/trace.zip

    ────────────────────────────────────────────────────────────────────────────────────────────────

  1 failed
    tests/gameplay/group-movement.spec.ts:56:1 › a hundred saved companies review compact routes, move through one canonical batch and retain manual and saved control 
  6 passed (1.6m)
