
 RUN  v4.1.11 /home/telephoneheater/Work/Theandril

 ❯ |repository| apps/web/src/updates/changelog.test.ts (6 tests | 2 failed) 14ms
     × is deterministic and the committed feed is an exact record from its newest commit back to the root 7ms
     × does not depend on the clone: fixed 7-char short SHAs, pinned diff algorithm, no line-ending or rename drift 4ms
 ❯ |unit| apps/web/src/updates/roadmap.test.ts (11 tests | 1 failed) 19ms
     × resolves every evidence file at the declared immutable source snapshot 6ms
 ❯ |unit| apps/web/src/updates/validation.test.ts (5 tests | 2 failed) 21ms
   × links evidence that really exists at the pinned Git revision, not just on disk 6ms
   × rejects a missing object at one of two revisions sharing an evidence path 5ms

⎯⎯⎯⎯⎯⎯⎯ Failed Tests 5 ⎯⎯⎯⎯⎯⎯⎯

 FAIL  |repository| apps/web/src/updates/changelog.test.ts > master changelog feed > is deterministic and the committed feed is an exact record from its newest commit back to the root
Error: spawnSync git EPERM
 ❯ git scripts/build-changelog.ts:7:36
      5|
      6| const root = resolve(import.meta.dirname, '..');
      7| const git = (...args: string[]) => execFileSync('git', args, { cwd: ro…
       |                                    ^
      8|
      9| /** Numstat must not vary with the clone: autocrlf/attributes, rename …
 ❯ buildFeed scripts/build-changelog.ts:16:10
 ❯ apps/web/src/updates/changelog.test.ts:13:17

⎯⎯⎯⎯⎯⎯⎯⎯⎯⎯⎯⎯⎯⎯⎯⎯⎯⎯⎯⎯⎯⎯⎯⎯[1/5]⎯

 FAIL  |repository| apps/web/src/updates/changelog.test.ts > master changelog feed > does not depend on the clone: fixed 7-char short SHAs, pinned diff algorithm, no line-ending or rename drift
Error: spawnSync git EPERM
 ❯ git scripts/build-changelog.ts:7:36
      5|
      6| const root = resolve(import.meta.dirname, '..');
      7| const git = (...args: string[]) => execFileSync('git', args, { cwd: ro…
       |                                    ^
      8|
      9| /** Numstat must not vary with the clone: autocrlf/attributes, rename …
 ❯ buildFeed scripts/build-changelog.ts:16:10
 ❯ apps/web/src/updates/changelog.test.ts:25:38

⎯⎯⎯⎯⎯⎯⎯⎯⎯⎯⎯⎯⎯⎯⎯⎯⎯⎯⎯⎯⎯⎯⎯⎯[2/5]⎯

 FAIL  |unit| apps/web/src/updates/roadmap.test.ts > the source-backed roadmap contract > resolves every evidence file at the declared immutable source snapshot
AssertionError: docs/IMPLEMENTATION_STATUS.md: expected [Function] to not throw an error but 'Error: spawnSync git EPERM' was thrown

- Expected:
undefined

+ Received:
"Error: spawnSync git EPERM"

 ❯ apps/web/src/updates/roadmap.test.ts:65:129
     63|     for (const path of paths) {
     64|       expect(path).not.toMatch(/(^\/|\.\.|\\|^https?:|[?#])/);
     65|       expect(() => execFileSync('git', ['cat-file', '-e', `${roadmapSn…
       |                                                                                                                                 ^
     66|     }
     67|   });

⎯⎯⎯⎯⎯⎯⎯⎯⎯⎯⎯⎯⎯⎯⎯⎯⎯⎯⎯⎯⎯⎯⎯⎯[3/5]⎯

 FAIL  |unit| apps/web/src/updates/validation.test.ts > links evidence that really exists at the pinned Git revision, not just on disk
AssertionError: 3b0918999a166f36f6f3d51fbcb49413de549163:docs/development/2026-09-26-group-travel/README.md: expected [Function] to not throw an error but 'Error: spawnSync git EPERM' was thrown

- Expected:
undefined

+ Received:
"Error: spawnSync git EPERM"

 ❯ validateEvidence apps/web/src/updates/validation.test.ts:42:98
     40|     expect(revision).toMatch(/^[a-f0-9]{40}$/);
     41|     expect(path).not.toMatch(/(^\/|\.\.|\\|^https?:|[?#])/);
     42|     expect(() => execFileSync('git', ['cat-file', '-e', object], { std…
       |                                                                                                  ^
     43|     expect(evidenceUrl(path, revision)).toBe(`https://github.com/ErikB…
     44|   }
 ❯ apps/web/src/updates/validation.test.ts:48:3

⎯⎯⎯⎯⎯⎯⎯⎯⎯⎯⎯⎯⎯⎯⎯⎯⎯⎯⎯⎯⎯⎯⎯⎯[4/5]⎯

 FAIL  |unit| apps/web/src/updates/validation.test.ts > rejects a missing object at one of two revisions sharing an evidence path
AssertionError: expected [Function] to not throw an error but 'Error: spawnSync git EPERM' was thrown

- Expected:
undefined

+ Received:
"Error: spawnSync git EPERM"

 ❯ apps/web/src/updates/validation.test.ts:59:110
     57|   const present = { ...dispatches[0]!, sourceRevision: presentRevision…
     58|   expect(() => execFileSync('git', ['cat-file', '-e', `${missingRevisi…
     59|   expect(() => execFileSync('git', ['cat-file', '-e', `${presentRevisi…
       |                                                                                                              ^
     60|   expect(() => validateEvidence([missing, present])).toThrow(`${missin…
     61|   expect(() => validateEvidence([present, missing])).toThrow(`${missin…

⎯⎯⎯⎯⎯⎯⎯⎯⎯⎯⎯⎯⎯⎯⎯⎯⎯⎯⎯⎯⎯⎯⎯⎯[5/5]⎯


 Test Files  3 failed | 13 passed (16)
      Tests  5 failed | 52 passed (57)
   Start at  00:14:09
   Duration  371ms (transform 1.16s, setup 0ms, import 1.77s, tests 177ms, environment 1ms)

