/home/telephoneheater/Work/Theandril/assets/art/source/blender-units/battle.unit.skirmisher/v2/driver.py:49: DeprecationWarning: 'World.use_nodes' is expected to be removed in Blender 6.0
  scene.world.use_nodes = True
00:00.585  render           | Saved: '/home/telephoneheater/Work/Theandril/assets/art/source/blender-units/battle.unit.skirmisher/v2/raw/idle-e-000.png'
00:00.647  render           | Saved: '/home/telephoneheater/Work/Theandril/assets/art/source/blender-units/battle.unit.skirmisher/v2/raw/idle-e-001.png'
00:00.704  render           | Saved: '/home/telephoneheater/Work/Theandril/assets/art/source/blender-units/battle.unit.skirmisher/v2/raw/idle-e-002.png'
00:00.770  render           | Saved: '/home/telephoneheater/Work/Theandril/assets/art/source/blender-units/battle.unit.skirmisher/v2/raw/idle-e-003.png'
00:00.842  render           | Saved: '/home/telephoneheater/Work/Theandril/assets/art/source/blender-units/battle.unit.skirmisher/v2/raw/walk-e-000.png'
00:00.910  render           | Saved: '/home/telephoneheater/Work/Theandril/assets/art/source/blender-units/battle.unit.skirmisher/v2/raw/walk-e-001.png'
00:00.973  render           | Saved: '/home/telephoneheater/Work/Theandril/assets/art/source/blender-units/battle.unit.skirmisher/v2/raw/walk-e-002.png'
00:01.032  render           | Saved: '/home/telephoneheater/Work/Theandril/assets/art/source/blender-units/battle.unit.skirmisher/v2/raw/walk-e-003.png'
00:01.096  render           | Saved: '/home/telephoneheater/Work/Theandril/assets/art/source/blender-units/battle.unit.skirmisher/v2/raw/walk-e-004.png'
00:01.161  render           | Saved: '/home/telephoneheater/Work/Theandril/assets/art/source/blender-units/battle.unit.skirmisher/v2/raw/walk-e-005.png'
00:01.226  render           | Saved: '/home/telephoneheater/Work/Theandril/assets/art/source/blender-units/battle.unit.skirmisher/v2/raw/walk-e-006.png'
00:01.300  render           | Saved: '/home/telephoneheater/Work/Theandril/assets/art/source/blender-units/battle.unit.skirmisher/v2/raw/walk-e-007.png'
00:01.371  render           | Saved: '/home/telephoneheater/Work/Theandril/assets/art/source/blender-units/battle.unit.skirmisher/v2/raw/attack-e-000.png'
00:01.445  render           | Saved: '/home/telephoneheater/Work/Theandril/assets/art/source/blender-units/battle.unit.skirmisher/v2/raw/attack-e-001.png'
00:01.513  render           | Saved: '/home/telephoneheater/Work/Theandril/assets/art/source/blender-units/battle.unit.skirmisher/v2/raw/attack-e-002.png'
00:01.585  render           | Saved: '/home/telephoneheater/Work/Theandril/assets/art/source/blender-units/battle.unit.skirmisher/v2/raw/attack-e-003.png'
00:01.654  render           | Saved: '/home/telephoneheater/Work/Theandril/assets/art/source/blender-units/battle.unit.skirmisher/v2/raw/attack-e-004.png'
00:01.727  render           | Saved: '/home/telephoneheater/Work/Theandril/assets/art/source/blender-units/battle.unit.skirmisher/v2/raw/attack-e-005.png'
00:01.797  render           | Saved: '/home/telephoneheater/Work/Theandril/assets/art/source/blender-units/battle.unit.skirmisher/v2/raw/attack-e-006.png'
00:01.872  render           | Saved: '/home/telephoneheater/Work/Theandril/assets/art/source/blender-units/battle.unit.skirmisher/v2/raw/attack-e-007.png'
00:01.939  render           | Saved: '/home/telephoneheater/Work/Theandril/assets/art/source/blender-units/battle.unit.skirmisher/v2/raw/hit-e-000.png'
00:02.011  render           | Saved: '/home/telephoneheater/Work/Theandril/assets/art/source/blender-units/battle.unit.skirmisher/v2/raw/hit-e-001.png'
00:02.079  render           | Saved: '/home/telephoneheater/Work/Theandril/assets/art/source/blender-units/battle.unit.skirmisher/v2/raw/hit-e-002.png'
00:02.143  render           | Saved: '/home/telephoneheater/Work/Theandril/assets/art/source/blender-units/battle.unit.skirmisher/v2/raw/hit-e-003.png'
00:02.211  render           | Saved: '/home/telephoneheater/Work/Theandril/assets/art/source/blender-units/battle.unit.skirmisher/v2/raw/death-e-000.png'
00:02.279  render           | Saved: '/home/telephoneheater/Work/Theandril/assets/art/source/blender-units/battle.unit.skirmisher/v2/raw/death-e-001.png'
00:02.351  render           | Saved: '/home/telephoneheater/Work/Theandril/assets/art/source/blender-units/battle.unit.skirmisher/v2/raw/death-e-002.png'
00:02.423  render           | Saved: '/home/telephoneheater/Work/Theandril/assets/art/source/blender-units/battle.unit.skirmisher/v2/raw/death-e-003.png'
00:02.503  render           | Saved: '/home/telephoneheater/Work/Theandril/assets/art/source/blender-units/battle.unit.skirmisher/v2/raw/death-e-004.png'
00:02.580  render           | Saved: '/home/telephoneheater/Work/Theandril/assets/art/source/blender-units/battle.unit.skirmisher/v2/raw/death-e-005.png'
00:02.647  render           | Saved: '/home/telephoneheater/Work/Theandril/assets/art/source/blender-units/battle.unit.skirmisher/v2/raw/death-e-006.png'
00:02.708  render           | Saved: '/home/telephoneheater/Work/Theandril/assets/art/source/blender-units/battle.unit.skirmisher/v2/raw/death-e-007.png'
00:02.783  render           | Saved: '/home/telephoneheater/Work/Theandril/assets/art/source/blender-units/battle.unit.skirmisher/v2/raw/idle-w-000.png'
00:02.865  render           | Saved: '/home/telephoneheater/Work/Theandril/assets/art/source/blender-units/battle.unit.skirmisher/v2/raw/idle-w-001.png'
00:02.945  render           | Saved: '/home/telephoneheater/Work/Theandril/assets/art/source/blender-units/battle.unit.skirmisher/v2/raw/idle-w-002.png'
00:03.015  render           | Saved: '/home/telephoneheater/Work/Theandril/assets/art/source/blender-units/battle.unit.skirmisher/v2/raw/idle-w-003.png'
00:03.085  render           | Saved: '/home/telephoneheater/Work/Theandril/assets/art/source/blender-units/battle.unit.skirmisher/v2/raw/walk-w-000.png'
00:03.165  render           | Saved: '/home/telephoneheater/Work/Theandril/assets/art/source/blender-units/battle.unit.skirmisher/v2/raw/walk-w-001.png'
00:03.243  render           | Saved: '/home/telephoneheater/Work/Theandril/assets/art/source/blender-units/battle.unit.skirmisher/v2/raw/walk-w-002.png'
00:03.326  render           | Saved: '/home/telephoneheater/Work/Theandril/assets/art/source/blender-units/battle.unit.skirmisher/v2/raw/walk-w-003.png'
00:03.412  render           | Saved: '/home/telephoneheater/Work/Theandril/assets/art/source/blender-units/battle.unit.skirmisher/v2/raw/walk-w-004.png'
00:03.498  render           | Saved: '/home/telephoneheater/Work/Theandril/assets/art/source/blender-units/battle.unit.skirmisher/v2/raw/walk-w-005.png'
00:03.577  render           | Saved: '/home/telephoneheater/Work/Theandril/assets/art/source/blender-units/battle.unit.skirmisher/v2/raw/walk-w-006.png'
00:03.646  render           | Saved: '/home/telephoneheater/Work/Theandril/assets/art/source/blender-units/battle.unit.skirmisher/v2/raw/walk-w-007.png'
00:03.724  render           | Saved: '/home/telephoneheater/Work/Theandril/assets/art/source/blender-units/battle.unit.skirmisher/v2/raw/attack-w-000.png'
00:03.804  render           | Saved: '/home/telephoneheater/Work/Theandril/assets/art/source/blender-units/battle.unit.skirmisher/v2/raw/attack-w-001.png'
00:03.883  render           | Saved: '/home/telephoneheater/Work/Theandril/assets/art/source/blender-units/battle.unit.skirmisher/v2/raw/attack-w-002.png'
00:03.956  render           | Saved: '/home/telephoneheater/Work/Theandril/assets/art/source/blender-units/battle.unit.skirmisher/v2/raw/attack-w-003.png'
00:04.032  render           | Saved: '/home/telephoneheater/Work/Theandril/assets/art/source/blender-units/battle.unit.skirmisher/v2/raw/attack-w-004.png'
00:04.116  render           | Saved: '/home/telephoneheater/Work/Theandril/assets/art/source/blender-units/battle.unit.skirmisher/v2/raw/attack-w-005.png'
00:04.195  render           | Saved: '/home/telephoneheater/Work/Theandril/assets/art/source/blender-units/battle.unit.skirmisher/v2/raw/attack-w-006.png'
00:04.268  render           | Saved: '/home/telephoneheater/Work/Theandril/assets/art/source/blender-units/battle.unit.skirmisher/v2/raw/attack-w-007.png'
00:04.344  render           | Saved: '/home/telephoneheater/Work/Theandril/assets/art/source/blender-units/battle.unit.skirmisher/v2/raw/hit-w-000.png'
00:04.415  render           | Saved: '/home/telephoneheater/Work/Theandril/assets/art/source/blender-units/battle.unit.skirmisher/v2/raw/hit-w-001.png'
00:04.487  render           | Saved: '/home/telephoneheater/Work/Theandril/assets/art/source/blender-units/battle.unit.skirmisher/v2/raw/hit-w-002.png'
00:04.567  render           | Saved: '/home/telephoneheater/Work/Theandril/assets/art/source/blender-units/battle.unit.skirmisher/v2/raw/hit-w-003.png'
00:04.637  render           | Saved: '/home/telephoneheater/Work/Theandril/assets/art/source/blender-units/battle.unit.skirmisher/v2/raw/death-w-000.png'
00:04.711  render           | Saved: '/home/telephoneheater/Work/Theandril/assets/art/source/blender-units/battle.unit.skirmisher/v2/raw/death-w-001.png'
00:04.797  render           | Saved: '/home/telephoneheater/Work/Theandril/assets/art/source/blender-units/battle.unit.skirmisher/v2/raw/death-w-002.png'
00:04.888  render           | Saved: '/home/telephoneheater/Work/Theandril/assets/art/source/blender-units/battle.unit.skirmisher/v2/raw/death-w-003.png'
00:04.970  render           | Saved: '/home/telephoneheater/Work/Theandril/assets/art/source/blender-units/battle.unit.skirmisher/v2/raw/death-w-004.png'
00:05.048  render           | Saved: '/home/telephoneheater/Work/Theandril/assets/art/source/blender-units/battle.unit.skirmisher/v2/raw/death-w-005.png'
00:05.130  render           | Saved: '/home/telephoneheater/Work/Theandril/assets/art/source/blender-units/battle.unit.skirmisher/v2/raw/death-w-006.png'
00:05.193  render           | Saved: '/home/telephoneheater/Work/Theandril/assets/art/source/blender-units/battle.unit.skirmisher/v2/raw/death-w-007.png'
Info: Saved as "source.blend"
ARTICULATED_BATTLE_UNIT_RENDER_COMPLETE
