/home/telephoneheater/Work/Theandril/assets/art/source/blender-units/battle.unit.coastal_warship/v1/driver.py:49: DeprecationWarning: 'World.use_nodes' is expected to be removed in Blender 6.0
  scene.world.use_nodes = True
00:00.923  render           | Saved: '/home/telephoneheater/Work/Theandril/assets/art/source/blender-units/battle.unit.coastal_warship/v1/raw/idle-e-000.png'
00:01.036  render           | Saved: '/home/telephoneheater/Work/Theandril/assets/art/source/blender-units/battle.unit.coastal_warship/v1/raw/idle-e-001.png'
00:01.146  render           | Saved: '/home/telephoneheater/Work/Theandril/assets/art/source/blender-units/battle.unit.coastal_warship/v1/raw/idle-e-002.png'
00:01.263  render           | Saved: '/home/telephoneheater/Work/Theandril/assets/art/source/blender-units/battle.unit.coastal_warship/v1/raw/idle-e-003.png'
00:01.363  render           | Saved: '/home/telephoneheater/Work/Theandril/assets/art/source/blender-units/battle.unit.coastal_warship/v1/raw/sail-e-000.png'
00:01.458  render           | Saved: '/home/telephoneheater/Work/Theandril/assets/art/source/blender-units/battle.unit.coastal_warship/v1/raw/sail-e-001.png'
00:01.570  render           | Saved: '/home/telephoneheater/Work/Theandril/assets/art/source/blender-units/battle.unit.coastal_warship/v1/raw/sail-e-002.png'
00:01.694  render           | Saved: '/home/telephoneheater/Work/Theandril/assets/art/source/blender-units/battle.unit.coastal_warship/v1/raw/sail-e-003.png'
00:01.816  render           | Saved: '/home/telephoneheater/Work/Theandril/assets/art/source/blender-units/battle.unit.coastal_warship/v1/raw/sail-e-004.png'
00:01.942  render           | Saved: '/home/telephoneheater/Work/Theandril/assets/art/source/blender-units/battle.unit.coastal_warship/v1/raw/sail-e-005.png'
00:02.055  render           | Saved: '/home/telephoneheater/Work/Theandril/assets/art/source/blender-units/battle.unit.coastal_warship/v1/raw/sail-e-006.png'
00:02.165  render           | Saved: '/home/telephoneheater/Work/Theandril/assets/art/source/blender-units/battle.unit.coastal_warship/v1/raw/sail-e-007.png'
00:02.293  render           | Saved: '/home/telephoneheater/Work/Theandril/assets/art/source/blender-units/battle.unit.coastal_warship/v1/raw/fire-e-000.png'
00:02.421  render           | Saved: '/home/telephoneheater/Work/Theandril/assets/art/source/blender-units/battle.unit.coastal_warship/v1/raw/fire-e-001.png'
00:02.550  render           | Saved: '/home/telephoneheater/Work/Theandril/assets/art/source/blender-units/battle.unit.coastal_warship/v1/raw/fire-e-002.png'
00:02.661  render           | Saved: '/home/telephoneheater/Work/Theandril/assets/art/source/blender-units/battle.unit.coastal_warship/v1/raw/fire-e-003.png'
00:02.771  render           | Saved: '/home/telephoneheater/Work/Theandril/assets/art/source/blender-units/battle.unit.coastal_warship/v1/raw/fire-e-004.png'
00:02.880  render           | Saved: '/home/telephoneheater/Work/Theandril/assets/art/source/blender-units/battle.unit.coastal_warship/v1/raw/fire-e-005.png'
00:02.989  render           | Saved: '/home/telephoneheater/Work/Theandril/assets/art/source/blender-units/battle.unit.coastal_warship/v1/raw/fire-e-006.png'
00:03.098  render           | Saved: '/home/telephoneheater/Work/Theandril/assets/art/source/blender-units/battle.unit.coastal_warship/v1/raw/fire-e-007.png'
00:03.196  render           | Saved: '/home/telephoneheater/Work/Theandril/assets/art/source/blender-units/battle.unit.coastal_warship/v1/raw/hit-e-000.png'
00:03.313  render           | Saved: '/home/telephoneheater/Work/Theandril/assets/art/source/blender-units/battle.unit.coastal_warship/v1/raw/hit-e-001.png'
00:03.427  render           | Saved: '/home/telephoneheater/Work/Theandril/assets/art/source/blender-units/battle.unit.coastal_warship/v1/raw/hit-e-002.png'
00:03.537  render           | Saved: '/home/telephoneheater/Work/Theandril/assets/art/source/blender-units/battle.unit.coastal_warship/v1/raw/hit-e-003.png'
00:03.652  render           | Saved: '/home/telephoneheater/Work/Theandril/assets/art/source/blender-units/battle.unit.coastal_warship/v1/raw/sink-e-000.png'
00:03.754  render           | Saved: '/home/telephoneheater/Work/Theandril/assets/art/source/blender-units/battle.unit.coastal_warship/v1/raw/sink-e-001.png'
00:03.833  render           | Saved: '/home/telephoneheater/Work/Theandril/assets/art/source/blender-units/battle.unit.coastal_warship/v1/raw/sink-e-002.png'
00:03.898  render           | Saved: '/home/telephoneheater/Work/Theandril/assets/art/source/blender-units/battle.unit.coastal_warship/v1/raw/sink-e-003.png'
00:03.964  render           | Saved: '/home/telephoneheater/Work/Theandril/assets/art/source/blender-units/battle.unit.coastal_warship/v1/raw/sink-e-004.png'
00:04.024  render           | Saved: '/home/telephoneheater/Work/Theandril/assets/art/source/blender-units/battle.unit.coastal_warship/v1/raw/sink-e-005.png'
00:04.075  render           | Saved: '/home/telephoneheater/Work/Theandril/assets/art/source/blender-units/battle.unit.coastal_warship/v1/raw/sink-e-006.png'
00:04.129  render           | Saved: '/home/telephoneheater/Work/Theandril/assets/art/source/blender-units/battle.unit.coastal_warship/v1/raw/sink-e-007.png'
00:04.234  render           | Saved: '/home/telephoneheater/Work/Theandril/assets/art/source/blender-units/battle.unit.coastal_warship/v1/raw/idle-w-000.png'
00:04.332  render           | Saved: '/home/telephoneheater/Work/Theandril/assets/art/source/blender-units/battle.unit.coastal_warship/v1/raw/idle-w-001.png'
00:04.430  render           | Saved: '/home/telephoneheater/Work/Theandril/assets/art/source/blender-units/battle.unit.coastal_warship/v1/raw/idle-w-002.png'
00:04.542  render           | Saved: '/home/telephoneheater/Work/Theandril/assets/art/source/blender-units/battle.unit.coastal_warship/v1/raw/idle-w-003.png'
00:04.655  render           | Saved: '/home/telephoneheater/Work/Theandril/assets/art/source/blender-units/battle.unit.coastal_warship/v1/raw/sail-w-000.png'
00:04.761  render           | Saved: '/home/telephoneheater/Work/Theandril/assets/art/source/blender-units/battle.unit.coastal_warship/v1/raw/sail-w-001.png'
00:04.863  render           | Saved: '/home/telephoneheater/Work/Theandril/assets/art/source/blender-units/battle.unit.coastal_warship/v1/raw/sail-w-002.png'
00:04.963  render           | Saved: '/home/telephoneheater/Work/Theandril/assets/art/source/blender-units/battle.unit.coastal_warship/v1/raw/sail-w-003.png'
00:05.075  render           | Saved: '/home/telephoneheater/Work/Theandril/assets/art/source/blender-units/battle.unit.coastal_warship/v1/raw/sail-w-004.png'
00:05.194  render           | Saved: '/home/telephoneheater/Work/Theandril/assets/art/source/blender-units/battle.unit.coastal_warship/v1/raw/sail-w-005.png'
00:05.332  render           | Saved: '/home/telephoneheater/Work/Theandril/assets/art/source/blender-units/battle.unit.coastal_warship/v1/raw/sail-w-006.png'
00:05.456  render           | Saved: '/home/telephoneheater/Work/Theandril/assets/art/source/blender-units/battle.unit.coastal_warship/v1/raw/sail-w-007.png'
00:05.581  render           | Saved: '/home/telephoneheater/Work/Theandril/assets/art/source/blender-units/battle.unit.coastal_warship/v1/raw/fire-w-000.png'
00:05.692  render           | Saved: '/home/telephoneheater/Work/Theandril/assets/art/source/blender-units/battle.unit.coastal_warship/v1/raw/fire-w-001.png'
00:05.802  render           | Saved: '/home/telephoneheater/Work/Theandril/assets/art/source/blender-units/battle.unit.coastal_warship/v1/raw/fire-w-002.png'
00:05.924  render           | Saved: '/home/telephoneheater/Work/Theandril/assets/art/source/blender-units/battle.unit.coastal_warship/v1/raw/fire-w-003.png'
00:06.049  render           | Saved: '/home/telephoneheater/Work/Theandril/assets/art/source/blender-units/battle.unit.coastal_warship/v1/raw/fire-w-004.png'
00:06.161  render           | Saved: '/home/telephoneheater/Work/Theandril/assets/art/source/blender-units/battle.unit.coastal_warship/v1/raw/fire-w-005.png'
00:06.263  render           | Saved: '/home/telephoneheater/Work/Theandril/assets/art/source/blender-units/battle.unit.coastal_warship/v1/raw/fire-w-006.png'
00:06.366  render           | Saved: '/home/telephoneheater/Work/Theandril/assets/art/source/blender-units/battle.unit.coastal_warship/v1/raw/fire-w-007.png'
00:06.483  render           | Saved: '/home/telephoneheater/Work/Theandril/assets/art/source/blender-units/battle.unit.coastal_warship/v1/raw/hit-w-000.png'
00:06.594  render           | Saved: '/home/telephoneheater/Work/Theandril/assets/art/source/blender-units/battle.unit.coastal_warship/v1/raw/hit-w-001.png'
00:06.704  render           | Saved: '/home/telephoneheater/Work/Theandril/assets/art/source/blender-units/battle.unit.coastal_warship/v1/raw/hit-w-002.png'
00:06.821  render           | Saved: '/home/telephoneheater/Work/Theandril/assets/art/source/blender-units/battle.unit.coastal_warship/v1/raw/hit-w-003.png'
00:06.920  render           | Saved: '/home/telephoneheater/Work/Theandril/assets/art/source/blender-units/battle.unit.coastal_warship/v1/raw/sink-w-000.png'
00:07.004  render           | Saved: '/home/telephoneheater/Work/Theandril/assets/art/source/blender-units/battle.unit.coastal_warship/v1/raw/sink-w-001.png'
00:07.069  render           | Saved: '/home/telephoneheater/Work/Theandril/assets/art/source/blender-units/battle.unit.coastal_warship/v1/raw/sink-w-002.png'
00:07.135  render           | Saved: '/home/telephoneheater/Work/Theandril/assets/art/source/blender-units/battle.unit.coastal_warship/v1/raw/sink-w-003.png'
00:07.200  render           | Saved: '/home/telephoneheater/Work/Theandril/assets/art/source/blender-units/battle.unit.coastal_warship/v1/raw/sink-w-004.png'
00:07.270  render           | Saved: '/home/telephoneheater/Work/Theandril/assets/art/source/blender-units/battle.unit.coastal_warship/v1/raw/sink-w-005.png'
00:07.335  render           | Saved: '/home/telephoneheater/Work/Theandril/assets/art/source/blender-units/battle.unit.coastal_warship/v1/raw/sink-w-006.png'
00:07.395  render           | Saved: '/home/telephoneheater/Work/Theandril/assets/art/source/blender-units/battle.unit.coastal_warship/v1/raw/sink-w-007.png'
Info: Saved as "source.blend"
ARTICULATED_BATTLE_UNIT_RENDER_COMPLETE
