COMMAND: pnpm bench
START: 2026-09-09T05:09:47.173400+00:00

> theandril@0.1.0 bench /home/telephoneheater/Work/Theandril
> tsx scripts/benchmark.ts

{
  "measuredAt": "2026-09-09T05:12:05.424Z",
  "saveVersion": 16,
  "contentHash": "b79c78ed",
  "runtime": "v26.7.0",
  "cpu": "13th Gen Intel(R) Core(TM) i9-13900K",
  "os": "linux 7.2.3-arch1-3",
  "measurements": [
    {
      "size": "huge",
      "mature": false,
      "generatorVersion": 7,
      "layout": "continents",
      "cells": 196608,
      "factions": 32,
      "initialArmies": 64,
      "initialFormations": 64,
      "armies": 530,
      "formations": 836,
      "largestArmyFormations": 12,
      "settlements": 230,
      "generatedMs": 527.253767,
      "turns": 100,
      "averageEndTurnMs": 4.713910719999991,
      "maxEndTurnMs": 12.12397400000009,
      "averageAiAllFactionsMs": 207.78699311999998,
      "averageCommandResolutionMs": 31.714023779998815,
      "averageFullTurnWithoutSaveMs": 244.21492761999878,
      "commands": 23742,
      "rejectedCommands": 0,
      "saveMs": 99.61626400000023,
      "loadMs": 266.355771999999,
      "resumedTurnsVerified": 50,
      "battleReportsRetained": 20,
      "saveBytes": 4518671,
      "fullObservationBytes": 2310960,
      "heapSamplesMiB": [
        38,
        137,
        81,
        156,
        85
      ],
      "hashes": [
        "1616a340",
        "3ff66d2f",
        "8693cafc",
        "47b9a1f2",
        "4d2d5fbe"
      ],
      "saveHash": "4d2d5fbe",
      "averagePhaseMs": {
        "sieges": 0.01000501999991684,
        "settlements": 2.8507542900001863,
        "upkeep": 0.15449896000012814,
        "characters": 0.26214228999993794,
        "movement": 0.21500035999993997,
        "travel": 0.0017742799999905402,
        "diplomacy": 0.005479789999953937,
        "progression": 0.003784130000094592
      },
      "note": "Young campaign with real AI; content roster reused for stress faction counts. AI timing includes observations using the production rotating eight-town detail window; fullObservationBytes is a separate unscoped diagnostic read. Army containers and canonical formations are counted separately: merging lowers container count without erasing formation workload. Victory project proposals are intentionally deferred for this 100-turn workload; full archived victory is benchmarked separately."
    },
    {
      "size": "huge",
      "mature": true,
      "generatorVersion": 4,
      "layout": "legacy",
      "cells": 196608,
      "factions": 32,
      "initialArmies": 1500,
      "initialFormations": 1500,
      "armies": 1140,
      "formations": 1663,
      "largestArmyFormations": 6,
      "settlements": 186,
      "generatedMs": 338.7104040000013,
      "turns": 100,
      "averageEndTurnMs": 6.483201110000518,
      "maxEndTurnMs": 12.42685000000347,
      "averageAiAllFactionsMs": 217.9573228799997,
      "averageCommandResolutionMs": 36.44151405999921,
      "averageFullTurnWithoutSaveMs": 260.88203804999944,
      "commands": 43354,
      "rejectedCommands": 0,
      "saveMs": 115.26130399999965,
      "loadMs": 324.6688439999998,
      "resumedTurnsVerified": 50,
      "battleReportsRetained": 20,
      "saveBytes": 4453661,
      "fullObservationBytes": 1220345,
      "heapSamplesMiB": [
        254,
        212,
        101,
        145,
        162
      ],
      "hashes": [
        "3bd00d12",
        "20f9757e",
        "d210aa71",
        "b417b024",
        "9fb0b68d"
      ],
      "saveHash": "9fb0b68d",
      "averagePhaseMs": {
        "sieges": 0.005302100000481005,
        "settlements": 2.7554551399999037,
        "upkeep": 0.4127026400002796,
        "characters": 0.004657939999597147,
        "movement": 0.5612463299999217,
        "travel": 0.0021576199997070944,
        "diplomacy": 0.007810579999713809,
        "progression": 0.002571050000042305
      },
      "note": "Synthetic 1500/4000-singleton-army starting position; real command validation, AI, economy and movement for 100 turns. Field battles resolve when encountered. AI timing includes observations using the production rotating eight-town detail window; fullObservationBytes is a separate unscoped diagnostic read. Army containers and canonical formations are counted separately: merging lowers container count without erasing formation workload. Victory project proposals are intentionally deferred for this 100-turn workload; full archived victory is benchmarked separately."
    },
    {
      "size": "legendary",
      "mature": false,
      "generatorVersion": 7,
      "layout": "continents",
      "cells": 307200,
      "factions": 40,
      "initialArmies": 80,
      "initialFormations": 80,
      "armies": 668,
      "formations": 1010,
      "largestArmyFormations": 12,
      "settlements": 278,
      "generatedMs": 694.552294000001,
      "turns": 100,
      "averageEndTurnMs": 5.394717159999491,
      "maxEndTurnMs": 21.32658399999491,
      "averageAiAllFactionsMs": 260.7432487100005,
      "averageCommandResolutionMs": 39.39293774998165,
      "averageFullTurnWithoutSaveMs": 305.53090361998164,
      "commands": 29496,
      "rejectedCommands": 0,
      "saveMs": 106.47791800000414,
      "loadMs": 442.5495380000066,
      "resumedTurnsVerified": 50,
      "battleReportsRetained": 20,
      "saveBytes": 6381400,
      "fullObservationBytes": 1665009,
      "heapSamplesMiB": [
        87,
        113,
        265,
        249,
        286
      ],
      "hashes": [
        "702254e9",
        "ede5c1d8",
        "b5f0688f",
        "983a6b40",
        "5daffa28"
      ],
      "saveHash": "5daffa28",
      "averagePhaseMs": {
        "sieges": 0.008030209999560611,
        "settlements": 3.2481639099992754,
        "upkeep": 0.14881088999973144,
        "characters": 0.2847345200002019,
        "movement": 0.22320704000012484,
        "travel": 0.002707710000540828,
        "diplomacy": 0.004296740000427235,
        "progression": 0.0024899400003778284
      },
      "note": "Young campaign with real AI; content roster reused for stress faction counts. AI timing includes observations using the production rotating eight-town detail window; fullObservationBytes is a separate unscoped diagnostic read. Army containers and canonical formations are counted separately: merging lowers container count without erasing formation workload. Victory project proposals are intentionally deferred for this 100-turn workload; full archived victory is benchmarked separately."
    },
    {
      "size": "legendary",
      "mature": true,
      "generatorVersion": 4,
      "layout": "legacy",
      "cells": 307200,
      "factions": 40,
      "initialArmies": 4000,
      "initialFormations": 4000,
      "armies": 1977,
      "formations": 4110,
      "largestArmyFormations": 6,
      "settlements": 219,
      "generatedMs": 550.7977519999986,
      "turns": 100,
      "averageEndTurnMs": 8.724465529999724,
      "maxEndTurnMs": 19.005563000013353,
      "averageAiAllFactionsMs": 329.1012769400004,
      "averageCommandResolutionMs": 52.201202880008495,
      "averageFullTurnWithoutSaveMs": 390.0269453500086,
      "commands": 63142,
      "rejectedCommands": 0,
      "saveMs": 111.76869900000747,
      "loadMs": 375.7098779999942,
      "resumedTurnsVerified": 50,
      "battleReportsRetained": 20,
      "saveBytes": 6399223,
      "fullObservationBytes": 1652232,
      "heapSamplesMiB": [
        263,
        287,
        279,
        109,
        268
      ],
      "hashes": [
        "6bbbd199",
        "fc7c2052",
        "70e353d1",
        "6401ea91",
        "22a0ca71"
      ],
      "saveHash": "22a0ca71",
      "averagePhaseMs": {
        "sieges": 0.004978720000653993,
        "settlements": 3.206673680000822,
        "upkeep": 0.8783646100002807,
        "characters": 0.000976770000415854,
        "movement": 1.1641581600002247,
        "travel": 0.0033822500001406295,
        "diplomacy": 0.009414470000192523,
        "progression": 0.002932550000259653
      },
      "note": "Synthetic 1500/4000-singleton-army starting position; real command validation, AI, economy and movement for 100 turns. Field battles resolve when encountered. AI timing includes observations using the production rotating eight-town detail window; fullObservationBytes is a separate unscoped diagnostic read. Army containers and canonical formations are counted separately: merging lowers container count without erasing formation workload. Victory project proposals are intentionally deferred for this 100-turn workload; full archived victory is benchmarked separately."
    }
  ],
  "movement": [
    {
      "size": "huge",
      "generatorVersion": 7,
      "layout": "continents",
      "cells": 196608,
      "explored": 196608,
      "fullObservationMs": 76.68613699998241,
      "coldQueryMs": 33.31722100000479,
      "range": {
        "samples": 120,
        "medianMs": 0.02626600000075996,
        "p95Ms": 0.03568999998969957,
        "maxMs": 0.05925200000638142
      },
      "route": {
        "samples": 120,
        "medianMs": 0.042486999998800457,
        "p95Ms": 0.05368099999031983,
        "maxMs": 6.145927000005031
      },
      "rangeCells": 31,
      "pathCells": 18,
      "pathCost": 18,
      "expandedNodes": 51,
      "farQueryMs": 3.4220170000044163,
      "farQueryLimited": true,
      "farQueryNodes": 4096,
      "queuedArmies": 512,
      "queue512Ms": 147.6797920000099,
      "fullEndTurn": {
        "samples": 20,
        "medianMs": 0.46200000002863817,
        "p95Ms": 80.85819800000172,
        "maxMs": 80.85819800000172
      },
      "travelPhase": {
        "samples": 20,
        "medianMs": 0.002566999988630414,
        "p95Ms": 80.45682299998589,
        "maxMs": 80.45682299998589
      },
      "activeTravelPhase": {
        "samples": 5,
        "medianMs": 78.89423100001295,
        "p95Ms": 80.45682299998589,
        "maxMs": 80.45682299998589
      },
      "savedRouteBytes": 3590413,
      "resumedTurnsVerified": 20,
      "finalHash": "2e2adeb7",
      "note": "Synthetic fully explored two-faction world, cached observation previews; 512 guards begin stacked and share an eighteen-edge destination. No hostile intervention or AI in this workload. Query timing includes result-equality check; end-turn timing excludes separate mirror/hash checks. Path limit is measured separately from successful local route. No archive/save time in turn timings."
    },
    {
      "size": "legendary",
      "generatorVersion": 7,
      "layout": "continents",
      "cells": 307200,
      "explored": 307200,
      "fullObservationMs": 119.9646810000122,
      "coldQueryMs": 63.33347999997204,
      "range": {
        "samples": 120,
        "medianMs": 0.016480999998748302,
        "p95Ms": 0.030184000002918765,
        "maxMs": 0.062082999997073784
      },
      "route": {
        "samples": 120,
        "medianMs": 0.08002100000157952,
        "p95Ms": 0.13760699998238124,
        "maxMs": 2.7750729999970645
      },
      "rangeCells": 18,
      "pathCells": 18,
      "pathCost": 35,
      "expandedNodes": 134,
      "farQueryMs": 5.817803999991156,
      "farQueryLimited": true,
      "farQueryNodes": 4096,
      "queuedArmies": 512,
      "queue512Ms": 257.6948699999775,
      "fullEndTurn": {
        "samples": 20,
        "medianMs": 48.50668500000029,
        "p95Ms": 79.93436600000132,
        "maxMs": 79.93436600000132
      },
      "travelPhase": {
        "samples": 20,
        "medianMs": 48.18143900000723,
        "p95Ms": 79.46368400001666,
        "maxMs": 79.46368400001666
      },
      "activeTravelPhase": {
        "samples": 16,
        "medianMs": 48.425090000004275,
        "p95Ms": 79.46368400001666,
        "maxMs": 79.46368400001666
      },
      "savedRouteBytes": 5549815,
      "resumedTurnsVerified": 20,
      "finalHash": "56fee674",
      "note": "Synthetic fully explored two-faction world, cached observation previews; 512 guards begin stacked and share an eighteen-edge destination. No hostile intervention or AI in this workload. Query timing includes result-equality check; end-turn timing excludes separate mirror/hash checks. Path limit is measured separately from successful local route. No archive/save time in turn timings."
    }
  ],
  "battleKernel": {
    "iterations": 200,
    "formationsPerSide": 12,
    "unitIds": [
      "unit.colonist",
      "unit.scout",
      "unit.guard"
    ],
    "medianMs": 0.5057359999918845,
    "p95Ms": 1.284458000009181,
    "maxMs": 1.4001810000045225
  },
  "conquestAndPeace": {
    "iterations": 50,
    "siegeAssaultMedianMs": 0.5205640000058338,
    "siegeAssaultP95Ms": 0.6145599999872502,
    "peacePackageWithMirrorMedianMs": 0.04136299999663606,
    "peacePackageWithMirrorP95Ms": 0.05631099999300204,
    "finalHash": "7e219a03",
    "note": "Real blockade, militia assault, occupation, paid peace and treaty expiry. Capture-decision midpoint save plus 11 resumed turns verified every run. Siege timing excludes setup; peace timing includes separately applied mirror commands."
  }
}
