CHECKOUT: committed git archive; no node_modules, cache, or untracked files
COMMAND: pnpm install --offline --frozen-lockfile
Scope: all 11 workspace projects
Lockfile is up to date, resolution step is skipped
Progress: resolved 1, reused 0, downloaded 0, added 0
Packages: +181
++++++++++++++++++++++++++++++++++++++++++++++++++++++++++++++++++++++++++++++++
Progress: resolved 181, reused 181, downloaded 0, added 181, done
.../esbuild@0.28.2/node_modules/esbuild postinstall$ node install.js
.../esbuild@0.28.2/node_modules/esbuild postinstall: Done

devDependencies:
+ @eslint/js 9.39.5
+ @playwright/test 1.63.0
+ @types/node 24.13.3
+ @types/react 19.2.18
+ @types/react-dom 19.2.7
+ eslint 9.39.5
+ fake-indexeddb 6.2.5
+ fast-check 4.9.0
+ globals 16.5.0
+ tsx 4.23.13
+ turbo 2.10.12
+ typescript 5.9.3
+ typescript-eslint 8.69.0
+ vitest 4.1.11

Done in 853ms using pnpm v10.32.1
