COMMAND: pnpm content:validate
START: 2026-09-09T05:06:56.343669+00:00

> theandril@0.1.0 content:validate /home/telephoneheater/Work/Theandril
> tsx scripts/validate-content.ts

{
  "resources": 8,
  "developmentNodes": 25,
  "buildings": 5,
  "units": 13,
  "factions": 24,
  "technologies": 10,
  "institutions": 2,
  "doctrines": 2,
  "projects": 1,
  "characterRoles": 4,
  "characterMissions": 3,
  "characterSkills": 17,
  "commanderAbilities": 1,
  "improvements": 18,
  "naturalFeatures": 7,
  "arcaneDiscoveries": 2,
  "battleSpells": 2,
  "magicPaths": 2,
  "innateBattleAbilities": 1,
  "hash": "b79c78ed"
}
