COMMAND: node --import tsx docs/hermes-analysis/qa/lifecycle.mjs
START: 2026-09-09T05:35:49.375094+00:00
node:internal/modules/run_main:107
    triggerUncaughtException(
    ^

ExpectError: expect(locator).toBeEnabled() failed

Locator: getByRole('button', { name: 'Save campaign', exact: true })
Expected: enabled
Timeout: 5000ms
Error: element(s) not found

Call log:
  - Expect "toBeEnabled" getByRole('button', { name: 'Save campaign', exact: true }) with timeout 5000ms
  - waiting for getByRole('button', { name: 'Save campaign', exact: true })

    at captureRawStack (/home/telephoneheater/Work/Theandril/node_modules/.pnpm/playwright-core@1.63.0/node_modules/playwright-core/lib/coreBundle.js:8588:17)
    at callMatcherAsStep (/home/telephoneheater/Work/Theandril/node_modules/.pnpm/playwright@1.63.0/node_modules/playwright/lib/matchers/expect.js:13310:57)
    at Object.toBeEnabled (/home/telephoneheater/Work/Theandril/node_modules/.pnpm/playwright@1.63.0/node_modules/playwright/lib/matchers/expect.js:13302:23)
    at capture (/home/telephoneheater/Work/Theandril/docs/hermes-analysis/qa/lifecycle.mjs:15:82)
    at /home/telephoneheater/Work/Theandril/docs/hermes-analysis/qa/lifecycle.mjs:37:9 {
  matcherResult: {
    message: 'expect(locator).toBeEnabled() failed\n' +
      '\n' +
      "Locator: getByRole('button', { name: 'Save campaign', exact: true })\n" +
      'Expected: enabled\n' +
      'Timeout: 5000ms\n' +
      'Error: element(s) not found\n' +
      '\n' +
      'Call log:\n' +
      `  - Expect "toBeEnabled" getByRole('button', { name: 'Save campaign', exact: true }) with timeout 5000ms\n` +
      "  - waiting for getByRole('button', { name: 'Save campaign', exact: true })\n",
    pass: false,
    actual: undefined,
    name: 'toBeEnabled',
    expected: 'enabled',
    log: [
      `  - Expect "toBeEnabled" getByRole('button', { name: 'Save campaign', exact: true }) with timeout 5000ms`,
      "  - waiting for getByRole('button', { name: 'Save campaign', exact: true })"
    ],
    timeout: 5000,
    ariaSnapshot: '- button "Import save file"\n' +
      '- banner:\n' +
      '  - text: The age of fracture\n' +
      '  - heading "Theandril" [level=1]\n' +
      '  - text: Your realm\n' +
      '  - strong: Ashen Compact\n' +
      '  - text: TREASURY\n' +
      '  - strong: 60 coin\n' +
      '  - text: KNOWLEDGE\n' +
      '  - strong: "0"\n' +
      '  - text: HEARTHS\n' +
      '  - strong: "0"\n' +
      '- navigation "Campaign navigation": Standard pace · 12 realms Recording the full campaign\n' +
      '- group: Campaign & settings\n' +
      '- main:\n' +
      '  - region "Strategic map":\n' +
      '    - text: SEED 964922642 · 256 × 160 Continents\n' +
      '    - navigation "Map management":\n' +
      '      - button "Armies & fleets"\n' +
      '      - button "Settlements"\n' +
      '      - button "Characters & agents": Characters\n' +
      '      - button "Realm progression": Research\n' +
      '      - button "Realm affairs": Diplomacy\n' +
      '      - button "Campaign journal"\n' +
      '      - button "World overview"\n' +
      '    - button "Zoom in": +\n' +
      '    - button "Zoom out": −\n' +
      '    - button "Focus selection"\n' +
      '    - button "Open map actions"\n' +
      '    - button "Map guide": "?"\n' +
      '    - group: World map · Terrain\n' +
      '- contentinfo:\n' +
      '  - text: Selected army\n' +
      '  - strong: Hearth caravan\n' +
      '  - text: 1 / 12 formations · 10 strength · 3 movement\n' +
      '  - button "Show selected orders"\n' +
      '  - button "Show on map"\n' +
      '  - region "Next-action navigation":\n' +
      '    - paragraph: 2 needing orders · 0 idle settlements\n' +
      '    - button "Previous army needing orders": ‹\n' +
      '    - button "Next army needing orders": Next army N\n' +
      '    - button "Previous idle settlement" [disabled]: ‹\n' +
      '    - button "Next idle settlement" [disabled]: Next town S\n' +
      '    - status\n' +
      '  - text: AGE OF FRACTURE\n' +
      '  - strong: Turn 1\n' +
      '  - button "End turn": End turn E\n' +
      '  - status: Your people await a hearth. Select the caravan and found your first settlement.\n' +
      '- button "Art Lab"\n' +
      '- text: Development asset inspector'
  }
}

Node.js v26.7.0
