/home/telephoneheater/Work/Theandril/assets/art/source/blender-units/battle.unit.scout/v1/driver.py:49: DeprecationWarning: 'World.use_nodes' is expected to be removed in Blender 6.0
  scene.world.use_nodes = True
00:00.606  render           | Saved: '/home/telephoneheater/Work/Theandril/assets/art/source/blender-units/battle.unit.scout/v1/raw/idle-e-000.png'
00:00.673  render           | Saved: '/home/telephoneheater/Work/Theandril/assets/art/source/blender-units/battle.unit.scout/v1/raw/idle-e-001.png'
00:00.734  render           | Saved: '/home/telephoneheater/Work/Theandril/assets/art/source/blender-units/battle.unit.scout/v1/raw/idle-e-002.png'
00:00.797  render           | Saved: '/home/telephoneheater/Work/Theandril/assets/art/source/blender-units/battle.unit.scout/v1/raw/idle-e-003.png'
00:00.855  render           | Saved: '/home/telephoneheater/Work/Theandril/assets/art/source/blender-units/battle.unit.scout/v1/raw/walk-e-000.png'
00:00.906  render           | Saved: '/home/telephoneheater/Work/Theandril/assets/art/source/blender-units/battle.unit.scout/v1/raw/walk-e-001.png'
00:00.960  render           | Saved: '/home/telephoneheater/Work/Theandril/assets/art/source/blender-units/battle.unit.scout/v1/raw/walk-e-002.png'
00:01.014  render           | Saved: '/home/telephoneheater/Work/Theandril/assets/art/source/blender-units/battle.unit.scout/v1/raw/walk-e-003.png'
00:01.074  render           | Saved: '/home/telephoneheater/Work/Theandril/assets/art/source/blender-units/battle.unit.scout/v1/raw/walk-e-004.png'
00:01.134  render           | Saved: '/home/telephoneheater/Work/Theandril/assets/art/source/blender-units/battle.unit.scout/v1/raw/walk-e-005.png'
00:01.196  render           | Saved: '/home/telephoneheater/Work/Theandril/assets/art/source/blender-units/battle.unit.scout/v1/raw/walk-e-006.png'
00:01.255  render           | Saved: '/home/telephoneheater/Work/Theandril/assets/art/source/blender-units/battle.unit.scout/v1/raw/walk-e-007.png'
00:01.308  render           | Saved: '/home/telephoneheater/Work/Theandril/assets/art/source/blender-units/battle.unit.scout/v1/raw/attack-e-000.png'
00:01.363  render           | Saved: '/home/telephoneheater/Work/Theandril/assets/art/source/blender-units/battle.unit.scout/v1/raw/attack-e-001.png'
00:01.420  render           | Saved: '/home/telephoneheater/Work/Theandril/assets/art/source/blender-units/battle.unit.scout/v1/raw/attack-e-002.png'
00:01.477  render           | Saved: '/home/telephoneheater/Work/Theandril/assets/art/source/blender-units/battle.unit.scout/v1/raw/attack-e-003.png'
00:01.536  render           | Saved: '/home/telephoneheater/Work/Theandril/assets/art/source/blender-units/battle.unit.scout/v1/raw/attack-e-004.png'
00:01.591  render           | Saved: '/home/telephoneheater/Work/Theandril/assets/art/source/blender-units/battle.unit.scout/v1/raw/attack-e-005.png'
00:01.653  render           | Saved: '/home/telephoneheater/Work/Theandril/assets/art/source/blender-units/battle.unit.scout/v1/raw/attack-e-006.png'
00:01.710  render           | Saved: '/home/telephoneheater/Work/Theandril/assets/art/source/blender-units/battle.unit.scout/v1/raw/attack-e-007.png'
00:01.770  render           | Saved: '/home/telephoneheater/Work/Theandril/assets/art/source/blender-units/battle.unit.scout/v1/raw/hit-e-000.png'
00:01.831  render           | Saved: '/home/telephoneheater/Work/Theandril/assets/art/source/blender-units/battle.unit.scout/v1/raw/hit-e-001.png'
00:01.883  render           | Saved: '/home/telephoneheater/Work/Theandril/assets/art/source/blender-units/battle.unit.scout/v1/raw/hit-e-002.png'
00:01.941  render           | Saved: '/home/telephoneheater/Work/Theandril/assets/art/source/blender-units/battle.unit.scout/v1/raw/hit-e-003.png'
00:02.001  render           | Saved: '/home/telephoneheater/Work/Theandril/assets/art/source/blender-units/battle.unit.scout/v1/raw/death-e-000.png'
00:02.066  render           | Saved: '/home/telephoneheater/Work/Theandril/assets/art/source/blender-units/battle.unit.scout/v1/raw/death-e-001.png'
00:02.128  render           | Saved: '/home/telephoneheater/Work/Theandril/assets/art/source/blender-units/battle.unit.scout/v1/raw/death-e-002.png'
00:02.189  render           | Saved: '/home/telephoneheater/Work/Theandril/assets/art/source/blender-units/battle.unit.scout/v1/raw/death-e-003.png'
00:02.253  render           | Saved: '/home/telephoneheater/Work/Theandril/assets/art/source/blender-units/battle.unit.scout/v1/raw/death-e-004.png'
00:02.310  render           | Saved: '/home/telephoneheater/Work/Theandril/assets/art/source/blender-units/battle.unit.scout/v1/raw/death-e-005.png'
00:02.372  render           | Saved: '/home/telephoneheater/Work/Theandril/assets/art/source/blender-units/battle.unit.scout/v1/raw/death-e-006.png'
00:02.424  render           | Saved: '/home/telephoneheater/Work/Theandril/assets/art/source/blender-units/battle.unit.scout/v1/raw/death-e-007.png'
00:02.483  render           | Saved: '/home/telephoneheater/Work/Theandril/assets/art/source/blender-units/battle.unit.scout/v1/raw/idle-w-000.png'
00:02.545  render           | Saved: '/home/telephoneheater/Work/Theandril/assets/art/source/blender-units/battle.unit.scout/v1/raw/idle-w-001.png'
00:02.600  render           | Saved: '/home/telephoneheater/Work/Theandril/assets/art/source/blender-units/battle.unit.scout/v1/raw/idle-w-002.png'
00:02.658  render           | Saved: '/home/telephoneheater/Work/Theandril/assets/art/source/blender-units/battle.unit.scout/v1/raw/idle-w-003.png'
00:02.719  render           | Saved: '/home/telephoneheater/Work/Theandril/assets/art/source/blender-units/battle.unit.scout/v1/raw/walk-w-000.png'
00:02.778  render           | Saved: '/home/telephoneheater/Work/Theandril/assets/art/source/blender-units/battle.unit.scout/v1/raw/walk-w-001.png'
00:02.841  render           | Saved: '/home/telephoneheater/Work/Theandril/assets/art/source/blender-units/battle.unit.scout/v1/raw/walk-w-002.png'
00:02.902  render           | Saved: '/home/telephoneheater/Work/Theandril/assets/art/source/blender-units/battle.unit.scout/v1/raw/walk-w-003.png'
00:02.964  render           | Saved: '/home/telephoneheater/Work/Theandril/assets/art/source/blender-units/battle.unit.scout/v1/raw/walk-w-004.png'
00:03.021  render           | Saved: '/home/telephoneheater/Work/Theandril/assets/art/source/blender-units/battle.unit.scout/v1/raw/walk-w-005.png'
00:03.084  render           | Saved: '/home/telephoneheater/Work/Theandril/assets/art/source/blender-units/battle.unit.scout/v1/raw/walk-w-006.png'
00:03.144  render           | Saved: '/home/telephoneheater/Work/Theandril/assets/art/source/blender-units/battle.unit.scout/v1/raw/walk-w-007.png'
00:03.203  render           | Saved: '/home/telephoneheater/Work/Theandril/assets/art/source/blender-units/battle.unit.scout/v1/raw/attack-w-000.png'
00:03.263  render           | Saved: '/home/telephoneheater/Work/Theandril/assets/art/source/blender-units/battle.unit.scout/v1/raw/attack-w-001.png'
00:03.323  render           | Saved: '/home/telephoneheater/Work/Theandril/assets/art/source/blender-units/battle.unit.scout/v1/raw/attack-w-002.png'
00:03.380  render           | Saved: '/home/telephoneheater/Work/Theandril/assets/art/source/blender-units/battle.unit.scout/v1/raw/attack-w-003.png'
00:03.437  render           | Saved: '/home/telephoneheater/Work/Theandril/assets/art/source/blender-units/battle.unit.scout/v1/raw/attack-w-004.png'
00:03.497  render           | Saved: '/home/telephoneheater/Work/Theandril/assets/art/source/blender-units/battle.unit.scout/v1/raw/attack-w-005.png'
00:03.557  render           | Saved: '/home/telephoneheater/Work/Theandril/assets/art/source/blender-units/battle.unit.scout/v1/raw/attack-w-006.png'
00:03.623  render           | Saved: '/home/telephoneheater/Work/Theandril/assets/art/source/blender-units/battle.unit.scout/v1/raw/attack-w-007.png'
00:03.681  render           | Saved: '/home/telephoneheater/Work/Theandril/assets/art/source/blender-units/battle.unit.scout/v1/raw/hit-w-000.png'
00:03.737  render           | Saved: '/home/telephoneheater/Work/Theandril/assets/art/source/blender-units/battle.unit.scout/v1/raw/hit-w-001.png'
00:03.793  render           | Saved: '/home/telephoneheater/Work/Theandril/assets/art/source/blender-units/battle.unit.scout/v1/raw/hit-w-002.png'
00:03.855  render           | Saved: '/home/telephoneheater/Work/Theandril/assets/art/source/blender-units/battle.unit.scout/v1/raw/hit-w-003.png'
00:03.910  render           | Saved: '/home/telephoneheater/Work/Theandril/assets/art/source/blender-units/battle.unit.scout/v1/raw/death-w-000.png'
00:03.966  render           | Saved: '/home/telephoneheater/Work/Theandril/assets/art/source/blender-units/battle.unit.scout/v1/raw/death-w-001.png'
00:04.026  render           | Saved: '/home/telephoneheater/Work/Theandril/assets/art/source/blender-units/battle.unit.scout/v1/raw/death-w-002.png'
00:04.089  render           | Saved: '/home/telephoneheater/Work/Theandril/assets/art/source/blender-units/battle.unit.scout/v1/raw/death-w-003.png'
00:04.155  render           | Saved: '/home/telephoneheater/Work/Theandril/assets/art/source/blender-units/battle.unit.scout/v1/raw/death-w-004.png'
00:04.216  render           | Saved: '/home/telephoneheater/Work/Theandril/assets/art/source/blender-units/battle.unit.scout/v1/raw/death-w-005.png'
00:04.273  render           | Saved: '/home/telephoneheater/Work/Theandril/assets/art/source/blender-units/battle.unit.scout/v1/raw/death-w-006.png'
00:04.323  render           | Saved: '/home/telephoneheater/Work/Theandril/assets/art/source/blender-units/battle.unit.scout/v1/raw/death-w-007.png'
Info: Saved as "source.blend"
ARTICULATED_BATTLE_UNIT_RENDER_COMPLETE
