{
  "baseline": "b0a4cd86cdb30cd9e2d3a1f0c8a78da38f7987cd",
  "validation": {
    "resources": 8,
    "developmentNodes": 25,
    "buildings": 5,
    "units": 13,
    "factions": 24,
    "technologies": 10,
    "institutions": 2,
    "doctrines": 2,
    "projects": 1,
    "characterRoles": 4,
    "characterMissions": 3,
    "characterSkills": 17,
    "commanderAbilities": 1,
    "improvements": 18,
    "naturalFeatures": 7,
    "arcaneDiscoveries": 2,
    "battleSpells": 2,
    "magicPaths": 2,
    "innateBattleAbilities": 1,
    "hash": "b79c78ed"
  },
  "summary": {
    "resources": 8,
    "developmentNodes": 25,
    "buildings": 5,
    "units": 13,
    "factions": 24,
    "technologies": 10,
    "institutions": 2,
    "doctrines": 2,
    "projects": 1,
    "characterRoles": 4,
    "characterMissions": 3,
    "characterSkills": 17,
    "commanderAbilities": 1,
    "improvements": 18,
    "naturalFeatures": 7,
    "arcaneDiscoveries": 2,
    "battleSpells": 2,
    "magicPaths": 2,
    "innateBattleAbilities": 1,
    "hash": "b79c78ed",
    "landUnits": 10,
    "landMilitaryUnits": 9,
    "navalUnits": 3,
    "founderUnits": 1,
    "uniqueUnitStatProfiles": 13,
    "formationTraining": 8,
    "hearthDevelopments": 9,
    "factionTraditions": 8,
    "institutionLinkedTraditions": 4,
    "doctrineLinkedTraditions": 4,
    "developmentWithMaterialCosts": 14,
    "baseImprovements": 5,
    "researchedImprovements": 5,
    "extractionImprovements": 8,
    "biomeDefinitions": 12,
    "physicalTerrainClasses": 5,
    "waterDepthClasses": 3,
    "namePools": 24,
    "uniqueUnsuffixedNameCombinations": 1536,
    "unsuffixedNameCombinations": 1536,
    "distinctRecruitmentWeightVectors": 19,
    "independentAncestryDefinitions": 0,
    "implementedVictoryPaths": [
      "prosperity"
    ],
    "racesOrAncestries": 0,
    "independentPowerDefinitions": 0,
    "researchDisciplineDefinitions": 0,
    "rituals": 0,
    "summons": 0,
    "magicalItemsOrRecipes": 0,
    "sacredProgression": 0,
    "occultProgression": 0,
    "landmarksOrLegendarySites": 0,
    "eventTemplates": 0,
    "quests": 0,
    "biographyBearingNamedCharacterDefinitions": 0
  },
  "audio": {
    "searchedSourceFiles": 179,
    "sourceHits": [],
    "trackedAudioFiles": []
  },
  "commandTypes": [
    "accelerateRoad",
    "adoptDoctrine",
    "adoptInstitution",
    "assault",
    "assignCharacter",
    "attack",
    "autoResolveBattle",
    "battleOrder",
    "besiege",
    "cancelCharacterMission",
    "cancelLandWork",
    "cancelMovement",
    "claimCell",
    "declareWar",
    "develop",
    "disembarkArmy",
    "embarkArmy",
    "endTurn",
    "found",
    "improveTile",
    "liftSiege",
    "mergeArmies",
    "move",
    "moveTo",
    "promoteCharacter",
    "proposePeace",
    "queue",
    "queueMovement",
    "recruitCharacter",
    "research",
    "researchArcane",
    "resolveCapture",
    "respondPeace",
    "resumeMovement",
    "sellResource",
    "setBattleAbilityAuto",
    "setCapital",
    "setWorkedTiles",
    "splitArmy",
    "startCharacterMission",
    "startVictoryProject",
    "terraformTile",
    "transferFormations",
    "unassignCharacter",
    "useBattleAbility",
    "useCommanderAbility"
  ],
  "output": "/home/telephoneheater/Work/Theandril/docs/hermes-analysis/systems/content.json"
}
