/home/telephoneheater/Work/Theandril/assets/art/source/blender-units/battle.unit.arbalester/v1/driver.py:49: DeprecationWarning: 'World.use_nodes' is expected to be removed in Blender 6.0
  scene.world.use_nodes = True
00:00.638  render           | Saved: '/home/telephoneheater/Work/Theandril/assets/art/source/blender-units/battle.unit.arbalester/v1/raw/idle-e-000.png'
00:00.706  render           | Saved: '/home/telephoneheater/Work/Theandril/assets/art/source/blender-units/battle.unit.arbalester/v1/raw/idle-e-001.png'
00:00.780  render           | Saved: '/home/telephoneheater/Work/Theandril/assets/art/source/blender-units/battle.unit.arbalester/v1/raw/idle-e-002.png'
00:00.849  render           | Saved: '/home/telephoneheater/Work/Theandril/assets/art/source/blender-units/battle.unit.arbalester/v1/raw/idle-e-003.png'
00:00.928  render           | Saved: '/home/telephoneheater/Work/Theandril/assets/art/source/blender-units/battle.unit.arbalester/v1/raw/walk-e-000.png'
00:01.004  render           | Saved: '/home/telephoneheater/Work/Theandril/assets/art/source/blender-units/battle.unit.arbalester/v1/raw/walk-e-001.png'
00:01.073  render           | Saved: '/home/telephoneheater/Work/Theandril/assets/art/source/blender-units/battle.unit.arbalester/v1/raw/walk-e-002.png'
00:01.139  render           | Saved: '/home/telephoneheater/Work/Theandril/assets/art/source/blender-units/battle.unit.arbalester/v1/raw/walk-e-003.png'
00:01.212  render           | Saved: '/home/telephoneheater/Work/Theandril/assets/art/source/blender-units/battle.unit.arbalester/v1/raw/walk-e-004.png'
00:01.294  render           | Saved: '/home/telephoneheater/Work/Theandril/assets/art/source/blender-units/battle.unit.arbalester/v1/raw/walk-e-005.png'
00:01.361  render           | Saved: '/home/telephoneheater/Work/Theandril/assets/art/source/blender-units/battle.unit.arbalester/v1/raw/walk-e-006.png'
00:01.428  render           | Saved: '/home/telephoneheater/Work/Theandril/assets/art/source/blender-units/battle.unit.arbalester/v1/raw/walk-e-007.png'
00:01.490  render           | Saved: '/home/telephoneheater/Work/Theandril/assets/art/source/blender-units/battle.unit.arbalester/v1/raw/attack-e-000.png'
00:01.554  render           | Saved: '/home/telephoneheater/Work/Theandril/assets/art/source/blender-units/battle.unit.arbalester/v1/raw/attack-e-001.png'
00:01.628  render           | Saved: '/home/telephoneheater/Work/Theandril/assets/art/source/blender-units/battle.unit.arbalester/v1/raw/attack-e-002.png'
00:01.700  render           | Saved: '/home/telephoneheater/Work/Theandril/assets/art/source/blender-units/battle.unit.arbalester/v1/raw/attack-e-003.png'
00:01.776  render           | Saved: '/home/telephoneheater/Work/Theandril/assets/art/source/blender-units/battle.unit.arbalester/v1/raw/attack-e-004.png'
00:01.843  render           | Saved: '/home/telephoneheater/Work/Theandril/assets/art/source/blender-units/battle.unit.arbalester/v1/raw/attack-e-005.png'
00:01.914  render           | Saved: '/home/telephoneheater/Work/Theandril/assets/art/source/blender-units/battle.unit.arbalester/v1/raw/attack-e-006.png'
00:01.981  render           | Saved: '/home/telephoneheater/Work/Theandril/assets/art/source/blender-units/battle.unit.arbalester/v1/raw/attack-e-007.png'
00:02.050  render           | Saved: '/home/telephoneheater/Work/Theandril/assets/art/source/blender-units/battle.unit.arbalester/v1/raw/hit-e-000.png'
00:02.118  render           | Saved: '/home/telephoneheater/Work/Theandril/assets/art/source/blender-units/battle.unit.arbalester/v1/raw/hit-e-001.png'
00:02.198  render           | Saved: '/home/telephoneheater/Work/Theandril/assets/art/source/blender-units/battle.unit.arbalester/v1/raw/hit-e-002.png'
00:02.279  render           | Saved: '/home/telephoneheater/Work/Theandril/assets/art/source/blender-units/battle.unit.arbalester/v1/raw/hit-e-003.png'
00:02.355  render           | Saved: '/home/telephoneheater/Work/Theandril/assets/art/source/blender-units/battle.unit.arbalester/v1/raw/death-e-000.png'
00:02.429  render           | Saved: '/home/telephoneheater/Work/Theandril/assets/art/source/blender-units/battle.unit.arbalester/v1/raw/death-e-001.png'
00:02.514  render           | Saved: '/home/telephoneheater/Work/Theandril/assets/art/source/blender-units/battle.unit.arbalester/v1/raw/death-e-002.png'
00:02.592  render           | Saved: '/home/telephoneheater/Work/Theandril/assets/art/source/blender-units/battle.unit.arbalester/v1/raw/death-e-003.png'
00:02.671  render           | Saved: '/home/telephoneheater/Work/Theandril/assets/art/source/blender-units/battle.unit.arbalester/v1/raw/death-e-004.png'
00:02.751  render           | Saved: '/home/telephoneheater/Work/Theandril/assets/art/source/blender-units/battle.unit.arbalester/v1/raw/death-e-005.png'
00:02.824  render           | Saved: '/home/telephoneheater/Work/Theandril/assets/art/source/blender-units/battle.unit.arbalester/v1/raw/death-e-006.png'
00:02.895  render           | Saved: '/home/telephoneheater/Work/Theandril/assets/art/source/blender-units/battle.unit.arbalester/v1/raw/death-e-007.png'
00:02.966  render           | Saved: '/home/telephoneheater/Work/Theandril/assets/art/source/blender-units/battle.unit.arbalester/v1/raw/idle-w-000.png'
00:03.037  render           | Saved: '/home/telephoneheater/Work/Theandril/assets/art/source/blender-units/battle.unit.arbalester/v1/raw/idle-w-001.png'
00:03.103  render           | Saved: '/home/telephoneheater/Work/Theandril/assets/art/source/blender-units/battle.unit.arbalester/v1/raw/idle-w-002.png'
00:03.180  render           | Saved: '/home/telephoneheater/Work/Theandril/assets/art/source/blender-units/battle.unit.arbalester/v1/raw/idle-w-003.png'
00:03.254  render           | Saved: '/home/telephoneheater/Work/Theandril/assets/art/source/blender-units/battle.unit.arbalester/v1/raw/walk-w-000.png'
00:03.333  render           | Saved: '/home/telephoneheater/Work/Theandril/assets/art/source/blender-units/battle.unit.arbalester/v1/raw/walk-w-001.png'
00:03.413  render           | Saved: '/home/telephoneheater/Work/Theandril/assets/art/source/blender-units/battle.unit.arbalester/v1/raw/walk-w-002.png'
00:03.488  render           | Saved: '/home/telephoneheater/Work/Theandril/assets/art/source/blender-units/battle.unit.arbalester/v1/raw/walk-w-003.png'
00:03.556  render           | Saved: '/home/telephoneheater/Work/Theandril/assets/art/source/blender-units/battle.unit.arbalester/v1/raw/walk-w-004.png'
00:03.627  render           | Saved: '/home/telephoneheater/Work/Theandril/assets/art/source/blender-units/battle.unit.arbalester/v1/raw/walk-w-005.png'
00:03.688  render           | Saved: '/home/telephoneheater/Work/Theandril/assets/art/source/blender-units/battle.unit.arbalester/v1/raw/walk-w-006.png'
00:03.750  render           | Saved: '/home/telephoneheater/Work/Theandril/assets/art/source/blender-units/battle.unit.arbalester/v1/raw/walk-w-007.png'
00:03.828  render           | Saved: '/home/telephoneheater/Work/Theandril/assets/art/source/blender-units/battle.unit.arbalester/v1/raw/attack-w-000.png'
00:03.900  render           | Saved: '/home/telephoneheater/Work/Theandril/assets/art/source/blender-units/battle.unit.arbalester/v1/raw/attack-w-001.png'
00:03.966  render           | Saved: '/home/telephoneheater/Work/Theandril/assets/art/source/blender-units/battle.unit.arbalester/v1/raw/attack-w-002.png'
00:04.030  render           | Saved: '/home/telephoneheater/Work/Theandril/assets/art/source/blender-units/battle.unit.arbalester/v1/raw/attack-w-003.png'
00:04.089  render           | Saved: '/home/telephoneheater/Work/Theandril/assets/art/source/blender-units/battle.unit.arbalester/v1/raw/attack-w-004.png'
00:04.153  render           | Saved: '/home/telephoneheater/Work/Theandril/assets/art/source/blender-units/battle.unit.arbalester/v1/raw/attack-w-005.png'
00:04.215  render           | Saved: '/home/telephoneheater/Work/Theandril/assets/art/source/blender-units/battle.unit.arbalester/v1/raw/attack-w-006.png'
00:04.279  render           | Saved: '/home/telephoneheater/Work/Theandril/assets/art/source/blender-units/battle.unit.arbalester/v1/raw/attack-w-007.png'
00:04.344  render           | Saved: '/home/telephoneheater/Work/Theandril/assets/art/source/blender-units/battle.unit.arbalester/v1/raw/hit-w-000.png'
00:04.408  render           | Saved: '/home/telephoneheater/Work/Theandril/assets/art/source/blender-units/battle.unit.arbalester/v1/raw/hit-w-001.png'
00:04.474  render           | Saved: '/home/telephoneheater/Work/Theandril/assets/art/source/blender-units/battle.unit.arbalester/v1/raw/hit-w-002.png'
00:04.536  render           | Saved: '/home/telephoneheater/Work/Theandril/assets/art/source/blender-units/battle.unit.arbalester/v1/raw/hit-w-003.png'
00:04.609  render           | Saved: '/home/telephoneheater/Work/Theandril/assets/art/source/blender-units/battle.unit.arbalester/v1/raw/death-w-000.png'
00:04.679  render           | Saved: '/home/telephoneheater/Work/Theandril/assets/art/source/blender-units/battle.unit.arbalester/v1/raw/death-w-001.png'
00:04.748  render           | Saved: '/home/telephoneheater/Work/Theandril/assets/art/source/blender-units/battle.unit.arbalester/v1/raw/death-w-002.png'
00:04.813  render           | Saved: '/home/telephoneheater/Work/Theandril/assets/art/source/blender-units/battle.unit.arbalester/v1/raw/death-w-003.png'
00:04.883  render           | Saved: '/home/telephoneheater/Work/Theandril/assets/art/source/blender-units/battle.unit.arbalester/v1/raw/death-w-004.png'
00:04.952  render           | Saved: '/home/telephoneheater/Work/Theandril/assets/art/source/blender-units/battle.unit.arbalester/v1/raw/death-w-005.png'
00:05.021  render           | Saved: '/home/telephoneheater/Work/Theandril/assets/art/source/blender-units/battle.unit.arbalester/v1/raw/death-w-006.png'
00:05.089  render           | Saved: '/home/telephoneheater/Work/Theandril/assets/art/source/blender-units/battle.unit.arbalester/v1/raw/death-w-007.png'
Info: Saved as "source.blend"
ARTICULATED_BATTLE_UNIT_RENDER_COMPLETE
