/home/telephoneheater/Work/Theandril/assets/art/source/blender-units/battle.unit.cavalry/v1/driver.py:49: DeprecationWarning: 'World.use_nodes' is expected to be removed in Blender 6.0
  scene.world.use_nodes = True
00:00.826  render           | Saved: '/home/telephoneheater/Work/Theandril/assets/art/source/blender-units/battle.unit.cavalry/v1/raw/idle-e-000.png'
00:00.898  render           | Saved: '/home/telephoneheater/Work/Theandril/assets/art/source/blender-units/battle.unit.cavalry/v1/raw/idle-e-001.png'
00:00.962  render           | Saved: '/home/telephoneheater/Work/Theandril/assets/art/source/blender-units/battle.unit.cavalry/v1/raw/idle-e-002.png'
00:01.029  render           | Saved: '/home/telephoneheater/Work/Theandril/assets/art/source/blender-units/battle.unit.cavalry/v1/raw/idle-e-003.png'
00:01.095  render           | Saved: '/home/telephoneheater/Work/Theandril/assets/art/source/blender-units/battle.unit.cavalry/v1/raw/walk-e-000.png'
00:01.157  render           | Saved: '/home/telephoneheater/Work/Theandril/assets/art/source/blender-units/battle.unit.cavalry/v1/raw/walk-e-001.png'
00:01.222  render           | Saved: '/home/telephoneheater/Work/Theandril/assets/art/source/blender-units/battle.unit.cavalry/v1/raw/walk-e-002.png'
00:01.286  render           | Saved: '/home/telephoneheater/Work/Theandril/assets/art/source/blender-units/battle.unit.cavalry/v1/raw/walk-e-003.png'
00:01.349  render           | Saved: '/home/telephoneheater/Work/Theandril/assets/art/source/blender-units/battle.unit.cavalry/v1/raw/walk-e-004.png'
00:01.412  render           | Saved: '/home/telephoneheater/Work/Theandril/assets/art/source/blender-units/battle.unit.cavalry/v1/raw/walk-e-005.png'
00:01.477  render           | Saved: '/home/telephoneheater/Work/Theandril/assets/art/source/blender-units/battle.unit.cavalry/v1/raw/walk-e-006.png'
00:01.546  render           | Saved: '/home/telephoneheater/Work/Theandril/assets/art/source/blender-units/battle.unit.cavalry/v1/raw/walk-e-007.png'
00:01.615  render           | Saved: '/home/telephoneheater/Work/Theandril/assets/art/source/blender-units/battle.unit.cavalry/v1/raw/attack-e-000.png'
00:01.686  render           | Saved: '/home/telephoneheater/Work/Theandril/assets/art/source/blender-units/battle.unit.cavalry/v1/raw/attack-e-001.png'
00:01.760  render           | Saved: '/home/telephoneheater/Work/Theandril/assets/art/source/blender-units/battle.unit.cavalry/v1/raw/attack-e-002.png'
00:01.834  render           | Saved: '/home/telephoneheater/Work/Theandril/assets/art/source/blender-units/battle.unit.cavalry/v1/raw/attack-e-003.png'
00:01.922  render           | Saved: '/home/telephoneheater/Work/Theandril/assets/art/source/blender-units/battle.unit.cavalry/v1/raw/attack-e-004.png'
00:02.008  render           | Saved: '/home/telephoneheater/Work/Theandril/assets/art/source/blender-units/battle.unit.cavalry/v1/raw/attack-e-005.png'
00:02.104  render           | Saved: '/home/telephoneheater/Work/Theandril/assets/art/source/blender-units/battle.unit.cavalry/v1/raw/attack-e-006.png'
00:02.185  render           | Saved: '/home/telephoneheater/Work/Theandril/assets/art/source/blender-units/battle.unit.cavalry/v1/raw/attack-e-007.png'
00:02.271  render           | Saved: '/home/telephoneheater/Work/Theandril/assets/art/source/blender-units/battle.unit.cavalry/v1/raw/hit-e-000.png'
00:02.351  render           | Saved: '/home/telephoneheater/Work/Theandril/assets/art/source/blender-units/battle.unit.cavalry/v1/raw/hit-e-001.png'
00:02.440  render           | Saved: '/home/telephoneheater/Work/Theandril/assets/art/source/blender-units/battle.unit.cavalry/v1/raw/hit-e-002.png'
00:02.524  render           | Saved: '/home/telephoneheater/Work/Theandril/assets/art/source/blender-units/battle.unit.cavalry/v1/raw/hit-e-003.png'
00:02.629  render           | Saved: '/home/telephoneheater/Work/Theandril/assets/art/source/blender-units/battle.unit.cavalry/v1/raw/death-e-000.png'
00:02.731  render           | Saved: '/home/telephoneheater/Work/Theandril/assets/art/source/blender-units/battle.unit.cavalry/v1/raw/death-e-001.png'
00:02.825  render           | Saved: '/home/telephoneheater/Work/Theandril/assets/art/source/blender-units/battle.unit.cavalry/v1/raw/death-e-002.png'
00:02.907  render           | Saved: '/home/telephoneheater/Work/Theandril/assets/art/source/blender-units/battle.unit.cavalry/v1/raw/death-e-003.png'
00:02.998  render           | Saved: '/home/telephoneheater/Work/Theandril/assets/art/source/blender-units/battle.unit.cavalry/v1/raw/death-e-004.png'
00:03.076  render           | Saved: '/home/telephoneheater/Work/Theandril/assets/art/source/blender-units/battle.unit.cavalry/v1/raw/death-e-005.png'
00:03.150  render           | Saved: '/home/telephoneheater/Work/Theandril/assets/art/source/blender-units/battle.unit.cavalry/v1/raw/death-e-006.png'
00:03.227  render           | Saved: '/home/telephoneheater/Work/Theandril/assets/art/source/blender-units/battle.unit.cavalry/v1/raw/death-e-007.png'
00:03.324  render           | Saved: '/home/telephoneheater/Work/Theandril/assets/art/source/blender-units/battle.unit.cavalry/v1/raw/idle-w-000.png'
00:03.406  render           | Saved: '/home/telephoneheater/Work/Theandril/assets/art/source/blender-units/battle.unit.cavalry/v1/raw/idle-w-001.png'
00:03.499  render           | Saved: '/home/telephoneheater/Work/Theandril/assets/art/source/blender-units/battle.unit.cavalry/v1/raw/idle-w-002.png'
00:03.584  render           | Saved: '/home/telephoneheater/Work/Theandril/assets/art/source/blender-units/battle.unit.cavalry/v1/raw/idle-w-003.png'
00:03.671  render           | Saved: '/home/telephoneheater/Work/Theandril/assets/art/source/blender-units/battle.unit.cavalry/v1/raw/walk-w-000.png'
00:03.761  render           | Saved: '/home/telephoneheater/Work/Theandril/assets/art/source/blender-units/battle.unit.cavalry/v1/raw/walk-w-001.png'
00:03.856  render           | Saved: '/home/telephoneheater/Work/Theandril/assets/art/source/blender-units/battle.unit.cavalry/v1/raw/walk-w-002.png'
00:03.942  render           | Saved: '/home/telephoneheater/Work/Theandril/assets/art/source/blender-units/battle.unit.cavalry/v1/raw/walk-w-003.png'
00:04.038  render           | Saved: '/home/telephoneheater/Work/Theandril/assets/art/source/blender-units/battle.unit.cavalry/v1/raw/walk-w-004.png'
00:04.127  render           | Saved: '/home/telephoneheater/Work/Theandril/assets/art/source/blender-units/battle.unit.cavalry/v1/raw/walk-w-005.png'
00:04.213  render           | Saved: '/home/telephoneheater/Work/Theandril/assets/art/source/blender-units/battle.unit.cavalry/v1/raw/walk-w-006.png'
00:04.283  render           | Saved: '/home/telephoneheater/Work/Theandril/assets/art/source/blender-units/battle.unit.cavalry/v1/raw/walk-w-007.png'
00:04.363  render           | Saved: '/home/telephoneheater/Work/Theandril/assets/art/source/blender-units/battle.unit.cavalry/v1/raw/attack-w-000.png'
00:04.459  render           | Saved: '/home/telephoneheater/Work/Theandril/assets/art/source/blender-units/battle.unit.cavalry/v1/raw/attack-w-001.png'
00:04.559  render           | Saved: '/home/telephoneheater/Work/Theandril/assets/art/source/blender-units/battle.unit.cavalry/v1/raw/attack-w-002.png'
00:04.647  render           | Saved: '/home/telephoneheater/Work/Theandril/assets/art/source/blender-units/battle.unit.cavalry/v1/raw/attack-w-003.png'
00:04.744  render           | Saved: '/home/telephoneheater/Work/Theandril/assets/art/source/blender-units/battle.unit.cavalry/v1/raw/attack-w-004.png'
00:04.840  render           | Saved: '/home/telephoneheater/Work/Theandril/assets/art/source/blender-units/battle.unit.cavalry/v1/raw/attack-w-005.png'
00:04.943  render           | Saved: '/home/telephoneheater/Work/Theandril/assets/art/source/blender-units/battle.unit.cavalry/v1/raw/attack-w-006.png'
00:05.053  render           | Saved: '/home/telephoneheater/Work/Theandril/assets/art/source/blender-units/battle.unit.cavalry/v1/raw/attack-w-007.png'
00:05.147  render           | Saved: '/home/telephoneheater/Work/Theandril/assets/art/source/blender-units/battle.unit.cavalry/v1/raw/hit-w-000.png'
00:05.241  render           | Saved: '/home/telephoneheater/Work/Theandril/assets/art/source/blender-units/battle.unit.cavalry/v1/raw/hit-w-001.png'
00:05.323  render           | Saved: '/home/telephoneheater/Work/Theandril/assets/art/source/blender-units/battle.unit.cavalry/v1/raw/hit-w-002.png'
00:05.414  render           | Saved: '/home/telephoneheater/Work/Theandril/assets/art/source/blender-units/battle.unit.cavalry/v1/raw/hit-w-003.png'
00:05.505  render           | Saved: '/home/telephoneheater/Work/Theandril/assets/art/source/blender-units/battle.unit.cavalry/v1/raw/death-w-000.png'
00:05.595  render           | Saved: '/home/telephoneheater/Work/Theandril/assets/art/source/blender-units/battle.unit.cavalry/v1/raw/death-w-001.png'
00:05.695  render           | Saved: '/home/telephoneheater/Work/Theandril/assets/art/source/blender-units/battle.unit.cavalry/v1/raw/death-w-002.png'
00:05.785  render           | Saved: '/home/telephoneheater/Work/Theandril/assets/art/source/blender-units/battle.unit.cavalry/v1/raw/death-w-003.png'
00:05.865  render           | Saved: '/home/telephoneheater/Work/Theandril/assets/art/source/blender-units/battle.unit.cavalry/v1/raw/death-w-004.png'
00:05.944  render           | Saved: '/home/telephoneheater/Work/Theandril/assets/art/source/blender-units/battle.unit.cavalry/v1/raw/death-w-005.png'
00:06.020  render           | Saved: '/home/telephoneheater/Work/Theandril/assets/art/source/blender-units/battle.unit.cavalry/v1/raw/death-w-006.png'
00:06.090  render           | Saved: '/home/telephoneheater/Work/Theandril/assets/art/source/blender-units/battle.unit.cavalry/v1/raw/death-w-007.png'
Info: Saved as "source.blend"
ARTICULATED_BATTLE_UNIT_RENDER_COMPLETE
