/home/telephoneheater/Work/Theandril/assets/art/source/blender-units/battle.unit.guard/v4/driver.py:49: DeprecationWarning: 'World.use_nodes' is expected to be removed in Blender 6.0
  scene.world.use_nodes = True
00:00.558  render           | Saved: '/home/telephoneheater/Work/Theandril/assets/art/source/blender-units/battle.unit.guard/v4/raw/idle-e-000.png'
00:00.628  render           | Saved: '/home/telephoneheater/Work/Theandril/assets/art/source/blender-units/battle.unit.guard/v4/raw/idle-e-001.png'
00:00.687  render           | Saved: '/home/telephoneheater/Work/Theandril/assets/art/source/blender-units/battle.unit.guard/v4/raw/idle-e-002.png'
00:00.746  render           | Saved: '/home/telephoneheater/Work/Theandril/assets/art/source/blender-units/battle.unit.guard/v4/raw/idle-e-003.png'
00:00.815  render           | Saved: '/home/telephoneheater/Work/Theandril/assets/art/source/blender-units/battle.unit.guard/v4/raw/walk-e-000.png'
00:00.878  render           | Saved: '/home/telephoneheater/Work/Theandril/assets/art/source/blender-units/battle.unit.guard/v4/raw/walk-e-001.png'
00:00.935  render           | Saved: '/home/telephoneheater/Work/Theandril/assets/art/source/blender-units/battle.unit.guard/v4/raw/walk-e-002.png'
00:00.994  render           | Saved: '/home/telephoneheater/Work/Theandril/assets/art/source/blender-units/battle.unit.guard/v4/raw/walk-e-003.png'
00:01.053  render           | Saved: '/home/telephoneheater/Work/Theandril/assets/art/source/blender-units/battle.unit.guard/v4/raw/walk-e-004.png'
00:01.115  render           | Saved: '/home/telephoneheater/Work/Theandril/assets/art/source/blender-units/battle.unit.guard/v4/raw/walk-e-005.png'
00:01.178  render           | Saved: '/home/telephoneheater/Work/Theandril/assets/art/source/blender-units/battle.unit.guard/v4/raw/walk-e-006.png'
00:01.236  render           | Saved: '/home/telephoneheater/Work/Theandril/assets/art/source/blender-units/battle.unit.guard/v4/raw/walk-e-007.png'
00:01.297  render           | Saved: '/home/telephoneheater/Work/Theandril/assets/art/source/blender-units/battle.unit.guard/v4/raw/attack-e-000.png'
00:01.358  render           | Saved: '/home/telephoneheater/Work/Theandril/assets/art/source/blender-units/battle.unit.guard/v4/raw/attack-e-001.png'
00:01.414  render           | Saved: '/home/telephoneheater/Work/Theandril/assets/art/source/blender-units/battle.unit.guard/v4/raw/attack-e-002.png'
00:01.472  render           | Saved: '/home/telephoneheater/Work/Theandril/assets/art/source/blender-units/battle.unit.guard/v4/raw/attack-e-003.png'
00:01.529  render           | Saved: '/home/telephoneheater/Work/Theandril/assets/art/source/blender-units/battle.unit.guard/v4/raw/attack-e-004.png'
00:01.592  render           | Saved: '/home/telephoneheater/Work/Theandril/assets/art/source/blender-units/battle.unit.guard/v4/raw/attack-e-005.png'
00:01.651  render           | Saved: '/home/telephoneheater/Work/Theandril/assets/art/source/blender-units/battle.unit.guard/v4/raw/attack-e-006.png'
00:01.710  render           | Saved: '/home/telephoneheater/Work/Theandril/assets/art/source/blender-units/battle.unit.guard/v4/raw/attack-e-007.png'
00:01.770  render           | Saved: '/home/telephoneheater/Work/Theandril/assets/art/source/blender-units/battle.unit.guard/v4/raw/hit-e-000.png'
00:01.835  render           | Saved: '/home/telephoneheater/Work/Theandril/assets/art/source/blender-units/battle.unit.guard/v4/raw/hit-e-001.png'
00:01.901  render           | Saved: '/home/telephoneheater/Work/Theandril/assets/art/source/blender-units/battle.unit.guard/v4/raw/hit-e-002.png'
00:01.958  render           | Saved: '/home/telephoneheater/Work/Theandril/assets/art/source/blender-units/battle.unit.guard/v4/raw/hit-e-003.png'
00:02.020  render           | Saved: '/home/telephoneheater/Work/Theandril/assets/art/source/blender-units/battle.unit.guard/v4/raw/death-e-000.png'
00:02.082  render           | Saved: '/home/telephoneheater/Work/Theandril/assets/art/source/blender-units/battle.unit.guard/v4/raw/death-e-001.png'
00:02.142  render           | Saved: '/home/telephoneheater/Work/Theandril/assets/art/source/blender-units/battle.unit.guard/v4/raw/death-e-002.png'
00:02.212  render           | Saved: '/home/telephoneheater/Work/Theandril/assets/art/source/blender-units/battle.unit.guard/v4/raw/death-e-003.png'
00:02.277  render           | Saved: '/home/telephoneheater/Work/Theandril/assets/art/source/blender-units/battle.unit.guard/v4/raw/death-e-004.png'
00:02.343  render           | Saved: '/home/telephoneheater/Work/Theandril/assets/art/source/blender-units/battle.unit.guard/v4/raw/death-e-005.png'
00:02.405  render           | Saved: '/home/telephoneheater/Work/Theandril/assets/art/source/blender-units/battle.unit.guard/v4/raw/death-e-006.png'
00:02.455  render           | Saved: '/home/telephoneheater/Work/Theandril/assets/art/source/blender-units/battle.unit.guard/v4/raw/death-e-007.png'
00:02.516  render           | Saved: '/home/telephoneheater/Work/Theandril/assets/art/source/blender-units/battle.unit.guard/v4/raw/idle-w-000.png'
00:02.574  render           | Saved: '/home/telephoneheater/Work/Theandril/assets/art/source/blender-units/battle.unit.guard/v4/raw/idle-w-001.png'
00:02.634  render           | Saved: '/home/telephoneheater/Work/Theandril/assets/art/source/blender-units/battle.unit.guard/v4/raw/idle-w-002.png'
00:02.694  render           | Saved: '/home/telephoneheater/Work/Theandril/assets/art/source/blender-units/battle.unit.guard/v4/raw/idle-w-003.png'
00:02.757  render           | Saved: '/home/telephoneheater/Work/Theandril/assets/art/source/blender-units/battle.unit.guard/v4/raw/walk-w-000.png'
00:02.818  render           | Saved: '/home/telephoneheater/Work/Theandril/assets/art/source/blender-units/battle.unit.guard/v4/raw/walk-w-001.png'
00:02.876  render           | Saved: '/home/telephoneheater/Work/Theandril/assets/art/source/blender-units/battle.unit.guard/v4/raw/walk-w-002.png'
00:02.937  render           | Saved: '/home/telephoneheater/Work/Theandril/assets/art/source/blender-units/battle.unit.guard/v4/raw/walk-w-003.png'
00:02.996  render           | Saved: '/home/telephoneheater/Work/Theandril/assets/art/source/blender-units/battle.unit.guard/v4/raw/walk-w-004.png'
00:03.054  render           | Saved: '/home/telephoneheater/Work/Theandril/assets/art/source/blender-units/battle.unit.guard/v4/raw/walk-w-005.png'
00:03.114  render           | Saved: '/home/telephoneheater/Work/Theandril/assets/art/source/blender-units/battle.unit.guard/v4/raw/walk-w-006.png'
00:03.172  render           | Saved: '/home/telephoneheater/Work/Theandril/assets/art/source/blender-units/battle.unit.guard/v4/raw/walk-w-007.png'
00:03.232  render           | Saved: '/home/telephoneheater/Work/Theandril/assets/art/source/blender-units/battle.unit.guard/v4/raw/attack-w-000.png'
00:03.292  render           | Saved: '/home/telephoneheater/Work/Theandril/assets/art/source/blender-units/battle.unit.guard/v4/raw/attack-w-001.png'
00:03.361  render           | Saved: '/home/telephoneheater/Work/Theandril/assets/art/source/blender-units/battle.unit.guard/v4/raw/attack-w-002.png'
00:03.422  render           | Saved: '/home/telephoneheater/Work/Theandril/assets/art/source/blender-units/battle.unit.guard/v4/raw/attack-w-003.png'
00:03.486  render           | Saved: '/home/telephoneheater/Work/Theandril/assets/art/source/blender-units/battle.unit.guard/v4/raw/attack-w-004.png'
00:03.552  render           | Saved: '/home/telephoneheater/Work/Theandril/assets/art/source/blender-units/battle.unit.guard/v4/raw/attack-w-005.png'
00:03.614  render           | Saved: '/home/telephoneheater/Work/Theandril/assets/art/source/blender-units/battle.unit.guard/v4/raw/attack-w-006.png'
00:03.671  render           | Saved: '/home/telephoneheater/Work/Theandril/assets/art/source/blender-units/battle.unit.guard/v4/raw/attack-w-007.png'
00:03.730  render           | Saved: '/home/telephoneheater/Work/Theandril/assets/art/source/blender-units/battle.unit.guard/v4/raw/hit-w-000.png'
00:03.791  render           | Saved: '/home/telephoneheater/Work/Theandril/assets/art/source/blender-units/battle.unit.guard/v4/raw/hit-w-001.png'
00:03.855  render           | Saved: '/home/telephoneheater/Work/Theandril/assets/art/source/blender-units/battle.unit.guard/v4/raw/hit-w-002.png'
00:03.918  render           | Saved: '/home/telephoneheater/Work/Theandril/assets/art/source/blender-units/battle.unit.guard/v4/raw/hit-w-003.png'
00:03.980  render           | Saved: '/home/telephoneheater/Work/Theandril/assets/art/source/blender-units/battle.unit.guard/v4/raw/death-w-000.png'
00:04.043  render           | Saved: '/home/telephoneheater/Work/Theandril/assets/art/source/blender-units/battle.unit.guard/v4/raw/death-w-001.png'
00:04.105  render           | Saved: '/home/telephoneheater/Work/Theandril/assets/art/source/blender-units/battle.unit.guard/v4/raw/death-w-002.png'
00:04.163  render           | Saved: '/home/telephoneheater/Work/Theandril/assets/art/source/blender-units/battle.unit.guard/v4/raw/death-w-003.png'
00:04.224  render           | Saved: '/home/telephoneheater/Work/Theandril/assets/art/source/blender-units/battle.unit.guard/v4/raw/death-w-004.png'
00:04.281  render           | Saved: '/home/telephoneheater/Work/Theandril/assets/art/source/blender-units/battle.unit.guard/v4/raw/death-w-005.png'
00:04.344  render           | Saved: '/home/telephoneheater/Work/Theandril/assets/art/source/blender-units/battle.unit.guard/v4/raw/death-w-006.png'
00:04.397  render           | Saved: '/home/telephoneheater/Work/Theandril/assets/art/source/blender-units/battle.unit.guard/v4/raw/death-w-007.png'
Info: Saved as "source.blend"
ARTICULATED_BATTLE_UNIT_RENDER_COMPLETE
