/home/telephoneheater/Work/Theandril/assets/art/source/blender-units/battle.unit.coastal_warship/v3/driver.py:49: DeprecationWarning: 'World.use_nodes' is expected to be removed in Blender 6.0
  scene.world.use_nodes = True
00:00.637  render           | Saved: '/home/telephoneheater/Work/Theandril/assets/art/source/blender-units/battle.unit.coastal_warship/v3/raw/idle-e-000.png'
00:00.707  render           | Saved: '/home/telephoneheater/Work/Theandril/assets/art/source/blender-units/battle.unit.coastal_warship/v3/raw/idle-e-001.png'
00:00.770  render           | Saved: '/home/telephoneheater/Work/Theandril/assets/art/source/blender-units/battle.unit.coastal_warship/v3/raw/idle-e-002.png'
00:00.834  render           | Saved: '/home/telephoneheater/Work/Theandril/assets/art/source/blender-units/battle.unit.coastal_warship/v3/raw/idle-e-003.png'
00:00.901  render           | Saved: '/home/telephoneheater/Work/Theandril/assets/art/source/blender-units/battle.unit.coastal_warship/v3/raw/sail-e-000.png'
00:00.971  render           | Saved: '/home/telephoneheater/Work/Theandril/assets/art/source/blender-units/battle.unit.coastal_warship/v3/raw/sail-e-001.png'
00:01.038  render           | Saved: '/home/telephoneheater/Work/Theandril/assets/art/source/blender-units/battle.unit.coastal_warship/v3/raw/sail-e-002.png'
00:01.112  render           | Saved: '/home/telephoneheater/Work/Theandril/assets/art/source/blender-units/battle.unit.coastal_warship/v3/raw/sail-e-003.png'
00:01.181  render           | Saved: '/home/telephoneheater/Work/Theandril/assets/art/source/blender-units/battle.unit.coastal_warship/v3/raw/sail-e-004.png'
00:01.249  render           | Saved: '/home/telephoneheater/Work/Theandril/assets/art/source/blender-units/battle.unit.coastal_warship/v3/raw/sail-e-005.png'
00:01.315  render           | Saved: '/home/telephoneheater/Work/Theandril/assets/art/source/blender-units/battle.unit.coastal_warship/v3/raw/sail-e-006.png'
00:01.390  render           | Saved: '/home/telephoneheater/Work/Theandril/assets/art/source/blender-units/battle.unit.coastal_warship/v3/raw/sail-e-007.png'
00:01.460  render           | Saved: '/home/telephoneheater/Work/Theandril/assets/art/source/blender-units/battle.unit.coastal_warship/v3/raw/fire-e-000.png'
00:01.532  render           | Saved: '/home/telephoneheater/Work/Theandril/assets/art/source/blender-units/battle.unit.coastal_warship/v3/raw/fire-e-001.png'
00:01.599  render           | Saved: '/home/telephoneheater/Work/Theandril/assets/art/source/blender-units/battle.unit.coastal_warship/v3/raw/fire-e-002.png'
00:01.664  render           | Saved: '/home/telephoneheater/Work/Theandril/assets/art/source/blender-units/battle.unit.coastal_warship/v3/raw/fire-e-003.png'
00:01.731  render           | Saved: '/home/telephoneheater/Work/Theandril/assets/art/source/blender-units/battle.unit.coastal_warship/v3/raw/fire-e-004.png'
00:01.801  render           | Saved: '/home/telephoneheater/Work/Theandril/assets/art/source/blender-units/battle.unit.coastal_warship/v3/raw/fire-e-005.png'
00:01.870  render           | Saved: '/home/telephoneheater/Work/Theandril/assets/art/source/blender-units/battle.unit.coastal_warship/v3/raw/fire-e-006.png'
00:01.939  render           | Saved: '/home/telephoneheater/Work/Theandril/assets/art/source/blender-units/battle.unit.coastal_warship/v3/raw/fire-e-007.png'
00:02.011  render           | Saved: '/home/telephoneheater/Work/Theandril/assets/art/source/blender-units/battle.unit.coastal_warship/v3/raw/hit-e-000.png'
00:02.078  render           | Saved: '/home/telephoneheater/Work/Theandril/assets/art/source/blender-units/battle.unit.coastal_warship/v3/raw/hit-e-001.png'
00:02.142  render           | Saved: '/home/telephoneheater/Work/Theandril/assets/art/source/blender-units/battle.unit.coastal_warship/v3/raw/hit-e-002.png'
00:02.211  render           | Saved: '/home/telephoneheater/Work/Theandril/assets/art/source/blender-units/battle.unit.coastal_warship/v3/raw/hit-e-003.png'
00:02.280  render           | Saved: '/home/telephoneheater/Work/Theandril/assets/art/source/blender-units/battle.unit.coastal_warship/v3/raw/sink-e-000.png'
00:02.342  render           | Saved: '/home/telephoneheater/Work/Theandril/assets/art/source/blender-units/battle.unit.coastal_warship/v3/raw/sink-e-001.png'
00:02.392  render           | Saved: '/home/telephoneheater/Work/Theandril/assets/art/source/blender-units/battle.unit.coastal_warship/v3/raw/sink-e-002.png'
00:02.438  render           | Saved: '/home/telephoneheater/Work/Theandril/assets/art/source/blender-units/battle.unit.coastal_warship/v3/raw/sink-e-003.png'
00:02.482  render           | Saved: '/home/telephoneheater/Work/Theandril/assets/art/source/blender-units/battle.unit.coastal_warship/v3/raw/sink-e-004.png'
00:02.526  render           | Saved: '/home/telephoneheater/Work/Theandril/assets/art/source/blender-units/battle.unit.coastal_warship/v3/raw/sink-e-005.png'
00:02.566  render           | Saved: '/home/telephoneheater/Work/Theandril/assets/art/source/blender-units/battle.unit.coastal_warship/v3/raw/sink-e-006.png'
00:02.606  render           | Saved: '/home/telephoneheater/Work/Theandril/assets/art/source/blender-units/battle.unit.coastal_warship/v3/raw/sink-e-007.png'
00:02.673  render           | Saved: '/home/telephoneheater/Work/Theandril/assets/art/source/blender-units/battle.unit.coastal_warship/v3/raw/idle-w-000.png'
00:02.745  render           | Saved: '/home/telephoneheater/Work/Theandril/assets/art/source/blender-units/battle.unit.coastal_warship/v3/raw/idle-w-001.png'
00:02.813  render           | Saved: '/home/telephoneheater/Work/Theandril/assets/art/source/blender-units/battle.unit.coastal_warship/v3/raw/idle-w-002.png'
00:02.888  render           | Saved: '/home/telephoneheater/Work/Theandril/assets/art/source/blender-units/battle.unit.coastal_warship/v3/raw/idle-w-003.png'
00:02.959  render           | Saved: '/home/telephoneheater/Work/Theandril/assets/art/source/blender-units/battle.unit.coastal_warship/v3/raw/sail-w-000.png'
00:03.032  render           | Saved: '/home/telephoneheater/Work/Theandril/assets/art/source/blender-units/battle.unit.coastal_warship/v3/raw/sail-w-001.png'
00:03.104  render           | Saved: '/home/telephoneheater/Work/Theandril/assets/art/source/blender-units/battle.unit.coastal_warship/v3/raw/sail-w-002.png'
00:03.175  render           | Saved: '/home/telephoneheater/Work/Theandril/assets/art/source/blender-units/battle.unit.coastal_warship/v3/raw/sail-w-003.png'
00:03.247  render           | Saved: '/home/telephoneheater/Work/Theandril/assets/art/source/blender-units/battle.unit.coastal_warship/v3/raw/sail-w-004.png'
00:03.319  render           | Saved: '/home/telephoneheater/Work/Theandril/assets/art/source/blender-units/battle.unit.coastal_warship/v3/raw/sail-w-005.png'
00:03.385  render           | Saved: '/home/telephoneheater/Work/Theandril/assets/art/source/blender-units/battle.unit.coastal_warship/v3/raw/sail-w-006.png'
00:03.457  render           | Saved: '/home/telephoneheater/Work/Theandril/assets/art/source/blender-units/battle.unit.coastal_warship/v3/raw/sail-w-007.png'
00:03.529  render           | Saved: '/home/telephoneheater/Work/Theandril/assets/art/source/blender-units/battle.unit.coastal_warship/v3/raw/fire-w-000.png'
00:03.603  render           | Saved: '/home/telephoneheater/Work/Theandril/assets/art/source/blender-units/battle.unit.coastal_warship/v3/raw/fire-w-001.png'
00:03.683  render           | Saved: '/home/telephoneheater/Work/Theandril/assets/art/source/blender-units/battle.unit.coastal_warship/v3/raw/fire-w-002.png'
00:03.761  render           | Saved: '/home/telephoneheater/Work/Theandril/assets/art/source/blender-units/battle.unit.coastal_warship/v3/raw/fire-w-003.png'
00:03.832  render           | Saved: '/home/telephoneheater/Work/Theandril/assets/art/source/blender-units/battle.unit.coastal_warship/v3/raw/fire-w-004.png'
00:03.905  render           | Saved: '/home/telephoneheater/Work/Theandril/assets/art/source/blender-units/battle.unit.coastal_warship/v3/raw/fire-w-005.png'
00:03.977  render           | Saved: '/home/telephoneheater/Work/Theandril/assets/art/source/blender-units/battle.unit.coastal_warship/v3/raw/fire-w-006.png'
00:04.049  render           | Saved: '/home/telephoneheater/Work/Theandril/assets/art/source/blender-units/battle.unit.coastal_warship/v3/raw/fire-w-007.png'
00:04.128  render           | Saved: '/home/telephoneheater/Work/Theandril/assets/art/source/blender-units/battle.unit.coastal_warship/v3/raw/hit-w-000.png'
00:04.194  render           | Saved: '/home/telephoneheater/Work/Theandril/assets/art/source/blender-units/battle.unit.coastal_warship/v3/raw/hit-w-001.png'
00:04.261  render           | Saved: '/home/telephoneheater/Work/Theandril/assets/art/source/blender-units/battle.unit.coastal_warship/v3/raw/hit-w-002.png'
00:04.333  render           | Saved: '/home/telephoneheater/Work/Theandril/assets/art/source/blender-units/battle.unit.coastal_warship/v3/raw/hit-w-003.png'
00:04.399  render           | Saved: '/home/telephoneheater/Work/Theandril/assets/art/source/blender-units/battle.unit.coastal_warship/v3/raw/sink-w-000.png'
00:04.459  render           | Saved: '/home/telephoneheater/Work/Theandril/assets/art/source/blender-units/battle.unit.coastal_warship/v3/raw/sink-w-001.png'
00:04.507  render           | Saved: '/home/telephoneheater/Work/Theandril/assets/art/source/blender-units/battle.unit.coastal_warship/v3/raw/sink-w-002.png'
00:04.553  render           | Saved: '/home/telephoneheater/Work/Theandril/assets/art/source/blender-units/battle.unit.coastal_warship/v3/raw/sink-w-003.png'
00:04.597  render           | Saved: '/home/telephoneheater/Work/Theandril/assets/art/source/blender-units/battle.unit.coastal_warship/v3/raw/sink-w-004.png'
00:04.642  render           | Saved: '/home/telephoneheater/Work/Theandril/assets/art/source/blender-units/battle.unit.coastal_warship/v3/raw/sink-w-005.png'
00:04.687  render           | Saved: '/home/telephoneheater/Work/Theandril/assets/art/source/blender-units/battle.unit.coastal_warship/v3/raw/sink-w-006.png'
00:04.728  render           | Saved: '/home/telephoneheater/Work/Theandril/assets/art/source/blender-units/battle.unit.coastal_warship/v3/raw/sink-w-007.png'
Info: Saved as "source.blend"
ARTICULATED_BATTLE_UNIT_RENDER_COMPLETE
