/home/telephoneheater/Work/Theandril/assets/art/source/blender-units/battle.unit.guard/v3/driver.py:49: DeprecationWarning: 'World.use_nodes' is expected to be removed in Blender 6.0
  scene.world.use_nodes = True
00:00.527  render           | Saved: '/home/telephoneheater/Work/Theandril/assets/art/source/blender-units/battle.unit.guard/v3/raw/idle-e-000.png'
00:00.584  render           | Saved: '/home/telephoneheater/Work/Theandril/assets/art/source/blender-units/battle.unit.guard/v3/raw/idle-e-001.png'
00:00.639  render           | Saved: '/home/telephoneheater/Work/Theandril/assets/art/source/blender-units/battle.unit.guard/v3/raw/idle-e-002.png'
00:00.695  render           | Saved: '/home/telephoneheater/Work/Theandril/assets/art/source/blender-units/battle.unit.guard/v3/raw/idle-e-003.png'
00:00.752  render           | Saved: '/home/telephoneheater/Work/Theandril/assets/art/source/blender-units/battle.unit.guard/v3/raw/walk-e-000.png'
00:00.805  render           | Saved: '/home/telephoneheater/Work/Theandril/assets/art/source/blender-units/battle.unit.guard/v3/raw/walk-e-001.png'
00:00.860  render           | Saved: '/home/telephoneheater/Work/Theandril/assets/art/source/blender-units/battle.unit.guard/v3/raw/walk-e-002.png'
00:00.914  render           | Saved: '/home/telephoneheater/Work/Theandril/assets/art/source/blender-units/battle.unit.guard/v3/raw/walk-e-003.png'
00:00.971  render           | Saved: '/home/telephoneheater/Work/Theandril/assets/art/source/blender-units/battle.unit.guard/v3/raw/walk-e-004.png'
00:01.029  render           | Saved: '/home/telephoneheater/Work/Theandril/assets/art/source/blender-units/battle.unit.guard/v3/raw/walk-e-005.png'
00:01.085  render           | Saved: '/home/telephoneheater/Work/Theandril/assets/art/source/blender-units/battle.unit.guard/v3/raw/walk-e-006.png'
00:01.145  render           | Saved: '/home/telephoneheater/Work/Theandril/assets/art/source/blender-units/battle.unit.guard/v3/raw/walk-e-007.png'
00:01.202  render           | Saved: '/home/telephoneheater/Work/Theandril/assets/art/source/blender-units/battle.unit.guard/v3/raw/attack-e-000.png'
00:01.263  render           | Saved: '/home/telephoneheater/Work/Theandril/assets/art/source/blender-units/battle.unit.guard/v3/raw/attack-e-001.png'
00:01.327  render           | Saved: '/home/telephoneheater/Work/Theandril/assets/art/source/blender-units/battle.unit.guard/v3/raw/attack-e-002.png'
00:01.388  render           | Saved: '/home/telephoneheater/Work/Theandril/assets/art/source/blender-units/battle.unit.guard/v3/raw/attack-e-003.png'
00:01.449  render           | Saved: '/home/telephoneheater/Work/Theandril/assets/art/source/blender-units/battle.unit.guard/v3/raw/attack-e-004.png'
00:01.511  render           | Saved: '/home/telephoneheater/Work/Theandril/assets/art/source/blender-units/battle.unit.guard/v3/raw/attack-e-005.png'
00:01.580  render           | Saved: '/home/telephoneheater/Work/Theandril/assets/art/source/blender-units/battle.unit.guard/v3/raw/attack-e-006.png'
00:01.638  render           | Saved: '/home/telephoneheater/Work/Theandril/assets/art/source/blender-units/battle.unit.guard/v3/raw/attack-e-007.png'
00:01.696  render           | Saved: '/home/telephoneheater/Work/Theandril/assets/art/source/blender-units/battle.unit.guard/v3/raw/hit-e-000.png'
00:01.757  render           | Saved: '/home/telephoneheater/Work/Theandril/assets/art/source/blender-units/battle.unit.guard/v3/raw/hit-e-001.png'
00:01.820  render           | Saved: '/home/telephoneheater/Work/Theandril/assets/art/source/blender-units/battle.unit.guard/v3/raw/hit-e-002.png'
00:01.880  render           | Saved: '/home/telephoneheater/Work/Theandril/assets/art/source/blender-units/battle.unit.guard/v3/raw/hit-e-003.png'
00:01.937  render           | Saved: '/home/telephoneheater/Work/Theandril/assets/art/source/blender-units/battle.unit.guard/v3/raw/death-e-000.png'
00:01.997  render           | Saved: '/home/telephoneheater/Work/Theandril/assets/art/source/blender-units/battle.unit.guard/v3/raw/death-e-001.png'
00:02.058  render           | Saved: '/home/telephoneheater/Work/Theandril/assets/art/source/blender-units/battle.unit.guard/v3/raw/death-e-002.png'
00:02.125  render           | Saved: '/home/telephoneheater/Work/Theandril/assets/art/source/blender-units/battle.unit.guard/v3/raw/death-e-003.png'
00:02.186  render           | Saved: '/home/telephoneheater/Work/Theandril/assets/art/source/blender-units/battle.unit.guard/v3/raw/death-e-004.png'
00:02.252  render           | Saved: '/home/telephoneheater/Work/Theandril/assets/art/source/blender-units/battle.unit.guard/v3/raw/death-e-005.png'
00:02.310  render           | Saved: '/home/telephoneheater/Work/Theandril/assets/art/source/blender-units/battle.unit.guard/v3/raw/death-e-006.png'
00:02.368  render           | Saved: '/home/telephoneheater/Work/Theandril/assets/art/source/blender-units/battle.unit.guard/v3/raw/death-e-007.png'
00:02.428  render           | Saved: '/home/telephoneheater/Work/Theandril/assets/art/source/blender-units/battle.unit.guard/v3/raw/idle-w-000.png'
00:02.486  render           | Saved: '/home/telephoneheater/Work/Theandril/assets/art/source/blender-units/battle.unit.guard/v3/raw/idle-w-001.png'
00:02.545  render           | Saved: '/home/telephoneheater/Work/Theandril/assets/art/source/blender-units/battle.unit.guard/v3/raw/idle-w-002.png'
00:02.606  render           | Saved: '/home/telephoneheater/Work/Theandril/assets/art/source/blender-units/battle.unit.guard/v3/raw/idle-w-003.png'
00:02.666  render           | Saved: '/home/telephoneheater/Work/Theandril/assets/art/source/blender-units/battle.unit.guard/v3/raw/walk-w-000.png'
00:02.727  render           | Saved: '/home/telephoneheater/Work/Theandril/assets/art/source/blender-units/battle.unit.guard/v3/raw/walk-w-001.png'
00:02.789  render           | Saved: '/home/telephoneheater/Work/Theandril/assets/art/source/blender-units/battle.unit.guard/v3/raw/walk-w-002.png'
00:02.854  render           | Saved: '/home/telephoneheater/Work/Theandril/assets/art/source/blender-units/battle.unit.guard/v3/raw/walk-w-003.png'
00:02.918  render           | Saved: '/home/telephoneheater/Work/Theandril/assets/art/source/blender-units/battle.unit.guard/v3/raw/walk-w-004.png'
00:02.976  render           | Saved: '/home/telephoneheater/Work/Theandril/assets/art/source/blender-units/battle.unit.guard/v3/raw/walk-w-005.png'
00:03.033  render           | Saved: '/home/telephoneheater/Work/Theandril/assets/art/source/blender-units/battle.unit.guard/v3/raw/walk-w-006.png'
00:03.092  render           | Saved: '/home/telephoneheater/Work/Theandril/assets/art/source/blender-units/battle.unit.guard/v3/raw/walk-w-007.png'
00:03.154  render           | Saved: '/home/telephoneheater/Work/Theandril/assets/art/source/blender-units/battle.unit.guard/v3/raw/attack-w-000.png'
00:03.217  render           | Saved: '/home/telephoneheater/Work/Theandril/assets/art/source/blender-units/battle.unit.guard/v3/raw/attack-w-001.png'
00:03.280  render           | Saved: '/home/telephoneheater/Work/Theandril/assets/art/source/blender-units/battle.unit.guard/v3/raw/attack-w-002.png'
00:03.335  render           | Saved: '/home/telephoneheater/Work/Theandril/assets/art/source/blender-units/battle.unit.guard/v3/raw/attack-w-003.png'
00:03.393  render           | Saved: '/home/telephoneheater/Work/Theandril/assets/art/source/blender-units/battle.unit.guard/v3/raw/attack-w-004.png'
00:03.453  render           | Saved: '/home/telephoneheater/Work/Theandril/assets/art/source/blender-units/battle.unit.guard/v3/raw/attack-w-005.png'
00:03.517  render           | Saved: '/home/telephoneheater/Work/Theandril/assets/art/source/blender-units/battle.unit.guard/v3/raw/attack-w-006.png'
00:03.578  render           | Saved: '/home/telephoneheater/Work/Theandril/assets/art/source/blender-units/battle.unit.guard/v3/raw/attack-w-007.png'
00:03.639  render           | Saved: '/home/telephoneheater/Work/Theandril/assets/art/source/blender-units/battle.unit.guard/v3/raw/hit-w-000.png'
00:03.706  render           | Saved: '/home/telephoneheater/Work/Theandril/assets/art/source/blender-units/battle.unit.guard/v3/raw/hit-w-001.png'
00:03.779  render           | Saved: '/home/telephoneheater/Work/Theandril/assets/art/source/blender-units/battle.unit.guard/v3/raw/hit-w-002.png'
00:03.845  render           | Saved: '/home/telephoneheater/Work/Theandril/assets/art/source/blender-units/battle.unit.guard/v3/raw/hit-w-003.png'
00:03.906  render           | Saved: '/home/telephoneheater/Work/Theandril/assets/art/source/blender-units/battle.unit.guard/v3/raw/death-w-000.png'
00:03.970  render           | Saved: '/home/telephoneheater/Work/Theandril/assets/art/source/blender-units/battle.unit.guard/v3/raw/death-w-001.png'
00:04.031  render           | Saved: '/home/telephoneheater/Work/Theandril/assets/art/source/blender-units/battle.unit.guard/v3/raw/death-w-002.png'
00:04.090  render           | Saved: '/home/telephoneheater/Work/Theandril/assets/art/source/blender-units/battle.unit.guard/v3/raw/death-w-003.png'
00:04.148  render           | Saved: '/home/telephoneheater/Work/Theandril/assets/art/source/blender-units/battle.unit.guard/v3/raw/death-w-004.png'
00:04.206  render           | Saved: '/home/telephoneheater/Work/Theandril/assets/art/source/blender-units/battle.unit.guard/v3/raw/death-w-005.png'
00:04.263  render           | Saved: '/home/telephoneheater/Work/Theandril/assets/art/source/blender-units/battle.unit.guard/v3/raw/death-w-006.png'
00:04.319  render           | Saved: '/home/telephoneheater/Work/Theandril/assets/art/source/blender-units/battle.unit.guard/v3/raw/death-w-007.png'
Info: Saved as "source.blend"
ARTICULATED_BATTLE_UNIT_RENDER_COMPLETE
