/home/telephoneheater/Work/Theandril/assets/art/source/blender-units/battle.unit.halberdier/v1/driver.py:49: DeprecationWarning: 'World.use_nodes' is expected to be removed in Blender 6.0
  scene.world.use_nodes = True
00:00.610  render           | Saved: '/home/telephoneheater/Work/Theandril/assets/art/source/blender-units/battle.unit.halberdier/v1/raw/idle-e-000.png'
00:00.689  render           | Saved: '/home/telephoneheater/Work/Theandril/assets/art/source/blender-units/battle.unit.halberdier/v1/raw/idle-e-001.png'
00:00.777  render           | Saved: '/home/telephoneheater/Work/Theandril/assets/art/source/blender-units/battle.unit.halberdier/v1/raw/idle-e-002.png'
00:00.845  render           | Saved: '/home/telephoneheater/Work/Theandril/assets/art/source/blender-units/battle.unit.halberdier/v1/raw/idle-e-003.png'
00:00.926  render           | Saved: '/home/telephoneheater/Work/Theandril/assets/art/source/blender-units/battle.unit.halberdier/v1/raw/walk-e-000.png'
00:01.005  render           | Saved: '/home/telephoneheater/Work/Theandril/assets/art/source/blender-units/battle.unit.halberdier/v1/raw/walk-e-001.png'
00:01.076  render           | Saved: '/home/telephoneheater/Work/Theandril/assets/art/source/blender-units/battle.unit.halberdier/v1/raw/walk-e-002.png'
00:01.151  render           | Saved: '/home/telephoneheater/Work/Theandril/assets/art/source/blender-units/battle.unit.halberdier/v1/raw/walk-e-003.png'
00:01.220  render           | Saved: '/home/telephoneheater/Work/Theandril/assets/art/source/blender-units/battle.unit.halberdier/v1/raw/walk-e-004.png'
00:01.289  render           | Saved: '/home/telephoneheater/Work/Theandril/assets/art/source/blender-units/battle.unit.halberdier/v1/raw/walk-e-005.png'
00:01.356  render           | Saved: '/home/telephoneheater/Work/Theandril/assets/art/source/blender-units/battle.unit.halberdier/v1/raw/walk-e-006.png'
00:01.424  render           | Saved: '/home/telephoneheater/Work/Theandril/assets/art/source/blender-units/battle.unit.halberdier/v1/raw/walk-e-007.png'
00:01.494  render           | Saved: '/home/telephoneheater/Work/Theandril/assets/art/source/blender-units/battle.unit.halberdier/v1/raw/attack-e-000.png'
00:01.563  render           | Saved: '/home/telephoneheater/Work/Theandril/assets/art/source/blender-units/battle.unit.halberdier/v1/raw/attack-e-001.png'
00:01.637  render           | Saved: '/home/telephoneheater/Work/Theandril/assets/art/source/blender-units/battle.unit.halberdier/v1/raw/attack-e-002.png'
00:01.720  render           | Saved: '/home/telephoneheater/Work/Theandril/assets/art/source/blender-units/battle.unit.halberdier/v1/raw/attack-e-003.png'
00:01.805  render           | Saved: '/home/telephoneheater/Work/Theandril/assets/art/source/blender-units/battle.unit.halberdier/v1/raw/attack-e-004.png'
00:01.891  render           | Saved: '/home/telephoneheater/Work/Theandril/assets/art/source/blender-units/battle.unit.halberdier/v1/raw/attack-e-005.png'
00:01.979  render           | Saved: '/home/telephoneheater/Work/Theandril/assets/art/source/blender-units/battle.unit.halberdier/v1/raw/attack-e-006.png'
00:02.060  render           | Saved: '/home/telephoneheater/Work/Theandril/assets/art/source/blender-units/battle.unit.halberdier/v1/raw/attack-e-007.png'
00:02.147  render           | Saved: '/home/telephoneheater/Work/Theandril/assets/art/source/blender-units/battle.unit.halberdier/v1/raw/hit-e-000.png'
00:02.222  render           | Saved: '/home/telephoneheater/Work/Theandril/assets/art/source/blender-units/battle.unit.halberdier/v1/raw/hit-e-001.png'
00:02.294  render           | Saved: '/home/telephoneheater/Work/Theandril/assets/art/source/blender-units/battle.unit.halberdier/v1/raw/hit-e-002.png'
00:02.374  render           | Saved: '/home/telephoneheater/Work/Theandril/assets/art/source/blender-units/battle.unit.halberdier/v1/raw/hit-e-003.png'
00:02.461  render           | Saved: '/home/telephoneheater/Work/Theandril/assets/art/source/blender-units/battle.unit.halberdier/v1/raw/death-e-000.png'
00:02.532  render           | Saved: '/home/telephoneheater/Work/Theandril/assets/art/source/blender-units/battle.unit.halberdier/v1/raw/death-e-001.png'
00:02.597  render           | Saved: '/home/telephoneheater/Work/Theandril/assets/art/source/blender-units/battle.unit.halberdier/v1/raw/death-e-002.png'
00:02.675  render           | Saved: '/home/telephoneheater/Work/Theandril/assets/art/source/blender-units/battle.unit.halberdier/v1/raw/death-e-003.png'
00:02.747  render           | Saved: '/home/telephoneheater/Work/Theandril/assets/art/source/blender-units/battle.unit.halberdier/v1/raw/death-e-004.png'
00:02.812  render           | Saved: '/home/telephoneheater/Work/Theandril/assets/art/source/blender-units/battle.unit.halberdier/v1/raw/death-e-005.png'
00:02.872  render           | Saved: '/home/telephoneheater/Work/Theandril/assets/art/source/blender-units/battle.unit.halberdier/v1/raw/death-e-006.png'
00:02.934  render           | Saved: '/home/telephoneheater/Work/Theandril/assets/art/source/blender-units/battle.unit.halberdier/v1/raw/death-e-007.png'
00:03.000  render           | Saved: '/home/telephoneheater/Work/Theandril/assets/art/source/blender-units/battle.unit.halberdier/v1/raw/idle-w-000.png'
00:03.071  render           | Saved: '/home/telephoneheater/Work/Theandril/assets/art/source/blender-units/battle.unit.halberdier/v1/raw/idle-w-001.png'
00:03.143  render           | Saved: '/home/telephoneheater/Work/Theandril/assets/art/source/blender-units/battle.unit.halberdier/v1/raw/idle-w-002.png'
00:03.206  render           | Saved: '/home/telephoneheater/Work/Theandril/assets/art/source/blender-units/battle.unit.halberdier/v1/raw/idle-w-003.png'
00:03.278  render           | Saved: '/home/telephoneheater/Work/Theandril/assets/art/source/blender-units/battle.unit.halberdier/v1/raw/walk-w-000.png'
00:03.349  render           | Saved: '/home/telephoneheater/Work/Theandril/assets/art/source/blender-units/battle.unit.halberdier/v1/raw/walk-w-001.png'
00:03.421  render           | Saved: '/home/telephoneheater/Work/Theandril/assets/art/source/blender-units/battle.unit.halberdier/v1/raw/walk-w-002.png'
00:03.501  render           | Saved: '/home/telephoneheater/Work/Theandril/assets/art/source/blender-units/battle.unit.halberdier/v1/raw/walk-w-003.png'
00:03.583  render           | Saved: '/home/telephoneheater/Work/Theandril/assets/art/source/blender-units/battle.unit.halberdier/v1/raw/walk-w-004.png'
00:03.645  render           | Saved: '/home/telephoneheater/Work/Theandril/assets/art/source/blender-units/battle.unit.halberdier/v1/raw/walk-w-005.png'
00:03.714  render           | Saved: '/home/telephoneheater/Work/Theandril/assets/art/source/blender-units/battle.unit.halberdier/v1/raw/walk-w-006.png'
00:03.783  render           | Saved: '/home/telephoneheater/Work/Theandril/assets/art/source/blender-units/battle.unit.halberdier/v1/raw/walk-w-007.png'
00:03.868  render           | Saved: '/home/telephoneheater/Work/Theandril/assets/art/source/blender-units/battle.unit.halberdier/v1/raw/attack-w-000.png'
00:03.948  render           | Saved: '/home/telephoneheater/Work/Theandril/assets/art/source/blender-units/battle.unit.halberdier/v1/raw/attack-w-001.png'
00:04.024  render           | Saved: '/home/telephoneheater/Work/Theandril/assets/art/source/blender-units/battle.unit.halberdier/v1/raw/attack-w-002.png'
00:04.098  render           | Saved: '/home/telephoneheater/Work/Theandril/assets/art/source/blender-units/battle.unit.halberdier/v1/raw/attack-w-003.png'
00:04.172  render           | Saved: '/home/telephoneheater/Work/Theandril/assets/art/source/blender-units/battle.unit.halberdier/v1/raw/attack-w-004.png'
00:04.248  render           | Saved: '/home/telephoneheater/Work/Theandril/assets/art/source/blender-units/battle.unit.halberdier/v1/raw/attack-w-005.png'
00:04.327  render           | Saved: '/home/telephoneheater/Work/Theandril/assets/art/source/blender-units/battle.unit.halberdier/v1/raw/attack-w-006.png'
00:04.405  render           | Saved: '/home/telephoneheater/Work/Theandril/assets/art/source/blender-units/battle.unit.halberdier/v1/raw/attack-w-007.png'
00:04.490  render           | Saved: '/home/telephoneheater/Work/Theandril/assets/art/source/blender-units/battle.unit.halberdier/v1/raw/hit-w-000.png'
00:04.570  render           | Saved: '/home/telephoneheater/Work/Theandril/assets/art/source/blender-units/battle.unit.halberdier/v1/raw/hit-w-001.png'
00:04.654  render           | Saved: '/home/telephoneheater/Work/Theandril/assets/art/source/blender-units/battle.unit.halberdier/v1/raw/hit-w-002.png'
00:04.730  render           | Saved: '/home/telephoneheater/Work/Theandril/assets/art/source/blender-units/battle.unit.halberdier/v1/raw/hit-w-003.png'
00:04.799  render           | Saved: '/home/telephoneheater/Work/Theandril/assets/art/source/blender-units/battle.unit.halberdier/v1/raw/death-w-000.png'
00:04.875  render           | Saved: '/home/telephoneheater/Work/Theandril/assets/art/source/blender-units/battle.unit.halberdier/v1/raw/death-w-001.png'
00:04.952  render           | Saved: '/home/telephoneheater/Work/Theandril/assets/art/source/blender-units/battle.unit.halberdier/v1/raw/death-w-002.png'
00:05.032  render           | Saved: '/home/telephoneheater/Work/Theandril/assets/art/source/blender-units/battle.unit.halberdier/v1/raw/death-w-003.png'
00:05.115  render           | Saved: '/home/telephoneheater/Work/Theandril/assets/art/source/blender-units/battle.unit.halberdier/v1/raw/death-w-004.png'
00:05.197  render           | Saved: '/home/telephoneheater/Work/Theandril/assets/art/source/blender-units/battle.unit.halberdier/v1/raw/death-w-005.png'
00:05.279  render           | Saved: '/home/telephoneheater/Work/Theandril/assets/art/source/blender-units/battle.unit.halberdier/v1/raw/death-w-006.png'
00:05.357  render           | Saved: '/home/telephoneheater/Work/Theandril/assets/art/source/blender-units/battle.unit.halberdier/v1/raw/death-w-007.png'
Info: Saved as "source.blend"
ARTICULATED_BATTLE_UNIT_RENDER_COMPLETE
