/home/telephoneheater/Work/Theandril/assets/art/source/blender-units/battle.unit.ocean_warship/v1/driver.py:49: DeprecationWarning: 'World.use_nodes' is expected to be removed in Blender 6.0
  scene.world.use_nodes = True
00:00.804  render           | Saved: '/home/telephoneheater/Work/Theandril/assets/art/source/blender-units/battle.unit.ocean_warship/v1/raw/idle-e-000.png'
00:00.923  render           | Saved: '/home/telephoneheater/Work/Theandril/assets/art/source/blender-units/battle.unit.ocean_warship/v1/raw/idle-e-001.png'
00:01.034  render           | Saved: '/home/telephoneheater/Work/Theandril/assets/art/source/blender-units/battle.unit.ocean_warship/v1/raw/idle-e-002.png'
00:01.164  render           | Saved: '/home/telephoneheater/Work/Theandril/assets/art/source/blender-units/battle.unit.ocean_warship/v1/raw/idle-e-003.png'
00:01.291  render           | Saved: '/home/telephoneheater/Work/Theandril/assets/art/source/blender-units/battle.unit.ocean_warship/v1/raw/sail-e-000.png'
00:01.402  render           | Saved: '/home/telephoneheater/Work/Theandril/assets/art/source/blender-units/battle.unit.ocean_warship/v1/raw/sail-e-001.png'
00:01.521  render           | Saved: '/home/telephoneheater/Work/Theandril/assets/art/source/blender-units/battle.unit.ocean_warship/v1/raw/sail-e-002.png'
00:01.633  render           | Saved: '/home/telephoneheater/Work/Theandril/assets/art/source/blender-units/battle.unit.ocean_warship/v1/raw/sail-e-003.png'
00:01.735  render           | Saved: '/home/telephoneheater/Work/Theandril/assets/art/source/blender-units/battle.unit.ocean_warship/v1/raw/sail-e-004.png'
00:01.843  render           | Saved: '/home/telephoneheater/Work/Theandril/assets/art/source/blender-units/battle.unit.ocean_warship/v1/raw/sail-e-005.png'
00:01.964  render           | Saved: '/home/telephoneheater/Work/Theandril/assets/art/source/blender-units/battle.unit.ocean_warship/v1/raw/sail-e-006.png'
00:02.077  render           | Saved: '/home/telephoneheater/Work/Theandril/assets/art/source/blender-units/battle.unit.ocean_warship/v1/raw/sail-e-007.png'
00:02.178  render           | Saved: '/home/telephoneheater/Work/Theandril/assets/art/source/blender-units/battle.unit.ocean_warship/v1/raw/fire-e-000.png'
00:02.288  render           | Saved: '/home/telephoneheater/Work/Theandril/assets/art/source/blender-units/battle.unit.ocean_warship/v1/raw/fire-e-001.png'
00:02.397  render           | Saved: '/home/telephoneheater/Work/Theandril/assets/art/source/blender-units/battle.unit.ocean_warship/v1/raw/fire-e-002.png'
00:02.510  render           | Saved: '/home/telephoneheater/Work/Theandril/assets/art/source/blender-units/battle.unit.ocean_warship/v1/raw/fire-e-003.png'
00:02.620  render           | Saved: '/home/telephoneheater/Work/Theandril/assets/art/source/blender-units/battle.unit.ocean_warship/v1/raw/fire-e-004.png'
00:02.738  render           | Saved: '/home/telephoneheater/Work/Theandril/assets/art/source/blender-units/battle.unit.ocean_warship/v1/raw/fire-e-005.png'
00:02.855  render           | Saved: '/home/telephoneheater/Work/Theandril/assets/art/source/blender-units/battle.unit.ocean_warship/v1/raw/fire-e-006.png'
00:02.956  render           | Saved: '/home/telephoneheater/Work/Theandril/assets/art/source/blender-units/battle.unit.ocean_warship/v1/raw/fire-e-007.png'
00:03.076  render           | Saved: '/home/telephoneheater/Work/Theandril/assets/art/source/blender-units/battle.unit.ocean_warship/v1/raw/hit-e-000.png'
00:03.194  render           | Saved: '/home/telephoneheater/Work/Theandril/assets/art/source/blender-units/battle.unit.ocean_warship/v1/raw/hit-e-001.png'
00:03.298  render           | Saved: '/home/telephoneheater/Work/Theandril/assets/art/source/blender-units/battle.unit.ocean_warship/v1/raw/hit-e-002.png'
00:03.417  render           | Saved: '/home/telephoneheater/Work/Theandril/assets/art/source/blender-units/battle.unit.ocean_warship/v1/raw/hit-e-003.png'
00:03.525  render           | Saved: '/home/telephoneheater/Work/Theandril/assets/art/source/blender-units/battle.unit.ocean_warship/v1/raw/sink-e-000.png'
00:03.625  render           | Saved: '/home/telephoneheater/Work/Theandril/assets/art/source/blender-units/battle.unit.ocean_warship/v1/raw/sink-e-001.png'
00:03.702  render           | Saved: '/home/telephoneheater/Work/Theandril/assets/art/source/blender-units/battle.unit.ocean_warship/v1/raw/sink-e-002.png'
00:03.769  render           | Saved: '/home/telephoneheater/Work/Theandril/assets/art/source/blender-units/battle.unit.ocean_warship/v1/raw/sink-e-003.png'
00:03.834  render           | Saved: '/home/telephoneheater/Work/Theandril/assets/art/source/blender-units/battle.unit.ocean_warship/v1/raw/sink-e-004.png'
00:03.889  render           | Saved: '/home/telephoneheater/Work/Theandril/assets/art/source/blender-units/battle.unit.ocean_warship/v1/raw/sink-e-005.png'
00:03.940  render           | Saved: '/home/telephoneheater/Work/Theandril/assets/art/source/blender-units/battle.unit.ocean_warship/v1/raw/sink-e-006.png'
00:03.988  render           | Saved: '/home/telephoneheater/Work/Theandril/assets/art/source/blender-units/battle.unit.ocean_warship/v1/raw/sink-e-007.png'
00:04.084  render           | Saved: '/home/telephoneheater/Work/Theandril/assets/art/source/blender-units/battle.unit.ocean_warship/v1/raw/idle-w-000.png'
00:04.182  render           | Saved: '/home/telephoneheater/Work/Theandril/assets/art/source/blender-units/battle.unit.ocean_warship/v1/raw/idle-w-001.png'
00:04.279  render           | Saved: '/home/telephoneheater/Work/Theandril/assets/art/source/blender-units/battle.unit.ocean_warship/v1/raw/idle-w-002.png'
00:04.381  render           | Saved: '/home/telephoneheater/Work/Theandril/assets/art/source/blender-units/battle.unit.ocean_warship/v1/raw/idle-w-003.png'
00:04.492  render           | Saved: '/home/telephoneheater/Work/Theandril/assets/art/source/blender-units/battle.unit.ocean_warship/v1/raw/sail-w-000.png'
00:04.594  render           | Saved: '/home/telephoneheater/Work/Theandril/assets/art/source/blender-units/battle.unit.ocean_warship/v1/raw/sail-w-001.png'
00:04.692  render           | Saved: '/home/telephoneheater/Work/Theandril/assets/art/source/blender-units/battle.unit.ocean_warship/v1/raw/sail-w-002.png'
00:04.786  render           | Saved: '/home/telephoneheater/Work/Theandril/assets/art/source/blender-units/battle.unit.ocean_warship/v1/raw/sail-w-003.png'
00:04.881  render           | Saved: '/home/telephoneheater/Work/Theandril/assets/art/source/blender-units/battle.unit.ocean_warship/v1/raw/sail-w-004.png'
00:04.986  render           | Saved: '/home/telephoneheater/Work/Theandril/assets/art/source/blender-units/battle.unit.ocean_warship/v1/raw/sail-w-005.png'
00:05.095  render           | Saved: '/home/telephoneheater/Work/Theandril/assets/art/source/blender-units/battle.unit.ocean_warship/v1/raw/sail-w-006.png'
00:05.201  render           | Saved: '/home/telephoneheater/Work/Theandril/assets/art/source/blender-units/battle.unit.ocean_warship/v1/raw/sail-w-007.png'
00:05.296  render           | Saved: '/home/telephoneheater/Work/Theandril/assets/art/source/blender-units/battle.unit.ocean_warship/v1/raw/fire-w-000.png'
00:05.404  render           | Saved: '/home/telephoneheater/Work/Theandril/assets/art/source/blender-units/battle.unit.ocean_warship/v1/raw/fire-w-001.png'
00:05.506  render           | Saved: '/home/telephoneheater/Work/Theandril/assets/art/source/blender-units/battle.unit.ocean_warship/v1/raw/fire-w-002.png'
00:05.600  render           | Saved: '/home/telephoneheater/Work/Theandril/assets/art/source/blender-units/battle.unit.ocean_warship/v1/raw/fire-w-003.png'
00:05.711  render           | Saved: '/home/telephoneheater/Work/Theandril/assets/art/source/blender-units/battle.unit.ocean_warship/v1/raw/fire-w-004.png'
00:05.826  render           | Saved: '/home/telephoneheater/Work/Theandril/assets/art/source/blender-units/battle.unit.ocean_warship/v1/raw/fire-w-005.png'
00:05.926  render           | Saved: '/home/telephoneheater/Work/Theandril/assets/art/source/blender-units/battle.unit.ocean_warship/v1/raw/fire-w-006.png'
00:06.026  render           | Saved: '/home/telephoneheater/Work/Theandril/assets/art/source/blender-units/battle.unit.ocean_warship/v1/raw/fire-w-007.png'
00:06.129  render           | Saved: '/home/telephoneheater/Work/Theandril/assets/art/source/blender-units/battle.unit.ocean_warship/v1/raw/hit-w-000.png'
00:06.221  render           | Saved: '/home/telephoneheater/Work/Theandril/assets/art/source/blender-units/battle.unit.ocean_warship/v1/raw/hit-w-001.png'
00:06.315  render           | Saved: '/home/telephoneheater/Work/Theandril/assets/art/source/blender-units/battle.unit.ocean_warship/v1/raw/hit-w-002.png'
00:06.405  render           | Saved: '/home/telephoneheater/Work/Theandril/assets/art/source/blender-units/battle.unit.ocean_warship/v1/raw/hit-w-003.png'
00:06.493  render           | Saved: '/home/telephoneheater/Work/Theandril/assets/art/source/blender-units/battle.unit.ocean_warship/v1/raw/sink-w-000.png'
00:06.573  render           | Saved: '/home/telephoneheater/Work/Theandril/assets/art/source/blender-units/battle.unit.ocean_warship/v1/raw/sink-w-001.png'
00:06.635  render           | Saved: '/home/telephoneheater/Work/Theandril/assets/art/source/blender-units/battle.unit.ocean_warship/v1/raw/sink-w-002.png'
00:06.692  render           | Saved: '/home/telephoneheater/Work/Theandril/assets/art/source/blender-units/battle.unit.ocean_warship/v1/raw/sink-w-003.png'
00:06.749  render           | Saved: '/home/telephoneheater/Work/Theandril/assets/art/source/blender-units/battle.unit.ocean_warship/v1/raw/sink-w-004.png'
00:06.801  render           | Saved: '/home/telephoneheater/Work/Theandril/assets/art/source/blender-units/battle.unit.ocean_warship/v1/raw/sink-w-005.png'
00:06.855  render           | Saved: '/home/telephoneheater/Work/Theandril/assets/art/source/blender-units/battle.unit.ocean_warship/v1/raw/sink-w-006.png'
00:06.904  render           | Saved: '/home/telephoneheater/Work/Theandril/assets/art/source/blender-units/battle.unit.ocean_warship/v1/raw/sink-w-007.png'
Info: Saved as "source.blend"
ARTICULATED_BATTLE_UNIT_RENDER_COMPLETE
