
 RUN  v4.1.11 /home/telephoneheater/Work/Theandril

 ✓ packages/ai/src/recruitment.test.ts (37 tests) 18821ms
   ✓ 'Mire Courts' recruits and combines legal armies with exact saved continuation  1417ms
   ✓ 'Saltwind Remnant' recruits and combines legal armies with exact saved continuation  1054ms
   ✓ 'Wardhall Remnant' recruits and combines legal armies with exact saved continuation  899ms
   ✓ 'Rimehorn Clans' recruits and combines legal armies with exact saved continuation  863ms
   ✓ 'Sable Steppe' recruits and combines legal armies with exact saved continuation  1014ms
   ✓ 'Morrow Spore' recruits and combines legal armies with exact saved continuation  1043ms
   ✓ 'Cistern Assembly' recruits and combines legal armies with exact saved continuation  1100ms
   ✓ 'Unsealed Companies' recruits and combines legal armies with exact saved continuation  917ms
   ✓ 'Lantern Hospices' recruits and combines legal armies with exact saved continuation  1012ms
   ✓ 'Cairnwing Concord' recruits and combines legal armies with exact saved continuation  1001ms
   ✓ 'Red Sluice Directorate' recruits and combines legal armies with exact saved continuation  1030ms
   ✓ 'Velvet Meridian' recruits and combines legal armies with exact saved continuation  1022ms
   ✓ 'Brine Choir' recruits and combines legal armies with exact saved continuation  1045ms
   ✓ 'Emberwake Convocation' recruits and combines legal armies with exact saved continuation  926ms
   ✓ 'Underhush Exchange' recruits and combines legal armies with exact saved continuation  1027ms
   ✓ 'Vesper Court' recruits and combines legal armies with exact saved continuation  1058ms
   ✓ 'Manytrack Moot' recruits and combines legal armies with exact saved continuation  845ms
   ✓ 'Margin Observance' recruits and combines legal armies with exact saved continuation  951ms
 ✓ packages/ai/src/contact.test.ts (4 tests) 27451ms
     ✓ standard / 4 seats makes player contact through legal bounded plans with save replay  5814ms
     ✓ standard / 24 seats makes player contact through legal bounded plans with save replay  8209ms
     ✓ huge / 32 seats makes player contact through legal bounded plans with save replay  12966ms
     ✓ has explicit frontier work bounds and deterministic destinations from detached observed cells  459ms
 ✓ tests/art-factory.test.ts (8 tests) 12974ms
     ✓ rejects an incorrect visual-review hash before creating any approval  406ms
     ✓ creates review sheets but explicitly refuses source-comparison approval  446ms
     ✓ rebuilds a retained approval atlas without any cache or external art tools  621ms
     ✓ retains reviewed frames, evidence and original sources with fresh exact reports  6867ms
     ✓ preserves real editable/source exports, timings and their processing hashes  655ms
     ✓ rebuilds the published PNG/catalog and cross-checks browser copies and every frame pixel  1613ms
     ✓ keeps the complete published source/evidence closure outside Git ignore rules  1607ms
 ✓ apps/web/src/updates/changelog.test.ts (6 tests) 14386ms
     ✓ is deterministic and the committed feed is an exact record from its newest commit back to the root  9524ms
     ✓ does not depend on the clone: fixed 7-char short SHAs, pinned diff algorithm, no line-ending or rename drift  4860ms
 ✓ packages/ai/src/progression.test.ts (16 tests) 13313ms
   ✓ generated-start AI seed 74 reaches true Prosperity with ordinary commands and deterministic save continuation  2091ms
   ✓ generated-start AI seed 2026 reaches true Prosperity with ordinary commands and deterministic save continuation  1926ms
   ✓ generated-start AI seed 20260905 reaches true Prosperity with ordinary commands and deterministic save continuation  944ms
   ✓ generated-start AI seed 17 reaches true Prosperity with ordinary commands and deterministic save continuation  874ms
   ✓ generated-start AI seed 99 reaches true Prosperity with ordinary commands and deterministic save continuation  1193ms
   ✓ generated-start AI seed 31415 reaches true Prosperity with ordinary commands and deterministic save continuation  1626ms
   ✓ generated-start AI seed 2718 reaches true Prosperity with ordinary commands and deterministic save continuation  1115ms
   ✓ generated-start AI seed 8128 reaches true Prosperity with ordinary commands and deterministic save continuation  1031ms
   ✓ generated-start AI seed 4096 reaches true Prosperity with ordinary commands and deterministic save continuation  1288ms
   ✓ generated-start AI seed 65535 reaches true Prosperity with ordinary commands and deterministic save continuation  983ms
 ✓ packages/mapgen/src/inland-seas-v7.test.ts (9 tests) 9135ms
   ✓ all twelve played generator6 measured worlds retain their genuine pre7 seals  2879ms
   ✓ generator7 continents has larger useful inland waters without exceeding host/map budgets  517ms
   ✓ generator7 islands has larger useful inland waters without exceeding host/map budgets  534ms
   ✓ generator7 archipelago has larger useful inland waters without exceeding host/map budgets  503ms
   ✓ generator7 continents is deterministic and preserves starts and valid drainage across full-range seeds  1646ms
   ✓ generator7 islands is deterministic and preserves starts and valid drainage across full-range seeds  1482ms
   ✓ generator7 archipelago is deterministic and preserves starts and valid drainage across full-range seeds  1371ms
 ✓ packages/ai/src/resource-economy.test.ts (8 tests) 8312ms
   ✓ AI funds and works its first observed 'Hearthgrain' deposit, then sells only actual surplus  965ms
   ✓ AI funds and works its first observed 'Ironstone' deposit, then sells only actual surplus  1207ms
   ✓ AI funds and works its first observed 'Red copper' deposit, then sells only actual surplus  893ms
   ✓ AI funds and works its first observed 'White salt' deposit, then sells only actual surplus  815ms
   ✓ AI funds and works its first observed 'Heartwood' deposit, then sells only actual surplus  795ms
   ✓ AI funds and works its first observed 'Steppe horses' deposit, then sells only actual surplus  1082ms
   ✓ AI funds and works its first observed 'Witness silver' deposit, then sells only actual surplus  1104ms
   ✓ AI funds and works its first observed 'Ashglass' deposit, then sells only actual surplus  1451ms
 ✓ packages/mapgen/src/geography-v6.test.ts (15 tests) 7688ms
   ✓ all twelve retained played-generator5 benchmark worlds remain byte-exact after generator6 wiring  1352ms
   ✓ generator6 continents retains bounded hydrology, genuine starting regions and dense48-seat viability across seeds  693ms
   ✓ generator6 islands retains bounded hydrology, genuine starting regions and dense48-seat viability across seeds  931ms
   ✓ generator6 archipelago retains bounded hydrology, genuine starting regions and dense48-seat viability across seeds  680ms
   ✓ generator6 huge has useful connected trunks, enclosed waters, passes, distinct biomes and unclipped coasts  964ms
   ✓ generator6 legendary has useful connected trunks, enclosed waters, passes, distinct biomes and unclipped coasts  1453ms
   ✓ three independent Small seeds show additional meaningful offshore bodies and real inland water in every layout  796ms
   ✓ generated climate stages reproduce biomes exactly and respect actual freshwater, elevation and physical artwork constraints  397ms
 ✓ packages/ai/src/ai.test.ts (29 tests) 5495ms
   ✓ 'Ashen Compact' AI settles, builds, recruits and expands through the public command API  402ms
   ✓ 'Mire Courts' AI settles, builds, recruits and expands through the public command API  338ms
   ✓ AI cannot depend on hidden world state and resumes deterministically after save  575ms
 ✓ packages/sim/src/explored-sort.test.ts (5 tests) 3510ms
     ✓ preserves the prechange 'huge'/32 whole-save seal and monotonic restored bytes  1423ms
     ✓ preserves the prechange 'legendary'/40 whole-save seal and monotonic restored bytes  1968ms
 ❯ tests/headless/chronicle-victory.test.ts (2 tests | 1 failed) 64195ms
   ✓ generated-start short AI victory produces complete factual logs identical after archive save/resume  1125ms
   × generated-start epic AI victory produces complete factual logs identical after archive save/resume 63069ms
 ✓ packages/test-fixtures/src/empire-land-fixture.test.ts (2 tests) 4318ms
   ✓ huge empire funds every paid border and preserves all32 idle hearths  1723ms
   ✓ legendary empire funds every paid border and preserves all40 idle hearths  2594ms
stdout | packages/ai/src/naval-outlets.test.ts > naval geography work stays bounded as waiting founder count grows (4 faction seats)
{"probe":"aggregate-observed-cell-reads","factionCount":4,"radius":4,"counts":[{"founders":1,"cells":61,"reads":154},{"founders":8,"cells":61,"reads":154},{"founders":32,"cells":61,"reads":154},{"founders":128,"cells":61,"reads":154}]}
{"probe":"aggregate-observed-cell-reads","factionCount":4,"radius":8,"counts":[{"founders":1,"cells":217,"reads":544},{"founders":8,"cells":217,"reads":544},{"founders":32,"cells":217,"reads":544},{"founders":128,"cells":217,"reads":544}]}

stdout | packages/ai/src/naval-outlets.test.ts > naval geography work stays bounded as waiting founder count grows (24 faction seats)
{"probe":"aggregate-observed-cell-reads","factionCount":24,"radius":4,"counts":[{"founders":1,"cells":61,"reads":93},{"founders":8,"cells":61,"reads":93},{"founders":32,"cells":61,"reads":93},{"founders":128,"cells":61,"reads":93}]}
{"probe":"aggregate-observed-cell-reads","factionCount":24,"radius":8,"counts":[{"founders":1,"cells":217,"reads":327},{"founders":8,"cells":217,"reads":327},{"founders":32,"cells":217,"reads":327},{"founders":128,"cells":217,"reads":327}]}

 ✓ packages/mapgen/src/geography-v5.test.ts (20 tests) 3966ms
   ✓ continents preserves deterministic hydrology and viable distributed starts across seeds  347ms
   ✓ huge offers genuinely different layouts, rivers, mountain lakes and independent starts  814ms
   ✓ legendary offers genuinely different layouts, rivers, mountain lakes and independent starts  1234ms
   ✓ Tiny archipelagos remain physically separated at four seats and at the full48-seat density  862ms
 ✓ packages/ai/src/naval-outlets.test.ts (5 tests) 2371ms
   ✓ a paid second harbor remains the outlet commitment when a third coastal town becomes available  665ms
   ✓ second-outlet ocean scout keeps its own paid reserve, releases it while queued and when its quote is blocked  527ms
   ✓ an outlet caravan keeps its saved land route through a nearby ferry and reaches paid founding  887ms
 ✓ packages/persistence/src/campaign-storage.test.ts (21 tests) 2669ms
   ✓ incremental storage retains a genuine schema12 origin and immutable prefix while appending current rules  324ms
   ✓ rotating a long abandoned campaign limits cleanup per commit and safely drains deferred orphan chains  740ms
 ✓ packages/art-pipeline/src/faction-coverage.test.ts (8 tests) 2283ms
     ✓ preserves all reviewed pixels and tool provenance: one real four-pose scout and431 static faction assets  1868ms
 ✓ packages/art-pipeline/src/toolchain/toolchain.test.ts (8 tests) 2511ms
     ✓ keeps every original pixel, facing, clip and duration within the4096 sheet bound  2445ms
 ✓ packages/art-pipeline/src/faction-extraction.test.ts (10 tests) 2623ms
     ✓ partitions odd provider dimensions without losing pixels and creates deterministic padded native PNGs  1705ms
     ✓ requires a source-hash-bound crop review, not an automatically generated contact sheet  326ms
     ✓ rejects false declared component metadata even when its supplied source/component seal is unchanged  320ms
 ✓ packages/mapgen/src/density.test.ts (1 test) 1880ms
     ✓ provides bounded increasing defaults without changing explicit generation  1879ms
 ✓ packages/chronicle/src/schema11-compatibility.test.ts (25 tests) 1983ms
 ✓ packages/ai/src/land.test.ts (25 tests) 1885ms
 ✓ packages/mapgen/src/features.test.ts (4 tests) 1880ms
   ✓ huge features retain useful deposits with consistent physical eligibility  764ms
   ✓ legendary features retain useful deposits with consistent physical eligibility  952ms
 ✓ packages/mapgen/src/index.test.ts (17 tests) 2066ms
     ✓ keeps every edge reciprocal, bounded, unique and exactly one hex long  876ms
     ✓ gives every faction fertile, connected expansion space across arbitrary seeds  620ms
 ✓ packages/chronicle/src/schema12-compatibility.test.ts (19 tests) 1345ms
 ✓ packages/mapgen/src/water-depth.test.ts (14 tests) 1321ms
   ✓ legendary has real shallow/deep regions, consistent shores and unchanged safe starts  358ms
 ✓ packages/mapgen/src/biomes.test.ts (10 tests) 1397ms
   ✓ preserves all physical geography, fertility and starts on legendary across versions  392ms
 ✓ packages/ai/src/overseas-generated.test.ts (3 tests) 1674ms
   ✓ generated 'tiny' / 'islands' / 20260905 earns an overseas colony using observed commands  486ms
   ✓ generated 'small' / 'islands' / 20260905 earns an overseas colony using observed commands  958ms
 ✓ packages/sim/src/roster.test.ts (27 tests) 1235ms
 ✓ packages/persistence/src/campaign-storage-durability.test.ts (4 tests) 1218ms
   ✓ PERSIST-02 a resealed refcount undercount cannot reclaim a remaining history, and bounded GC still drains it when abandoned  851ms
 ✓ packages/chronicle/src/schema9-compatibility.test.ts (32 tests) 1314ms
 ✓ packages/sim/src/territory.test.ts (11 tests) 1259ms
     ✓ keeps each authored improvement site and preview authoritative across all five definitions  1061ms
 ✓ packages/art-pipeline/src/family-review.test.ts (11 tests) 964ms
     ✓ preserves source bytes, aspect and stable exact review pixels  954ms
 ✓ packages/chronicle/src/schema10-compatibility.test.ts (17 tests) 1054ms
 ✓ packages/persistence/src/persistence.test.ts (12 tests) 1019ms
   ✓ legacy v1 files with large valid records remain readable and re-exportable  352ms
 ✓ tests/headless/conquest-soak.test.ts (1 test) 1158ms
   ✓ runs 100 AI-led frontier turns through conquest and peace with projects deferred and exact midpoint continuation  1157ms
 ✓ packages/art-pipeline/src/toolchain/overlays.test.ts (2 tests) 871ms
     ✓ has stable exact-palette hard-alpha pixels, genuine effect motion and matching straight edges  823ms
 ✓ packages/ai/src/naval.test.ts (15 tests) 676ms
 ✓ packages/ai/src/observation-options.test.ts (14 tests) 913ms
 ✓ packages/chronicle/src/compatibility.test.ts (5 tests) 1206ms
     ✓ matches the independently recorded pre-travel short-campaign v4 benchmark seal  721ms
 ✓ packages/chronicle/src/schema8-compatibility.test.ts (21 tests) 830ms
 ✓ packages/chronicle/src/schema7-compatibility.test.ts (10 tests) 702ms
 ✓ packages/chronicle/src/generator6-compatibility.test.ts (13 tests) 964ms
 ✓ packages/art-pipeline/src/animation-source.test.ts (15 tests) 865ms
 ✓ packages/sim/src/pacing.test.ts (41 tests) 751ms
 ✓ packages/sim/src/army-composition.test.ts (27 tests) 762ms
     ✓ conserves formation identities and state across deterministic merge/split/replay sequences  428ms
 ✓ packages/ai/src/composition.test.ts (4 tests) 707ms
   ✓ AI recruits varied formations and assembles real mixed armies through legal public commands  654ms
 ✓ packages/chronicle/src/generator5-compatibility.test.ts (9 tests) 611ms
 ✓ packages/chronicle/src/battle14-compatibility.test.ts (16 tests) 644ms
 ✓ packages/ai/src/naval-publication-equivalence.test.ts (37 tests) 676ms
 ✓ packages/chronicle/src/schema6-compatibility.test.ts (8 tests) 556ms
stderr | apps/web/src/worker-queries.test.ts
Another connection wants to delete database 'theandril-campaigns'. Closing db now to resume the delete request.

 ✓ apps/web/src/worker-queries.test.ts (6 tests) 765ms
 ✓ packages/mapgen/src/legacy-geography.test.ts (4 tests) 882ms
   ✓ preserves captured generators1–4 on 'huge' exactly  305ms
   ✓ preserves captured generators1–4 on 'legendary' exactly  481ms
 ✓ packages/chronicle/src/journal.test.ts (13 tests) 706ms
 ✓ packages/chronicle/src/generator7-compatibility.test.ts (9 tests) 662ms
 ✓ packages/sim/src/characters.test.ts (25 tests) 580ms
 ✓ packages/art-pipeline/src/core.test.ts (24 tests) 762ms
     ✓ keeps exact native foot and mounted frames on independent deferred pages without shifting foundation  353ms
 ✓ packages/test-fixtures/src/fixtures.test.ts (1 test) 854ms
   ✓ mature stress fixture has real armies and stable save/resolution at Huge scale  853ms
 ✓ packages/chronicle/src/schema13-compatibility.test.ts (11 tests) 553ms
 ✓ packages/chronicle/src/development-compatibility.test.ts (11 tests) 579ms
 ✓ packages/sim/src/resources.test.ts (4 tests) 699ms
   ✓ resource generation is deterministic, seed-sensitive and bound to suitable physical ecology  478ms
 ✓ packages/ai/src/overseas.test.ts (8 tests) 508ms
   ✓ partial-fog island start earns navigation, harbor, transport and settlers then founds across deep water  348ms
 ✓ tests/tooling/pages-journal.test.ts (2 tests) 656ms
   ✓ the actual Pages suite collects journal journeys alongside game and navigation smoke  654ms
 ✓ packages/sim/src/naval.test.ts (18 tests) 672ms
 ✓ packages/sim/src/serialization-performance.test.ts (24 tests) 400ms
 ✓ packages/sim/src/land-queries.test.ts (15 tests) 568ms
 ✓ packages/ai/src/naval-funding.test.ts (2 tests) 614ms
   ✓ an isolated open-sea harbor preserves knowledge for its first researched ocean expedition  516ms
 ✓ packages/art-pipeline/src/blender-unit-source.test.ts (11 tests) 507ms
 ✓ packages/sim/src/diplomacy.test.ts (10 tests) 463ms
     ✓ supports requested reparations and preserves total coin for arbitrary legal payments  320ms
 ✓ packages/ai/src/faction-cohort24.test.ts (13 tests) 493ms
 ✓ packages/ai/src/navigation.test.ts (3 tests) 513ms
   ✓ exploration scores the destination sight footprint, not its already-known immediate neighbors  304ms
 ✓ packages/ai/src/pacing.test.ts (5 tests) 89317ms
   ✓ 'standard' seed 74 generator undefined reaches an earned long-form victory with legal orders and save continuation  6645ms
   ✓ 'standard' seed 99 generator 5 reaches an earned long-form victory with legal orders and save continuation  5349ms
   ✓ 'standard' seed 99 generator 6 reaches an earned long-form victory with legal orders and save continuation  5044ms
   ✓ 'epic' seed 74 generator undefined reaches an earned long-form victory with legal orders and save continuation  43842ms
   ✓ 'epic' seed 99 generator undefined reaches an earned long-form victory with legal orders and save continuation  28436ms
 ✓ packages/ai/src/battle-defense.test.ts (17 tests) 465ms
 ✓ packages/art-pipeline/src/naval-source.test.ts (2 tests) 381ms
     ✓ prepares exact96px static briefs for all24 families without approval or touching historical inputs  356ms
 ✓ packages/sim/src/siege.test.ts (21 tests) 373ms
 ✓ packages/art-pipeline/src/biome-source.test.ts (36 tests) 410ms
 ✓ packages/sim/src/warfare.test.ts (24 tests) 319ms
 ✓ packages/test-fixtures/src/naval-art-fixture.test.ts (2 tests) 460ms
 ✓ packages/chronicle/src/specialist-roster.test.ts (6 tests) 479ms
 ✓ packages/ai/src/characters.test.ts (5 tests) 391ms
   ✓ AI funds observed appointments, attaches specialists, completes refits and spends earned experience with exact saved continuation  324ms
 ✓ packages/ai/src/research-land.test.ts (5 tests) 294ms
 ✓ packages/sim/src/battle-abilities.test.ts (12 tests) 430ms
 ✓ packages/sim/src/movement-search-equivalence.test.ts (23 tests) 413ms
 ✓ packages/sim/src/battle-morale.test.ts (5 tests) 314ms
 ✓ packages/sim/src/progression.test.ts (22 tests) 336ms
 ✓ packages/render/src/faction-style.test.ts (8 tests) 400ms
     ✓ adds culture only to already-observed faction metadata without changing saves or revealing unknown seats  385ms
 ✓ packages/sim/src/simulation.test.ts (10 tests) 388ms
 ✓ packages/sim/src/battle-frontage.test.ts (9 tests) 319ms
 ✓ packages/render/src/tile-footprint.test.ts (7 tests) 329ms
     ✓ verifies all 75 exact registered silhouettes against retained PNGs and actual published atlas pixels  307ms
 ✓ apps/web/src/runtime-art.test.ts (5 tests) 322ms
 ✓ packages/ai/src/enclosed-sea.test.ts (1 test) 444ms
   ✓ Mire Courts earn a same-landmass inland ferry colony, with a saved voyage and exact command replay  443ms
 ✓ packages/render/src/improvement-geometry.test.ts (2 tests) 346ms
     ✓ measures exact approved/published frame unions and contains every visible pixel at a readable size  344ms
 ✓ packages/chronicle/src/chronicle.test.ts (4 tests) 274ms
 ✓ packages/sim/src/save.test.ts (30 tests) 426ms
 ✓ tests/tooling/lint-boundaries.test.ts (2 tests) 358ms
 ✓ packages/sim/src/movement.test.ts (22 tests) 359ms
 ✓ apps/web/src/faction-art.test.tsx (13 tests) 197ms
 ✓ packages/art-pipeline/src/battle-publication.test.ts (6 tests) 278ms
 ✓ packages/sim/src/movement-preview.test.ts (27 tests) 341ms
 ✓ packages/sim/src/army-combat.test.ts (10 tests) 224ms
 ✓ packages/sim/src/observation-publication-equivalence.test.ts (18 tests) 291ms
 ✓ tests/headless/travel-archive.test.ts (5 tests) 347ms
 ✓ packages/mapgen/src/neighbors-into.test.ts (2 tests) 296ms
 ✓ packages/sim/src/individual-campaign.test.ts (6 tests) 260ms
 ✓ packages/ai/src/naval-assembly.test.ts (1 test) 257ms
 ✓ packages/render/src/battle-layout.test.ts (8 tests) 193ms
 ✓ packages/sim/src/naval-launch-quotes.test.ts (2 tests) 163ms
 ✓ packages/ai/src/navigation-performance.test.ts (15 tests) 220ms
 ✓ packages/sim/src/uncapped-growth.test.ts (3 tests) 207ms
 ✓ packages/sim/src/combat/combat.test.ts (15 tests) 284ms
 ✓ packages/ai/src/uncapped-expansion.test.ts (7 tests) 181ms
 ✓ packages/sim/src/canonical-land.test.ts (8 tests) 288ms
 ✓ packages/ai/src/magic.test.ts (6 tests) 234ms
 ✓ apps/web/src/land.test.tsx (10 tests) 166ms
 ✓ packages/sim/src/development.test.ts (8 tests) 200ms
 ✓ packages/sim/src/territory-quote-performance.test.ts (4 tests) 298ms
 ✓ packages/persistence/src/current-origin.test.ts (2 tests) 260ms
 ✓ packages/chronicle/src/character-replay.test.ts (2 tests) 186ms
 ✓ packages/sim/src/movement-frontage.test.ts (4 tests) 129ms
 ✓ packages/art-pipeline/src/faction-expansion.test.ts (13 tests) 173ms
 ✓ packages/sim/src/pending-assault-save.test.ts (3 tests) 157ms
 ✓ packages/sim/src/road-edge-cases.test.ts (4 tests) 141ms
 ✓ packages/sim/src/roads.test.ts (10 tests) 181ms
 ✓ packages/sim/src/territory-growth.test.ts (11 tests) 173ms
 ✓ apps/web/src/naval-scenario.test.tsx (2 tests) 115ms
 ✓ packages/art-pipeline/src/naval-review.test.ts (3 tests) 139ms
 ✓ apps/web/src/character-skills.test.tsx (3 tests) 141ms
 ✓ packages/render/src/selection-effect.test.ts (3 tests) 111ms
 ✓ packages/ai/src/large-basin.test.ts (2 tests) 154ms
 ✓ packages/ai/src/diplomacy.test.ts (5 tests) 100ms
 ✓ packages/sim/src/research-trees.test.ts (5 tests) 114ms
 ✓ packages/sim/src/envelope-hash.test.ts (3 tests) 165ms
 ✓ packages/sim/src/uncapped-capture.test.ts (2 tests) 127ms
 ✓ packages/ai/src/contact-reconnaissance.test.ts (3 tests) 145ms
 ✓ apps/web/src/realm-navigation.test.tsx (4 tests) 105ms
 ✓ packages/chronicle/src/json-equivalence.test.ts (26 tests) 157ms
 ✓ packages/test-fixtures/src/conquest-fixture.test.ts (2 tests) 142ms
 ✓ packages/test-fixtures/src/combat-fixture.test.ts (2 tests) 97ms
 ✓ packages/ai/src/sea-knowledge.test.ts (6 tests) 95ms
 ✓ apps/web/src/next-action.test.ts (10 tests) 76ms
 ✓ packages/ai/src/conquest.test.ts (5 tests) 108ms
 ✓ apps/web/src/map-actions.test.tsx (14 tests) 87ms
 ✓ apps/web/src/vite-base.test.ts (4 tests) 69ms
 ✓ packages/test-fixtures/src/tile-footprints.test.ts (2 tests) 90ms
 ✓ apps/web/src/cell-transfer.test.ts (56 tests) 82ms
 ✓ packages/test-fixtures/src/resource-fixture.test.ts (2 tests) 99ms
 ✓ packages/sim/src/faction-starts.test.ts (2 tests) 94ms
 ✓ packages/mapgen/src/climate-v6.test.ts (5 tests) 154ms
 ✓ apps/web/src/updates/validation.test.ts (5 tests) 93ms
 ✓ packages/art-pipeline/src/blender-source.test.ts (7 tests) 95ms
 ✓ packages/ai/src/fiscal-workers.test.ts (2 tests) 87ms
 ✓ apps/web/src/development-panel.test.tsx (3 tests) 94ms
 ✓ packages/sim/src/territory-review.test.ts (1 test) 64ms
 ✓ apps/web/src/battle-ui.test.tsx (3 tests) 82ms
 ✓ packages/chronicle/src/naval-replay.test.ts (1 test) 92ms
 ✓ apps/web/src/progression.test.tsx (5 tests) 76ms
 ✓ packages/render/src/world-overview.test.ts (3 tests) 65ms
 ✓ packages/ai/src/roads.test.ts (2 tests) 89ms
 ✓ packages/sim/src/canonical-cells.test.ts (4 tests) 85ms
 ✓ apps/web/src/battle-defense.test.tsx (2 tests) 79ms
 ✓ apps/web/src/spectator.test.ts (1 test) 43ms
 ✓ packages/sim/src/legacy-growth-visibility.test.ts (1 test) 68ms
 ✓ packages/sim/src/geography-save.test.ts (1 test) 67ms
 ✓ packages/sim/src/specialist-combat.test.ts (2 tests) 30ms
 ✓ packages/sim/src/growth-economy.test.ts (3 tests) 36ms
 ✓ packages/content/src/characters.test.ts (4 tests) 42ms
 ✓ packages/sim/src/combat/individual.test.ts (6 tests) 32ms
 ✓ apps/web/src/battle-transfer.test.ts (2 tests) 52ms
 ✓ packages/render/src/terrain-variants.test.ts (4 tests) 25ms
 ✓ packages/art-pipeline/src/faction-bindings.test.ts (5 tests) 23ms
 ✓ apps/web/src/campaign-lifecycle.test.ts (1 test) 26ms
 ✓ apps/web/src/updates/roadmap.test.ts (5 tests) 38ms
 ✓ packages/content/src/content.test.ts (10 tests) 36ms
 ✓ packages/content/src/factions.test.ts (7 tests) 20ms
 ✓ packages/art-pipeline/src/animation-coverage.test.ts (8 tests) 25ms
 ✓ packages/art-pipeline/src/generators/generators.test.ts (7 tests) 34ms
 ✓ packages/content/src/magic.test.ts (2 tests) 26ms
 ✓ apps/web/src/updates/compendium/data.test.ts (1 test) 20ms
 ✓ packages/render/src/geography-style.test.ts (7 tests) 13ms
 ✓ packages/render/src/improvement-glyphs.test.ts (5 tests) 11ms
 ✓ apps/web/src/map-action-context.test.ts (6 tests) 13ms
 ✓ apps/web/src/updates/journal.test.ts (3 tests) 14ms
 ✓ packages/content/src/ecology.test.ts (4 tests) 13ms
 ✓ packages/content/src/research-trees.test.ts (2 tests) 14ms
 ✓ packages/content/src/development.test.ts (3 tests) 13ms
 ✓ apps/web/src/updates/lore.test.ts (1 test) 13ms
 ✓ apps/web/src/hearth-theme.test.ts (6 tests) 11ms
 ✓ apps/web/src/updates/SiteShell.test.tsx (2 tests) 11ms
 ✓ apps/web/src/campaign-window.test.tsx (2 tests) 6ms
 ✓ packages/render/src/map-overlays.test.ts (8 tests) 5ms
 ✓ packages/render/src/army-size.test.ts (6 tests) 7ms
 ✓ packages/art-pipeline/src/faction-source.test.ts (4 tests) 9ms
 ✓ apps/web/src/campaign-seed.test.ts (14 tests) 5ms
 ✓ packages/render/src/camera-scale.test.ts (4 tests) 8ms
 ✓ packages/render/src/territory-style.test.ts (6 tests) 6ms
 ✓ packages/render/src/battle-soldiers.test.ts (2 tests) 8ms
 ✓ packages/render/src/hearth-appearance.test.ts (6 tests) 7ms
 ✓ packages/render/src/battle-camera.test.ts (4 tests) 6ms
 ✓ apps/web/src/updates/media.test.ts (1 test) 4ms
 ✓ apps/web/src/use-land-query.test.ts (10 tests) 4ms
 ✓ apps/web/src/asset-url.test.ts (5 tests) 3ms
 ✓ packages/mapgen/src/geography-metrics.test.ts (3 tests) 3ms
 ✓ packages/render/src/chunk-cache.test.ts (3 tests) 5ms
 ✓ packages/render/src/animation.test.ts (4 tests) 5ms
 ✓ apps/web/src/updates/site.test.ts (3 tests) 3ms
 ✓ packages/art-pipeline/src/source-clip.test.ts (3 tests) 3ms
 ✓ tests/tooling/updates-build.test.ts (3 tests) 3ms
 ✓ apps/web/src/updates/navigation.test.ts (2 tests) 2ms
 ✓ apps/web/src/updates/home-style.test.ts (2 tests) 3ms
 ✓ packages/render/src/image-validation.test.ts (5 tests) 4ms
 ✓ apps/web/src/use-development-query.test.ts (6 tests) 3ms
 ✓ apps/web/src/battle-playback.test.ts (2 tests) 2ms
 ✓ apps/web/src/watch-fog.test.ts (3 tests) 3ms
 ✓ packages/render/src/art-validation.test.ts (5 tests) 6ms
 ✓ apps/web/src/updates/content.test.ts (4 tests) 5ms
 ✓ apps/web/src/updates/compendium/coverage.test.ts (2 tests) 3ms
 ✓ apps/web/src/updates/cross-links.test.ts (2 tests) 2ms
 ✓ apps/web/src/updates/compendium-layout.test.ts (2 tests) 2ms
 ✓ packages/render/src/terrain-style.test.ts (3 tests) 2ms
 ✓ packages/render/src/naval-style.test.ts (3 tests) 3ms
 ✓ packages/render/src/marker-hit.test.ts (1 test) 2ms
 ✓ apps/web/src/updates/compendium-routes.test.ts (2 tests) 2ms

⎯⎯⎯⎯⎯⎯⎯ Failed Tests 1 ⎯⎯⎯⎯⎯⎯⎯

 FAIL  tests/headless/chronicle-victory.test.ts > generated-start epic AI victory produces complete factual logs identical after archive save/resume
Error: Test timed out in 60000ms.
If this is a long-running test, pass a timeout value as the last argument or configure it globally with "testTimeout".
 ❯ tests/headless/chronicle-victory.test.ts:11:37
      9| // post500 order and replays the complete technical history twice. Giv…
     10| // archive integration test its own wall-time budget; keep all turn/co…
     11| test.each(['short', 'epic'] as const)('generated-start %s AI victory p…
       |                                     ^
     12|   const game = createGame({ seed: 20260905, size: 'tiny', factionCount…
     13|   const archive = createArchive(game, { mode: 'watch' });

⎯⎯⎯⎯⎯⎯⎯⎯⎯⎯⎯⎯⎯⎯⎯⎯⎯⎯⎯⎯⎯⎯⎯⎯[1/1]⎯


 Test Files  1 failed | 220 passed (221)
      Tests  1 failed | 1857 passed (1858)
   Start at  14:25:14
   Duration  100.67s (transform 3.46s, setup 0ms, import 22.10s, tests 364.19s, environment 13ms)

JSON report written to /home/telephoneheater/Work/Theandril/docs/development/2026-09-21-epic-baseline/runner/four-a.vitest.json
